01-06 00:54:33.858 I/TunnelRenderer(26583): Still waiting for the correct packet to arrive.
01-06 00:54:33.859 I/TunnelRenderer(26583): Still waiting for the correct packet to arrive.
01-06 00:54:33.860 I/TunnelRenderer(26583): Still waiting for the correct packet to arrive.
01-06 00:54:33.862 I/TunnelRenderer(26583): Still waiting for the correct packet to arrive.
01-06 00:54:33.863 I/TunnelRenderer(26583): Still waiting for the correct packet to arrive.
01-06 00:54:33.863 I/TunnelRenderer(26583): Still waiting for the correct packet to arrive.
01-06 00:54:33.863 I/TunnelRenderer(26583): Still waiting for the correct packet to arrive.
01-06 00:54:33.863 I/TunnelRenderer(26583): Still waiting for the correct packet to arrive.
01-06 00:54:33.863 I/TunnelRenderer(26583): Still waiting for the correct packet to arrive.
01-06 00:54:33.863 I/TunnelRenderer(26583): Still waiting for the correct packet to arrive.
01-06 00:54:33.863 I/TunnelRenderer(26583): Still waiting for the correct packet to arrive.
01-06 00:54:33.864 I/TunnelRenderer(26583): Still waiting for the correct packet to arrive.
01-06 00:54:33.864 I/TunnelRenderer(26583): Still waiting for the correct packet to arrive.
01-06 00:54:33.864 I/TunnelRenderer(26583): Still waiting for the correct packet to arrive.
01-06 00:54:33.864 I/TunnelRenderer(26583): Still waiting for the correct packet to arrive.
01-06 00:54:33.864 I/TunnelRenderer(26583): Still waiting for the correct packet to arrive.
01-06 00:54:33.865 I/TunnelRenderer(26583): Still waiting for the correct packet to arrive.
01-06 00:54:33.865 I/TunnelRenderer(26583): Still waiting for the correct packet to arrive.
01-06 00:54:33.865 I/TunnelRenderer(26583): Still waiting for the correct packet to arrive.
01-06 00:54:33.865 I/TunnelRenderer(26583): Still waiting for the correct packet to arrive.
01-06 00:54:33.865 I/TunnelRenderer(26583): Still waiting for the correct packet to arrive.
01-06 00:54:33.865 I/TunnelRenderer(26583): Still waiting for the correct packet to arrive.
01-06 00:54:33.865 I/TunnelRenderer(26583): Still waiting for the correct packet to arrive.
01-06 00:54:33.865 I/TunnelRenderer(26583): Still waiting for the correct packet to arrive.
01-06 00:54:33.866 I/TunnelRenderer(26583): Still waiting for the correct packet to arrive.
01-06 00:54:33.866 I/TunnelRenderer(26583): Still waiting for the correct packet to arrive.
01-06 00:54:33.866 I/TunnelRenderer(26583): Still waiting for the correct packet to arrive.
01-06 00:54:33.866 I/TunnelRenderer(26583): Still waiting for the correct packet to arrive.
01-06 00:54:33.866 I/TunnelRenderer(26583): Still waiting for the correct packet to arrive.
01-06 00:54:33.866 I/TunnelRenderer(26583): Still waiting for the correct packet to arrive.
01-06 00:54:33.866 I/TunnelRenderer(26583): Still waiting for the correct packet to arrive.
01-06 00:54:33.867 I/TunnelRenderer(26583): Still waiting for the correct packet to arrive.
01-06 00:54:33.867 I/TunnelRenderer(26583): Still waiting for the correct packet to arrive.
01-06 00:54:33.867 I/TunnelRenderer(26583): Still waiting for the correct packet to arrive.
01-06 00:54:33.867 I/TunnelRenderer(26583): Still waiting for the correct packet to arrive.
01-06 00:54:33.867 I/TunnelRenderer(26583): Still waiting for the correct packet to arrive.
01-06 00:54:33.867 I/TunnelRenderer(26583): Still waiting for the correct packet to arrive.
01-06 00:54:33.867 I/TunnelRenderer(26583): Still waiting for the correct packet to arrive.
01-06 00:54:33.867 I/TunnelRenderer(26583): Still waiting for the correct packet to arrive.
01-06 00:54:33.869 I/TunnelRenderer(26583): Still waiting for the correct packet to arrive.
01-06 00:54:33.869 I/TunnelRenderer(26583): Still waiting for the correct packet to arrive.
01-06 00:54:33.869 I/TunnelRenderer(26583): Still waiting for the correct packet to arrive.
01-06 00:54:33.870 I/TunnelRenderer(26583): Still waiting for the correct packet to arrive.
01-06 00:54:33.870 I/TunnelRenderer(26583): Still waiting for the correct packet to arrive.
01-06 00:54:33.871 I/TunnelRenderer(26583): Still waiting for the correct packet to arrive.
01-06 00:54:33.871 I/TunnelRenderer(26583): Still waiting for the correct packet to arrive.
01-06 00:54:33.871 I/TunnelRenderer(26583): Still waiting for the correct packet to arrive.
01-06 00:54:33.871 I/TunnelRenderer(26583): Still waiting for the correct packet to arrive.
01-06 00:54:33.871 I/TunnelRenderer(26583): Still waiting for the correct packet to arrive.
01-06 00:54:33.872 I/TunnelRenderer(26583): Still waiting for the correct packet to arrive.
01-06 00:54:33.872 I/TunnelRenderer(26583): Still waiting for the correct packet to arrive.
01-06 00:54:33.872 I/TunnelRenderer(26583): Still waiting for the correct packet to arrive.
01-06 00:54:33.872 I/TunnelRenderer(26583): Still waiting for the correct packet to arrive.
01-06 00:54:33.872 I/TunnelRenderer(26583): Still waiting for the correct packet to arrive.
01-06 00:54:33.872 I/TunnelRenderer(26583): Still waiting for the correct packet to arrive.
01-06 00:54:33.873 I/TunnelRenderer(26583): Still waiting for the correct packet to arrive.
01-06 00:54:33.874 I/TunnelRenderer(26583): Dropping packet. extSeqNo 83151 didn't arrive in time
01-06 00:54:33.884 I/ATSParser(  130): discontinuity on stream pid 0x1100
01-06 00:54:33.885 I/ATSParser(  130): discontinuity on stream pid 0x1011
01-06 00:54:33.916 I/TunnelRenderer(26583): Failed to get the correct packet the first time.
01-06 00:54:33.916 I/TunnelRenderer(26583): Requesting retransmission of seqNo 17806
01-06 00:54:33.916 I/TunnelRenderer(26583): Still waiting for the correct packet to arrive.
01-06 00:54:33.916 I/TunnelRenderer(26583): Still waiting for the correct packet to arrive.
01-06 00:54:33.925 I/TunnelRenderer(26583): Still waiting for the correct packet to arrive.
01-06 00:54:33.925 I/TunnelRenderer(26583): Still waiting for the correct packet to arrive.
01-06 00:54:33.925 I/TunnelRenderer(26583): Still waiting for the correct packet to arrive.
01-06 00:54:33.925 I/TunnelRenderer(26583): Still waiting for the correct packet to arrive.
01-06 00:54:33.992 I/TunnelRenderer(26583): Dropping packet. extSeqNo 83342 didn't arrive in time
01-06 00:54:33.997 I/ATSParser(  130): discontinuity on stream pid 0x1100
01-06 00:54:34.008 I/ATSParser(  130): discontinuity on stream pid 0x1011
01-06 00:54:34.598 W/ActivityManager(  418): getRunningAppProcesses: caller 10093 does not hold REAL_GET_TASKS; limiting output
01-06 00:54:34.832 W/ActivityManager(  418): getTasks: caller 10080 does not hold REAL_GET_TASKS; limiting output
01-06 00:54:34.845 W/ActivityManager(  418): getRunningAppProcesses: caller 10080 does not hold REAL_GET_TASKS; limiting output
01-06 00:54:36.400 W/ActivityManager(  418): getTasks: caller 10080 does not hold REAL_GET_TASKS; limiting output
01-06 00:54:36.422 W/ActivityManager(  418): getRunningAppProcesses: caller 10080 does not hold REAL_GET_TASKS; limiting output
01-06 00:54:37.622 D/NetworkSession(26583): 000   receive 227 227:
01-06 00:54:37.622 D/NetworkSession(26583): SET_PARAMETER rtsp://localhost/wfd1.0 RTSP/1.0
01-06 00:54:37.622 D/NetworkSession(26583): Date: Wed, 06 Jan 2016 23:54:26 +0000
01-06 00:54:37.622 D/NetworkSession(26583): Server: stagefright/1.2 (Linux;Android 5.1.1)
01-06 00:54:37.622 D/NetworkSession(26583): CSeq: 12
01-06 00:54:37.622 D/NetworkSession(26583): Content-Type: text/parameters
01-06 00:54:37.622 D/NetworkSession(26583): Content-Length: 30
01-06 00:54:37.622 D/NetworkSession(26583): 
01-06 00:54:37.622 D/NetworkSession(26583): wfd_trigger_method: TEARDOWN
01-06 00:54:37.622 D/NetworkSession(26583): 
01-06 00:54:37.635 I/WifiDisplaySink(26583): ==============kWhatData===============
01-06 00:54:37.635 W/WifiDisplaySink(26583): session 1 received 'SET_PARAMETER rtsp://localhost/wfd1.0 RTSP/1.0
01-06 00:54:37.635 W/WifiDisplaySink(26583): content-length: 30
01-06 00:54:37.635 W/WifiDisplaySink(26583): content-type: text/parameters
01-06 00:54:37.635 W/WifiDisplaySink(26583): cseq: 12
01-06 00:54:37.635 W/WifiDisplaySink(26583): date: Wed, 06 Jan 2016 23:54:26 +0000
01-06 00:54:37.635 W/WifiDisplaySink(26583): server: stagefright/1.2 (Linux;Android 5.1.1)
01-06 00:54:37.635 W/WifiDisplaySink(26583): 
01-06 00:54:37.635 W/WifiDisplaySink(26583): wfd_trigger_method: TEARDOWN
01-06 00:54:37.635 W/WifiDisplaySink(26583): '
01-06 00:54:37.635 D/WifiDisplaySink(26583): onSetParameterRequest
01-06 00:54:37.635 D/NetworkSession(26583): 111  send 117 117:
01-06 00:54:37.635 D/NetworkSession(26583): RTSP/1.0 200 OK
01-06 00:54:37.635 D/NetworkSession(26583): Date: Wed, 06 Jan 2016 08:54:37 +0000
01-06 00:54:37.635 D/NetworkSession(26583): User-Agent: stagefright/1.1 (Linux;Android 4.1)
01-06 00:54:37.635 D/NetworkSession(26583): CSeq: 12
01-06 00:54:37.635 D/NetworkSession(26583): 
01-06 00:54:37.635 D/NetworkSession(26583): 
01-06 00:54:37.655 W/ActivityManager(  418): getRunningAppProcesses: caller 10093 does not hold REAL_GET_TASKS; limiting output
01-06 00:54:38.000 W/ActivityManager(  418): getTasks: caller 10080 does not hold REAL_GET_TASKS; limiting output
01-06 00:54:38.015 W/ActivityManager(  418): getRunningAppProcesses: caller 10080 does not hold REAL_GET_TASKS; limiting output
01-06 00:54:39.566 W/ActivityManager(  418): getTasks: caller 10080 does not hold REAL_GET_TASKS; limiting output
01-06 00:54:39.572 W/ActivityManager(  418): getRunningAppProcesses: caller 10080 does not hold REAL_GET_TASKS; limiting output
01-06 00:54:39.796 D/NetworkSession(26583): 000   receive 0 0:
01-06 00:54:39.796 D/NetworkSession(26583): 
01-06 00:54:39.796 E/NetworkSession(26583): readMore on socket 41 failed w/ error -104 (Connection reset by peer)
01-06 00:54:39.797 I/WifiDisplaySink(26583): ==============kWhatError===============
01-06 00:54:39.797 I/wpa_supplicant(  905): p2p-p2p0-5: AP-STA-DISCONNECTED 12:68:3f:70:52:71 p2p_dev_addr=12:68:3f:70:d2:71
01-06 00:54:39.797 E/WifiDisplaySink(26583): An error occurred in session 1 (-104, 'Recv failed./Connection reset by peer').
01-06 00:54:39.797 I/WifiDisplaySink(26583): Lost control connection.
01-06 00:54:39.797 I/wpa_supplicant(  905): AP-STA-DISCONNECTED 12:68:3f:70:52:71 p2p_dev_addr=12:68:3f:70:d2:71
01-06 00:54:39.801 D/WifiP2pService(  418): Client list empty, remove non-persistent p2p group
01-06 00:54:39.802 I/wfd-sink(26583): start sink success
01-06 00:54:39.802 D/NuPlayerDriver(  130): stop(0xb8437450)
01-06 00:54:39.803 I/TunnelRenderer(26583): Notify 8, 0, 0
01-06 00:54:39.804 D/NuPlayerDriver(  130): reset(0xb8437450)
01-06 00:54:39.807 E/libexynosv4l2(  130): failed to ioctl: VIDIOC_DQBUF (22 - Invalid argument)
01-06 00:54:39.808 E/libexynosv4l2(  130): failed to ioctl: VIDIOC_DQBUF (22 - Invalid argument)
01-06 00:54:39.817 I/wpa_supplicant(  905): P2P-GROUP-REMOVED p2p-p2p0-5 GO reason=REQUESTED
01-06 00:54:39.828 D/NuPlayerDriver(  130): notifyResetComplete(0xb8437450)
01-06 00:54:39.911 D/TetherController(  127): untetherInterface(p2p-p2p0-5)
01-06 00:54:39.947 E/NetlinkEvent(  127): Unknown ifindex 11 in RTM_DELADDR
01-06 00:54:39.953 D/TetherController(  127): Stopping tethering services
01-06 00:54:39.953 I/dnsmasq (  639): exiting on receipt of SIGTERM
01-06 00:54:39.953 D/TetherController(  127): Tethering services stopped
01-06 00:54:39.954 D/WifiP2pService(  418): Stopped Dhcp server
01-06 00:54:39.954 D/CommandListener(  127): Clearing all IP addresses on p2p-p2p0-5
01-06 00:54:39.945 W/netd    (  403): type=1400 audit(0.0:14): avc: denied { sys_module } for capability=16 scontext=u:r:netd:s0 tcontext=u:r:netd:s0 tclass=capability permissive=0
01-06 00:54:39.956 D/NetUtils(  418): android_net_utils_resetConnections in env=0xb86e1d88 clazz=0xa09ea96c iface=p2p-p2p0-5 mask=0x3
01-06 00:54:40.716 W/ActivityManager(  418): getRunningAppProcesses: caller 10093 does not hold REAL_GET_TASKS; limiting output
01-06 00:54:41.127 W/ActivityManager(  418): getTasks: caller 10080 does not hold REAL_GET_TASKS; limiting output
01-06 00:54:41.136 W/ActivityManager(  418): getRunningAppProcesses: caller 10080 does not hold REAL_GET_TASKS; limiting output
01-06 00:54:42.698 W/ActivityManager(  418): getTasks: caller 10080 does not hold REAL_GET_TASKS; limiting output
01-06 00:54:42.715 W/ActivityManager(  418): getRunningAppProcesses: caller 10080 does not hold REAL_GET_TASKS; limiting output
01-06 00:54:43.798 W/ActivityManager(  418): getRunningAppProcesses: caller 10093 does not hold REAL_GET_TASKS; limiting output
01-06 00:54:44.282 W/ActivityManager(  418): getTasks: caller 10080 does not hold REAL_GET_TASKS; limiting output
01-06 00:54:44.317 W/ActivityManager(  418): getRunningAppProcesses: caller 10080 does not hold REAL_GET_TASKS; limiting output
01-06 00:54:45.420 W/ActivityManager(  418): getRunningAppProcesses: caller 10082 does not hold REAL_GET_TASKS; limiting output
01-06 00:54:45.610 W/ActivityManager(  418): getRunningAppProcesses: caller 10082 does not hold REAL_GET_TASKS; limiting output
01-06 00:54:45.849 W/ActivityManager(  418): getTasks: caller 10080 does not hold REAL_GET_TASKS; limiting output
01-06 00:54:45.868 W/ActivityManager(  418): getRunningAppProcesses: caller 10080 does not hold REAL_GET_TASKS; limiting output
01-06 00:54:46.873 W/ActivityManager(  418): getRunningAppProcesses: caller 10093 does not hold REAL_GET_TASKS; limiting output
01-06 00:54:47.433 W/ActivityManager(  418): getTasks: caller 10080 does not hold REAL_GET_TASKS; limiting output
01-06 00:54:47.457 W/ActivityManager(  418): getRunningAppProcesses: caller 10080 does not hold REAL_GET_TASKS; limiting output
01-06 00:54:49.016 W/ActivityManager(  418): getTasks: caller 10080 does not hold REAL_GET_TASKS; limiting output
01-06 00:54:49.021 W/ActivityManager(  418): getRunningAppProcesses: caller 10080 does not hold REAL_GET_TASKS; limiting output
01-06 00:54:49.908 W/ActivityManager(  418): getRunningAppProcesses: caller 10093 does not hold REAL_GET_TASKS; limiting output
01-06 00:54:49.993 V/DeadZone(  945): consuming errant click: (1003.9952,14.339478)
01-06 00:54:50.350 V/WindowManager(  418): not Base app: Adding window Window{23f94878 u0 com.example.android.wifidisplay/com.example.android.wifidisplay.SinkPlayerActivity} at 6 of 11
01-06 00:54:50.389 D/mali_winsys(26583): new_window_surface returns 0x3000
01-06 00:54:50.437 V/DeadZone(  945): consuming errant click: (1000.24426,16.683838)
01-06 00:54:50.566 W/ActivityManager(  418): getTasks: caller 10080 does not hold REAL_GET_TASKS; limiting output
01-06 00:54:50.577 W/ActivityManager(  418): getRunningAppProcesses: caller 10080 does not hold REAL_GET_TASKS; limiting output
01-06 00:54:51.842 W/wfd-sink(26583): stop sink success
01-06 00:54:51.842 D/SinkPlayerActivity(26583): Stop native Sink Player success
01-06 00:54:51.844 I/ActivityManager(  418): START u0 {flg=0x4000000 cmp=com.example.android.wifidisplay/.WiFiDisplayActivity} from uid 10094 on display 0
01-06 00:54:51.851 W/ActivityManager(  418): Duplicate finish request for ActivityRecord{13fd5ca9 u0 com.example.android.wifidisplay/.SinkPlayerActivity t205 f}
01-06 00:54:51.889 D/mali_winsys(26583): new_window_surface returns 0x3000
01-06 00:54:51.893 D/P2pBroadcastReceiver(26583): P2P state changed: 2
01-06 00:54:51.893 D/P2pBroadcastReceiver(26583): P2p connection changed: 
01-06 00:54:51.893 D/P2pBroadcastReceiver(26583): ExtraInfo:null
01-06 00:54:51.893 D/P2pBroadcastReceiver(26583): Reason:null
01-06 00:54:51.893 D/P2pBroadcastReceiver(26583): Subtype:0
01-06 00:54:51.893 D/P2pBroadcastReceiver(26583): SubtypeName:
01-06 00:54:51.893 D/P2pBroadcastReceiver(26583): Type:13
01-06 00:54:51.893 D/P2pBroadcastReceiver(26583): TypeName:WIFI_P2P
01-06 00:54:51.893 D/P2pBroadcastReceiver(26583): isAvaliable:true
01-06 00:54:51.893 D/P2pBroadcastReceiver(26583): isConnected:false
01-06 00:54:51.893 D/P2pBroadcastReceiver(26583): P2p group information: 
01-06 00:54:51.893 D/P2pBroadcastReceiver(26583): GroupOwner:false
01-06 00:54:51.893 D/P2pBroadcastReceiver(26583): NetworkName:null
01-06 00:54:51.894 D/P2pBroadcastReceiver(26583): P2p this device changed
01-06 00:54:51.894 D/DeviceListFragment(26583): Peer status :3
01-06 00:54:51.895 D/WifiDisplayActivity(26583): Callback form ActionListener success
01-06 00:54:51.896 D/P2pBroadcastReceiver(26583): P2p this device changed
01-06 00:54:51.897 D/DeviceListFragment(26583): Peer status :3
01-06 00:54:51.898 D/WifiDisplayActivity(26583): Callback form ActionListener success
01-06 00:54:51.898 D/P2pBroadcastReceiver(26583): P2p this device changed
01-06 00:54:51.898 D/DeviceListFragment(26583): Peer status :3
01-06 00:54:52.141 W/ActivityManager(  418): getTasks: caller 10080 does not hold REAL_GET_TASKS; limiting output
01-06 00:54:52.147 W/ActivityManager(  418): getRunningAppProcesses: caller 10080 does not hold REAL_GET_TASKS; limiting output
01-06 00:54:52.989 W/ActivityManager(  418): getRunningAppProcesses: caller 10093 does not hold REAL_GET_TASKS; limiting output
01-06 00:54:53.703 W/ActivityManager(  418): getTasks: caller 10080 does not hold REAL_GET_TASKS; limiting output
01-06 00:54:53.717 W/ActivityManager(  418): getRunningAppProcesses: caller 10080 does not hold REAL_GET_TASKS; limiting output
01-06 00:54:53.729 E/WifiStateMachine(  418): WifiStateMachine CMD_START_SCAN source -2 txSuccessRate=2.88 rxSuccessRate=1.06 targetRoamBSSID=00:00:00:00:00:00 RSSI=-58
01-06 00:54:55.251 W/ActivityManager(  418): getTasks: caller 10080 does not hold REAL_GET_TASKS; limiting output
01-06 00:54:55.265 W/ActivityManager(  418): getRunningAppProcesses: caller 10080 does not hold REAL_GET_TASKS; limiting output
01-06 00:54:55.518 W/ActivityManager(  418): getTasks: caller 10080 does not hold REAL_GET_TASKS; limiting output
01-06 00:54:56.051 W/ActivityManager(  418): getRunningAppProcesses: caller 10093 does not hold REAL_GET_TASKS; limiting output
01-06 00:54:56.811 W/ActivityManager(  418): getTasks: caller 10080 does not hold REAL_GET_TASKS; limiting output
01-06 00:54:56.829 W/ActivityManager(  418): getRunningAppProcesses: caller 10080 does not hold REAL_GET_TASKS; limiting output
01-06 00:54:58.400 W/ActivityManager(  418): getTasks: caller 10080 does not hold REAL_GET_TASKS; limiting output
01-06 00:54:58.420 W/ActivityManager(  418): getRunningAppProcesses: caller 10080 does not hold REAL_GET_TASKS; limiting output
01-06 00:54:59.141 W/ActivityManager(  418): getRunningAppProcesses: caller 10093 does not hold REAL_GET_TASKS; limiting output
01-06 00:54:59.981 W/ActivityManager(  418): getTasks: caller 10080 does not hold REAL_GET_TASKS; limiting output
01-06 00:54:59.986 W/ActivityManager(  418): getRunningAppProcesses: caller 10080 does not hold REAL_GET_TASKS; limiting output
01-06 00:55:01.545 W/ActivityManager(  418): getTasks: caller 10080 does not hold REAL_GET_TASKS; limiting output
01-06 00:55:01.568 W/ActivityManager(  418): getRunningAppProcesses: caller 10080 does not hold REAL_GET_TASKS; limiting output
01-06 00:55:02.220 W/ActivityManager(  418): getRunningAppProcesses: caller 10093 does not hold REAL_GET_TASKS; limiting output
01-06 00:55:03.129 W/ActivityManager(  418): getTasks: caller 10080 does not hold REAL_GET_TASKS; limiting output
01-06 00:55:03.148 W/ActivityManager(  418): getRunningAppProcesses: caller 10080 does not hold REAL_GET_TASKS; limiting output
01-06 00:55:04.721 W/ActivityManager(  418): getTasks: caller 10080 does not hold REAL_GET_TASKS; limiting output
01-06 00:55:04.741 W/ActivityManager(  418): getRunningAppProcesses: caller 10080 does not hold REAL_GET_TASKS; limiting output
01-06 00:55:05.262 W/ActivityManager(  418): getRunningAppProcesses: caller 10093 does not hold REAL_GET_TASKS; limiting output
01-06 00:55:06.309 W/ActivityManager(  418): getTasks: caller 10080 does not hold REAL_GET_TASKS; limiting output
01-06 00:55:06.329 W/ActivityManager(  418): getRunningAppProcesses: caller 10080 does not hold REAL_GET_TASKS; limiting output
01-06 00:55:07.884 W/ActivityManager(  418): getTasks: caller 10080 does not hold REAL_GET_TASKS; limiting output
01-06 00:55:07.903 W/ActivityManager(  418): getRunningAppProcesses: caller 10080 does not hold REAL_GET_TASKS; limiting output
01-06 00:55:08.293 W/ActivityManager(  418): getRunningAppProcesses: caller 10093 does not hold REAL_GET_TASKS; limiting output
01-06 00:55:09.436 W/ActivityManager(  418): getTasks: caller 10080 does not hold REAL_GET_TASKS; limiting output
01-06 00:55:09.454 W/ActivityManager(  418): getRunningAppProcesses: caller 10080 does not hold REAL_GET_TASKS; limiting output
01-06 00:55:10.992 W/ActivityManager(  418): getTasks: caller 10080 does not hold REAL_GET_TASKS; limiting output
01-06 00:55:11.009 W/ActivityManager(  418): getRunningAppProcesses: caller 10080 does not hold REAL_GET_TASKS; limiting output
01-06 00:55:11.365 W/ActivityManager(  418): getRunningAppProcesses: caller 10093 does not hold REAL_GET_TASKS; limiting output
01-06 00:55:12.556 W/ActivityManager(  418): getTasks: caller 10080 does not hold REAL_GET_TASKS; limiting output
01-06 00:55:12.561 W/ActivityManager(  418): getRunningAppProcesses: caller 10080 does not hold REAL_GET_TASKS; limiting output
01-06 00:55:13.733 E/WifiStateMachine(  418): WifiStateMachine CMD_START_SCAN source -2 txSuccessRate=1.77 rxSuccessRate=3.90 targetRoamBSSID=00:00:00:00:00:00 RSSI=-62
01-06 00:55:13.734 E/WifiStateMachine(  418): WifiStateMachine starting scan for "Office"WPA_PSK with 2427
01-06 00:55:14.113 W/ActivityManager(  418): getTasks: caller 10080 does not hold REAL_GET_TASKS; limiting output
01-06 00:55:14.134 W/ActivityManager(  418): getRunningAppProcesses: caller 10080 does not hold REAL_GET_TASKS; limiting output
01-06 00:55:14.433 W/ActivityManager(  418): getRunningAppProcesses: caller 10093 does not hold REAL_GET_TASKS; limiting output
01-06 00:55:15.613 W/ActivityManager(  418): getRunningAppProcesses: caller 10082 does not hold REAL_GET_TASKS; limiting output
01-06 00:55:15.695 W/ActivityManager(  418): getTasks: caller 10080 does not hold REAL_GET_TASKS; limiting output
01-06 00:55:15.713 W/ActivityManager(  418): getRunningAppProcesses: caller 10080 does not hold REAL_GET_TASKS; limiting output
01-06 00:55:17.263 W/ActivityManager(  418): getTasks: caller 10080 does not hold REAL_GET_TASKS; limiting output
01-06 00:55:17.282 W/ActivityManager(  418): getRunningAppProcesses: caller 10080 does not hold REAL_GET_TASKS; limiting output
01-06 00:55:17.502 W/ActivityManager(  418): getRunningAppProcesses: caller 10093 does not hold REAL_GET_TASKS; limiting output
01-06 00:55:18.841 W/ActivityManager(  418): getTasks: caller 10080 does not hold REAL_GET_TASKS; limiting output
01-06 00:55:18.847 W/ActivityManager(  418): getRunningAppProcesses: caller 10080 does not hold REAL_GET_TASKS; limiting output
01-06 00:55:20.399 W/ActivityManager(  418): getTasks: caller 10080 does not hold REAL_GET_TASKS; limiting output
01-06 00:55:20.418 W/ActivityManager(  418): getRunningAppProcesses: caller 10080 does not hold REAL_GET_TASKS; limiting output
01-06 00:55:20.584 W/ActivityManager(  418): getRunningAppProcesses: caller 10093 does not hold REAL_GET_TASKS; limiting output
01-06 00:55:21.986 W/ActivityManager(  418): getTasks: caller 10080 does not hold REAL_GET_TASKS; limiting output
01-06 00:55:22.005 W/ActivityManager(  418): getRunningAppProcesses: caller 10080 does not hold REAL_GET_TASKS; limiting output
01-06 00:55:22.113 V/WindowManager(  418): not Base app: Adding window Window{3c8bbfa8 u0 Press back to cancel} at 4 of 9
01-06 00:55:22.135 D/mali_winsys(26583): new_window_surface returns 0x3000
01-06 00:55:23.578 W/ActivityManager(  418): getTasks: caller 10080 does not hold REAL_GET_TASKS; limiting output
01-06 00:55:23.594 W/ActivityManager(  418): getRunningAppProcesses: caller 10080 does not hold REAL_GET_TASKS; limiting output
01-06 00:55:23.650 W/ActivityManager(  418): getRunningAppProcesses: caller 10093 does not hold REAL_GET_TASKS; limiting output
01-06 00:55:25.146 W/ActivityManager(  418): getTasks: caller 10080 does not hold REAL_GET_TASKS; limiting output
01-06 00:55:25.151 W/ActivityManager(  418): getRunningAppProcesses: caller 10080 does not hold REAL_GET_TASKS; limiting output
01-06 00:55:26.708 W/ActivityManager(  418): getTasks: caller 10080 does not hold REAL_GET_TASKS; limiting output
01-06 00:55:26.713 W/ActivityManager(  418): getRunningAppProcesses: caller 10093 does not hold REAL_GET_TASKS; limiting output
01-06 00:55:26.742 W/ActivityManager(  418): getRunningAppProcesses: caller 10080 does not hold REAL_GET_TASKS; limiting output
01-06 00:55:28.298 W/ActivityManager(  418): getTasks: caller 10080 does not hold REAL_GET_TASKS; limiting output
01-06 00:55:28.311 W/ActivityManager(  418): getRunningAppProcesses: caller 10080 does not hold REAL_GET_TASKS; limiting output
01-06 00:55:29.584 I/wpa_supplicant(  905): P2P-DEVICE-FOUND 12:68:3f:70:d2:71 p2p_dev_addr=12:68:3f:70:d2:71 pri_dev_type=10-0050F204-5 name='Sink_d271' config_methods=0x188 dev_capab=0x25 group_capab=0x0 wfd_dev_info=0x00101c440032
01-06 00:55:29.592 D/P2pBroadcastReceiver(26583): P2P peers changed
01-06 00:55:29.603 I/wpa_supplicant(  905): wlan0: CTRL-EVENT-DISCONNECTED bssid=d4:ee:07:22:5d:e2 reason=0
01-06 00:55:29.604 E/WifiStateMachine(  418): WifiStateMachine starting scan for "Office"WPA_PSK with 2427
01-06 00:55:29.636 D/DeviceListFragment(26583): Peer status :3
01-06 00:55:29.642 W/InputMethodManagerService(  418): Window already focused, ignoring focus gain of: com.android.internal.view.IInputMethodClient$Stub$Proxy@22d3f3ec attribute=android.view.inputmethod.EditorInfo@3d18f3b5, token = android.os.BinderProxy@1c522a29
01-06 00:55:29.786 W/ActivityManager(  418): getRunningAppProcesses: caller 10093 does not hold REAL_GET_TASKS; limiting output
01-06 00:55:29.862 W/ActivityManager(  418): getTasks: caller 10080 does not hold REAL_GET_TASKS; limiting output
01-06 00:55:29.871 W/ActivityManager(  418): getRunningAppProcesses: caller 10080 does not hold REAL_GET_TASKS; limiting output
01-06 00:55:31.432 W/ActivityManager(  418): getTasks: caller 10080 does not hold REAL_GET_TASKS; limiting output
01-06 00:55:31.455 W/ActivityManager(  418): getRunningAppProcesses: caller 10080 does not hold REAL_GET_TASKS; limiting output
01-06 00:55:32.857 W/ActivityManager(  418): getRunningAppProcesses: caller 10093 does not hold REAL_GET_TASKS; limiting output
01-06 00:55:33.016 W/ActivityManager(  418): getTasks: caller 10080 does not hold REAL_GET_TASKS; limiting output
01-06 00:55:33.035 W/ActivityManager(  418): getRunningAppProcesses: caller 10080 does not hold REAL_GET_TASKS; limiting output
01-06 00:55:33.740 E/WifiStateMachine(  418): WifiStateMachine CMD_START_SCAN source -2 txSuccessRate=1.49 rxSuccessRate=0.75 targetRoamBSSID=00:00:00:00:00:00 RSSI=-1
01-06 00:55:33.742 E/WifiStateMachine(  418): WifiStateMachine starting scan for "Office"WPA_PSK with 2427
01-06 00:55:34.598 W/ActivityManager(  418): getTasks: caller 10080 does not hold REAL_GET_TASKS; limiting output
01-06 00:55:34.616 W/ActivityManager(  418): getRunningAppProcesses: caller 10080 does not hold REAL_GET_TASKS; limiting output
01-06 00:55:35.906 W/ActivityManager(  418): getRunningAppProcesses: caller 10093 does not hold REAL_GET_TASKS; limiting output
01-06 00:55:36.185 W/ActivityManager(  418): getTasks: caller 10080 does not hold REAL_GET_TASKS; limiting output
01-06 00:55:36.204 W/ActivityManager(  418): getRunningAppProcesses: caller 10080 does not hold REAL_GET_TASKS; limiting output
01-06 00:55:36.617 E/WifiStateMachine(  418): CMD_DELAYED_NETWORK_DISCONNECT and debouncing - disconnect 0
01-06 00:55:36.618 E/WifiConfigStore(  418): saveWifiConfigBSSID Setting BSSID for "Office"WPA_PSK to any
01-06 00:55:36.639 D/CommandListener(  127): Clearing all IP addresses on wlan0
01-06 00:55:36.696 V/xiaomi  ( 1743): 
01-06 00:55:36.696 V/xiaomi  ( 1743): java.net.SocketException: recvfrom failed: ETIMEDOUT (Connection timed out)
01-06 00:55:36.696 V/xiaomi  ( 1743): 	at libcore.io.IoBridge.maybeThrowAfterRecvfrom(IoBridge.java:592)
01-06 00:55:36.696 V/xiaomi  ( 1743): 	at libcore.io.IoBridge.recvfrom(IoBridge.java:556)
01-06 00:55:36.696 V/xiaomi  ( 1743): 	at java.net.PlainSocketImpl.read(PlainSocketImpl.java:485)
01-06 00:55:36.696 V/xiaomi  ( 1743): 	at java.net.PlainSocketImpl.access$000(PlainSocketImpl.java:37)
01-06 00:55:36.696 V/xiaomi  ( 1743): 	at java.net.PlainSocketImpl$PlainSocketInputStream.read(PlainSocketImpl.java:237)
01-06 00:55:36.696 V/xiaomi  ( 1743): 	at java.io.InputStreamReader.read(InputStreamReader.java:231)
01-06 00:55:36.696 V/xiaomi  ( 1743): 	at java.io.BufferedReader.read(BufferedReader.java:325)
01-06 00:55:36.696 V/xiaomi  ( 1743): 	at com.xiaomi.d.e.a.read(Unknown Source)
01-06 00:55:36.696 V/xiaomi  ( 1743): 	at org.kxml2.io.KXmlParser.fillBuffer(KXmlParser.java:1515)
01-06 00:55:36.696 V/xiaomi  ( 1743): 	at org.kxml2.io.KXmlParser.peekType(KXmlParser.java:992)
01-06 00:55:36.696 V/xiaomi  ( 1743): 	at org.kxml2.io.KXmlParser.next(KXmlParser.java:349)
01-06 00:55:36.696 V/xiaomi  ( 1743): 	at org.kxml2.io.KXmlParser.next(KXmlParser.java:313)
01-06 00:55:36.696 V/xiaomi  ( 1743): 	at com.xiaomi.d.q.f(Unknown Source)
01-06 00:55:36.696 V/xiaomi  ( 1743): 	at com.xiaomi.d.q.a(Unknown Source)
01-06 00:55:36.696 V/xiaomi  ( 1743): 	at com.xiaomi.d.r.run(Unknown Source)
01-06 00:55:36.696 V/xiaomi  ( 1743): Caused by: android.system.ErrnoException: recvfrom failed: ETIMEDOUT (Connection timed out)
01-06 00:55:36.696 V/xiaomi  ( 1743): 	at libcore.io.Posix.recvfromBytes(Native Method)
01-06 00:55:36.696 V/xiaomi  ( 1743): 	at libcore.io.Posix.recvfrom(Posix.java:185)
01-06 00:55:36.696 V/xiaomi  ( 1743): 	at libcore.io.BlockGuardOs.recvfrom(BlockGuardOs.java:250)
01-06 00:55:36.696 V/xiaomi  ( 1743): 	at libcore.io.IoBridge.recvfrom(IoBridge.java:553)
01-06 00:55:36.696 V/xiaomi  ( 1743): 	... 13 more
01-06 00:55:36.724 V/xiaomi  ( 1743): JOB: shutdown the connection. 9, java.net.SocketException: recvfrom failed: ETIMEDOUT (Connection timed out)
01-06 00:55:36.725 V/xiaomi  ( 1743): disconnect 984674504, 880068542
01-06 00:55:36.725 V/xiaomi  ( 1743): update the connection status. connected -> disconnected : ERROR_READ_ERROR 
01-06 00:55:36.729 V/xiaomi  ( 1743): schedule reconnect in 10s
01-06 00:55:36.733 V/xiaomi  ( 1743): 
01-06 00:55:36.733 V/xiaomi  ( 1743): java.net.SocketException: sendto failed: EPIPE (Broken pipe)
01-06 00:55:36.733 V/xiaomi  ( 1743): 	at libcore.io.IoBridge.maybeThrowAfterSendto(IoBridge.java:546)
01-06 00:55:36.733 V/xiaomi  ( 1743): 	at libcore.io.IoBridge.sendto(IoBridge.java:515)
01-06 00:55:36.733 V/xiaomi  ( 1743): 	at java.net.PlainSocketImpl.write(PlainSocketImpl.java:504)
01-06 00:55:36.733 V/xiaomi  ( 1743): 	at java.net.PlainSocketImpl.access$100(PlainSocketImpl.java:37)
01-06 00:55:36.733 V/xiaomi  ( 1743): 	at java.net.PlainSocketImpl$PlainSocketOutputStream.write(PlainSocketImpl.java:266)
01-06 00:55:36.733 V/xiaomi  ( 1743): 	at java.io.OutputStreamWriter.flushBytes(OutputStreamWriter.java:167)
01-06 00:55:36.733 V/xiaomi  ( 1743): 	at java.io.OutputStreamWriter.flush(OutputStreamWriter.java:158)
01-06 00:55:36.733 V/xiaomi  ( 1743): 	at java.io.BufferedWriter.flush(BufferedWriter.java:124)
01-06 00:55:36.733 V/xiaomi  ( 1743): 	at com.xiaomi.d.e.b.flush(Unknown Source)
01-06 00:55:36.733 V/xiaomi  ( 1743): 	at com.xiaomi.d.s.b(Unknown Source)
01-06 00:55:36.733 V/xiaomi  ( 1743): 	at com.xiaomi.d.z.b(Unknown Source)
01-06 00:55:36.733 V/xiaomi  ( 1743): 	at com.xiaomi.d.z.a(Unknown Source)
01-06 00:55:36.733 V/xiaomi  ( 1743): 	at com.xiaomi.push.service.XMPushService.b(Unknown Source)
01-06 00:55:36.733 V/xiaomi  ( 1743): 	at com.xiaomi.d.aa.a(Unknown Source)
01-06 00:55:36.733 V/xiaomi  ( 1743): 	at com.xiaomi.push.service.f.c(Unknown Source)
01-06 00:55:36.733 V/xiaomi  ( 1743): 	at com.xiaomi.push.service.v.handleMessage(Unknown Source)
01-06 00:55:36.733 V/xiaomi  ( 1743): 	at android.os.Handler.dispatchMessage(Handler.java:102)
01-06 00:55:36.733 V/xiaomi  ( 1743): 	at android.os.Looper.loop(Looper.java:135)
01-06 00:55:36.733 V/xiaomi  ( 1743): 	at android.os.HandlerThread.run(HandlerThread.java:61)
01-06 00:55:36.733 V/xiaomi  ( 1743): Caused by: android.system.ErrnoException: sendto failed: EPIPE (Broken pipe)
01-06 00:55:36.733 V/xiaomi  ( 1743): 	at libcore.io.Posix.sendtoBytes(Native Method)
01-06 00:55:36.733 V/xiaomi  ( 1743): 	at libcore.io.Posix.sendto(Posix.java:206)
01-06 00:55:36.733 V/xiaomi  ( 1743): 	at libcore.io.BlockGuardOs.sendto(BlockGuardOs.java:278)
01-06 00:55:36.733 V/xiaomi  ( 1743): 	at libcore.io.IoBridge.sendto(IoBridge.java:513)
01-06 00:55:36.733 V/xiaomi  ( 1743): 	... 17 more
01-06 00:55:36.733 V/xiaomi  ( 1743): update the client 5 status. binded->unbind CLOSE ERROR_READ_ERROR null null
01-06 00:55:36.756 D/ConnectivityService(  418): NetworkAgentInfo [WIFI () - 106] EVENT_NETWORK_INFO_CHANGED, going from CONNECTED to DISCONNECTED
01-06 00:55:36.757 D/ConnectivityService(  418): NetworkAgentInfo [WIFI () - 106] got DISCONNECTED, was satisfying 2
01-06 00:55:36.757 E/WifiConfigStore(  418): saveWifiConfigBSSID Setting BSSID for "Office"WPA_PSK to any
01-06 00:55:36.771 E/WifiStateMachine(  418): WifiStateMachine: Leaving Connected state
01-06 00:55:36.775 D/WifiNetworkAgent(  418): NetworkAgent: NetworkAgent channel lost
01-06 00:55:36.802 I/ActivityManager(  418): Start proc 3263:com.qihoo.permmgr/u0a81 for broadcast com.qihoo.permmgr/com.qihoo.root.log.receiver.WifiReceiver
01-06 00:55:36.853 D/ConnectivityService(  418): notifyType LOST for NetworkAgentInfo [WIFI () - 106]
01-06 00:55:36.854 D/NetworkMonitor/NetworkAgentInfo [WIFI () - 106](  418): OfflineState{ when=-1ms what=532487 target=com.android.internal.util.StateMachine$SmHandler }
01-06 00:55:36.854 D/NetworkMonitor/NetworkAgentInfo [WIFI () - 106](  418): DefaultState{ when=-1ms what=532487 target=com.android.internal.util.StateMachine$SmHandler }
01-06 00:55:36.854 D/NetworkMonitor/NetworkAgentInfo [WIFI () - 106](  418): Disconnected - quitting
01-06 00:55:36.855 D/CSLegacyTypeTracker(  418): Sending disconnected broadcast for type 1 NetworkAgentInfo [WIFI () - 106] isDefaultNetwork=true
01-06 00:55:36.855 D/ConnectivityService(  418): sendStickyBroadcast: action=android.net.conn.CONNECTIVITY_CHANGE_IMMEDIATE
01-06 00:55:36.855 D/ConnectivityManager.CallbackHandler(  945): CM callback handler got msg 524292
01-06 00:55:36.855 D/ConnectivityService(  418): sendStickyBroadcast: action=android.net.conn.CONNECTIVITY_CHANGE
01-06 00:55:36.856 D/ConnectivityService(  418): sendStickyBroadcast: action=android.net.conn.CONNECTIVITY_CHANGE_IMMEDIATE
01-06 00:55:36.860 D/ConnectivityService(  418): sendStickyBroadcast: action=android.net.conn.CONNECTIVITY_CHANGE
01-06 00:55:36.860 D/ConnectivityService(  418): Checking for replacement network to handle request NetworkRequest [ id=1, legacyType=-1, [ Capabilities: INTERNET&NOT_RESTRICTED&TRUSTED&NOT_VPN] ]
01-06 00:55:36.861 E/ConnectivityService(  418): EVENT_NETWORK_INFO_CHANGED from unknown NetworkAgent
01-06 00:55:36.863 D/Tethering(  418): MasterInitialState.processMessage what=3
01-06 00:55:36.867 D/Tethering(  418): MasterInitialState.processMessage what=3
01-06 00:55:36.878 V/=ToolService=( 6367): wifi disconnected
01-06 00:55:36.881 V/=ToolService=( 6367): wifi disconnected
01-06 00:55:36.898 D/PhoneInterfaceManager( 1219): [PhoneIntfMgr] getDataEnabled: subId=-1 phoneId=-1
01-06 00:55:36.898 E/PhoneInterfaceManager( 1219): [PhoneIntfMgr] getDataEnabled: no phone subId=-1 retVal=false
01-06 00:55:36.898 D/TelephonyManager(  418): getDataEnabled: retVal=false
01-06 00:55:36.902 E/GpsLocationProvider(  418): No APN found to select.
01-06 00:55:36.903 D/libgps  (  418): proxy_agps_ril_update_network_state(0, 1, 0, null)
01-06 00:55:36.905 D/libgps  (  418): proxy_agps_ril_update_network_state_internal: called
01-06 00:55:36.911 D/PhoneInterfaceManager( 1219): [PhoneIntfMgr] getDataEnabled: subId=-1 phoneId=-1
01-06 00:55:36.911 E/PhoneInterfaceManager( 1219): [PhoneIntfMgr] getDataEnabled: no phone subId=-1 retVal=false
01-06 00:55:36.913 D/TelephonyManager(  418): getDataEnabled: retVal=false
01-06 00:55:36.916 E/GpsLocationProvider(  418): No APN found to select.
01-06 00:55:36.918 D/libgps  (  418): proxy_agps_ril_update_network_state(0, 1, 0, null)
01-06 00:55:36.918 D/libgps  (  418): proxy_agps_ril_update_network_state_internal: called
01-06 00:55:37.397 F/libc    ( 3263): Fatal signal 11 (SIGSEGV), code 2, fault addr 0xa4718574 in tid 3263 (m.qihoo.permmgr)
01-06 00:55:37.397 I/libc    ( 3263): Suppressing debuggerd output because prctl(PR_GET_DUMPABLE)==0
01-06 00:55:37.612 E/libprocessgroup(  418): failed to kill 1 processes for processgroup 3263
01-06 00:55:37.612 I/ActivityManager(  418): Process com.qihoo.permmgr (pid 3263) has died
01-06 00:55:37.666 I/Zygote  (  136): Process 3263 exited due to signal (11)
01-06 00:55:37.680 I/ActivityManager(  418): Start proc 3297:com.qihoo.permmgr/u0a81 for broadcast com.qihoo.permmgr/com.qihoo.root.log.receiver.WifiReceiver
01-06 00:55:37.766 W/ActivityManager(  418): getTasks: caller 10080 does not hold REAL_GET_TASKS; limiting output
01-06 00:55:37.775 W/ActivityManager(  418): getRunningAppProcesses: caller 10080 does not hold REAL_GET_TASKS; limiting output
01-06 00:55:37.927 E/PhoneInterfaceManager( 1219): [PhoneIntfMgr] checkCarrierPrivilegesForPackage: No UICC
01-06 00:55:37.927 E/DatabaseUtils( 1219): Writing exception to parcel
01-06 00:55:37.927 E/DatabaseUtils( 1219): java.lang.SecurityException: No permission to write APN settings
01-06 00:55:37.927 E/DatabaseUtils( 1219): 	at com.android.providers.telephony.TelephonyProvider.checkPermission(TelephonyProvider.java:1180)
01-06 00:55:37.927 E/DatabaseUtils( 1219): 	at com.android.providers.telephony.TelephonyProvider.query(TelephonyProvider.java:764)
01-06 00:55:37.927 E/DatabaseUtils( 1219): 	at android.content.ContentProvider.query(ContentProvider.java:966)
01-06 00:55:37.927 E/DatabaseUtils( 1219): 	at android.content.ContentProvider$Transport.query(ContentProvider.java:211)
01-06 00:55:37.927 E/DatabaseUtils( 1219): 	at android.content.ContentProviderNative.onTransact(ContentProviderNative.java:112)
01-06 00:55:37.927 E/DatabaseUtils( 1219): 	at android.os.Binder.execTransact(Binder.java:446)
01-06 00:55:38.218 F/libc    ( 3297): Fatal signal 11 (SIGSEGV), code 2, fault addr 0xa4718574 in tid 3297 (m.qihoo.permmgr)
01-06 00:55:38.218 I/libc    ( 3297): Suppressing debuggerd output because prctl(PR_GET_DUMPABLE)==0
01-06 00:55:38.406 V/WindowManager(  418): not Base app: Adding window Window{2321631 u0 Press back to cancel} at 4 of 9
01-06 00:55:38.431 D/mali_winsys(26583): new_window_surface returns 0x3000
01-06 00:55:38.446 I/Zygote  (  136): Process 3297 exited due to signal (11)
01-06 00:55:38.465 I/ActivityManager(  418): Process com.qihoo.permmgr (pid 3297) has died
01-06 00:55:38.521 I/ActivityManager(  418): Start proc 3327:com.qihoo.permmgr/u0a81 for broadcast com.qihoo.permmgr/com.qihoo.root.log.receiver.WifiReceiver
01-06 00:55:38.988 W/ActivityManager(  418): getRunningAppProcesses: caller 10093 does not hold REAL_GET_TASKS; limiting output
01-06 00:55:39.269 F/libc    ( 3327): Fatal signal 11 (SIGSEGV), code 2, fault addr 0xa4718574 in tid 3327 (m.qihoo.permmgr)
01-06 00:55:39.269 I/libc    ( 3327): Suppressing debuggerd output because prctl(PR_GET_DUMPABLE)==0
01-06 00:55:39.456 I/Zygote  (  136): Process 3327 exited due to signal (11)
01-06 00:55:39.515 I/ActivityManager(  418): Process com.qihoo.permmgr (pid 3327) has died
01-06 00:55:39.524 W/ActivityManager(  418): getTasks: caller 10080 does not hold REAL_GET_TASKS; limiting output
01-06 00:55:39.544 V/xiaomi  ( 1743): network changed, no active network
01-06 00:55:39.552 V/xiaomi  ( 1743): JOB: disconnect the connection.
01-06 00:55:39.552 V/xiaomi  ( 1743): disconnect 984674504, null
01-06 00:55:39.559 W/ActivityManager(  418): getRunningAppProcesses: caller 10080 does not hold REAL_GET_TASKS; limiting output
01-06 00:55:39.567 I/SystemUpdateService(12805): receiver: Intent { act=android.net.conn.CONNECTIVITY_CHANGE flg=0x4000010 cmp=com.google.android.gms/.update.SystemUpdateService$ActiveReceiver (has extras) }
01-06 00:55:39.574 D/SystemUpdateService(12805): onCreate
01-06 00:55:39.576 D/SystemUpdateService(12805): onStartCommand: intent: Intent { cmp=com.google.android.gms/.update.SystemUpdateService (has extras) }
01-06 00:55:39.586 D/GCM     (15696): GcmService start Intent { act=android.net.conn.CONNECTIVITY_CHANGE flg=0x4000010 cmp=com.google.android.gms/.gcm.GcmService (has extras) } android.net.conn.CONNECTIVITY_CHANGE
01-06 00:55:39.592 I/iu.Environment(12805): update connectivity state; isNetworkMetered? false, isRoaming? false, isBackgroundDataAllowed? false*
01-06 00:55:39.595 I/iu.UploadsManager(12805): num queued entries: 0
01-06 00:55:39.597 I/SystemUpdateService(12805): active receiver: enabled
01-06 00:55:39.607 I/iu.UploadsManager(12805): num updated entries: 0
01-06 00:55:39.610 I/SystemUpdateService(12805): Already downloaded, skipping offpeak checks.
01-06 00:55:39.626 I/iu.SyncManager(12805): NEXT; no task
01-06 00:55:39.633 D/YouTube (27546): apps.youtube.app.prefetch.PrefetchService$DeviceStateReceiver.onReceive:571 Got device state change intent: android.net.conn.CONNECTIVITY_CHANGE
01-06 00:55:39.650 D/YouTube (27546): apps.youtube.app.prefetch.PrefetchService.onStartCommand:171 PrefetchService started at 6 Jan 2016 08:55:39 GMT
01-06 00:55:39.651 I/SystemUpdateService(12805): network: null; metered: false; mobile allowed: true
01-06 00:55:39.651 I/SystemUpdateService(12805): now status is 0 (complete)
01-06 00:55:39.651 I/SystemUpdateService(12805): processDownloadedFile /cache/update.zip
01-06 00:55:39.651 I/SystemUpdateService(12805): file has been verified
01-06 00:55:39.652 I/SystemUpdateService(12805): OTA package size = 8066838
01-06 00:55:39.683 I/ActivityManager(  418): Start proc 3359:com.qihoo.permmgr/u0a81 for broadcast com.qihoo.permmgr/com.qihoo.root.NetReceiver
01-06 00:55:39.691 D/YouTube (27546): apps.youtube.app.prefetch.PrefetchService.B_:252 Download snapshot restored
01-06 00:55:39.712 I/SystemUpdateService(12805): showing system update notification
01-06 00:55:39.712 D/YouTube (27546): apps.youtube.app.prefetch.PrefetchService.onDestroy:222 PrefetchService destroyed at 6 Jan 2016 08:55:39 GMT
01-06 00:55:39.734 I/ValidateNoPeople(  418): skipping global notification
01-06 00:55:39.737 D/SystemUpdateService(12805): onDestroy
01-06 00:55:40.327 F/libc    ( 3359): Fatal signal 11 (SIGSEGV), code 2, fault addr 0xa4718574 in tid 3359 (m.qihoo.permmgr)
01-06 00:55:40.327 I/libc    ( 3359): Suppressing debuggerd output because prctl(PR_GET_DUMPABLE)==0
01-06 00:55:40.516 I/Zygote  (  136): Process 3359 exited due to signal (11)
01-06 00:55:40.560 I/ActivityManager(  418): Process com.qihoo.permmgr (pid 3359) has died
01-06 00:55:40.608 I/ActivityManager(  418): Start proc 3394:com.qihoo.permmgr/u0a81 for broadcast com.qihoo.permmgr/com.qihoo.root.log.receiver.WifiReceiver
01-06 00:55:41.251 W/ActivityManager(  418): getTasks: caller 10080 does not hold REAL_GET_TASKS; limiting output
01-06 00:55:41.259 W/ActivityManager(  418): getRunningAppProcesses: caller 10080 does not hold REAL_GET_TASKS; limiting output
01-06 00:55:41.278 F/libc    ( 3394): Fatal signal 11 (SIGSEGV), code 2, fault addr 0xa4718574 in tid 3394 (m.qihoo.permmgr)
01-06 00:55:41.278 I/libc    ( 3394): Suppressing debuggerd output because prctl(PR_GET_DUMPABLE)==0
01-06 00:55:41.476 I/Zygote  (  136): Process 3394 exited due to signal (11)
01-06 00:55:41.515 I/ActivityManager(  418): Process com.qihoo.permmgr (pid 3394) has died
01-06 00:55:41.547 I/ActivityManager(  418): Start proc 3432:com.letv.play/u0a80 for broadcast com.qihoo.appstore/com.letv.android.client.receiver.NetStateReceiver
01-06 00:55:41.635 W/ActivityManager(  418): getRunningAppProcesses: caller 10080 does not hold REAL_GET_TASKS; limiting output
01-06 00:55:41.636 D/ProxyApplication( 3432): attachBaseContext mCurrentProcessName : com.letv.play
01-06 00:55:41.647 D/MyLog   ( 3432): init.AppEnv.bAppdebug = false
01-06 00:55:41.659 I/art     ( 3432): System.exit called, status: 0
01-06 00:55:41.659 I/AndroidRuntime( 3432): VM exiting with result code 0, cleanup skipped.
01-06 00:55:41.700 W/ProcessCpuTracker(  418): Skipping unknown process pid 3432
01-06 00:55:41.715 I/ActivityManager(  418): Process com.letv.play (pid 3432) has died
01-06 00:55:41.731 V/xiaomi  ( 1743): network changed, no active network
01-06 00:55:41.734 V/xiaomi  ( 1743): JOB: disconnect the connection.
01-06 00:55:41.734 V/xiaomi  ( 1743): disconnect 984674504, null
01-06 00:55:41.747 I/SystemUpdateService(12805): receiver: Intent { act=android.net.conn.CONNECTIVITY_CHANGE flg=0x4000010 cmp=com.google.android.gms/.update.SystemUpdateService$ActiveReceiver (has extras) }
01-06 00:55:41.752 D/SystemUpdateService(12805): onCreate
01-06 00:55:41.764 D/SystemUpdateService(12805): onStartCommand: intent: Intent { cmp=com.google.android.gms/.update.SystemUpdateService (has extras) }
01-06 00:55:41.774 D/GCM     (15696): GcmService start Intent { act=android.net.conn.CONNECTIVITY_CHANGE flg=0x4000010 cmp=com.google.android.gms/.gcm.GcmService (has extras) } android.net.conn.CONNECTIVITY_CHANGE
01-06 00:55:41.782 I/SystemUpdateService(12805): active receiver: enabled
01-06 00:55:41.785 I/iu.Environment(12805): update connectivity state; isNetworkMetered? false, isRoaming? false, isBackgroundDataAllowed? false
01-06 00:55:41.794 I/SystemUpdateService(12805): Already downloaded, skipping offpeak checks.
01-06 00:55:41.798 I/SystemUpdateService(12805): network: null; metered: false; mobile allowed: true
01-06 00:55:41.798 I/SystemUpdateService(12805): now status is 0 (complete)
01-06 00:55:41.798 I/SystemUpdateService(12805): processDownloadedFile /cache/update.zip
01-06 00:55:41.798 I/SystemUpdateService(12805): file has been verified
01-06 00:55:41.798 I/SystemUpdateService(12805): OTA package size = 8066838
01-06 00:55:41.805 I/SystemUpdateService(12805): showing system update notification
01-06 00:55:41.826 D/YouTube (27546): apps.youtube.app.prefetch.PrefetchService$DeviceStateReceiver.onReceive:571 Got device state change intent: android.net.conn.CONNECTIVITY_CHANGE
01-06 00:55:41.833 D/YouTube (27546): apps.youtube.app.prefetch.PrefetchService.onStartCommand:171 PrefetchService started at 6 Jan 2016 08:55:41 GMT
01-06 00:55:41.842 I/ValidateNoPeople(  418): skipping global notification
01-06 00:55:41.868 I/ActivityManager(  418): Start proc 3455:com.qihoo.permmgr/u0a81 for broadcast com.qihoo.permmgr/com.qihoo.root.NetReceiver
01-06 00:55:41.873 D/YouTube (27546): apps.youtube.app.prefetch.PrefetchService.B_:252 Download snapshot restored
01-06 00:55:41.877 D/SystemUpdateService(12805): onDestroy
01-06 00:55:41.885 D/YouTube (27546): apps.youtube.app.prefetch.PrefetchService.onDestroy:222 PrefetchService destroyed at 6 Jan 2016 08:55:41 GMT
01-06 00:55:42.504 F/libc    ( 3455): Fatal signal 11 (SIGSEGV), code 2, fault addr 0xa4718574 in tid 3455 (m.qihoo.permmgr)
01-06 00:55:42.504 I/libc    ( 3455): Suppressing debuggerd output because prctl(PR_GET_DUMPABLE)==0
01-06 00:55:42.701 I/Zygote  (  136): Process 3455 exited due to signal (11)
01-06 00:55:42.750 I/ActivityManager(  418): Process com.qihoo.permmgr (pid 3455) has died
01-06 00:55:42.792 I/ActivityManager(  418): Start proc 3480:com.qihoo.permmgr/u0a81 for broadcast com.qihoo.permmgr/com.qihoo.root.log.receiver.WifiReceiver
01-06 00:55:42.812 W/ActivityManager(  418): getTasks: caller 10080 does not hold REAL_GET_TASKS; limiting output
01-06 00:55:42.819 W/ActivityManager(  418): getRunningAppProcesses: caller 10080 does not hold REAL_GET_TASKS; limiting output
01-06 00:55:43.259 I/wpa_supplicant(  905): P2P-DEVICE-FOUND 12:68:3f:70:d2:71 p2p_dev_addr=12:68:3f:70:d2:71 pri_dev_type=10-0050F204-5 name='Sink_d271' config_methods=0x188 dev_capab=0x25 group_capab=0x0 wfd_dev_info=0x00101c440032
01-06 00:55:43.263 D/P2pBroadcastReceiver(26583): P2P peers changed
01-06 00:55:43.285 D/DeviceListFragment(26583): Peer status :3
01-06 00:55:43.291 W/InputMethodManagerService(  418): Window already focused, ignoring focus gain of: com.android.internal.view.IInputMethodClient$Stub$Proxy@2712002 attribute=null, token = android.os.BinderProxy@1c522a29
01-06 00:55:43.396 F/libc    ( 3480): Fatal signal 11 (SIGSEGV), code 2, fault addr 0xa4718574 in tid 3480 (m.qihoo.permmgr)
01-06 00:55:43.396 I/libc    ( 3480): Suppressing debuggerd output because prctl(PR_GET_DUMPABLE)==0
01-06 00:55:43.572 I/Zygote  (  136): Process 3480 exited due to signal (11)
01-06 00:55:43.631 I/ActivityManager(  418): Process com.qihoo.permmgr (pid 3480) has died
01-06 00:55:43.697 I/ActivityManager(  418): Start proc 3509:com.letv.play/u0a80 for broadcast com.qihoo.appstore/com.letv.android.client.receiver.NetStateReceiver
01-06 00:55:43.771 W/ActivityManager(  418): getRunningAppProcesses: caller 10080 does not hold REAL_GET_TASKS; limiting output
01-06 00:55:43.771 D/ProxyApplication( 3509): attachBaseContext mCurrentProcessName : com.letv.play
01-06 00:55:43.778 D/MyLog   ( 3509): init.AppEnv.bAppdebug = false
01-06 00:55:43.786 I/art     ( 3509): System.exit called, status: 0
