01-06 00:57:25.331 I/wpa_supplicant(  905): P2P-DEVICE-FOUND 12:68:3f:70:52:71 p2p_dev_addr=12:68:3f:70:d2:71 pri_dev_type=10-0050F204-5 name='Sink_d271' config_methods=0x188 dev_capab=0x25 group_capab=0x0 wfd_dev_info=0x00101c440032
01-06 00:57:25.334 D/P2pBroadcastReceiver(26583): P2P peers changed
01-06 00:57:25.344 I/wpa_supplicant(  905): p2p-p2p0-6: AP-STA-CONNECTED 12:68:3f:70:52:71 p2p_dev_addr=12:68:3f:70:d2:71
01-06 00:57:25.344 I/wpa_supplicant(  905): AP-STA-CONNECTED 12:68:3f:70:52:71 p2p_dev_addr=12:68:3f:70:d2:71
01-06 00:57:25.361 D/DeviceListFragment(26583): Peer status :3
01-06 00:57:25.366 W/InputMethodManagerService(  418): Window already focused, ignoring focus gain of: com.android.internal.view.IInputMethodClient$Stub$Proxy@2d5a82ca attribute=null, token = android.os.BinderProxy@26ae4a2f
01-06 00:57:25.369 D/P2pBroadcastReceiver(26583): P2P peers changed
01-06 00:57:25.370 D/P2pBroadcastReceiver(26583): P2p connection changed: 
01-06 00:57:25.370 D/P2pBroadcastReceiver(26583): ExtraInfo:null
01-06 00:57:25.370 D/P2pBroadcastReceiver(26583): Reason:null
01-06 00:57:25.370 D/P2pBroadcastReceiver(26583): Subtype:0
01-06 00:57:25.370 D/P2pBroadcastReceiver(26583): SubtypeName:
01-06 00:57:25.370 D/P2pBroadcastReceiver(26583): Type:13
01-06 00:57:25.370 D/P2pBroadcastReceiver(26583): TypeName:WIFI_P2P
01-06 00:57:25.370 D/P2pBroadcastReceiver(26583): isAvaliable:true
01-06 00:57:25.370 D/P2pBroadcastReceiver(26583): isConnected:true
01-06 00:57:25.370 D/P2pBroadcastReceiver(26583): P2p group information: 
01-06 00:57:25.370 D/P2pBroadcastReceiver(26583): GroupOwner:true
01-06 00:57:25.370 D/P2pBroadcastReceiver(26583): NetworkName:DIRECT-eS-Sink9681
01-06 00:57:25.370 D/P2pBroadcastReceiver(26583): WifiP2pDevice information
01-06 00:57:25.370 D/P2pBroadcastReceiver(26583): deviceAddress:12:68:3f:70:d2:71
01-06 00:57:25.370 D/P2pBroadcastReceiver(26583): GroupOwner:false
01-06 00:57:25.370 D/P2pBroadcastReceiver(26583): devicename:Sink_d271
01-06 00:57:25.370 D/P2pBroadcastReceiver(26583): primaryDeviceType:10-0050F204-5
01-06 00:57:25.370 D/P2pBroadcastReceiver(26583): secondaryDeviceType:null
01-06 00:57:25.370 D/P2pBroadcastReceiver(26583): wpsDisplaySupported:true
01-06 00:57:25.537 I/ActivityManager(  418): Start proc 4530:com.qihoo.permmgr/u0a81 for broadcast com.qihoo.permmgr/com.qihoo.root.log.receiver.WifiReceiver
01-06 00:57:25.725 E/WifiStateMachine(  418): WifiStateMachine shouldSwitchNetwork  txSuccessRate=0.42 rxSuccessRate=0.31 delta 1000 -> 1000
01-06 00:57:25.726 E/WifiConfigStore(  418):  rewrite network history for "Sigma-HDI-TEST"WPA_PSK
01-06 00:57:25.732 E/WifiConfigStore(  418): writeKnownNetworkHistory write linked 1
01-06 00:57:25.732 E/WifiConfigStore(  418): writeKnownNetworkHistory write linked 1
01-06 00:57:25.733 E/WifiConfigStore(  418): writeKnownNetworkHistory write linked 1
01-06 00:57:25.733 E/WifiConfigStore(  418): writeKnownNetworkHistory write linked 1
01-06 00:57:25.734 E/WifiConfigStore(  418): writeKnownNetworkHistory write linked 1
01-06 00:57:25.736 E/WifiStateMachine(  418): CMD_AUTO_CONNECT sup state ScanState my state DisconnectedState nid=9 roam=3
01-06 00:57:25.736 W/ActivityManager(  418): getTasks: caller 10080 does not hold REAL_GET_TASKS; limiting output
01-06 00:57:25.736 E/WifiConfigStore(  418): saveWifiConfigBSSID Setting BSSID for "Sigma-HDI-TEST"WPA_PSK to any
01-06 00:57:25.739 E/WifiStateMachine(  418): CMD_AUTO_CONNECT will save config -> "Sigma-HDI-TEST" nid=9
01-06 00:57:25.762 E/WifiConfigStore(  418): will read network variables netId=9
01-06 00:57:25.768 E/WifiStateMachine(  418): CMD_AUTO_CONNECT did save config ->  nid=9
01-06 00:57:25.769 E/WifiConfigStore(  418): will read network variables netId=9
01-06 00:57:26.046 F/libc    ( 4530): Fatal signal 11 (SIGSEGV), code 2, fault addr 0xa4718574 in tid 4530 (m.qihoo.permmgr)
01-06 00:57:26.046 I/libc    ( 4530): Suppressing debuggerd output because prctl(PR_GET_DUMPABLE)==0
01-06 00:57:26.277 I/Zygote  (  136): Process 4530 exited due to signal (11)
01-06 00:57:26.316 I/ActivityManager(  418): Process com.qihoo.permmgr (pid 4530) has died
01-06 00:57:26.595 W/ActivityManager(  418): getTasks: caller 10080 does not hold REAL_GET_TASKS; limiting output
01-06 00:57:26.614 W/ActivityManager(  418): getRunningAppProcesses: caller 10080 does not hold REAL_GET_TASKS; limiting output
01-06 00:57:27.643 I/wpa_supplicant(  905): wlan0: Trying to associate with 30:85:a9:8a:4e:6c (SSID='Sigma-HDI-TEST' freq=2412 MHz)
01-06 00:57:27.798 I/ActivityManager(  418): Start proc 4572:com.qihoo.permmgr/u0a81 for broadcast com.qihoo.permmgr/com.qihoo.root.log.receiver.WifiReceiver
01-06 00:57:27.888 I/wpa_supplicant(  905): wlan0: Associated with 30:85:a9:8a:4e:6c
01-06 00:57:28.029 I/wpa_supplicant(  905): wlan0: WPA: Key negotiation completed with 30:85:a9:8a:4e:6c [PTK=CCMP GTK=TKIP]
01-06 00:57:28.029 I/wpa_supplicant(  905): wlan0: CTRL-EVENT-CONNECTED - Connection to 30:85:a9:8a:4e:6c completed [id=9 id_str=]
01-06 00:57:28.042 D/ConnectivityService(  418): registerNetworkAgent NetworkAgentInfo{ ni{[type: WIFI[], state: CONNECTING/CONNECTING, reason: (unspecified), extra: "Sigma-HDI-TEST", roaming: false, failover: false, isAvailable: true, isConnectedToProvisioningNetwork: false]}  network{null}  lp{{InterfaceName: wlan0 LinkAddresses: []  Routes: [] DnsAddresses: [] Domains: null MTU: 0 TcpBufferSizes: 524288,1048576,2097152,262144,524288,1048576}}  nc{[ Transports: WIFI Capabilities: INTERNET&NOT_RESTRICTED&TRUSTED&NOT_VPN LinkUpBandwidth>=1048576Kbps LinkDnBandwidth>=1048576Kbps]}  Score{20}  everValidated{false}  lastValidated{false}  created{false}  explicitlySelected{false} }
01-06 00:57:28.042 E/WifiConfigStore(  418): saveWifiConfigBSSID Setting BSSID for "Sigma-HDI-TEST"WPA_PSK to any
01-06 00:57:28.042 D/ConnectivityService(  418): NetworkAgentInfo [WIFI () - 107] EVENT_NETWORK_INFO_CHANGED, going from null to CONNECTING
01-06 00:57:28.044 E/WifiConfigStore(  418): saveWifiConfigBSSID Setting BSSID for "Sigma-HDI-TEST"WPA_PSK to any
01-06 00:57:28.053 D/CommandListener(  127): Setting iface cfg
01-06 00:57:28.053 E/WifiStateMachine(  418): Start Dhcp Watchdog 9
01-06 00:57:28.071 D/ConnectivityService(  418): updateNetworkScore for NetworkAgentInfo [WIFI () - 107] to 60
01-06 00:57:28.186 W/ActivityManager(  418): getTasks: caller 10080 does not hold REAL_GET_TASKS; limiting output
01-06 00:57:28.289 W/ActivityManager(  418): getRunningAppProcesses: caller 10080 does not hold REAL_GET_TASKS; limiting output
01-06 00:57:28.306 I/art     (  418): Background partial concurrent mark sweep GC freed 47955(2MB) AllocSpace objects, 8(10MB) LOS objects, 31% free, 34MB/50MB, paused 924us total 245.639ms
01-06 00:57:28.329 F/libc    ( 4572): Fatal signal 11 (SIGSEGV), code 2, fault addr 0xa4718574 in tid 4572 (m.qihoo.permmgr)
01-06 00:57:28.329 I/libc    ( 4572): Suppressing debuggerd output because prctl(PR_GET_DUMPABLE)==0
01-06 00:57:28.358 E/native  (  418): do suspend false
01-06 00:57:28.365 E/wpa_supplicant(  905): wpa_driver_nl80211_driver_cmd: failed to issue private command: WLS_BATCHING GET
01-06 00:57:28.365 E/WifiStateMachine(  418): Unexpected BatchedScanResults :null
01-06 00:57:28.365 E/wpa_supplicant(  905): wpa_driver_nl80211_driver_cmd: failed to issue private command: WLS_BATCHING STOP
01-06 00:57:28.452 I/Zygote  (  136): Process 4572 exited due to signal (11)
01-06 00:57:28.486 I/ActivityManager(  418): Process com.qihoo.permmgr (pid 4572) has died
01-06 00:57:28.535 I/ActivityManager(  418): Start proc 4597:com.qihoo.permmgr/u0a81 for broadcast com.qihoo.permmgr/com.qihoo.root.log.receiver.WifiReceiver
01-06 00:57:28.578 I/dhcpcd  ( 4612): version 5.5.6 starting
01-06 00:57:28.580 E/dhcpcd  ( 4612): get_duid: Read-only file system
01-06 00:57:28.640 I/dhcpcd  ( 4612): wlan0: rebinding lease of 192.168.199.204
01-06 00:57:28.792 W/ActivityManager(  418): getRunningAppProcesses: caller 10093 does not hold REAL_GET_TASKS; limiting output
01-06 00:57:28.913 W/dhcpcd  ( 4612): wlan0: NAK: from 172.16.100.1
01-06 00:57:29.069 F/libc    ( 4597): Fatal signal 11 (SIGSEGV), code 2, fault addr 0xa4718574 in tid 4597 (m.qihoo.permmgr)
01-06 00:57:29.069 I/libc    ( 4597): Suppressing debuggerd output because prctl(PR_GET_DUMPABLE)==0
01-06 00:57:29.248 I/Zygote  (  136): Process 4597 exited due to signal (11)
01-06 00:57:29.316 I/ActivityManager(  418): Process com.qihoo.permmgr (pid 4597) has died
01-06 00:57:29.380 I/ActivityManager(  418): Start proc 4635:com.qihoo.permmgr/u0a81 for broadcast com.qihoo.permmgr/com.qihoo.root.log.receiver.WifiReceiver
01-06 00:57:29.856 W/ActivityManager(  418): getTasks: caller 10080 does not hold REAL_GET_TASKS; limiting output
01-06 00:57:29.860 W/ActivityManager(  418): getRunningAppProcesses: caller 10080 does not hold REAL_GET_TASKS; limiting output
01-06 00:57:29.899 F/libc    ( 4635): Fatal signal 11 (SIGSEGV), code 2, fault addr 0xa4718574 in tid 4635 (m.qihoo.permmgr)
01-06 00:57:29.899 I/libc    ( 4635): Suppressing debuggerd output because prctl(PR_GET_DUMPABLE)==0
01-06 00:57:29.977 I/dhcpcd  ( 4612): wlan0: broadcasting for a lease
01-06 00:57:30.133 I/Zygote  (  136): Process 4635 exited due to signal (11)
01-06 00:57:30.156 I/ActivityManager(  418): Process com.qihoo.permmgr (pid 4635) has died
01-06 00:57:30.192 I/dnsmasq ( 4525): DHCPDISCOVER(p2p-p2p0-6) 12:68:3f:70:52:71 
01-06 00:57:30.192 I/dnsmasq ( 4525): DHCPOFFER(p2p-p2p0-6) 192.168.49.73 12:68:3f:70:52:71 
01-06 00:57:30.200 I/dnsmasq ( 4525): DHCPREQUEST(p2p-p2p0-6) 192.168.49.73 12:68:3f:70:52:71 
01-06 00:57:30.200 I/dnsmasq ( 4525): DHCPACK(p2p-p2p0-6) 192.168.49.73 12:68:3f:70:52:71 android-116e786c10c4d60c
01-06 00:57:30.251 I/ActivityManager(  418): Start proc 4665:com.qihoo.permmgr/u0a81 for broadcast com.qihoo.permmgr/com.qihoo.root.log.receiver.WifiReceiver
01-06 00:57:30.386 I/WifiDisplayActivity(26583): VALID   192.168.49.73:7236
01-06 00:57:30.387 I/ActivityManager(  418): START u0 {cmp=com.example.android.wifidisplay/.SinkPlayerActivity (has extras)} from uid 10094 on display 0
01-06 00:57:30.391 V/WindowManager(  418): addAppToken: AppWindowToken{15dfee07 token=Token{325ffc46 ActivityRecord{1b807021 u0 com.example.android.wifidisplay/.SinkPlayerActivity t210}}} to stack=1 task=210 at 1
01-06 00:57:30.409 D/DeviceListFragment(26583): Peer status :0
01-06 00:57:30.420 D/SinkPlayerActivity(26583): Source connection information: 
01-06 00:57:30.420 D/SinkPlayerActivity(26583): control port: 7236
01-06 00:57:30.423 V/WindowManager(  418): Adding window Window{3052ed5d u0 com.example.android.wifidisplay/com.example.android.wifidisplay.SinkPlayerActivity} at 6 of 12 (after Window{222a183c u0 com.example.android.wifidisplay/com.example.android.wifidisplay.WiFiDisplayActivity})
01-06 00:57:30.447 D/mali_winsys(26583): new_window_surface returns 0x3000
01-06 00:57:30.452 V/WindowManager(  418): Adding window Window{378363a3 u0 SurfaceView} at 6 of 13 (before Window{3052ed5d u0 com.example.android.wifidisplay/com.example.android.wifidisplay.SinkPlayerActivity})
01-06 00:57:30.458 D/SinkPlayerActivity(26583): Surface changed: 
01-06 00:57:30.458 D/SinkPlayerActivity(26583): width  2304
01-06 00:57:30.458 D/SinkPlayerActivity(26583): height 1440
01-06 00:57:30.458 D/SinkPlayerActivity(26583): format 2
01-06 00:57:30.481 I/ActivityManager(  418): Displayed com.example.android.wifidisplay/.SinkPlayerActivity: +85ms
01-06 00:57:30.969 F/libc    ( 4665): Fatal signal 11 (SIGSEGV), code 2, fault addr 0xa4718574 in tid 4665 (m.qihoo.permmgr)
01-06 00:57:30.969 I/libc    ( 4665): Suppressing debuggerd output because prctl(PR_GET_DUMPABLE)==0
01-06 00:57:31.171 I/Zygote  (  136): Process 4665 exited due to signal (11)
01-06 00:57:31.205 I/ActivityManager(  418): Process com.qihoo.permmgr (pid 4665) has died
01-06 00:57:31.248 I/ActivityManager(  418): Start proc 4694:com.qihoo.permmgr/u0a81 for broadcast com.qihoo.permmgr/com.qihoo.root.log.receiver.WifiReceiver
01-06 00:57:31.406 W/ActivityManager(  418): getTasks: caller 10080 does not hold REAL_GET_TASKS; limiting output
01-06 00:57:31.409 W/ActivityManager(  418): getRunningAppProcesses: caller 10080 does not hold REAL_GET_TASKS; limiting output
01-06 00:57:31.420 I/SinkPlayerActivity(26583): Starting Sink Player with 192.168.49.73:7236
01-06 00:57:31.423 I/NetworkSession(26583): connecting socket 40 to 192.168.49.73:7236
01-06 00:57:31.428 I/WifiDisplaySink(26583): ==============kWhatConnected===============
01-06 00:57:31.428 I/WifiDisplaySink(26583): We're now connected.
01-06 00:57:31.434 D/NetworkSession(26583): 000   receive 142 142:
01-06 00:57:31.434 D/NetworkSession(26583): OPTIONS * RTSP/1.0
01-06 00:57:31.434 D/NetworkSession(26583): Date: Wed, 06 Jan 2016 23:57:20 +0000
01-06 00:57:31.434 D/NetworkSession(26583): Server: stagefright/1.2 (Linux;Android 5.1.1)
01-06 00:57:31.434 D/NetworkSession(26583): CSeq: 1
01-06 00:57:31.434 D/NetworkSession(26583): Require: org.wfa.wfd1.0
01-06 00:57:31.434 D/NetworkSession(26583): 
01-06 00:57:31.434 D/NetworkSession(26583): 
01-06 00:57:31.434 I/WifiDisplaySink(26583): ==============kWhatData===============
01-06 00:57:31.434 W/WifiDisplaySink(26583): session 1 received 'OPTIONS * RTSP/1.0
01-06 00:57:31.434 W/WifiDisplaySink(26583): cseq: 1
01-06 00:57:31.434 W/WifiDisplaySink(26583): date: Wed, 06 Jan 2016 23:57:20 +0000
01-06 00:57:31.434 W/WifiDisplaySink(26583): require: org.wfa.wfd1.0
01-06 00:57:31.434 W/WifiDisplaySink(26583): server: stagefright/1.2 (Linux;Android 5.1.1)
01-06 00:57:31.434 W/WifiDisplaySink(26583): 
01-06 00:57:31.434 W/WifiDisplaySink(26583): '
01-06 00:57:31.434 D/WifiDisplaySink(26583): call sendM2
01-06 00:57:31.436 D/NetworkSession(26583): 111  send 314 314:
01-06 00:57:31.436 D/NetworkSession(26583): RTSP/1.0 200 OK
01-06 00:57:31.436 D/NetworkSession(26583): Date: Wed, 06 Jan 2016 08:57:31 +0000
01-06 00:57:31.436 D/NetworkSession(26583): User-Agent: stagefright/1.1 (Linux;Android 4.1)
01-06 00:57:31.436 D/NetworkSession(26583): CSeq: 1
01-06 00:57:31.436 D/NetworkSession(26583): Public: org.wfa.wfd1.0, GET_PARAMETER, SET_PARAMETER
01-06 00:57:31.436 D/NetworkSession(26583): 
01-06 00:57:31.436 D/NetworkSession(26583): OPTIONS * RTSP/1.0
01-06 00:57:31.436 D/NetworkSession(26583): Date: Wed, 06 Jan 2016 08:57:31 +0000
01-06 00:57:31.436 D/NetworkSession(26583): User-Agent: stagefright/1.1 (Linux;Android 4.1)
01-06 00:57:31.436 D/NetworkSession(26583): CSeq: 1
01-06 00:57:31.436 D/NetworkSession(26583): Require: org.wfa.wfd1.0
01-06 00:57:31.436 D/NetworkSession(26583): 
01-06 00:57:31.436 D/NetworkSession(26583): 
01-06 00:57:31.442 D/NetworkSession(26583): 000   receive 198 198:
01-06 00:57:31.442 D/NetworkSession(26583): RTSP/1.0 200 OK
01-06 00:57:31.442 D/NetworkSession(26583): Date: Wed, 06 Jan 2016 23:57:20 +0000
01-06 00:57:31.442 D/NetworkSession(26583): Server: stagefright/1.2 (Linux;Android 5.1.1)
01-06 00:57:31.442 D/NetworkSession(26583): CSeq: 1
01-06 00:57:31.442 D/NetworkSession(26583): Public: org.wfa.wfd1.0, SETUP, TEARDOWN, PLAY, PAUSE, GET_PARAMETER, SET_PARAMETER
01-06 00:57:31.442 D/NetworkSession(26583): 
01-06 00:57:31.442 D/NetworkSession(26583): 
01-06 00:57:31.442 I/WifiDisplaySink(26583): ==============kWhatData===============
01-06 00:57:31.442 W/WifiDisplaySink(26583): session 1 received 'RTSP/1.0 200 OK
01-06 00:57:31.442 W/WifiDisplaySink(26583): cseq: 1
01-06 00:57:31.442 W/WifiDisplaySink(26583): date: Wed, 06 Jan 2016 23:57:20 +0000
01-06 00:57:31.442 W/WifiDisplaySink(26583): public: org.wfa.wfd1.0, SETUP, TEARDOWN, PLAY, PAUSE, GET_PARAMETER, SET_PARAMETER
01-06 00:57:31.442 W/WifiDisplaySink(26583): server: stagefright/1.2 (Linux;Android 5.1.1)
01-06 00:57:31.442 W/WifiDisplaySink(26583): 
01-06 00:57:31.442 W/WifiDisplaySink(26583): '
01-06 00:57:31.442 D/WifiDisplaySink(26583): onReceiveM2Response
01-06 00:57:31.442 W/WifiDisplaySink(26583): the session id is 1, resule: 0
01-06 00:57:31.620 D/NetworkSession(26583): 000   receive 279 279:
01-06 00:57:31.620 D/NetworkSession(26583): GET_PARAMETER rtsp://localhost/wfd1.0 RTSP/1.0
01-06 00:57:31.620 D/NetworkSession(26583): Date: Wed, 06 Jan 2016 23:57:20 +0000
01-06 00:57:31.620 D/NetworkSession(26583): Server: stagefright/1.2 (Linux;Android 5.1.1)
01-06 00:57:31.620 D/NetworkSession(26583): CSeq: 2
01-06 00:57:31.620 D/NetworkSession(26583): Content-Type: text/parameters
01-06 00:57:31.620 D/NetworkSession(26583): Content-Length: 83
01-06 00:57:31.620 D/NetworkSession(26583): 
01-06 00:57:31.620 D/NetworkSession(26583): wfd_content_protection
01-06 00:57:31.620 D/NetworkSession(26583): wfd_video_formats
01-06 00:57:31.620 D/NetworkSession(26583): wfd_audio_codecs
01-06 00:57:31.620 D/NetworkSession(26583): wfd_client_rtp_ports
01-06 00:57:31.620 D/NetworkSession(26583): 
01-06 00:57:31.620 I/WifiDisplaySink(26583): ==============kWhatData===============
01-06 00:57:31.620 W/WifiDisplaySink(26583): session 1 received 'GET_PARAMETER rtsp://localhost/wfd1.0 RTSP/1.0
01-06 00:57:31.620 W/WifiDisplaySink(26583): content-length: 83
01-06 00:57:31.620 W/WifiDisplaySink(26583): content-type: text/parameters
01-06 00:57:31.620 W/WifiDisplaySink(26583): cseq: 2
01-06 00:57:31.620 W/WifiDisplaySink(26583): date: Wed, 06 Jan 2016 23:57:20 +0000
01-06 00:57:31.620 W/WifiDisplaySink(26583): server: stagefright/1.2 (Linux;Android 5.1.1)
01-06 00:57:31.620 W/WifiDisplaySink(26583): 
01-06 00:57:31.620 W/WifiDisplaySink(26583): wfd_content_protection
01-06 00:57:31.620 W/WifiDisplaySink(26583): wfd_video_formats
01-06 00:57:31.620 W/WifiDisplaySink(26583): wfd_audio_codecs
01-06 00:57:31.620 W/WifiDisplaySink(26583): wfd_client_rtp_ports
01-06 00:57:31.620 W/WifiDisplaySink(26583): '
01-06 00:57:31.620 D/NetworkSession(26583): 111  send 495 495:
01-06 00:57:31.620 D/NetworkSession(26583): RTSP/1.0 200 OK
01-06 00:57:31.620 D/NetworkSession(26583): Date: Wed, 06 Jan 2016 08:57:31 +0000
01-06 00:57:31.620 D/NetworkSession(26583): User-Agent: stagefright/1.1 (Linux;Android 4.1)
01-06 00:57:31.620 D/NetworkSession(26583): CSeq: 2
01-06 00:57:31.620 D/NetworkSession(26583): Content-Type: text/parameters
01-06 00:57:31.620 D/NetworkSession(26583): Content-Length: 327
01-06 00:57:31.620 D/NetworkSession(26583): 
01-06 00:57:31.620 D/NetworkSession(26583): wfd_video_formats: 78 00 02 02 000194ab 00000000 00000000 00 0000 0000 00 none none
01-06 00:57:31.620 D/NetworkSession(26583): wfd_audio_codecs: LPCM 00000003 00
01-06 00:57:31.620 D/NetworkSession(26583): wfd_content_protection: none
01-06 00:57:31.620 D/NetworkSession(26583): wfd_coupled_sink: 00 none
01-06 00:57:31.620 D/NetworkSession(26583): wfd_uibc_capability: none
01-06 00:57:31.620 D/NetworkSession(26583): wfd_standby_resume_capability: none
01-06 00:57:31.620 D/NetworkSession(26583): wfd_lg_dlna_uuid: none
01-06 00:57:31.620 D/NetworkSession(26583): wfd_client_rtp_ports: RTP/AVP/UDP;unicast 15550 0 mode=play
01-06 00:57:31.620 D/NetworkSession(26583): 
01-06 00:57:31.624 D/NetworkSession(26583): 000   receive 446 446:
01-06 00:57:31.624 D/NetworkSession(26583): SET_PARAMETER rtsp://localhost/wfd1.0 RTSP/1.0
01-06 00:57:31.624 D/NetworkSession(26583): Date: Wed, 06 Jan 2016 23:57:20 +0000
01-06 00:57:31.624 D/NetworkSession(26583): Server: stagefright/1.2 (Linux;Android 5.1.1)
01-06 00:57:31.624 D/NetworkSession(26583): CSeq: 3
01-06 00:57:31.624 D/NetworkSession(26583): Content-Type: text/parameters
01-06 00:57:31.624 D/NetworkSession(26583): Content-Length: 249
01-06 00:57:31.624 D/NetworkSession(26583): 
01-06 00:57:31.624 D/NetworkSession(26583): wfd_video_formats: 00 00 02 02 00000020 00000000 00000000 00 0000 0000 00 none none
01-06 00:57:31.624 D/NetworkSession(26583): wfd_audio_codecs: LPCM 00000002 00
01-06 00:57:31.624 D/NetworkSession(26583): wfd_presentation_URL: rtsp://192.168.49.73/wfd1.0/streamid=0 none
01-06 00:57:31.624 D/NetworkSession(26583): wfd_client_rtp_ports: RTP/AVP/UDP;unicast 15550 0 mode=play
01-06 00:57:31.624 D/NetworkSession(26583): 
01-06 00:57:31.624 I/WifiDisplaySink(26583): ==============kWhatData===============
01-06 00:57:31.624 W/WifiDisplaySink(26583): session 1 received 'SET_PARAMETER rtsp://localhost/wfd1.0 RTSP/1.0
01-06 00:57:31.624 W/WifiDisplaySink(26583): content-length: 249
01-06 00:57:31.624 W/WifiDisplaySink(26583): content-type: text/parameters
01-06 00:57:31.624 W/WifiDisplaySink(26583): cseq: 3
01-06 00:57:31.624 W/WifiDisplaySink(26583): date: Wed, 06 Jan 2016 23:57:20 +0000
01-06 00:57:31.624 W/WifiDisplaySink(26583): server: stagefright/1.2 (Linux;Android 5.1.1)
01-06 00:57:31.624 W/WifiDisplaySink(26583): 
01-06 00:57:31.624 W/WifiDisplaySink(26583): wfd_video_formats: 00 00 02 02 00000020 00000000 00000000 00 0000 0000 00 none none
01-06 00:57:31.624 W/WifiDisplaySink(26583): wfd_audio_codecs: LPCM 00000002 00
01-06 00:57:31.624 W/WifiDisplaySink(26583): wfd_presentation_URL: rtsp://192.168.49.73/wfd1.0/streamid=0 none
01-06 00:57:31.624 W/WifiDisplaySink(26583): wfd_client_rtp_ports: RTP/AVP/UDP;unicast 15550 0 mode=play
01-06 00:57:31.624 W/WifiDisplaySink(26583): '
01-06 00:57:31.625 D/WifiDisplaySink(26583): onSetParameterRequest
01-06 00:57:31.625 D/NetworkSession(26583): 111  send 116 116:
01-06 00:57:31.625 D/NetworkSession(26583): RTSP/1.0 200 OK
01-06 00:57:31.625 D/NetworkSession(26583): Date: Wed, 06 Jan 2016 08:57:31 +0000
01-06 00:57:31.625 D/NetworkSession(26583): User-Agent: stagefright/1.1 (Linux;Android 4.1)
01-06 00:57:31.625 D/NetworkSession(26583): CSeq: 3
01-06 00:57:31.625 D/NetworkSession(26583): 
01-06 00:57:31.625 D/NetworkSession(26583): 
01-06 00:57:31.628 D/NetworkSession(26583): 000   receive 223 223:
01-06 00:57:31.628 D/NetworkSession(26583): SET_PARAMETER rtsp://localhost/wfd1.0 RTSP/1.0
01-06 00:57:31.628 D/NetworkSession(26583): Date: Wed, 06 Jan 2016 23:57:20 +0000
01-06 00:57:31.628 D/NetworkSession(26583): Server: stagefright/1.2 (Linux;Android 5.1.1)
01-06 00:57:31.628 D/NetworkSession(26583): CSeq: 4
01-06 00:57:31.628 D/NetworkSession(26583): Content-Type: text/parameters
01-06 00:57:31.628 D/NetworkSession(26583): Content-Length: 27
01-06 00:57:31.628 D/NetworkSession(26583): 
01-06 00:57:31.628 D/NetworkSession(26583): wfd_trigger_method: SETUP
01-06 00:57:31.628 D/NetworkSession(26583): 
01-06 00:57:31.628 I/WifiDisplaySink(26583): ==============kWhatData===============
01-06 00:57:31.628 W/WifiDisplaySink(26583): session 1 received 'SET_PARAMETER rtsp://localhost/wfd1.0 RTSP/1.0
01-06 00:57:31.628 W/WifiDisplaySink(26583): content-length: 27
01-06 00:57:31.628 W/WifiDisplaySink(26583): content-type: text/parameters
01-06 00:57:31.628 W/WifiDisplaySink(26583): cseq: 4
01-06 00:57:31.628 W/WifiDisplaySink(26583): date: Wed, 06 Jan 2016 23:57:20 +0000
01-06 00:57:31.628 W/WifiDisplaySink(26583): server: stagefright/1.2 (Linux;Android 5.1.1)
01-06 00:57:31.628 W/WifiDisplaySink(26583): 
01-06 00:57:31.628 W/WifiDisplaySink(26583): wfd_trigger_method: SETUP
01-06 00:57:31.628 W/WifiDisplaySink(26583): '
01-06 00:57:31.628 D/WifiDisplaySink(26583): onSetParameterRequest
01-06 00:57:31.628 D/WifiDisplaySink(26583): sendSetup
01-06 00:57:31.628 I/NetworkSession(26583): ================kModeCreateUDPSession=====bind local port=========
01-06 00:57:31.628 I/NetworkSession(26583): ================kModeCreateUDPSession================
01-06 00:57:31.628 I/NetworkSession(26583): ================kModeCreateUDPSession=====bind local port=========
01-06 00:57:31.628 I/NetworkSession(26583): ================kModeCreateUDPSession================
01-06 00:57:31.629 D/NetworkSession(26583): 111  send 307 307:
01-06 00:57:31.629 D/NetworkSession(26583): SETUP rtsp:///wfd1.0/streamid=0 RTSP/1.0
01-06 00:57:31.629 D/NetworkSession(26583): Date: Wed, 06 Jan 2016 08:57:31 +0000
01-06 00:57:31.629 D/NetworkSession(26583): User-Agent: stagefright/1.1 (Linux;Android 4.1)
01-06 00:57:31.629 D/NetworkSession(26583): CSeq: 2
01-06 00:57:31.629 D/NetworkSession(26583): Transport: RTP/AVP/UDP;unicast;client_port=15550
01-06 00:57:31.629 D/NetworkSession(26583): 
01-06 00:57:31.629 D/NetworkSession(26583): RTSP/1.0 200 OK
01-06 00:57:31.629 D/NetworkSession(26583): Date: Wed, 06 Jan 2016 08:57:31 +0000
01-06 00:57:31.629 D/NetworkSession(26583): User-Agent: stagefright/1.1 (Linux;Android 4.1)
01-06 00:57:31.629 D/NetworkSession(26583): CSeq: 4
01-06 00:57:31.629 D/NetworkSession(26583): 
01-06 00:57:31.629 D/NetworkSession(26583): 
01-06 00:57:31.731 D/NetworkSession(26583): 000   receive 213 213:
01-06 00:57:31.731 D/NetworkSession(26583): RTSP/1.0 200 OK
01-06 00:57:31.731 D/NetworkSession(26583): Date: Wed, 06 Jan 2016 23:57:20 +0000
01-06 00:57:31.731 D/NetworkSession(26583): Server: stagefright/1.2 (Linux;Android 5.1.1)
01-06 00:57:31.731 D/NetworkSession(26583): CSeq: 2
01-06 00:57:31.731 D/NetworkSession(26583): Session: 1766327320;timeout=30
01-06 00:57:31.731 D/NetworkSession(26583): Transport: RTP/AVP/UDP;unicast;client_port=15550;server_port=3162
01-06 00:57:31.731 D/NetworkSession(26583): 
01-06 00:57:31.731 D/NetworkSession(26583): 
01-06 00:57:31.731 I/WifiDisplaySink(26583): ==============kWhatData===============
01-06 00:57:31.731 W/WifiDisplaySink(26583): session 1 received 'RTSP/1.0 200 OK
01-06 00:57:31.731 W/WifiDisplaySink(26583): cseq: 2
01-06 00:57:31.731 W/WifiDisplaySink(26583): date: Wed, 06 Jan 2016 23:57:20 +0000
01-06 00:57:31.731 W/WifiDisplaySink(26583): server: stagefright/1.2 (Linux;Android 5.1.1)
01-06 00:57:31.731 W/WifiDisplaySink(26583): session: 1766327320;timeout=30
01-06 00:57:31.731 W/WifiDisplaySink(26583): transport: RTP/AVP/UDP;unicast;client_port=15550;server_port=3162
01-06 00:57:31.731 W/WifiDisplaySink(26583): 
01-06 00:57:31.731 W/WifiDisplaySink(26583): '
01-06 00:57:31.731 D/WifiDisplaySink(26583): onReceiveSetupResponse
01-06 00:57:31.731 E/WifiDisplaySink(26583): ===========onReceiveSetupResponse============
01-06 00:57:31.731 D/WifiDisplaySink(26583): configureTransport
01-06 00:57:31.731 D/WifiDisplaySink(26583): sendPlay
01-06 00:57:31.731 W/WifiDisplaySink(26583): the session id is 1, resule: 0
01-06 00:57:31.733 D/NetworkSession(26583): 111  send 161 161:
01-06 00:57:31.733 D/NetworkSession(26583): PLAY rtsp:///wfd1.0/streamid=0 RTSP/1.0
01-06 00:57:31.733 D/NetworkSession(26583): Date: Wed, 06 Jan 2016 08:57:31 +0000
01-06 00:57:31.733 D/NetworkSession(26583): User-Agent: stagefright/1.1 (Linux;Android 4.1)
01-06 00:57:31.733 D/NetworkSession(26583): CSeq: 3
01-06 00:57:31.733 D/NetworkSession(26583): Session: 1766327320
01-06 00:57:31.733 D/NetworkSession(26583): 
01-06 00:57:31.733 D/NetworkSession(26583): 
01-06 00:57:31.737 D/NetworkSession(26583): 000   receive 163 163:
01-06 00:57:31.737 D/NetworkSession(26583): RTSP/1.0 200 OK
01-06 00:57:31.737 D/NetworkSession(26583): Date: Wed, 06 Jan 2016 23:57:21 +0000
01-06 00:57:31.737 D/NetworkSession(26583): Server: stagefright/1.2 (Linux;Android 5.1.1)
01-06 00:57:31.737 D/NetworkSession(26583): CSeq: 3
01-06 00:57:31.737 D/NetworkSession(26583): Session: 1766327320;timeout=30
01-06 00:57:31.737 D/NetworkSession(26583): Range: npt=now-
01-06 00:57:31.737 D/NetworkSession(26583): 
01-06 00:57:31.737 D/NetworkSession(26583): 
01-06 00:57:31.737 I/WifiDisplaySink(26583): ==============kWhatData===============
01-06 00:57:31.737 W/WifiDisplaySink(26583): session 1 received 'RTSP/1.0 200 OK
01-06 00:57:31.737 W/WifiDisplaySink(26583): cseq: 3
01-06 00:57:31.737 W/WifiDisplaySink(26583): date: Wed, 06 Jan 2016 23:57:21 +0000
01-06 00:57:31.737 W/WifiDisplaySink(26583): range: npt=now-
01-06 00:57:31.737 W/WifiDisplaySink(26583): server: stagefright/1.2 (Linux;Android 5.1.1)
01-06 00:57:31.737 W/WifiDisplaySink(26583): session: 1766327320;timeout=30
01-06 00:57:31.737 W/WifiDisplaySink(26583): 
01-06 00:57:31.737 W/WifiDisplaySink(26583): '
01-06 00:57:31.737 W/WifiDisplaySink(26583): the session id is 1, resule: 0
01-06 00:57:31.793 F/libc    ( 4694): Fatal signal 11 (SIGSEGV), code 2, fault addr 0xa4718574 in tid 4694 (m.qihoo.permmgr)
01-06 00:57:31.793 I/libc    ( 4694): Suppressing debuggerd output because prctl(PR_GET_DUMPABLE)==0
01-06 00:57:31.825 I/RTPSink (26583): connecting RTP/RTCP sockets to 192.168.49.73:{3162,3163}
01-06 00:57:31.826 I/RTPSink (26583): =====OK=====connecting RTP sockets to 192.168.49.73:3162
01-06 00:57:31.828 I/RTPSink (26583): =====OK=====connecting RTCP sockets to 192.168.49.73:3163
01-06 00:57:31.828 I/RTPSink (26583): packet was 2.24 ms late
01-06 00:57:31.829 D/NuPlayerDriver(  130): start(0xb84908f8)
01-06 00:57:31.829 W/NuPlayer(  130): Unknown video size, reporting 0x0!
01-06 00:57:31.830 I/TunnelRenderer(26583): Notify 5, 0, 0
01-06 00:57:31.830 I/TunnelRenderer(26583): Notify 200, 801, 0
01-06 00:57:31.831 I/TunnelRenderer(26583): Fixing real-time now.
01-06 00:57:31.831 E/AMessage(26583): This type of object cannot cross process boundaries.
01-06 00:57:31.831 F/AMessage(26583): frameworks/av/media/libstagefright/foundation/AMessage.cpp:658 Should not be here.
01-06 00:57:31.831 F/libc    (26583): Fatal signal 6 (SIGABRT), code -6 in tid 26598 (Binder_2)
01-06 00:57:31.881 I/dhcpcd  ( 4612): wlan0: offered 172.16.100.161 from 172.16.100.1
01-06 00:57:31.933 I/DEBUG   (  128): *** *** *** *** *** *** *** *** *** *** *** *** *** *** *** ***
01-06 00:57:31.933 I/DEBUG   (  128): Build fingerprint: 'google/mantaray/manta:5.1.1/LMY48T/2237560:user/release-keys'
01-06 00:57:31.933 I/DEBUG   (  128): Revision: '8'
01-06 00:57:31.933 I/DEBUG   (  128): ABI: 'arm'
01-06 00:57:31.934 I/DEBUG   (  128): pid: 26583, tid: 26598, name: Binder_2  >>> com.example.android.wifidisplay <<<
01-06 00:57:31.934 I/DEBUG   (  128): signal 6 (SIGABRT), code -6 (SI_TKILL), fault addr --------
01-06 00:57:31.965 I/DEBUG   (  128): Abort message: 'frameworks/av/media/libstagefright/foundation/AMessage.cpp:658 Should not be here.'
01-06 00:57:31.965 I/DEBUG   (  128):     r0 00000000  r1 000067e6  r2 00000006  r3 00000000
01-06 00:57:31.965 I/DEBUG   (  128):     r4 b40f0dd8  r5 00000006  r6 00000000  r7 0000010c
01-06 00:57:31.965 I/DEBUG   (  128):     r8 00000001  r9 00000000  sl b851f670  fp ffffffb4
01-06 00:57:31.966 I/DEBUG   (  128):     ip 000067e6  sp b40f0660  lr b6ddfdb1  pc b6e06020  cpsr 600f0010
01-06 00:57:31.966 I/DEBUG   (  128): 
01-06 00:57:31.966 I/DEBUG   (  128): backtrace:
01-06 00:57:31.966 I/DEBUG   (  128):     #00 pc 0003d020  /system/lib/libc.so (tgkill+12)
01-06 00:57:31.967 I/DEBUG   (  128):     #01 pc 00016dad  /system/lib/libc.so (pthread_kill+52)
01-06 00:57:31.967 I/DEBUG   (  128):     #02 pc 000179bf  /system/lib/libc.so (raise+10)
01-06 00:57:31.967 I/DEBUG   (  128):     #03 pc 00014165  /system/lib/libc.so
01-06 00:57:31.967 I/DEBUG   (  128):     #04 pc 000124ec  /system/lib/libc.so (abort+4)
01-06 00:57:31.967 I/DEBUG   (  128):     #05 pc 00007b61  /system/lib/libcutils.so (__android_log_assert+88)
01-06 00:57:31.967 I/DEBUG   (  128):     #06 pc 0000d171  /system/lib/libstagefright_foundation.so (android::AMessage::writeToParcel(android::Parcel*) const+176)
01-06 00:57:31.967 I/DEBUG   (  128):     #07 pc 00060ddf  /system/lib/libmedia.so
01-06 00:57:31.967 I/DEBUG   (  128):     #08 pc 000156b9  /data/app/com.example.android.wifidisplay-1/lib/arm/libwfdsink.so (android::TunnelRenderer::StreamSource::doSomeWork()+164)
01-06 00:57:31.967 I/DEBUG   (  128):     #09 pc 000158c3  /data/app/com.example.android.wifidisplay-1/lib/arm/libwfdsink.so (android::TunnelRenderer::StreamSource::onBufferAvailable(unsigned int)+142)
01-06 00:57:31.968 I/DEBUG   (  128):     #10 pc 00061715  /system/lib/libmedia.so (android::BnStreamSource::onTransact(unsigned int, android::Parcel const&, android::Parcel*, unsigned int)+244)
01-06 00:57:31.968 I/DEBUG   (  128):     #11 pc 0001a6cd  /system/lib/libbinder.so (android::BBinder::transact(unsigned int, android::Parcel const&, android::Parcel*, unsigned int)+60)
01-06 00:57:31.968 I/DEBUG   (  128):     #12 pc 0001f77b  /system/lib/libbinder.so (android::IPCThreadState::executeCommand(int)+582)
01-06 00:57:31.968 I/DEBUG   (  128):     #13 pc 0001f89f  /system/lib/libbinder.so (android::IPCThreadState::getAndExecuteCommand()+38)
01-06 00:57:31.968 I/DEBUG   (  128):     #14 pc 0001f8e1  /system/lib/libbinder.so (android::IPCThreadState::joinThreadPool(bool)+48)
01-06 00:57:31.968 I/DEBUG   (  128):     #15 pc 00023a5f  /system/lib/libbinder.so
01-06 00:57:31.968 I/DEBUG   (  128):     #16 pc 00010519  /system/lib/libutils.so (android::Thread::_threadLoop(void*)+112)
01-06 00:57:31.968 I/DEBUG   (  128):     #17 pc 0005f839  /system/lib/libandroid_runtime.so (android::AndroidRuntime::javaThreadShell(void*)+72)
01-06 00:57:31.969 I/DEBUG   (  128):     #18 pc 00010089  /system/lib/libutils.so
01-06 00:57:31.969 I/DEBUG   (  128):     #19 pc 0001659b  /system/lib/libc.so
01-06 00:57:31.969 I/DEBUG   (  128):     #20 pc 000144c3  /system/lib/libc.so
01-06 00:57:31.986 I/Zygote  (  136): Process 4694 exited due to signal (11)
01-06 00:57:31.992 I/dhcpcd  ( 4612): wlan0: acknowledged 172.16.100.161 from 172.16.100.1
01-06 00:57:32.010 I/dhcpcd  ( 4612): wlan0: leased 172.16.100.161 for 86400 seconds
01-06 00:57:32.020 I/ActivityManager(  418): Process com.qihoo.permmgr (pid 4694) has died
01-06 00:57:32.058 I/ActivityManager(  418): Start proc 4731:com.qihoo.permmgr/u0a81 for broadcast com.qihoo.permmgr/com.qihoo.root.log.receiver.WifiReceiver
01-06 00:57:32.381 E/WifiStateMachine(  418): Did not find remoteAddress {172.16.100.1} in /proc/net/arp
01-06 00:57:32.385 D/ConnectivityService(  418): NetworkAgentInfo [WIFI () - 107] EVENT_NETWORK_INFO_CHANGED, going from CONNECTING to CONNECTED
01-06 00:57:32.388 D/ConnectivityService(  418): Adding iface wlan0 to network 107
01-06 00:57:32.421 E/ConnectivityService(  418): Unexpected mtu value: 0, wlan0
01-06 00:57:32.422 D/ConnectivityService(  418): Adding Route [fe80::/64 -> :: wlan0] to network 107
01-06 00:57:32.423 E/WifiStateMachine(  418): WifiStateMachine CMD_START_SCAN source -2 txSuccessRate=0.89 rxSuccessRate=0.51 targetRoamBSSID=30:85:a9:8a:4e:6c RSSI=-48
01-06 00:57:32.423 E/WifiStateMachine(  418): WifiStateMachine L2Connected CMD_START_SCAN source -2 570, 571 -> obsolete
01-06 00:57:32.424 D/ConnectivityService(  418): Adding Route [172.16.100.0/24 -> 0.0.0.0 wlan0] to network 107
01-06 00:57:32.425 D/ConnectivityService(  418): Adding Route [0.0.0.0/0 -> 172.16.100.1 wlan0] to network 107
01-06 00:57:32.426 D/ConnectivityService(  418): Setting Dns servers for network 107 to [/172.16.100.1]
01-06 00:57:32.438 D/ConnectivityService(  418): notifyType IP_CHANGED for NetworkAgentInfo [WIFI () - 107]
01-06 00:57:32.452 D/ConnectivityService(  418): notifyType PRECHECK for NetworkAgentInfo [WIFI () - 107]
01-06 00:57:32.452 D/ConnectivityService(  418): rematching NetworkAgentInfo [WIFI () - 107]
01-06 00:57:32.452 D/ConnectivityService(  418):    accepting network in place of null
01-06 00:57:32.452 D/NetworkMonitor/NetworkAgentInfo [WIFI () - 107](  418): DefaultState{ when=0 what=532481 target=com.android.internal.util.StateMachine$SmHandler }
01-06 00:57:32.452 D/NetworkMonitor/NetworkAgentInfo [WIFI () - 107](  418): Connected
01-06 00:57:32.453 D/NetworkMonitor/NetworkAgentInfo [WIFI () - 107](  418): EvaluatingState{ when=0 what=532486 arg1=1 target=com.android.internal.util.StateMachine$SmHandler }
01-06 00:57:32.453 D/NetworkMonitor/NetworkAgentInfo [WIFI () - 107](  418): Checking http://connectivitycheck.android.com/generate_204 on "Sigma-HDI-TEST"
01-06 00:57:32.454 D/ConnectivityService(  418): Switching to new default network: NetworkAgentInfo{ ni{[type: WIFI[], state: CONNECTED/CONNECTED, reason: (unspecified), extra: "Sigma-HDI-TEST", roaming: false, failover: false, isAvailable: true, isConnectedToProvisioningNetwork: false]}  network{107}  lp{{InterfaceName: wlan0 LinkAddresses: [fe80::be20:a4ff:fe7a:340c/64,172.16.100.161/24,]  Routes: [fe80::/64 -> :: wlan0,172.16.100.0/24 -> 0.0.0.0 wlan0,0.0.0.0/0 -> 172.16.100.1 wlan0,] DnsAddresses: [172.16.100.1,] Domains:  MTU: 0 TcpBufferSizes: 524288,1048576,2097152,262144,524288,1048576}}  nc{[ Transports: WIFI Capabilities: INTERNET&NOT_RESTRICTED&TRUSTED&NOT_VPN LinkUpBandwidth>=1048576Kbps LinkDnBandwidth>=1048576Kbps]}  Score{100}  everValidated{false}  lastValidated{false}  created{true}  explicitlySelected{true} }
01-06 00:57:32.457 D/ConnectivityService(  418): notifyType AVAILABLE for NetworkAgentInfo [WIFI () - 107]
01-06 00:57:32.457 D/CSLegacyTypeTracker(  418): Sending connected broadcast for type 1 NetworkAgentInfo [WIFI () - 107] isDefaultNetwork=true
01-06 00:57:32.457 D/ConnectivityService(  418): sendStickyBroadcast: action=android.net.conn.CONNECTIVITY_CHANGE_IMMEDIATE
01-06 00:57:32.458 D/ConnectivityManager.CallbackHandler(  945): CM callback handler got msg 524290
01-06 00:57:32.463 D/ConnectivityService(  418): sendStickyBroadcast: action=android.net.conn.CONNECTIVITY_CHANGE
01-06 00:57:32.465 D/Tethering(  418): MasterInitialState.processMessage what=3
01-06 00:57:32.492 I/DEBUG   (  128): 
01-06 00:57:32.492 I/DEBUG   (  128): Tombstone written to: /data/tombstones/tombstone_00
01-06 00:57:32.493 I/BootReceiver(  418): Copying /data/tombstones/tombstone_00 to DropBox (SYSTEM_TOMBSTONE)
01-06 00:57:32.509 W/ActivityManager(  418):   Force finishing activity 1 com.example.android.wifidisplay/.SinkPlayerActivity
01-06 00:57:32.540 V/=ToolService=( 6367): wifi connected
01-06 00:57:32.545 I/NetworkMonitor( 3378): type=WIFI subType= reason=null isConnected=true
01-06 00:57:32.557 D/NuPlayerDriver(  130): reset(0xb84908f8)
01-06 00:57:32.557 D/WifiService(  418): Client connection lost with reason: 4
01-06 00:57:32.558 D/NuPlayerDriver(  130): notifyResetComplete(0xb84908f8)
01-06 00:57:32.566 I/WindowState(  418): WIN DEATH: Window{378363a3 u0 SurfaceView}
01-06 00:57:32.567 I/OpenGLRenderer(  418): Initialized EGL, version 1.4
01-06 00:57:32.569 W/InputDispatcher(  418): channel '222a183c com.example.android.wifidisplay/com.example.android.wifidisplay.WiFiDisplayActivity (server)' ~ Consumer closed input channel or an error occurred.  events=0x9
01-06 00:57:32.569 E/InputDispatcher(  418): channel '222a183c com.example.android.wifidisplay/com.example.android.wifidisplay.WiFiDisplayActivity (server)' ~ Channel is unrecoverably broken and will be disposed!
01-06 00:57:32.569 I/WindowState(  418): WIN DEATH: Window{222a183c u0 com.example.android.wifidisplay/com.example.android.wifidisplay.WiFiDisplayActivity}
01-06 00:57:32.569 W/InputDispatcher(  418): Attempted to unregister already unregistered input channel '222a183c com.example.android.wifidisplay/com.example.android.wifidisplay.WiFiDisplayActivity (server)'
01-06 00:57:32.570 W/InputDispatcher(  418): channel '3052ed5d com.example.android.wifidisplay/com.example.android.wifidisplay.SinkPlayerActivity (server)' ~ Consumer closed input channel or an error occurred.  events=0x9
01-06 00:57:32.570 E/InputDispatcher(  418): channel '3052ed5d com.example.android.wifidisplay/com.example.android.wifidisplay.SinkPlayerActivity (server)' ~ Channel is unrecoverably broken and will be disposed!
01-06 00:57:32.570 D/mali_winsys(  418): new_window_surface returns 0x3000
01-06 00:57:32.571 I/WindowState(  418): WIN DEATH: Window{3052ed5d u0 com.example.android.wifidisplay/com.example.android.wifidisplay.SinkPlayerActivity}
01-06 00:57:32.571 W/InputDispatcher(  418): Attempted to unregister already unregistered input channel '3052ed5d com.example.android.wifidisplay/com.example.android.wifidisplay.SinkPlayerActivity (server)'
01-06 00:57:32.574 D/PhoneInterfaceManager( 1219): [PhoneIntfMgr] getDataEnabled: subId=-1 phoneId=-1
01-06 00:57:32.574 E/PhoneInterfaceManager( 1219): [PhoneIntfMgr] getDataEnabled: no phone subId=-1 retVal=false
01-06 00:57:32.574 D/TelephonyManager(  418): getDataEnabled: retVal=false
01-06 00:57:32.611 I/Zygote  (  136): Process 26583 exited due to signal (6)
01-06 00:57:32.652 D/mali_winsys(  418): new_window_surface returns 0x3000
01-06 00:57:32.660 I/ActivityManager(  418): Process com.example.android.wifidisplay (pid 26583) has died
01-06 00:57:32.693 V/WindowManager(  418): Adding window Window{3be017f5 u0 Starting com.example.android.wifidisplay} at 5 of 14 (before Window{378363a3 u0 SurfaceView EXITING})
01-06 00:57:32.722 I/ActivityManager(  418): Start proc 4785:com.example.android.wifidisplay/u0a94 for activity com.example.android.wifidisplay/.WiFiDisplayActivity
01-06 00:57:32.728 I/art     ( 4785): Late-enabling -Xcheck:jni
01-06 00:57:32.837 E/GpsLocationProvider(  418): No APN found to select.
01-06 00:57:32.841 D/libgps  (  418): proxy_agps_ril_update_network_state(1, 1, 0, "Sigma-HDI-TEST")
01-06 00:57:32.847 D/libgps  (  418): proxy_agps_ril_update_network_state_internal: called
01-06 00:57:32.957 D/DeviceDetailFragment( 4785): onActivityCreated is invoked
01-06 00:57:33.167 D/WifiService(  418): New client listening to asynchronous messages
01-06 00:57:33.179 W/ActivityManager(  418): getTasks: caller 10080 does not hold REAL_GET_TASKS; limiting output
01-06 00:57:33.209 W/ActivityManager(  418): getRunningAppProcesses: caller 10080 does not hold REAL_GET_TASKS; limiting output
01-06 00:57:33.214 D/OpenGLRenderer( 4785): Use EGL_SWAP_BEHAVIOR_PRESERVED: true
01-06 00:57:33.219 D/Atlas   ( 4785): Validating map...
01-06 00:57:33.229 V/WindowManager(  418): Adding window Window{3c880d5c u0 com.example.android.wifidisplay/com.example.android.wifidisplay.WiFiDisplayActivity} at 5 of 13 (before Window{3be017f5 u0 Starting com.example.android.wifidisplay})
01-06 00:57:33.232 D/P2pBroadcastReceiver( 4785): P2P state changed: 2
01-06 00:57:33.234 D/P2pBroadcastReceiver( 4785): P2p connection changed: 
01-06 00:57:33.234 D/P2pBroadcastReceiver( 4785): ExtraInfo:null
01-06 00:57:33.234 D/P2pBroadcastReceiver( 4785): Reason:null
01-06 00:57:33.234 D/P2pBroadcastReceiver( 4785): Subtype:0
01-06 00:57:33.234 D/P2pBroadcastReceiver( 4785): SubtypeName:
01-06 00:57:33.234 D/P2pBroadcastReceiver( 4785): Type:13
01-06 00:57:33.234 D/P2pBroadcastReceiver( 4785): TypeName:WIFI_P2P
01-06 00:57:33.234 D/P2pBroadcastReceiver( 4785): isAvaliable:true
01-06 00:57:33.234 D/P2pBroadcastReceiver( 4785): isConnected:true
01-06 00:57:33.234 D/P2pBroadcastReceiver( 4785): P2p group information: 
01-06 00:57:33.234 D/P2pBroadcastReceiver( 4785): GroupOwner:true
01-06 00:57:33.234 D/P2pBroadcastReceiver( 4785): NetworkName:DIRECT-eS-Sink9681
01-06 00:57:33.234 D/P2pBroadcastReceiver( 4785): WifiP2pDevice information
01-06 00:57:33.234 D/P2pBroadcastReceiver( 4785): deviceAddress:12:68:3f:70:d2:71
01-06 00:57:33.234 D/P2pBroadcastReceiver( 4785): GroupOwner:false
01-06 00:57:33.234 D/P2pBroadcastReceiver( 4785): devicename:Sink_d271
01-06 00:57:33.234 D/P2pBroadcastReceiver( 4785): primaryDeviceType:10-0050F204-5
01-06 00:57:33.234 D/P2pBroadcastReceiver( 4785): secondaryDeviceType:null
01-06 00:57:33.234 D/P2pBroadcastReceiver( 4785): wpsDisplaySupported:true
01-06 00:57:33.240 I/WifiDisplayActivity( 4785): VALID   192.168.49.73:7236
01-06 00:57:33.240 I/ActivityManager(  418): START u0 {cmp=com.example.android.wifidisplay/.SinkPlayerActivity (has extras)} from uid 10094 on display 0
01-06 00:57:33.246 V/WindowManager(  418): addAppToken: AppWindowToken{22f129eb token=Token{2beae93a ActivityRecord{2b27e865 u0 com.example.android.wifidisplay/.SinkPlayerActivity t210}}} to stack=1 task=210 at 1
01-06 00:57:33.246 V/WindowManager(  418): Adding window Window{3be017f5 u0 Starting com.example.android.wifidisplay} at 6 of 13 (after Window{3c880d5c u0 com.example.android.wifidisplay/com.example.android.wifidisplay.WiFiDisplayActivity})
01-06 00:57:33.251 D/P2pBroadcastReceiver( 4785): P2p this device changed
01-06 00:57:33.252 D/DeviceListFragment( 4785): Peer status :0
01-06 00:57:33.252 D/WifiDisplayActivity( 4785): Callback form ActionListener success
01-06 00:57:33.252 D/P2pBroadcastReceiver( 4785): P2p this device changed
01-06 00:57:33.252 D/DeviceListFragment( 4785): Peer status :0
01-06 00:57:33.252 D/WifiDisplayActivity( 4785): Callback form ActionListener success
01-06 00:57:33.253 D/P2pBroadcastReceiver( 4785): P2p this device changed
01-06 00:57:33.253 D/DeviceListFragment( 4785): Peer status :0
01-06 00:57:33.274 I/OpenGLRenderer( 4785): Initialized EGL, version 1.4
01-06 00:57:33.299 D/OpenGLRenderer( 4785): Enabling debug mode 0
01-06 00:57:33.303 D/mali_winsys( 4785): new_window_surface returns 0x3000
01-06 00:57:33.374 F/libc    ( 4731): Fatal signal 11 (SIGSEGV), code 2, fault addr 0xa4718574 in tid 4731 (m.qihoo.permmgr)
01-06 00:57:33.374 I/libc    ( 4731): Suppressing debuggerd output because prctl(PR_GET_DUMPABLE)==0
01-06 00:57:33.586 I/Zygote  (  136): Process 4731 exited due to signal (11)
01-06 00:57:33.615 I/ActivityManager(  418): Process com.qihoo.permmgr (pid 4731) has died
01-06 00:57:33.632 D/SinkPlayerActivity( 4785): Source connection information: 
01-06 00:57:33.632 D/SinkPlayerActivity( 4785): control port: 7236
01-06 00:57:33.668 I/ActivityManager(  418): Start proc 4819:com.qihoo.permmgr/u0a81 for broadcast com.qihoo.permmgr/com.qihoo.root.log.receiver.WifiReceiver
01-06 00:57:33.678 V/WindowManager(  418): Adding window Window{2ae3bf1d u0 com.example.android.wifidisplay/com.example.android.wifidisplay.SinkPlayerActivity} at 6 of 14 (before Window{3be017f5 u0 Starting com.example.android.wifidisplay})
01-06 00:57:33.715 D/mali_winsys( 4785): new_window_surface returns 0x3000
01-06 00:57:33.753 V/WindowManager(  418): Adding window Window{1696eb63 u0 SurfaceView} at 6 of 15 (before Window{2ae3bf1d u0 com.example.android.wifidisplay/com.example.android.wifidisplay.SinkPlayerActivity})
01-06 00:57:33.763 D/SinkPlayerActivity( 4785): Surface changed: 
01-06 00:57:33.763 D/SinkPlayerActivity( 4785): width  2304
01-06 00:57:33.763 D/SinkPlayerActivity( 4785): height 1440
01-06 00:57:33.763 D/SinkPlayerActivity( 4785): format 2
01-06 00:57:33.815 I/ActivityManager(  418): Displayed com.example.android.wifidisplay/.SinkPlayerActivity: +487ms (total +1s154ms)
01-06 00:57:33.940 D/NetworkMonitor/NetworkAgentInfo [WIFI () - 107](  418): isCaptivePortal: ret=204 headers={null=[HTTP/1.1 204 No Content], Content-Length=[0], Date=[Wed, 06 Jan 2016 08:57:32 GMT], Server=[GFE/2.0], X-Android-Received-Millis=[1452070653939], X-Android-Response-Source=[NETWORK 204], X-Android-Sent-Millis=[1452070653410]}
01-06 00:57:33.940 D/NetworkMonitor/NetworkAgentInfo [WIFI () - 107](  418): Validated
01-06 00:57:33.941 D/ConnectivityService(  418): setProvNotificationVisibleIntent: E visible=false networkType=0 extraInfo=null
01-06 00:57:33.941 D/ConnectivityService(  418): Validated NetworkAgentInfo [WIFI () - 107]
01-06 00:57:33.941 D/ConnectivityService(  418): rematching NetworkAgentInfo [WIFI () - 107]
01-06 00:57:33.941 D/ConnectivityService(  418): Network NetworkAgentInfo [WIFI () - 107] was already satisfying request 1. No change.
01-06 00:57:33.941 D/ConnectivityService(  418): notifyType AVAILABLE for NetworkAgentInfo [WIFI () - 107]
01-06 00:57:33.941 D/ConnectivityService(  418): sendStickyBroadcast: action=android.net.conn.INET_CONDITION_ACTION
01-06 00:57:33.945 D/ConnectivityManager.CallbackHandler(  945): CM callback handler got msg 524290
01-06 00:57:34.444 F/libc    ( 4819): Fatal signal 11 (SIGSEGV), code 2, fault addr 0xa4718574 in tid 4819 (m.qihoo.permmgr)
01-06 00:57:34.444 I/libc    ( 4819): Suppressing debuggerd output because prctl(PR_GET_DUMPABLE)==0
01-06 00:57:34.611 I/Zygote  (  136): Process 4819 exited due to signal (11)
01-06 00:57:34.636 I/SinkPlayerActivity( 4785): Starting Sink Player with 192.168.49.73:7236
01-06 00:57:34.648 I/NetworkSession( 4785): connecting socket 40 to 192.168.49.73:7236
01-06 00:57:34.676 I/ActivityManager(  418): Process com.qihoo.permmgr (pid 4819) has died
01-06 00:57:34.741 I/ActivityManager(  418): Start proc 4852:com.qihoo.permmgr/u0a81 for broadcast com.qihoo.permmgr/com.qihoo.root.log.receiver.WifiReceiver
01-06 00:57:34.796 W/ActivityManager(  418): getTasks: caller 10080 does not hold REAL_GET_TASKS; limiting output
01-06 00:57:34.811 W/ActivityManager(  418): getRunningAppProcesses: caller 10080 does not hold REAL_GET_TASKS; limiting output
01-06 00:57:34.881 W/ActivityManager(  418): getRunningAppProcesses: caller 10093 does not hold REAL_GET_TASKS; limiting output
01-06 00:57:35.289 F/libc    ( 4852): Fatal signal 11 (SIGSEGV), code 2, fault addr 0xa4718574 in tid 4852 (m.qihoo.permmgr)
01-06 00:57:35.289 I/libc    ( 4852): Suppressing debuggerd output because prctl(PR_GET_DUMPABLE)==0
01-06 00:57:35.517 I/Zygote  (  136): Process 4852 exited due to signal (11)
01-06 00:57:35.546 I/ActivityManager(  418): Process com.qihoo.permmgr (pid 4852) has died
01-06 00:57:35.596 I/ActivityManager(  418): Start proc 4877:com.qihoo.permmgr/u0a81 for broadcast com.qihoo.permmgr/com.qihoo.root.log.receiver.WifiReceiver
01-06 00:57:35.615 I/art     (  136): Explicit concurrent mark sweep GC freed 707(30KB) AllocSpace objects, 0(0B) LOS objects, 39% free, 7MB/11MB, paused 281us total 16.913ms
01-06 00:57:35.635 I/art     (  136): Explicit concurrent mark sweep GC freed 7(240B) AllocSpace objects, 0(0B) LOS objects, 40% free, 7MB/11MB, paused 260us total 15.952ms
