01-06 00:57:35.672 I/art     (  136): Explicit concurrent mark sweep GC freed 5(160B) AllocSpace objects, 0(0B) LOS objects, 40% free, 7MB/11MB, paused 421us total 33.905ms
01-06 00:57:36.068 F/libc    ( 4877): Fatal signal 11 (SIGSEGV), code 2, fault addr 0xa4718574 in tid 4877 (m.qihoo.permmgr)
01-06 00:57:36.068 I/libc    ( 4877): Suppressing debuggerd output because prctl(PR_GET_DUMPABLE)==0
01-06 00:57:36.281 I/Zygote  (  136): Process 4877 exited due to signal (11)
01-06 00:57:36.300 I/ActivityManager(  418): Process com.qihoo.permmgr (pid 4877) has died
01-06 00:57:36.333 I/ActivityManager(  418): Start proc 4907:com.qihoo.permmgr/u0a81 for broadcast com.qihoo.permmgr/com.qihoo.root.log.receiver.WifiReceiver
01-06 00:57:36.366 W/ActivityManager(  418): getTasks: caller 10080 does not hold REAL_GET_TASKS; limiting output
01-06 00:57:36.375 W/ActivityManager(  418): getRunningAppProcesses: caller 10080 does not hold REAL_GET_TASKS; limiting output
01-06 00:57:36.817 F/libc    ( 4907): Fatal signal 11 (SIGSEGV), code 2, fault addr 0xa4718574 in tid 4907 (m.qihoo.permmgr)
01-06 00:57:36.817 I/libc    ( 4907): Suppressing debuggerd output because prctl(PR_GET_DUMPABLE)==0
01-06 00:57:36.933 I/Zygote  (  136): Process 4907 exited due to signal (11)
01-06 00:57:36.946 I/ActivityManager(  418): Process com.qihoo.permmgr (pid 4907) has died
01-06 00:57:36.974 V/xiaomi  ( 1743): network changed, [type: WIFI[], state: CONNECTED/CONNECTED, reason: (unspecified), extra: "Sigma-HDI-TEST", roaming: false, failover: false, isAvailable: true, isConnectedToProvisioningNetwork: false]
01-06 00:57:36.980 V/xiaomi  ( 1743): JOB: do reconnect..
01-06 00:57:36.983 V/xiaomi  ( 1743): update the connection status. disconnected -> connecting : ERROR_OK 
01-06 00:57:37.002 I/SystemUpdateService(12805): receiver: Intent { act=android.net.conn.CONNECTIVITY_CHANGE flg=0x4000010 cmp=com.google.android.gms/.update.SystemUpdateService$ActiveReceiver (has extras) }
01-06 00:57:37.008 D/SystemUpdateService(12805): onCreate
01-06 00:57:37.011 D/SystemUpdateService(12805): onStartCommand: intent: Intent { cmp=com.google.android.gms/.update.SystemUpdateService (has extras) }
01-06 00:57:37.018 I/SystemUpdateService(12805): active receiver: enabled
01-06 00:57:37.022 D/GCM     (15696): GcmService start Intent { act=android.net.conn.CONNECTIVITY_CHANGE flg=0x4000010 cmp=com.google.android.gms/.gcm.GcmService (has extras) } android.net.conn.CONNECTIVITY_CHANGE
01-06 00:57:37.026 I/SystemUpdateService(12805): Already downloaded, skipping offpeak checks.
01-06 00:57:37.029 I/iu.Environment(12805): update connectivity state; isNetworkMetered? false, isRoaming? false, isBackgroundDataAllowed? true*
01-06 00:57:37.036 I/iu.UploadsManager(12805): num queued entries: 0
01-06 00:57:37.036 D/ConnectivityService(  418): reportBadNetwork(NetworkAgentInfo [WIFI () - 107]) by 10008
01-06 00:57:37.036 D/NetworkMonitor/NetworkAgentInfo [WIFI () - 107](  418): ValidatedState{ when=0 what=532488 arg1=10008 target=com.android.internal.util.StateMachine$SmHandler }
01-06 00:57:37.036 D/NetworkMonitor/NetworkAgentInfo [WIFI () - 107](  418): DefaultState{ when=0 what=532488 arg1=10008 target=com.android.internal.util.StateMachine$SmHandler }
01-06 00:57:37.036 D/NetworkMonitor/NetworkAgentInfo [WIFI () - 107](  418): Forcing reevaluation
01-06 00:57:37.037 D/NetworkMonitor/NetworkAgentInfo [WIFI () - 107](  418): EvaluatingState{ when=0 what=532486 arg1=2 target=com.android.internal.util.StateMachine$SmHandler }
01-06 00:57:37.037 D/NetworkMonitor/NetworkAgentInfo [WIFI () - 107](  418): Checking http://connectivitycheck.android.com/generate_204 on "Sigma-HDI-TEST"
01-06 00:57:37.051 I/iu.UploadsManager(12805): num updated entries: 0
01-06 00:57:37.052 I/iu.SyncManager(12805): NEXT; no task
01-06 00:57:37.057 I/SystemUpdateService(12805): network: [type: WIFI[], state: CONNECTED/CONNECTED, reason: (unspecified), extra: "Sigma-HDI-TEST", roaming: false, failover: false, isAvailable: true, isConnectedToProvisioningNetwork: false]; metered: false; mobile allowed: true
01-06 00:57:37.057 I/SystemUpdateService(12805): now status is 0 (complete)
01-06 00:57:37.057 I/SystemUpdateService(12805): processDownloadedFile /cache/update.zip
01-06 00:57:37.057 I/SystemUpdateService(12805): file has been verified
01-06 00:57:37.057 I/SystemUpdateService(12805): OTA package size = 8066838
01-06 00:57:37.062 I/SystemUpdateService(12805): showing system update notification
01-06 00:57:37.067 D/YouTube (27546): apps.youtube.app.prefetch.PrefetchService$DeviceStateReceiver.onReceive:571 Got device state change intent: android.net.conn.CONNECTIVITY_CHANGE
01-06 00:57:37.080 D/YouTube (27546): apps.youtube.app.prefetch.PrefetchService.onStartCommand:171 PrefetchService started at 6 Jan 2016 08:57:37 GMT
01-06 00:57:37.091 D/YouTube (27546): apps.youtube.app.prefetch.PrefetchService.B_:252 Download snapshot restored
01-06 00:57:37.096 D/YouTube (27546): apps.youtube.app.prefetch.PrefetchService.onDestroy:222 PrefetchService destroyed at 6 Jan 2016 08:57:37 GMT
01-06 00:57:37.103 I/ValidateNoPeople(  418): skipping global notification
01-06 00:57:37.109 D/SystemUpdateService(12805): onDestroy
01-06 00:57:37.158 I/ActivityManager(  418): Start proc 4947:com.qihoo.permmgr/u0a81 for broadcast com.qihoo.permmgr/com.qihoo.root.NetReceiver
01-06 00:57:37.213 W/ActivityManager(  418): getRunningAppProcesses: caller 10085 does not hold REAL_GET_TASKS; limiting output
01-06 00:57:37.215 V/xiaomi  ( 1743): begin to connect to 114.54.23.2
01-06 00:57:37.303 V/xiaomi  ( 1743): connected to 114.54.23.2 in 88
01-06 00:57:37.303 W/ActivityManager(  418): getRunningAppProcesses: caller 10085 does not hold REAL_GET_TASKS; limiting output
01-06 00:57:37.429 V/xiaomi  ( 1743): update the connection status. connecting -> connected : ERROR_OK 
01-06 00:57:37.433 V/xiaomi  ( 1743): JOB: bind the client. 5, 51390023490@xiaomi.com/anMzfAx0
01-06 00:57:37.433 V/xiaomi  ( 1743): update the client 5 status. unbind->binding unknown ERROR_OK null null
01-06 00:57:37.434 V/xiaomi  ( 1743): SMACK: bind id=19TC4-23
01-06 00:57:37.520 D/NetworkMonitor/NetworkAgentInfo [WIFI () - 107](  418): isCaptivePortal: ret=204 headers={null=[HTTP/1.1 204 No Content], Content-Length=[0], Date=[Wed, 06 Jan 2016 08:57:36 GMT], Server=[GFE/2.0], X-Android-Received-Millis=[1452070657520], X-Android-Response-Source=[NETWORK 204], X-Android-Sent-Millis=[1452070657038]}
01-06 00:57:37.521 D/NetworkMonitor/NetworkAgentInfo [WIFI () - 107](  418): Validated
01-06 00:57:37.521 D/ConnectivityService(  418): setProvNotificationVisibleIntent: E visible=false networkType=0 extraInfo=null
01-06 00:57:37.521 D/ConnectivityService(  418): Validated NetworkAgentInfo [WIFI () - 107]
01-06 00:57:37.564 V/GmsNetworkLocationProvi(15726): onSetRequest: ProviderRequestUnbundled, reportLocation is true and interval is 5000
01-06 00:57:37.564 V/GmsNetworkLocationProvi(15726): SET-REQUEST
01-06 00:57:37.564 V/GmsNetworkLocationProvi(15726): in Handler: ProviderRequestUnbundled, reportLocation is true and interval is 20000
01-06 00:57:37.571 D/WifiService(  418): acquireWifiLockLocked: WifiLock{NlpWifiLock type=2 binder=android.os.BinderProxy@1915a8c1}
01-06 00:57:37.627 V/GmsNetworkLocationProvi(15726): onSetRequest: ProviderRequestUnbundled, reportLocation is true and interval is 86400000
01-06 00:57:37.627 V/GmsNetworkLocationProvi(15726): SET-REQUEST
01-06 00:57:37.627 V/GmsNetworkLocationProvi(15726): in Handler: ProviderRequestUnbundled, reportLocation is true and interval is 86400000
01-06 00:57:37.665 D/WifiService(  418): releaseWifiLockLocked: WifiLock{NlpWifiLock type=2 binder=android.os.BinderProxy@1915a8c1}
01-06 00:57:37.673 D/WifiService(  418): acquireWifiLockLocked: WifiLock{NlpWifiLock type=2 binder=android.os.BinderProxy@1915a8c1}
01-06 00:57:37.674 E/WifiStateMachine(  418): WifiStateMachine CMD_START_SCAN source 10008 txSuccessRate=8.97 rxSuccessRate=6.13 targetRoamBSSID=30:85:a9:8a:4e:6c RSSI=-50
01-06 00:57:37.811 F/libc    ( 4947): Fatal signal 11 (SIGSEGV), code 2, fault addr 0xa4718574 in tid 4947 (m.qihoo.permmgr)
01-06 00:57:37.811 I/libc    ( 4947): Suppressing debuggerd output because prctl(PR_GET_DUMPABLE)==0
01-06 00:57:37.897 W/ActivityManager(  418): getRunningAppProcesses: caller 10093 does not hold REAL_GET_TASKS; limiting output
01-06 00:57:37.949 V/xiaomi  ( 1743): update the client 5 status. binding->binded OPEN ERROR_OK null null
01-06 00:57:37.949 V/xiaomi  ( 1743): SMACK: channel bind succeeded, chid=5
01-06 00:57:37.991 I/Zygote  (  136): Process 4947 exited due to signal (11)
01-06 00:57:38.061 I/ActivityManager(  418): Process com.qihoo.permmgr (pid 4947) has died
01-06 00:57:38.066 W/ActivityManager(  418): getTasks: caller 10080 does not hold REAL_GET_TASKS; limiting output
01-06 00:57:38.105 W/ActivityManager(  418): getRunningAppProcesses: caller 10080 does not hold REAL_GET_TASKS; limiting output
01-06 00:57:38.117 I/ActivityManager(  418): Start proc 4986:com.qihoo.permmgr/u0a81 for broadcast com.qihoo.permmgr/com.qihoo.root.log.receiver.WifiReceiver
01-06 00:57:38.677 F/libc    ( 4986): Fatal signal 11 (SIGSEGV), code 2, fault addr 0xa4718574 in tid 4986 (m.qihoo.permmgr)
01-06 00:57:38.678 I/libc    ( 4986): Suppressing debuggerd output because prctl(PR_GET_DUMPABLE)==0
01-06 00:57:38.868 I/WiFiProtect( 1743): verify host:true
01-06 00:57:38.892 E/libprocessgroup(  418): failed to kill 1 processes for processgroup 4986
01-06 00:57:38.893 I/ActivityManager(  418): Process com.qihoo.permmgr (pid 4986) has died
01-06 00:57:38.912 I/Zygote  (  136): Process 4986 exited due to signal (11)
01-06 00:57:38.954 I/ActivityManager(  418): Start proc 5012:com.letv.play/u0a80 for broadcast com.qihoo.appstore/com.letv.android.client.receiver.NetStateReceiver
01-06 00:57:39.018 W/ActivityManager(  418): getRunningAppProcesses: caller 10080 does not hold REAL_GET_TASKS; limiting output
01-06 00:57:39.019 D/ProxyApplication( 5012): attachBaseContext mCurrentProcessName : com.letv.play
01-06 00:57:39.026 D/MyLog   ( 5012): init.AppEnv.bAppdebug = false
01-06 00:57:39.033 I/art     ( 5012): System.exit called, status: 0
01-06 00:57:39.033 I/AndroidRuntime( 5012): VM exiting with result code 0, cleanup skipped.
01-06 00:57:39.105 I/ActivityManager(  418): Process com.letv.play (pid 5012) has died
01-06 00:57:39.118 E/HqWifiNotifyReceiver( 2751): malei============HqWifiNotifyService onStartCommand
01-06 00:57:39.201 W/System.err( 1743): android.content.pm.PackageManager$NameNotFoundException: com.cleanmaster.security_cn
01-06 00:57:39.202 W/System.err( 1743): 	at android.app.ApplicationPackageManager.getPackageInfo(ApplicationPackageManager.java:114)
01-06 00:57:39.202 W/System.err( 1743): 	at com.cleanmaster.base.util.h.ad.A(PackageUtils.java:1065)
01-06 00:57:39.202 W/System.err( 1743): 	at com.ijinshan.cleaner.receiver.m.a(ConnectivityChangeBroadcastReceiver.java:142)
01-06 00:57:39.202 W/System.err( 1743): 	at com.cleanmaster.security.scan.wifiprotect.protect.c.run(WifiConnectionScanner.java:158)
01-06 00:57:39.217 W/Settings( 1743): Setting android_id has moved from android.provider.Settings.System to android.provider.Settings.Secure, returning read-only value.
01-06 00:57:39.222 V/xiaomi  ( 1743): Service called on timer
01-06 00:57:39.230 D/OpenGLRenderer(  418): endAllStagingAnimators on 0xb8793cf0 (RippleDrawable) with handle 0xb8a336a0
01-06 00:57:39.236 W/InputMethodManagerService(  418): Got RemoteException sending setActive(false) notification to pid 26583 uid 10094
01-06 00:57:39.469 W/ActivityManager(  418): getTasks: caller 10080 does not hold REAL_GET_TASKS; limiting output
01-06 00:57:39.525 D/WifiService(  418): releaseWifiLockLocked: WifiLock{NlpWifiLock type=2 binder=android.os.BinderProxy@1915a8c1}
01-06 00:57:39.657 W/ActivityManager(  418): getTasks: caller 10080 does not hold REAL_GET_TASKS; limiting output
01-06 00:57:39.679 W/ActivityManager(  418): getRunningAppProcesses: caller 10080 does not hold REAL_GET_TASKS; limiting output
01-06 00:57:39.863 W/SocketClient(  127): write error (Broken pipe)
01-06 00:57:39.864 W/SocketClient(  127): write error (Broken pipe)
01-06 00:57:39.864 W/SocketClient(  127): write error (Broken pipe)
01-06 00:57:39.864 W/SocketClient(  127): write error (Broken pipe)
01-06 00:57:39.864 W/SocketClient(  127): write error (Broken pipe)
01-06 00:57:39.864 W/SocketClient(  127): write error (Broken pipe)
01-06 00:57:39.864 W/SocketClient(  127): write error (Broken pipe)
01-06 00:57:39.864 W/SocketClient(  127): write error (Broken pipe)
01-06 00:57:39.865 W/DnsProxyListener(  127): GetHostByNameHandler: Error writing DNS result to client
01-06 00:57:41.144 W/ActivityManager(  418): getRunningAppProcesses: caller 10093 does not hold REAL_GET_TASKS; limiting output
01-06 00:57:41.223 W/ActivityManager(  418): getTasks: caller 10080 does not hold REAL_GET_TASKS; limiting output
01-06 00:57:41.238 W/ActivityManager(  418): getRunningAppProcesses: caller 10080 does not hold REAL_GET_TASKS; limiting output
01-06 00:57:42.798 W/ActivityManager(  418): getTasks: caller 10080 does not hold REAL_GET_TASKS; limiting output
01-06 00:57:42.819 W/ActivityManager(  418): getRunningAppProcesses: caller 10080 does not hold REAL_GET_TASKS; limiting output
01-06 00:57:44.234 W/ActivityManager(  418): getRunningAppProcesses: caller 10093 does not hold REAL_GET_TASKS; limiting output
01-06 00:57:44.373 W/ActivityManager(  418): getTasks: caller 10080 does not hold REAL_GET_TASKS; limiting output
01-06 00:57:44.389 W/ActivityManager(  418): getRunningAppProcesses: caller 10080 does not hold REAL_GET_TASKS; limiting output
01-06 00:57:45.431 W/ActivityManager(  418): getRunningAppProcesses: caller 10082 does not hold REAL_GET_TASKS; limiting output
01-06 00:57:45.607 W/ActivityManager(  418): getRunningAppProcesses: caller 10082 does not hold REAL_GET_TASKS; limiting output
01-06 00:57:45.937 W/ActivityManager(  418): getTasks: caller 10080 does not hold REAL_GET_TASKS; limiting output
01-06 00:57:45.956 W/ActivityManager(  418): getRunningAppProcesses: caller 10080 does not hold REAL_GET_TASKS; limiting output
01-06 00:57:47.337 W/ActivityManager(  418): getRunningAppProcesses: caller 10093 does not hold REAL_GET_TASKS; limiting output
01-06 00:57:47.512 W/ActivityManager(  418): getTasks: caller 10080 does not hold REAL_GET_TASKS; limiting output
01-06 00:57:47.531 W/ActivityManager(  418): getRunningAppProcesses: caller 10080 does not hold REAL_GET_TASKS; limiting output
01-06 00:57:49.098 W/ActivityManager(  418): getTasks: caller 10080 does not hold REAL_GET_TASKS; limiting output
01-06 00:57:49.119 W/ActivityManager(  418): getRunningAppProcesses: caller 10080 does not hold REAL_GET_TASKS; limiting output
01-06 00:57:50.401 W/ActivityManager(  418): getRunningAppProcesses: caller 10093 does not hold REAL_GET_TASKS; limiting output
01-06 00:57:50.685 W/ActivityManager(  418): getTasks: caller 10080 does not hold REAL_GET_TASKS; limiting output
01-06 00:57:50.698 W/ActivityManager(  418): getRunningAppProcesses: caller 10080 does not hold REAL_GET_TASKS; limiting output
01-06 00:57:52.250 W/ActivityManager(  418): getTasks: caller 10080 does not hold REAL_GET_TASKS; limiting output
01-06 00:57:52.273 W/ActivityManager(  418): getRunningAppProcesses: caller 10080 does not hold REAL_GET_TASKS; limiting output
01-06 00:57:52.424 E/WifiStateMachine(  418): WifiStateMachine CMD_START_SCAN source -2 txSuccessRate=4.06 rxSuccessRate=2.27 targetRoamBSSID=30:85:a9:8a:4e:6c RSSI=-50
01-06 00:57:52.425 E/WifiStateMachine(  418): WifiStateMachine L2Connected CMD_START_SCAN source -2 571, 572 ignore because P2P is connected
01-06 00:57:53.473 W/ActivityManager(  418): getRunningAppProcesses: caller 10093 does not hold REAL_GET_TASKS; limiting output
01-06 00:57:53.832 W/ActivityManager(  418): getTasks: caller 10080 does not hold REAL_GET_TASKS; limiting output
01-06 00:57:53.850 W/ActivityManager(  418): getRunningAppProcesses: caller 10080 does not hold REAL_GET_TASKS; limiting output
01-06 00:57:55.406 W/ActivityManager(  418): getTasks: caller 10080 does not hold REAL_GET_TASKS; limiting output
01-06 00:57:55.423 W/ActivityManager(  418): getRunningAppProcesses: caller 10080 does not hold REAL_GET_TASKS; limiting output
01-06 00:57:56.538 W/ActivityManager(  418): getRunningAppProcesses: caller 10093 does not hold REAL_GET_TASKS; limiting output
01-06 00:57:56.973 W/ActivityManager(  418): getTasks: caller 10080 does not hold REAL_GET_TASKS; limiting output
01-06 00:57:56.992 W/ActivityManager(  418): getRunningAppProcesses: caller 10080 does not hold REAL_GET_TASKS; limiting output
01-06 00:57:57.138 D/ConnectivityService(  418): reportBadNetwork(NetworkAgentInfo [WIFI () - 107]) by 10008
01-06 00:57:57.139 D/NetworkMonitor/NetworkAgentInfo [WIFI () - 107](  418): ValidatedState{ when=0 what=532488 arg1=10008 target=com.android.internal.util.StateMachine$SmHandler }
01-06 00:57:57.139 D/NetworkMonitor/NetworkAgentInfo [WIFI () - 107](  418): DefaultState{ when=-1ms what=532488 arg1=10008 target=com.android.internal.util.StateMachine$SmHandler }
01-06 00:57:57.139 D/NetworkMonitor/NetworkAgentInfo [WIFI () - 107](  418): Forcing reevaluation
01-06 00:57:57.140 D/NetworkMonitor/NetworkAgentInfo [WIFI () - 107](  418): EvaluatingState{ when=0 what=532486 arg1=3 target=com.android.internal.util.StateMachine$SmHandler }
01-06 00:57:57.140 D/NetworkMonitor/NetworkAgentInfo [WIFI () - 107](  418): Checking http://connectivitycheck.android.com/generate_204 on "Sigma-HDI-TEST"
01-06 00:57:57.793 D/NetworkMonitor/NetworkAgentInfo [WIFI () - 107](  418): isCaptivePortal: ret=204 headers={null=[HTTP/1.1 204 No Content], Content-Length=[0], Date=[Wed, 06 Jan 2016 08:57:56 GMT], Server=[GFE/2.0], X-Android-Received-Millis=[1452070677790], X-Android-Response-Source=[NETWORK 204], X-Android-Sent-Millis=[1452070677155]}
01-06 00:57:57.802 D/ConnectivityService(  418): setProvNotificationVisibleIntent: E visible=false networkType=0 extraInfo=null
01-06 00:57:57.803 D/NetworkMonitor/NetworkAgentInfo [WIFI () - 107](  418): Validated
01-06 00:57:57.804 D/ConnectivityService(  418): Validated NetworkAgentInfo [WIFI () - 107]
01-06 00:57:58.534 W/ActivityManager(  418): getTasks: caller 10080 does not hold REAL_GET_TASKS; limiting output
01-06 00:57:58.554 W/ActivityManager(  418): getRunningAppProcesses: caller 10080 does not hold REAL_GET_TASKS; limiting output
01-06 00:57:59.610 W/ActivityManager(  418): getRunningAppProcesses: caller 10093 does not hold REAL_GET_TASKS; limiting output
01-06 00:58:00.124 W/ActivityManager(  418): getTasks: caller 10080 does not hold REAL_GET_TASKS; limiting output
01-06 00:58:00.142 W/ActivityManager(  418): getRunningAppProcesses: caller 10080 does not hold REAL_GET_TASKS; limiting output
01-06 00:58:01.682 W/ActivityManager(  418): getTasks: caller 10080 does not hold REAL_GET_TASKS; limiting output
01-06 00:58:01.694 W/ActivityManager(  418): getRunningAppProcesses: caller 10080 does not hold REAL_GET_TASKS; limiting output
01-06 00:58:02.680 W/ActivityManager(  418): getRunningAppProcesses: caller 10093 does not hold REAL_GET_TASKS; limiting output
01-06 00:58:02.805 D/com.sigma_rt.phonelinkclient.adb.ADBScan( 6367): exec result :command:[chmod 755 /data/data/com.sigma_rt.phonelinkclient/log4j.log],result:0
01-06 00:58:03.251 W/ActivityManager(  418): getTasks: caller 10080 does not hold REAL_GET_TASKS; limiting output
01-06 00:58:03.256 W/ActivityManager(  418): getRunningAppProcesses: caller 10080 does not hold REAL_GET_TASKS; limiting output
01-06 00:58:04.814 W/ActivityManager(  418): getTasks: caller 10080 does not hold REAL_GET_TASKS; limiting output
01-06 00:58:04.833 W/ActivityManager(  418): getRunningAppProcesses: caller 10080 does not hold REAL_GET_TASKS; limiting output
01-06 00:58:05.737 W/ActivityManager(  418): getRunningAppProcesses: caller 10093 does not hold REAL_GET_TASKS; limiting output
01-06 00:58:06.404 W/ActivityManager(  418): getTasks: caller 10080 does not hold REAL_GET_TASKS; limiting output
01-06 00:58:06.425 W/ActivityManager(  418): getRunningAppProcesses: caller 10080 does not hold REAL_GET_TASKS; limiting output
01-06 00:58:07.993 W/ActivityManager(  418): getTasks: caller 10080 does not hold REAL_GET_TASKS; limiting output
01-06 00:58:08.015 W/ActivityManager(  418): getRunningAppProcesses: caller 10080 does not hold REAL_GET_TASKS; limiting output
01-06 00:58:08.823 W/ActivityManager(  418): getRunningAppProcesses: caller 10093 does not hold REAL_GET_TASKS; limiting output
01-06 00:58:09.569 W/ActivityManager(  418): getTasks: caller 10080 does not hold REAL_GET_TASKS; limiting output
01-06 00:58:09.574 W/ActivityManager(  418): getRunningAppProcesses: caller 10080 does not hold REAL_GET_TASKS; limiting output
01-06 00:58:11.121 W/ActivityManager(  418): getTasks: caller 10080 does not hold REAL_GET_TASKS; limiting output
01-06 00:58:11.128 W/ActivityManager(  418): getRunningAppProcesses: caller 10080 does not hold REAL_GET_TASKS; limiting output
01-06 00:58:11.906 W/ActivityManager(  418): getRunningAppProcesses: caller 10093 does not hold REAL_GET_TASKS; limiting output
01-06 00:58:12.427 E/WifiStateMachine(  418): WifiStateMachine CMD_START_SCAN source -2 txSuccessRate=3.91 rxSuccessRate=1.11 targetRoamBSSID=30:85:a9:8a:4e:6c RSSI=-50
01-06 00:58:12.427 E/WifiStateMachine(  418): WifiStateMachine L2Connected CMD_START_SCAN source -2 572, 573 ignore because P2P is connected
01-06 00:58:12.642 I/wpa_supplicant(  905): p2p-p2p0-6: AP-STA-DISCONNECTED 12:68:3f:70:52:71 p2p_dev_addr=12:68:3f:70:d2:71
01-06 00:58:12.642 I/wpa_supplicant(  905): AP-STA-DISCONNECTED 12:68:3f:70:52:71 p2p_dev_addr=12:68:3f:70:d2:71
01-06 00:58:12.645 D/WifiP2pService(  418): Client list empty, remove non-persistent p2p group
01-06 00:58:12.658 I/wpa_supplicant(  905): P2P-GROUP-REMOVED p2p-p2p0-6 GO reason=REQUESTED
01-06 00:58:12.676 W/ActivityManager(  418): getTasks: caller 10080 does not hold REAL_GET_TASKS; limiting output
01-06 00:58:12.682 W/ActivityManager(  418): getRunningAppProcesses: caller 10080 does not hold REAL_GET_TASKS; limiting output
01-06 00:58:12.772 D/TetherController(  127): untetherInterface(p2p-p2p0-6)
01-06 00:58:12.810 E/NetlinkEvent(  127): Unknown ifindex 12 in RTM_DELADDR
01-06 00:58:12.821 D/TetherController(  127): Stopping tethering services
01-06 00:58:12.821 I/dnsmasq ( 4525): exiting on receipt of SIGTERM
01-06 00:58:12.822 D/TetherController(  127): Tethering services stopped
01-06 00:58:12.822 D/WifiP2pService(  418): Stopped Dhcp server
01-06 00:58:12.815 W/netd    (  403): type=1400 audit(0.0:15): avc: denied { sys_module } for capability=16 scontext=u:r:netd:s0 tcontext=u:r:netd:s0 tclass=capability permissive=0
01-06 00:58:12.823 D/CommandListener(  127): Clearing all IP addresses on p2p-p2p0-6
01-06 00:58:12.824 D/NetUtils(  418): android_net_utils_resetConnections in env=0xb86e1d88 clazz=0xa09ea96c iface=p2p-p2p0-6 mask=0x3
01-06 00:58:14.197 D/ConnectivityService(  418): reportBadNetwork(NetworkAgentInfo [WIFI () - 107]) by 10008
01-06 00:58:14.198 D/NetworkMonitor/NetworkAgentInfo [WIFI () - 107](  418): ValidatedState{ when=0 what=532488 arg1=10008 target=com.android.internal.util.StateMachine$SmHandler }
01-06 00:58:14.198 D/NetworkMonitor/NetworkAgentInfo [WIFI () - 107](  418): DefaultState{ when=-1ms what=532488 arg1=10008 target=com.android.internal.util.StateMachine$SmHandler }
01-06 00:58:14.198 D/NetworkMonitor/NetworkAgentInfo [WIFI () - 107](  418): Forcing reevaluation
01-06 00:58:14.199 D/NetworkMonitor/NetworkAgentInfo [WIFI () - 107](  418): EvaluatingState{ when=0 what=532486 arg1=4 target=com.android.internal.util.StateMachine$SmHandler }
01-06 00:58:14.199 D/NetworkMonitor/NetworkAgentInfo [WIFI () - 107](  418): Checking http://connectivitycheck.android.com/generate_204 on "Sigma-HDI-TEST"
01-06 00:58:14.208 W/ActivityManager(  418): getTasks: caller 10080 does not hold REAL_GET_TASKS; limiting output
01-06 00:58:14.217 W/ActivityManager(  418): getRunningAppProcesses: caller 10080 does not hold REAL_GET_TASKS; limiting output
01-06 00:58:14.804 D/NetworkMonitor/NetworkAgentInfo [WIFI () - 107](  418): isCaptivePortal: ret=204 headers={null=[HTTP/1.1 204 No Content], Content-Length=[0], Date=[Wed, 06 Jan 2016 08:58:13 GMT], Server=[GFE/2.0], X-Android-Received-Millis=[1452070694803], X-Android-Response-Source=[NETWORK 204], X-Android-Sent-Millis=[1452070694210]}
01-06 00:58:14.812 D/ConnectivityService(  418): setProvNotificationVisibleIntent: E visible=false networkType=0 extraInfo=null
01-06 00:58:14.813 D/NetworkMonitor/NetworkAgentInfo [WIFI () - 107](  418): Validated
01-06 00:58:14.813 D/ConnectivityService(  418): Validated NetworkAgentInfo [WIFI () - 107]
01-06 00:58:14.965 W/ActivityManager(  418): getRunningAppProcesses: caller 10093 does not hold REAL_GET_TASKS; limiting output
01-06 00:58:14.971 I/art     (  418): Explicit concurrent mark sweep GC freed 78791(3MB) AllocSpace objects, 14(6MB) LOS objects, 33% free, 29MB/43MB, paused 1.108ms total 80.073ms
01-06 00:58:15.607 W/ActivityManager(  418): getRunningAppProcesses: caller 10082 does not hold REAL_GET_TASKS; limiting output
01-06 00:58:15.783 W/ActivityManager(  418): getTasks: caller 10080 does not hold REAL_GET_TASKS; limiting output
01-06 00:58:15.808 W/ActivityManager(  418): getRunningAppProcesses: caller 10080 does not hold REAL_GET_TASKS; limiting output
01-06 00:58:17.367 W/ActivityManager(  418): getTasks: caller 10080 does not hold REAL_GET_TASKS; limiting output
01-06 00:58:17.377 W/ActivityManager(  418): getRunningAppProcesses: caller 10080 does not hold REAL_GET_TASKS; limiting output
01-06 00:58:17.993 W/ActivityManager(  418): getRunningAppProcesses: caller 10093 does not hold REAL_GET_TASKS; limiting output
01-06 00:58:18.922 W/ActivityManager(  418): getTasks: caller 10080 does not hold REAL_GET_TASKS; limiting output
01-06 00:58:18.948 W/ActivityManager(  418): getRunningAppProcesses: caller 10080 does not hold REAL_GET_TASKS; limiting output
01-06 00:58:20.500 W/ActivityManager(  418): getTasks: caller 10080 does not hold REAL_GET_TASKS; limiting output
01-06 00:58:20.513 W/ActivityManager(  418): getRunningAppProcesses: caller 10080 does not hold REAL_GET_TASKS; limiting output
01-06 00:58:21.045 W/ActivityManager(  418): getRunningAppProcesses: caller 10093 does not hold REAL_GET_TASKS; limiting output
01-06 00:58:22.068 W/ActivityManager(  418): getTasks: caller 10080 does not hold REAL_GET_TASKS; limiting output
01-06 00:58:22.096 W/ActivityManager(  418): getRunningAppProcesses: caller 10080 does not hold REAL_GET_TASKS; limiting output
01-06 00:58:23.650 W/ActivityManager(  418): getTasks: caller 10080 does not hold REAL_GET_TASKS; limiting output
01-06 00:58:23.660 W/ActivityManager(  418): getRunningAppProcesses: caller 10080 does not hold REAL_GET_TASKS; limiting output
01-06 00:58:24.133 W/ActivityManager(  418): getRunningAppProcesses: caller 10093 does not hold REAL_GET_TASKS; limiting output
01-06 00:58:25.199 W/ActivityManager(  418): getTasks: caller 10080 does not hold REAL_GET_TASKS; limiting output
01-06 00:58:25.222 W/ActivityManager(  418): getRunningAppProcesses: caller 10080 does not hold REAL_GET_TASKS; limiting output
01-06 00:58:26.785 W/ActivityManager(  418): getTasks: caller 10080 does not hold REAL_GET_TASKS; limiting output
01-06 00:58:26.804 W/ActivityManager(  418): getRunningAppProcesses: caller 10080 does not hold REAL_GET_TASKS; limiting output
01-06 00:58:27.196 W/ActivityManager(  418): getRunningAppProcesses: caller 10093 does not hold REAL_GET_TASKS; limiting output
01-06 00:58:28.394 W/ActivityManager(  418): getTasks: caller 10080 does not hold REAL_GET_TASKS; limiting output
01-06 00:58:28.410 W/ActivityManager(  418): getRunningAppProcesses: caller 10080 does not hold REAL_GET_TASKS; limiting output
01-06 00:58:29.160 I/wpa_supplicant(  905): P2P-DEVICE-LOST p2p_dev_addr=12:68:3f:70:d2:71
01-06 00:58:29.966 W/ActivityManager(  418): getTasks: caller 10080 does not hold REAL_GET_TASKS; limiting output
01-06 00:58:29.984 W/ActivityManager(  418): getRunningAppProcesses: caller 10080 does not hold REAL_GET_TASKS; limiting output
01-06 00:58:30.268 W/ActivityManager(  418): getRunningAppProcesses: caller 10093 does not hold REAL_GET_TASKS; limiting output
01-06 00:58:31.535 W/ActivityManager(  418): getTasks: caller 10080 does not hold REAL_GET_TASKS; limiting output
01-06 00:58:31.557 W/ActivityManager(  418): getRunningAppProcesses: caller 10080 does not hold REAL_GET_TASKS; limiting output
01-06 00:58:32.431 E/WifiStateMachine(  418): WifiStateMachine CMD_START_SCAN source -2 txSuccessRate=3.85 rxSuccessRate=1.02 targetRoamBSSID=30:85:a9:8a:4e:6c RSSI=-50
01-06 00:58:33.121 W/ActivityManager(  418): getTasks: caller 10080 does not hold REAL_GET_TASKS; limiting output
01-06 00:58:33.140 W/ActivityManager(  418): getRunningAppProcesses: caller 10080 does not hold REAL_GET_TASKS; limiting output
01-06 00:58:33.309 W/ActivityManager(  418): getRunningAppProcesses: caller 10093 does not hold REAL_GET_TASKS; limiting output
01-06 00:58:34.310 W/ActivityManager(  418): getTasks: caller 10080 does not hold REAL_GET_TASKS; limiting output
01-06 00:58:34.673 W/ActivityManager(  418): getTasks: caller 10080 does not hold REAL_GET_TASKS; limiting output
01-06 00:58:34.691 W/ActivityManager(  418): getRunningAppProcesses: caller 10080 does not hold REAL_GET_TASKS; limiting output
01-06 00:58:36.244 W/ActivityManager(  418): getTasks: caller 10080 does not hold REAL_GET_TASKS; limiting output
01-06 00:58:36.263 W/ActivityManager(  418): getRunningAppProcesses: caller 10080 does not hold REAL_GET_TASKS; limiting output
01-06 00:58:36.379 W/ActivityManager(  418): getRunningAppProcesses: caller 10093 does not hold REAL_GET_TASKS; limiting output
01-06 00:58:37.576 W/ActivityManager(  418): getRunningAppProcesses: caller 10085 does not hold REAL_GET_TASKS; limiting output
01-06 00:58:37.786 E/NetworkSession( 4785): writeMore on socket 40 failed w/ error -110 (Connection timed out)
01-06 00:58:37.786 I/WifiDisplaySink( 4785): ==============kWhatError===============
01-06 00:58:37.787 E/WifiDisplaySink( 4785): An error occurred in session 1 (-110, 'Connection failed/Connection timed out').
01-06 00:58:37.787 I/WifiDisplaySink( 4785): Lost control connection.
01-06 00:58:37.795 I/wfd-sink( 4785): start sink success
01-06 00:58:37.827 W/ActivityManager(  418): getTasks: caller 10080 does not hold REAL_GET_TASKS; limiting output
01-06 00:58:37.840 W/ActivityManager(  418): getRunningAppProcesses: caller 10080 does not hold REAL_GET_TASKS; limiting output
01-06 00:58:39.406 W/ActivityManager(  418): getTasks: caller 10080 does not hold REAL_GET_TASKS; limiting output
01-06 00:58:39.425 W/ActivityManager(  418): getRunningAppProcesses: caller 10080 does not hold REAL_GET_TASKS; limiting output
01-06 00:58:39.441 W/ActivityManager(  418): getRunningAppProcesses: caller 10093 does not hold REAL_GET_TASKS; limiting output
01-06 00:58:40.979 W/ActivityManager(  418): getTasks: caller 10080 does not hold REAL_GET_TASKS; limiting output
01-06 00:58:41.002 W/ActivityManager(  418): getRunningAppProcesses: caller 10080 does not hold REAL_GET_TASKS; limiting output
01-06 00:58:42.477 W/ActivityManager(  418): getRunningAppProcesses: caller 10093 does not hold REAL_GET_TASKS; limiting output
01-06 00:58:42.576 W/ActivityManager(  418): getTasks: caller 10080 does not hold REAL_GET_TASKS; limiting output
01-06 00:58:42.594 W/ActivityManager(  418): getRunningAppProcesses: caller 10080 does not hold REAL_GET_TASKS; limiting output
01-06 00:58:43.643 V/WindowManager(  418): not Base app: Adding window Window{13139e4c u0 com.example.android.wifidisplay/com.example.android.wifidisplay.SinkPlayerActivity} at 8 of 14
01-06 00:58:43.673 D/mali_winsys( 4785): new_window_surface returns 0x3000
01-06 00:58:44.158 W/ActivityManager(  418): getTasks: caller 10080 does not hold REAL_GET_TASKS; limiting output
01-06 00:58:44.179 W/ActivityManager(  418): getRunningAppProcesses: caller 10080 does not hold REAL_GET_TASKS; limiting output
01-06 00:58:44.576 W/wfd-sink( 4785): stop sink success
01-06 00:58:44.576 D/SinkPlayerActivity( 4785): Stop native Sink Player success
01-06 00:58:44.579 I/ActivityManager(  418): START u0 {flg=0x4000000 cmp=com.example.android.wifidisplay/.WiFiDisplayActivity} from uid 10094 on display 0
01-06 00:58:44.586 W/ActivityManager(  418): Duplicate finish request for ActivityRecord{2b27e865 u0 com.example.android.wifidisplay/.SinkPlayerActivity t210 f}
01-06 00:58:44.612 D/mali_winsys( 4785): new_window_surface returns 0x3000
01-06 00:58:44.614 D/P2pBroadcastReceiver( 4785): P2P state changed: 2
01-06 00:58:44.614 D/P2pBroadcastReceiver( 4785): P2p connection changed: 
01-06 00:58:44.614 D/P2pBroadcastReceiver( 4785): ExtraInfo:null
01-06 00:58:44.614 D/P2pBroadcastReceiver( 4785): Reason:null
01-06 00:58:44.614 D/P2pBroadcastReceiver( 4785): Subtype:0
01-06 00:58:44.614 D/P2pBroadcastReceiver( 4785): SubtypeName:
01-06 00:58:44.614 D/P2pBroadcastReceiver( 4785): Type:13
01-06 00:58:44.614 D/P2pBroadcastReceiver( 4785): TypeName:WIFI_P2P
01-06 00:58:44.614 D/P2pBroadcastReceiver( 4785): isAvaliable:true
01-06 00:58:44.614 D/P2pBroadcastReceiver( 4785): isConnected:false
01-06 00:58:44.614 D/P2pBroadcastReceiver( 4785): P2p group information: 
01-06 00:58:44.614 D/P2pBroadcastReceiver( 4785): GroupOwner:false
01-06 00:58:44.614 D/P2pBroadcastReceiver( 4785): NetworkName:null
01-06 00:58:44.615 D/P2pBroadcastReceiver( 4785): P2p this device changed
01-06 00:58:44.615 D/DeviceListFragment( 4785): Peer status :3
01-06 00:58:44.616 D/WifiDisplayActivity( 4785): Callback form ActionListener success
01-06 00:58:44.616 D/P2pBroadcastReceiver( 4785): P2p this device changed
01-06 00:58:44.616 D/DeviceListFragment( 4785): Peer status :3
01-06 00:58:44.616 D/WifiDisplayActivity( 4785): Callback form ActionListener success
01-06 00:58:44.616 D/P2pBroadcastReceiver( 4785): P2p this device changed
01-06 00:58:44.616 D/DeviceListFragment( 4785): Peer status :3
01-06 00:58:45.416 W/ActivityManager(  418): getRunningAppProcesses: caller 10082 does not hold REAL_GET_TASKS; limiting output
01-06 00:58:45.514 W/ActivityManager(  418): getRunningAppProcesses: caller 10093 does not hold REAL_GET_TASKS; limiting output
01-06 00:58:45.608 W/ActivityManager(  418): getRunningAppProcesses: caller 10082 does not hold REAL_GET_TASKS; limiting output
01-06 00:58:45.718 W/ActivityManager(  418): getTasks: caller 10080 does not hold REAL_GET_TASKS; limiting output
01-06 00:58:45.739 W/ActivityManager(  418): getRunningAppProcesses: caller 10080 does not hold REAL_GET_TASKS; limiting output
01-06 00:58:47.261 W/ActivityManager(  418): getTasks: caller 10080 does not hold REAL_GET_TASKS; limiting output
01-06 00:58:47.281 W/ActivityManager(  418): getRunningAppProcesses: caller 10080 does not hold REAL_GET_TASKS; limiting output
01-06 00:58:48.050 D/ConnectivityService(  418): reportBadNetwork(NetworkAgentInfo [WIFI () - 107]) by 10008
01-06 00:58:48.051 D/NetworkMonitor/NetworkAgentInfo [WIFI () - 107](  418): ValidatedState{ when=0 what=532488 arg1=10008 target=com.android.internal.util.StateMachine$SmHandler }
01-06 00:58:48.052 D/NetworkMonitor/NetworkAgentInfo [WIFI () - 107](  418): DefaultState{ when=-1ms what=532488 arg1=10008 target=com.android.internal.util.StateMachine$SmHandler }
01-06 00:58:48.052 D/NetworkMonitor/NetworkAgentInfo [WIFI () - 107](  418): Forcing reevaluation
01-06 00:58:48.052 D/NetworkMonitor/NetworkAgentInfo [WIFI () - 107](  418): EvaluatingState{ when=-1ms what=532486 arg1=5 target=com.android.internal.util.StateMachine$SmHandler }
01-06 00:58:48.053 D/NetworkMonitor/NetworkAgentInfo [WIFI () - 107](  418): Checking http://connectivitycheck.android.com/generate_204 on "Sigma-HDI-TEST"
01-06 00:58:48.592 W/ActivityManager(  418): getRunningAppProcesses: caller 10093 does not hold REAL_GET_TASKS; limiting output
01-06 00:58:48.643 D/NetworkMonitor/NetworkAgentInfo [WIFI () - 107](  418): isCaptivePortal: ret=204 headers={null=[HTTP/1.1 204 No Content], Content-Length=[0], Date=[Wed, 06 Jan 2016 08:58:47 GMT], Server=[GFE/2.0], X-Android-Received-Millis=[1452070728639], X-Android-Response-Source=[NETWORK 204], X-Android-Sent-Millis=[1452070728069]}
01-06 00:58:48.646 D/ConnectivityService(  418): setProvNotificationVisibleIntent: E visible=false networkType=0 extraInfo=null
01-06 00:58:48.648 D/NetworkMonitor/NetworkAgentInfo [WIFI () - 107](  418): Validated
01-06 00:58:48.648 D/ConnectivityService(  418): Validated NetworkAgentInfo [WIFI () - 107]
01-06 00:58:48.842 W/ActivityManager(  418): getTasks: caller 10080 does not hold REAL_GET_TASKS; limiting output
01-06 00:58:48.862 W/ActivityManager(  418): getRunningAppProcesses: caller 10080 does not hold REAL_GET_TASKS; limiting output
01-06 00:58:50.393 W/ActivityManager(  418): getTasks: caller 10080 does not hold REAL_GET_TASKS; limiting output
01-06 00:58:50.419 W/ActivityManager(  418): getRunningAppProcesses: caller 10080 does not hold REAL_GET_TASKS; limiting output
01-06 00:58:51.683 W/ActivityManager(  418): getRunningAppProcesses: caller 10093 does not hold REAL_GET_TASKS; limiting output
01-06 00:58:51.980 W/ActivityManager(  418): getTasks: caller 10080 does not hold REAL_GET_TASKS; limiting output
01-06 00:58:51.999 W/ActivityManager(  418): getRunningAppProcesses: caller 10080 does not hold REAL_GET_TASKS; limiting output
01-06 00:58:52.436 E/WifiStateMachine(  418): WifiStateMachine CMD_START_SCAN source -2 txSuccessRate=3.28 rxSuccessRate=2.64 targetRoamBSSID=30:85:a9:8a:4e:6c RSSI=-50
01-06 00:58:52.436 E/WifiStateMachine(  418): WifiStateMachine starting scan for "Sigma-HDI-TEST"WPA_PSK with 2412
01-06 00:58:53.513 W/ActivityManager(  418): getTasks: caller 10080 does not hold REAL_GET_TASKS; limiting output
01-06 00:58:53.532 W/ActivityManager(  418): getRunningAppProcesses: caller 10080 does not hold REAL_GET_TASKS; limiting output
01-06 00:58:54.760 W/ActivityManager(  418): getRunningAppProcesses: caller 10093 does not hold REAL_GET_TASKS; limiting output
01-06 00:58:55.103 W/ActivityManager(  418): getTasks: caller 10080 does not hold REAL_GET_TASKS; limiting output
01-06 00:58:55.124 W/ActivityManager(  418): getRunningAppProcesses: caller 10080 does not hold REAL_GET_TASKS; limiting output
01-06 00:58:56.690 W/ActivityManager(  418): getTasks: caller 10080 does not hold REAL_GET_TASKS; limiting output
01-06 00:58:56.712 W/ActivityManager(  418): getRunningAppProcesses: caller 10080 does not hold REAL_GET_TASKS; limiting output
01-06 00:58:57.395 V/WindowManager(  418): not Base app: Adding window Window{3c7803b2 u0 Press back to cancel} at 6 of 12
01-06 00:58:57.422 D/mali_winsys( 4785): new_window_surface returns 0x3000
01-06 00:58:57.815 W/ActivityManager(  418): getRunningAppProcesses: caller 10093 does not hold REAL_GET_TASKS; limiting output
01-06 00:58:58.287 W/ActivityManager(  418): getTasks: caller 10080 does not hold REAL_GET_TASKS; limiting output
01-06 00:58:58.301 W/ActivityManager(  418): getRunningAppProcesses: caller 10080 does not hold REAL_GET_TASKS; limiting output
01-06 00:58:59.814 I/wpa_supplicant(  905): P2P-DEVICE-FOUND 12:68:3f:70:d2:71 p2p_dev_addr=12:68:3f:70:d2:71 pri_dev_type=10-0050F204-5 name='Sink_d271' config_methods=0x188 dev_capab=0x25 group_capab=0x0 wfd_dev_info=0x00101c440032
01-06 00:58:59.837 D/P2pBroadcastReceiver( 4785): P2P peers changed
01-06 00:58:59.867 W/ActivityManager(  418): getTasks: caller 10080 does not hold REAL_GET_TASKS; limiting output
01-06 00:58:59.872 D/DeviceListFragment( 4785): Peer status :3
01-06 00:58:59.884 W/InputMethodManagerService(  418): Window already focused, ignoring focus gain of: com.android.internal.view.IInputMethodClient$Stub$Proxy@9ccd9d6 attribute=null, token = android.os.BinderProxy@31e45fcf
01-06 00:58:59.890 W/ActivityManager(  418): getRunningAppProcesses: caller 10080 does not hold REAL_GET_TASKS; limiting output
01-06 00:59:00.878 W/ActivityManager(  418): getRunningAppProcesses: caller 10093 does not hold REAL_GET_TASKS; limiting output
01-06 00:59:01.025 I/wpa_supplicant(  905): P2P-FIND-STOPPED 
01-06 00:59:01.033 I/wpa_supplicant(  905): rfkill: Cannot open RFKILL control device
01-06 00:59:01.088 E/wpa_supplicant(  905): Using interface p2p-p2p0-7 with hwaddr be:20:a4:7a:b4:0c and ssid "DIRECT-GL-Sink9681"
01-06 00:59:01.137 I/wpa_supplicant(  905): p2p-p2p0-7: interface state UNINITIALIZED->ENABLED
01-06 00:59:01.137 I/wpa_supplicant(  905): p2p-p2p0-7: AP-ENABLED 
01-06 00:59:01.137 I/wpa_supplicant(  905): p2p-p2p0-7: CTRL-EVENT-CONNECTED - Connection to be:20:a4:7a:b4:0c completed [id=0 id_str=]
01-06 00:59:01.139 I/wpa_supplicant(  905): P2P-GROUP-STARTED p2p-p2p0-7 GO ssid="DIRECT-GL-Sink9681" freq=2412 go_dev_addr=be:20:a4:7a:34:0c [PERSISTENT]
01-06 00:59:01.142 D/CommandListener(  127): Setting iface cfg
01-06 00:59:01.144 D/CommandListener(  127): Trying to bring up p2p-p2p0-7
01-06 00:59:01.147 D/TetherController(  127): tetherInterface(p2p-p2p0-7)
01-06 00:59:01.170 D/TetherController(  127): Starting tethering services
01-06 00:59:01.171 D/TetherController(  127): Sending update msg to dnsmasq [update_ifaces:p2p-p2p0-7]
01-06 00:59:01.171 D/TetherController(  127): Tethering services running
01-06 00:59:01.172 D/WifiP2pService(  418): Started Dhcp server on p2p-p2p0-7
01-06 00:59:01.179 I/dnsmasq ( 5793): started, version 2.51 cachesize 150
01-06 00:59:01.179 I/dnsmasq ( 5793): compile time options: no-IPv6 GNU-getopt no-DBus no-I18N DHCP no-scripts no-TFTP
01-06 00:59:01.179 W/dnsmasq ( 5793): warning: no upstream servers configured
01-06 00:59:01.179 I/dnsmasq ( 5793): DHCP, IP range 192.168.49.2 -- 192.168.49.254, lease time 1h
01-06 00:59:01.179 I/dnsmasq ( 5793): DHCP, IP range 192.168.48.2 -- 192.168.48.254, lease time 1h
01-06 00:59:01.179 I/dnsmasq ( 5793): DHCP, IP range 192.168.47.2 -- 192.168.47.254, lease time 1h
01-06 00:59:01.179 I/dnsmasq ( 5793): DHCP, IP range 192.168.46.2 -- 192.168.46.254, lease time 1h
01-06 00:59:01.179 I/dnsmasq ( 5793): DHCP, IP range 192.168.45.2 -- 192.168.45.254, lease time 1h
01-06 00:59:01.179 I/dnsmasq ( 5793): DHCP, IP range 192.168.44.2 -- 192.168.44.254, lease time 1h
01-06 00:59:01.179 I/dnsmasq ( 5793): DHCP, IP range 192.168.43.2 -- 192.168.43.254, lease time 1h
01-06 00:59:01.179 I/dnsmasq ( 5793): DHCP, IP range 192.168.42.2 -- 192.168.42.254, lease time 1h
01-06 00:59:01.179 I/dnsmasq ( 5793): read /etc/hosts - 1 addresses
01-06 00:59:01.182 D/P2pBroadcastReceiver( 4785): P2p this device changed
01-06 00:59:01.182 D/DeviceListFragment( 4785): Peer status :0
01-06 00:59:01.444 W/ActivityManager(  418): getTasks: caller 10080 does not hold REAL_GET_TASKS; limiting output
01-06 00:59:01.464 W/ActivityManager(  418): getRunningAppProcesses: caller 10080 does not hold REAL_GET_TASKS; limiting output
01-06 00:59:01.599 I/wpa_supplicant(  905): p2p-p2p0-7: AP-STA-CONNECTED 12:68:3f:70:52:71 p2p_dev_addr=12:68:3f:70:d2:71
01-06 00:59:01.602 I/wpa_supplicant(  905): AP-STA-CONNECTED 12:68:3f:70:52:71 p2p_dev_addr=12:68:3f:70:d2:71
01-06 00:59:01.606 D/P2pBroadcastReceiver( 4785): P2P peers changed
01-06 00:59:01.607 D/P2pBroadcastReceiver( 4785): P2p connection changed: 
01-06 00:59:01.607 D/P2pBroadcastReceiver( 4785): ExtraInfo:null
01-06 00:59:01.607 D/P2pBroadcastReceiver( 4785): Reason:null
01-06 00:59:01.607 D/P2pBroadcastReceiver( 4785): Subtype:0
01-06 00:59:01.607 D/P2pBroadcastReceiver( 4785): SubtypeName:
01-06 00:59:01.607 D/P2pBroadcastReceiver( 4785): Type:13
01-06 00:59:01.607 D/P2pBroadcastReceiver( 4785): TypeName:WIFI_P2P
01-06 00:59:01.607 D/P2pBroadcastReceiver( 4785): isAvaliable:true
01-06 00:59:01.607 D/P2pBroadcastReceiver( 4785): isConnected:true
01-06 00:59:01.607 D/P2pBroadcastReceiver( 4785): P2p group information: 
01-06 00:59:01.607 D/P2pBroadcastReceiver( 4785): GroupOwner:true
01-06 00:59:01.607 D/P2pBroadcastReceiver( 4785): NetworkName:DIRECT-GL-Sink9681
01-06 00:59:01.607 D/P2pBroadcastReceiver( 4785): WifiP2pDevice information
01-06 00:59:01.607 D/P2pBroadcastReceiver( 4785): deviceAddress:12:68:3f:70:d2:71
01-06 00:59:01.607 D/P2pBroadcastReceiver( 4785): GroupOwner:false
01-06 00:59:01.607 D/P2pBroadcastReceiver( 4785): devicename:Sink_d271
01-06 00:59:01.607 D/P2pBroadcastReceiver( 4785): primaryDeviceType:10-0050F204-5
01-06 00:59:01.607 D/P2pBroadcastReceiver( 4785): secondaryDeviceType:null
01-06 00:59:01.607 D/P2pBroadcastReceiver( 4785): wpsDisplaySupported:true
01-06 00:59:01.932 I/dnsmasq ( 5793): DHCPDISCOVER(p2p-p2p0-7) 12:68:3f:70:52:71 
01-06 00:59:01.932 I/dnsmasq ( 5793): DHCPOFFER(p2p-p2p0-7) 192.168.49.73 12:68:3f:70:52:71 
01-06 00:59:01.962 I/dnsmasq ( 5793): DHCPREQUEST(p2p-p2p0-7) 192.168.49.73 12:68:3f:70:52:71 
01-06 00:59:01.962 I/dnsmasq ( 5793): DHCPACK(p2p-p2p0-7) 192.168.49.73 12:68:3f:70:52:71 android-116e786c10c4d60c
01-06 00:59:02.620 I/WifiDisplayActivity( 4785): VALID   192.168.49.73:7236
01-06 00:59:02.627 I/ActivityManager(  418): START u0 {cmp=com.example.android.wifidisplay/.SinkPlayerActivity (has extras)} from uid 10094 on display 0
01-06 00:59:02.638 V/WindowManager(  418): addAppToken: AppWindowToken{2251542d token=Token{19582b44 ActivityRecord{281c2457 u0 com.example.android.wifidisplay/.SinkPlayerActivity t210}}} to stack=1 task=210 at 1
01-06 00:59:02.653 D/DeviceListFragment( 4785): Peer status :0
01-06 00:59:02.665 D/SinkPlayerActivity( 4785): Source connection information: 
01-06 00:59:02.665 D/SinkPlayerActivity( 4785): control port: 7236
01-06 00:59:02.668 V/WindowManager(  418): Adding window Window{3254aef3 u0 com.example.android.wifidisplay/com.example.android.wifidisplay.SinkPlayerActivity} at 6 of 12 (after Window{3c880d5c u0 com.example.android.wifidisplay/com.example.android.wifidisplay.WiFiDisplayActivity})
01-06 00:59:02.690 D/mali_winsys( 4785): new_window_surface returns 0x3000
01-06 00:59:02.694 V/WindowManager(  418): Adding window Window{59c0629 u0 SurfaceView} at 6 of 13 (before Window{3254aef3 u0 com.example.android.wifidisplay/com.example.android.wifidisplay.SinkPlayerActivity})
01-06 00:59:02.700 D/SinkPlayerActivity( 4785): Surface changed: 
01-06 00:59:02.700 D/SinkPlayerActivity( 4785): width  2304
01-06 00:59:02.700 D/SinkPlayerActivity( 4785): height 1440
01-06 00:59:02.700 D/SinkPlayerActivity( 4785): format 2
01-06 00:59:02.719 I/ActivityManager(  418): Displayed com.example.android.wifidisplay/.SinkPlayerActivity: +74ms
01-06 00:59:03.031 W/ActivityManager(  418): getTasks: caller 10080 does not hold REAL_GET_TASKS; limiting output
01-06 00:59:03.038 W/ActivityManager(  418): getRunningAppProcesses: caller 10080 does not hold REAL_GET_TASKS; limiting output
01-06 00:59:03.665 I/SinkPlayerActivity( 4785): Starting Sink Player with 192.168.49.73:7236
01-06 00:59:03.677 I/NetworkSession( 4785): connecting socket 41 to 192.168.49.73:7236
01-06 00:59:03.709 I/WifiDisplaySink( 4785): ==============kWhatConnected===============
01-06 00:59:03.709 I/WifiDisplaySink( 4785): We're now connected.
01-06 00:59:03.722 D/NetworkSession( 4785): 000   receive 142 142:
01-06 00:59:03.722 D/NetworkSession( 4785): OPTIONS * RTSP/1.0
01-06 00:59:03.722 D/NetworkSession( 4785): Date: Wed, 06 Jan 2016 23:58:53 +0000
01-06 00:59:03.722 D/NetworkSession( 4785): Server: stagefright/1.2 (Linux;Android 5.1.1)
01-06 00:59:03.722 D/NetworkSession( 4785): CSeq: 1
01-06 00:59:03.722 D/NetworkSession( 4785): Require: org.wfa.wfd1.0
01-06 00:59:03.722 D/NetworkSession( 4785): 
01-06 00:59:03.722 D/NetworkSession( 4785): 
01-06 00:59:03.723 I/WifiDisplaySink( 4785): ==============kWhatData===============
01-06 00:59:03.723 W/WifiDisplaySink( 4785): session 1 received 'OPTIONS * RTSP/1.0
01-06 00:59:03.723 W/WifiDisplaySink( 4785): cseq: 1
01-06 00:59:03.723 W/WifiDisplaySink( 4785): date: Wed, 06 Jan 2016 23:58:53 +0000
01-06 00:59:03.723 W/WifiDisplaySink( 4785): require: org.wfa.wfd1.0
01-06 00:59:03.723 W/WifiDisplaySink( 4785): server: stagefright/1.2 (Linux;Android 5.1.1)
01-06 00:59:03.723 W/WifiDisplaySink( 4785): 
01-06 00:59:03.723 W/WifiDisplaySink( 4785): '
01-06 00:59:03.725 D/NetworkSession( 4785): 111  send 170 170:
01-06 00:59:03.725 D/NetworkSession( 4785): RTSP/1.0 200 OK
01-06 00:59:03.725 D/NetworkSession( 4785): Date: Wed, 06 Jan 2016 08:59:03 +0000
01-06 00:59:03.725 D/NetworkSession( 4785): User-Agent: stagefright/1.1 (Linux;Android 4.1)
01-06 00:59:03.725 D/NetworkSession( 4785): CSeq: 1
01-06 00:59:03.725 D/NetworkSession( 4785): Public: org.wfa.wfd1.0, GET_PARAMETER, SET_PARAMETER
01-06 00:59:03.725 D/NetworkSession( 4785): 
01-06 00:59:03.725 D/NetworkSession( 4785): 
01-06 00:59:03.725 D/WifiDisplaySink( 4785): call sendM2
01-06 00:59:03.726 D/NetworkSession( 4785): 111  send 144 144:
01-06 00:59:03.726 D/NetworkSession( 4785): OPTIONS * RTSP/1.0
01-06 00:59:03.726 D/NetworkSession( 4785): Date: Wed, 06 Jan 2016 08:59:03 +0000
01-06 00:59:03.726 D/NetworkSession( 4785): User-Agent: stagefright/1.1 (Linux;Android 4.1)
01-06 00:59:03.726 D/NetworkSession( 4785): CSeq: 1
01-06 00:59:03.726 D/NetworkSession( 4785): Require: org.wfa.wfd1.0
01-06 00:59:03.726 D/NetworkSession( 4785): 
01-06 00:59:03.726 D/NetworkSession( 4785): 
01-06 00:59:03.759 D/NetworkSession( 4785): 000   receive 198 198:
