01-06 00:59:03.759 D/NetworkSession( 4785): RTSP/1.0 200 OK
01-06 00:59:03.759 D/NetworkSession( 4785): Date: Wed, 06 Jan 2016 23:58:53 +0000
01-06 00:59:03.759 D/NetworkSession( 4785): Server: stagefright/1.2 (Linux;Android 5.1.1)
01-06 00:59:03.759 D/NetworkSession( 4785): CSeq: 1
01-06 00:59:03.759 D/NetworkSession( 4785): Public: org.wfa.wfd1.0, SETUP, TEARDOWN, PLAY, PAUSE, GET_PARAMETER, SET_PARAMETER
01-06 00:59:03.759 D/NetworkSession( 4785): 
01-06 00:59:03.759 D/NetworkSession( 4785): 
01-06 00:59:03.759 I/WifiDisplaySink( 4785): ==============kWhatData===============
01-06 00:59:03.760 W/WifiDisplaySink( 4785): session 1 received 'RTSP/1.0 200 OK
01-06 00:59:03.760 W/WifiDisplaySink( 4785): cseq: 1
01-06 00:59:03.760 W/WifiDisplaySink( 4785): date: Wed, 06 Jan 2016 23:58:53 +0000
01-06 00:59:03.760 W/WifiDisplaySink( 4785): public: org.wfa.wfd1.0, SETUP, TEARDOWN, PLAY, PAUSE, GET_PARAMETER, SET_PARAMETER
01-06 00:59:03.760 W/WifiDisplaySink( 4785): server: stagefright/1.2 (Linux;Android 5.1.1)
01-06 00:59:03.760 W/WifiDisplaySink( 4785): 
01-06 00:59:03.760 W/WifiDisplaySink( 4785): '
01-06 00:59:03.760 D/WifiDisplaySink( 4785): onReceiveM2Response
01-06 00:59:03.760 W/WifiDisplaySink( 4785): the session id is 1, resule: 0
01-06 00:59:03.800 D/NetworkSession( 4785): 000   receive 279 279:
01-06 00:59:03.800 D/NetworkSession( 4785): GET_PARAMETER rtsp://localhost/wfd1.0 RTSP/1.0
01-06 00:59:03.800 D/NetworkSession( 4785): Date: Wed, 06 Jan 2016 23:58:53 +0000
01-06 00:59:03.800 D/NetworkSession( 4785): Server: stagefright/1.2 (Linux;Android 5.1.1)
01-06 00:59:03.800 D/NetworkSession( 4785): CSeq: 2
01-06 00:59:03.800 D/NetworkSession( 4785): Content-Type: text/parameters
01-06 00:59:03.800 D/NetworkSession( 4785): Content-Length: 83
01-06 00:59:03.800 D/NetworkSession( 4785): 
01-06 00:59:03.800 D/NetworkSession( 4785): wfd_content_protection
01-06 00:59:03.800 D/NetworkSession( 4785): wfd_video_formats
01-06 00:59:03.800 D/NetworkSession( 4785): wfd_audio_codecs
01-06 00:59:03.800 D/NetworkSession( 4785): wfd_client_rtp_ports
01-06 00:59:03.800 D/NetworkSession( 4785): 
01-06 00:59:03.802 I/WifiDisplaySink( 4785): ==============kWhatData===============
01-06 00:59:03.802 W/WifiDisplaySink( 4785): session 1 received 'GET_PARAMETER rtsp://localhost/wfd1.0 RTSP/1.0
01-06 00:59:03.802 W/WifiDisplaySink( 4785): content-length: 83
01-06 00:59:03.802 W/WifiDisplaySink( 4785): content-type: text/parameters
01-06 00:59:03.802 W/WifiDisplaySink( 4785): cseq: 2
01-06 00:59:03.802 W/WifiDisplaySink( 4785): date: Wed, 06 Jan 2016 23:58:53 +0000
01-06 00:59:03.802 W/WifiDisplaySink( 4785): server: stagefright/1.2 (Linux;Android 5.1.1)
01-06 00:59:03.802 W/WifiDisplaySink( 4785): 
01-06 00:59:03.802 W/WifiDisplaySink( 4785): wfd_content_protection
01-06 00:59:03.802 W/WifiDisplaySink( 4785): wfd_video_formats
01-06 00:59:03.802 W/WifiDisplaySink( 4785): wfd_audio_codecs
01-06 00:59:03.802 W/WifiDisplaySink( 4785): wfd_client_rtp_ports
01-06 00:59:03.802 W/WifiDisplaySink( 4785): '
01-06 00:59:03.804 D/NetworkSession( 4785): 111  send 495 495:
01-06 00:59:03.804 D/NetworkSession( 4785): RTSP/1.0 200 OK
01-06 00:59:03.804 D/NetworkSession( 4785): Date: Wed, 06 Jan 2016 08:59:03 +0000
01-06 00:59:03.804 D/NetworkSession( 4785): User-Agent: stagefright/1.1 (Linux;Android 4.1)
01-06 00:59:03.804 D/NetworkSession( 4785): CSeq: 2
01-06 00:59:03.804 D/NetworkSession( 4785): Content-Type: text/parameters
01-06 00:59:03.804 D/NetworkSession( 4785): Content-Length: 327
01-06 00:59:03.804 D/NetworkSession( 4785): 
01-06 00:59:03.804 D/NetworkSession( 4785): wfd_video_formats: 78 00 02 02 000194ab 00000000 00000000 00 0000 0000 00 none none
01-06 00:59:03.804 D/NetworkSession( 4785): wfd_audio_codecs: LPCM 00000003 00
01-06 00:59:03.804 D/NetworkSession( 4785): wfd_content_protection: none
01-06 00:59:03.804 D/NetworkSession( 4785): wfd_coupled_sink: 00 none
01-06 00:59:03.804 D/NetworkSession( 4785): wfd_uibc_capability: none
01-06 00:59:03.804 D/NetworkSession( 4785): wfd_standby_resume_capability: none
01-06 00:59:03.804 D/NetworkSession( 4785): wfd_lg_dlna_uuid: none
01-06 00:59:03.804 D/NetworkSession( 4785): wfd_client_rtp_ports: RTP/AVP/UDP;unicast 15550 0 mode=play
01-06 00:59:03.804 D/NetworkSession( 4785): 
01-06 00:59:03.818 D/NetworkSession( 4785): 000   receive 446 446:
01-06 00:59:03.818 D/NetworkSession( 4785): SET_PARAMETER rtsp://localhost/wfd1.0 RTSP/1.0
01-06 00:59:03.818 D/NetworkSession( 4785): Date: Wed, 06 Jan 2016 23:58:53 +0000
01-06 00:59:03.818 D/NetworkSession( 4785): Server: stagefright/1.2 (Linux;Android 5.1.1)
01-06 00:59:03.818 D/NetworkSession( 4785): CSeq: 3
01-06 00:59:03.818 D/NetworkSession( 4785): Content-Type: text/parameters
01-06 00:59:03.818 D/NetworkSession( 4785): Content-Length: 249
01-06 00:59:03.818 D/NetworkSession( 4785): 
01-06 00:59:03.818 D/NetworkSession( 4785): wfd_video_formats: 00 00 02 02 00000020 00000000 00000000 00 0000 0000 00 none none
01-06 00:59:03.818 D/NetworkSession( 4785): wfd_audio_codecs: LPCM 00000002 00
01-06 00:59:03.818 D/NetworkSession( 4785): wfd_presentation_URL: rtsp://192.168.49.73/wfd1.0/streamid=0 none
01-06 00:59:03.818 D/NetworkSession( 4785): wfd_client_rtp_ports: RTP/AVP/UDP;unicast 15550 0 mode=play
01-06 00:59:03.818 D/NetworkSession( 4785): 
01-06 00:59:03.818 I/WifiDisplaySink( 4785): ==============kWhatData===============
01-06 00:59:03.819 W/WifiDisplaySink( 4785): session 1 received 'SET_PARAMETER rtsp://localhost/wfd1.0 RTSP/1.0
01-06 00:59:03.819 W/WifiDisplaySink( 4785): content-length: 249
01-06 00:59:03.819 W/WifiDisplaySink( 4785): content-type: text/parameters
01-06 00:59:03.819 W/WifiDisplaySink( 4785): cseq: 3
01-06 00:59:03.819 W/WifiDisplaySink( 4785): date: Wed, 06 Jan 2016 23:58:53 +0000
01-06 00:59:03.819 W/WifiDisplaySink( 4785): server: stagefright/1.2 (Linux;Android 5.1.1)
01-06 00:59:03.819 W/WifiDisplaySink( 4785): 
01-06 00:59:03.819 W/WifiDisplaySink( 4785): wfd_video_formats: 00 00 02 02 00000020 00000000 00000000 00 0000 0000 00 none none
01-06 00:59:03.819 W/WifiDisplaySink( 4785): wfd_audio_codecs: LPCM 00000002 00
01-06 00:59:03.819 W/WifiDisplaySink( 4785): wfd_presentation_URL: rtsp://192.168.49.73/wfd1.0/streamid=0 none
01-06 00:59:03.819 W/WifiDisplaySink( 4785): wfd_client_rtp_ports: RTP/AVP/UDP;unicast 15550 0 mode=play
01-06 00:59:03.819 W/WifiDisplaySink( 4785): '
01-06 00:59:03.819 D/WifiDisplaySink( 4785): onSetParameterRequest
01-06 00:59:03.820 D/NetworkSession( 4785): 111  send 116 116:
01-06 00:59:03.820 D/NetworkSession( 4785): RTSP/1.0 200 OK
01-06 00:59:03.820 D/NetworkSession( 4785): Date: Wed, 06 Jan 2016 08:59:03 +0000
01-06 00:59:03.820 D/NetworkSession( 4785): User-Agent: stagefright/1.1 (Linux;Android 4.1)
01-06 00:59:03.820 D/NetworkSession( 4785): CSeq: 3
01-06 00:59:03.820 D/NetworkSession( 4785): 
01-06 00:59:03.820 D/NetworkSession( 4785): 
01-06 00:59:03.829 D/NetworkSession( 4785): 000   receive 223 223:
01-06 00:59:03.829 D/NetworkSession( 4785): SET_PARAMETER rtsp://localhost/wfd1.0 RTSP/1.0
01-06 00:59:03.829 D/NetworkSession( 4785): Date: Wed, 06 Jan 2016 23:58:53 +0000
01-06 00:59:03.829 D/NetworkSession( 4785): Server: stagefright/1.2 (Linux;Android 5.1.1)
01-06 00:59:03.829 D/NetworkSession( 4785): CSeq: 4
01-06 00:59:03.829 D/NetworkSession( 4785): Content-Type: text/parameters
01-06 00:59:03.829 D/NetworkSession( 4785): Content-Length: 27
01-06 00:59:03.829 D/NetworkSession( 4785): 
01-06 00:59:03.829 D/NetworkSession( 4785): wfd_trigger_method: SETUP
01-06 00:59:03.829 D/NetworkSession( 4785): 
01-06 00:59:03.829 I/WifiDisplaySink( 4785): ==============kWhatData===============
01-06 00:59:03.830 W/WifiDisplaySink( 4785): session 1 received 'SET_PARAMETER rtsp://localhost/wfd1.0 RTSP/1.0
01-06 00:59:03.830 W/WifiDisplaySink( 4785): content-length: 27
01-06 00:59:03.830 W/WifiDisplaySink( 4785): content-type: text/parameters
01-06 00:59:03.830 W/WifiDisplaySink( 4785): cseq: 4
01-06 00:59:03.830 W/WifiDisplaySink( 4785): date: Wed, 06 Jan 2016 23:58:53 +0000
01-06 00:59:03.830 W/WifiDisplaySink( 4785): server: stagefright/1.2 (Linux;Android 5.1.1)
01-06 00:59:03.830 W/WifiDisplaySink( 4785): 
01-06 00:59:03.830 W/WifiDisplaySink( 4785): wfd_trigger_method: SETUP
01-06 00:59:03.830 W/WifiDisplaySink( 4785): '
01-06 00:59:03.830 D/WifiDisplaySink( 4785): onSetParameterRequest
01-06 00:59:03.830 D/WifiDisplaySink( 4785): sendSetup
01-06 00:59:03.830 I/NetworkSession( 4785): ================kModeCreateUDPSession=====bind local port=========
01-06 00:59:03.830 I/NetworkSession( 4785): ================kModeCreateUDPSession================
01-06 00:59:03.831 I/NetworkSession( 4785): ================kModeCreateUDPSession=====bind local port=========
01-06 00:59:03.831 I/NetworkSession( 4785): ================kModeCreateUDPSession================
01-06 00:59:03.832 D/NetworkSession( 4785): 111  send 191 191:
01-06 00:59:03.832 D/NetworkSession( 4785): SETUP rtsp:///wfd1.0/streamid=0 RTSP/1.0
01-06 00:59:03.832 D/NetworkSession( 4785): Date: Wed, 06 Jan 2016 08:59:03 +0000
01-06 00:59:03.832 D/NetworkSession( 4785): User-Agent: stagefright/1.1 (Linux;Android 4.1)
01-06 00:59:03.832 D/NetworkSession( 4785): CSeq: 2
01-06 00:59:03.832 D/NetworkSession( 4785): Transport: RTP/AVP/UDP;unicast;client_port=15550
01-06 00:59:03.832 D/NetworkSession( 4785): 
01-06 00:59:03.832 D/NetworkSession( 4785): 
01-06 00:59:03.833 D/NetworkSession( 4785): 111  send 116 116:
01-06 00:59:03.833 D/NetworkSession( 4785): RTSP/1.0 200 OK
01-06 00:59:03.833 D/NetworkSession( 4785): Date: Wed, 06 Jan 2016 08:59:03 +0000
01-06 00:59:03.833 D/NetworkSession( 4785): User-Agent: stagefright/1.1 (Linux;Android 4.1)
01-06 00:59:03.833 D/NetworkSession( 4785): CSeq: 4
01-06 00:59:03.833 D/NetworkSession( 4785): 
01-06 00:59:03.833 D/NetworkSession( 4785): 
01-06 00:59:03.903 D/NetworkSession( 4785): 000   receive 214 214:
01-06 00:59:03.903 D/NetworkSession( 4785): RTSP/1.0 200 OK
01-06 00:59:03.903 D/NetworkSession( 4785): Date: Wed, 06 Jan 2016 23:58:53 +0000
01-06 00:59:03.903 D/NetworkSession( 4785): Server: stagefright/1.2 (Linux;Android 5.1.1)
01-06 00:59:03.903 D/NetworkSession( 4785): CSeq: 2
01-06 00:59:03.903 D/NetworkSession( 4785): Session: 1176730426;timeout=30
01-06 00:59:03.903 D/NetworkSession( 4785): Transport: RTP/AVP/UDP;unicast;client_port=15550;server_port=14340
01-06 00:59:03.903 D/NetworkSession( 4785): 
01-06 00:59:03.903 D/NetworkSession( 4785): 
01-06 00:59:03.903 I/WifiDisplaySink( 4785): ==============kWhatData===============
01-06 00:59:03.903 W/WifiDisplaySink( 4785): session 1 received 'RTSP/1.0 200 OK
01-06 00:59:03.903 W/WifiDisplaySink( 4785): cseq: 2
01-06 00:59:03.903 W/WifiDisplaySink( 4785): date: Wed, 06 Jan 2016 23:58:53 +0000
01-06 00:59:03.903 W/WifiDisplaySink( 4785): server: stagefright/1.2 (Linux;Android 5.1.1)
01-06 00:59:03.903 W/WifiDisplaySink( 4785): session: 1176730426;timeout=30
01-06 00:59:03.903 W/WifiDisplaySink( 4785): transport: RTP/AVP/UDP;unicast;client_port=15550;server_port=14340
01-06 00:59:03.903 W/WifiDisplaySink( 4785): 
01-06 00:59:03.903 W/WifiDisplaySink( 4785): '
01-06 00:59:03.903 D/WifiDisplaySink( 4785): onReceiveSetupResponse
01-06 00:59:03.903 E/WifiDisplaySink( 4785): ===========onReceiveSetupResponse============
01-06 00:59:03.903 D/WifiDisplaySink( 4785): configureTransport
01-06 00:59:03.903 D/WifiDisplaySink( 4785): sendPlay
01-06 00:59:03.904 W/WifiDisplaySink( 4785): the session id is 1, resule: 0
01-06 00:59:03.904 D/NetworkSession( 4785): 111  send 161 161:
01-06 00:59:03.904 D/NetworkSession( 4785): PLAY rtsp:///wfd1.0/streamid=0 RTSP/1.0
01-06 00:59:03.904 D/NetworkSession( 4785): Date: Wed, 06 Jan 2016 08:59:03 +0000
01-06 00:59:03.904 D/NetworkSession( 4785): User-Agent: stagefright/1.1 (Linux;Android 4.1)
01-06 00:59:03.904 D/NetworkSession( 4785): CSeq: 3
01-06 00:59:03.904 D/NetworkSession( 4785): Session: 1176730426
01-06 00:59:03.904 D/NetworkSession( 4785): 
01-06 00:59:03.904 D/NetworkSession( 4785): 
01-06 00:59:03.910 D/NetworkSession( 4785): 000   receive 163 163:
01-06 00:59:03.910 D/NetworkSession( 4785): RTSP/1.0 200 OK
01-06 00:59:03.910 D/NetworkSession( 4785): Date: Wed, 06 Jan 2016 23:58:53 +0000
01-06 00:59:03.910 D/NetworkSession( 4785): Server: stagefright/1.2 (Linux;Android 5.1.1)
01-06 00:59:03.910 D/NetworkSession( 4785): CSeq: 3
01-06 00:59:03.910 D/NetworkSession( 4785): Session: 1176730426;timeout=30
01-06 00:59:03.910 D/NetworkSession( 4785): Range: npt=now-
01-06 00:59:03.910 D/NetworkSession( 4785): 
01-06 00:59:03.910 D/NetworkSession( 4785): 
01-06 00:59:03.910 I/WifiDisplaySink( 4785): ==============kWhatData===============
01-06 00:59:03.910 W/WifiDisplaySink( 4785): session 1 received 'RTSP/1.0 200 OK
01-06 00:59:03.910 W/WifiDisplaySink( 4785): cseq: 3
01-06 00:59:03.910 W/WifiDisplaySink( 4785): date: Wed, 06 Jan 2016 23:58:53 +0000
01-06 00:59:03.910 W/WifiDisplaySink( 4785): range: npt=now-
01-06 00:59:03.910 W/WifiDisplaySink( 4785): server: stagefright/1.2 (Linux;Android 5.1.1)
01-06 00:59:03.910 W/WifiDisplaySink( 4785): session: 1176730426;timeout=30
01-06 00:59:03.910 W/WifiDisplaySink( 4785): 
01-06 00:59:03.910 W/WifiDisplaySink( 4785): '
01-06 00:59:03.910 W/WifiDisplaySink( 4785): the session id is 1, resule: 0
01-06 00:59:03.950 W/ActivityManager(  418): getRunningAppProcesses: caller 10093 does not hold REAL_GET_TASKS; limiting output
01-06 00:59:04.015 I/RTPSink ( 4785): connecting RTP/RTCP sockets to 192.168.49.73:{14340,14341}
01-06 00:59:04.021 I/RTPSink ( 4785): =====OK=====connecting RTP sockets to 192.168.49.73:14340
01-06 00:59:04.024 I/RTPSink ( 4785): =====OK=====connecting RTCP sockets to 192.168.49.73:14341
01-06 00:59:04.025 I/RTPSink ( 4785): packet was 6.30 ms late
01-06 00:59:04.028 D/NuPlayerDriver(  130): start(0xb84b18e8)
01-06 00:59:04.028 W/NuPlayer(  130): Unknown video size, reporting 0x0!
01-06 00:59:04.028 I/TunnelRenderer( 4785): Notify 5, 0, 0
01-06 00:59:04.029 I/TunnelRenderer( 4785): Notify 200, 801, 0
01-06 00:59:04.030 I/TunnelRenderer( 4785): Fixing real-time now.
01-06 00:59:04.030 E/AMessage( 4785): This type of object cannot cross process boundaries.
01-06 00:59:04.030 F/AMessage( 4785): frameworks/av/media/libstagefright/foundation/AMessage.cpp:658 Should not be here.
01-06 00:59:04.030 F/libc    ( 4785): Fatal signal 6 (SIGABRT), code -6 in tid 4800 (Binder_2)
01-06 00:59:04.137 I/DEBUG   (  128): *** *** *** *** *** *** *** *** *** *** *** *** *** *** *** ***
01-06 00:59:04.145 I/DEBUG   (  128): Build fingerprint: 'google/mantaray/manta:5.1.1/LMY48T/2237560:user/release-keys'
01-06 00:59:04.146 I/DEBUG   (  128): Revision: '8'
01-06 00:59:04.147 I/DEBUG   (  128): ABI: 'arm'
01-06 00:59:04.149 I/DEBUG   (  128): pid: 4785, tid: 4800, name: Binder_2  >>> com.example.android.wifidisplay <<<
01-06 00:59:04.149 I/DEBUG   (  128): signal 6 (SIGABRT), code -6 (SI_TKILL), fault addr --------
01-06 00:59:04.178 I/DEBUG   (  128): Abort message: 'frameworks/av/media/libstagefright/foundation/AMessage.cpp:658 Should not be here.'
01-06 00:59:04.179 I/DEBUG   (  128):     r0 00000000  r1 000012c0  r2 00000006  r3 00000000
01-06 00:59:04.179 I/DEBUG   (  128):     r4 b40eedd8  r5 00000006  r6 00000000  r7 0000010c
01-06 00:59:04.179 I/DEBUG   (  128):     r8 00000001  r9 00000000  sl b865e980  fp ffffffb4
01-06 00:59:04.179 I/DEBUG   (  128):     ip 000012c0  sp b40ee660  lr b6ddfdb1  pc b6e06020  cpsr 600f0010
01-06 00:59:04.180 I/DEBUG   (  128): 
01-06 00:59:04.180 I/DEBUG   (  128): backtrace:
01-06 00:59:04.180 I/DEBUG   (  128):     #00 pc 0003d020  /system/lib/libc.so (tgkill+12)
01-06 00:59:04.180 I/DEBUG   (  128):     #01 pc 00016dad  /system/lib/libc.so (pthread_kill+52)
01-06 00:59:04.180 I/DEBUG   (  128):     #02 pc 000179bf  /system/lib/libc.so (raise+10)
01-06 00:59:04.180 I/DEBUG   (  128):     #03 pc 00014165  /system/lib/libc.so
01-06 00:59:04.180 I/DEBUG   (  128):     #04 pc 000124ec  /system/lib/libc.so (abort+4)
01-06 00:59:04.181 I/DEBUG   (  128):     #05 pc 00007b61  /system/lib/libcutils.so (__android_log_assert+88)
01-06 00:59:04.181 I/DEBUG   (  128):     #06 pc 0000d171  /system/lib/libstagefright_foundation.so (android::AMessage::writeToParcel(android::Parcel*) const+176)
01-06 00:59:04.181 I/DEBUG   (  128):     #07 pc 00060ddf  /system/lib/libmedia.so
01-06 00:59:04.181 I/DEBUG   (  128):     #08 pc 000156b9  /data/app/com.example.android.wifidisplay-1/lib/arm/libwfdsink.so (android::TunnelRenderer::StreamSource::doSomeWork()+164)
01-06 00:59:04.181 I/DEBUG   (  128):     #09 pc 000158c3  /data/app/com.example.android.wifidisplay-1/lib/arm/libwfdsink.so (android::TunnelRenderer::StreamSource::onBufferAvailable(unsigned int)+142)
01-06 00:59:04.181 I/DEBUG   (  128):     #10 pc 00061715  /system/lib/libmedia.so (android::BnStreamSource::onTransact(unsigned int, android::Parcel const&, android::Parcel*, unsigned int)+244)
01-06 00:59:04.181 I/DEBUG   (  128):     #11 pc 0001a6cd  /system/lib/libbinder.so (android::BBinder::transact(unsigned int, android::Parcel const&, android::Parcel*, unsigned int)+60)
01-06 00:59:04.181 I/DEBUG   (  128):     #12 pc 0001f77b  /system/lib/libbinder.so (android::IPCThreadState::executeCommand(int)+582)
01-06 00:59:04.182 I/DEBUG   (  128):     #13 pc 0001f89f  /system/lib/libbinder.so (android::IPCThreadState::getAndExecuteCommand()+38)
01-06 00:59:04.182 I/DEBUG   (  128):     #14 pc 0001f8e1  /system/lib/libbinder.so (android::IPCThreadState::joinThreadPool(bool)+48)
01-06 00:59:04.182 I/DEBUG   (  128):     #15 pc 00023a5f  /system/lib/libbinder.so
01-06 00:59:04.182 I/DEBUG   (  128):     #16 pc 00010519  /system/lib/libutils.so (android::Thread::_threadLoop(void*)+112)
01-06 00:59:04.182 I/DEBUG   (  128):     #17 pc 0005f839  /system/lib/libandroid_runtime.so (android::AndroidRuntime::javaThreadShell(void*)+72)
01-06 00:59:04.182 I/DEBUG   (  128):     #18 pc 00010089  /system/lib/libutils.so
01-06 00:59:04.182 I/DEBUG   (  128):     #19 pc 0001659b  /system/lib/libc.so
01-06 00:59:04.182 I/DEBUG   (  128):     #20 pc 000144c3  /system/lib/libc.so
01-06 00:59:04.588 W/ActivityManager(  418): getTasks: caller 10080 does not hold REAL_GET_TASKS; limiting output
01-06 00:59:04.592 W/ActivityManager(  418): getRunningAppProcesses: caller 10080 does not hold REAL_GET_TASKS; limiting output
01-06 00:59:04.614 W/ActivityManager(  418):   Force finishing activity 1 com.example.android.wifidisplay/.SinkPlayerActivity
01-06 00:59:04.614 I/DEBUG   (  128): 
01-06 00:59:04.614 I/DEBUG   (  128): Tombstone written to: /data/tombstones/tombstone_01
01-06 00:59:04.614 I/BootReceiver(  418): Copying /data/tombstones/tombstone_01 to DropBox (SYSTEM_TOMBSTONE)
01-06 00:59:04.663 D/NuPlayerDriver(  130): reset(0xb84b18e8)
01-06 00:59:04.663 D/WifiService(  418): Client connection lost with reason: 4
01-06 00:59:04.664 D/NuPlayerDriver(  130): notifyResetComplete(0xb84b18e8)
01-06 00:59:04.666 I/WindowState(  418): WIN DEATH: Window{3c880d5c u0 com.example.android.wifidisplay/com.example.android.wifidisplay.WiFiDisplayActivity}
01-06 00:59:04.668 I/WindowState(  418): WIN DEATH: Window{3254aef3 u0 com.example.android.wifidisplay/com.example.android.wifidisplay.SinkPlayerActivity}
01-06 00:59:04.669 I/WindowState(  418): WIN DEATH: Window{59c0629 u0 SurfaceView}
01-06 00:59:04.670 I/OpenGLRenderer(  418): Initialized EGL, version 1.4
01-06 00:59:04.672 D/mali_winsys(  418): new_window_surface returns 0x3000
01-06 00:59:04.696 I/Zygote  (  136): Process 4785 exited due to signal (6)
01-06 00:59:04.700 D/mali_winsys(  418): new_window_surface returns 0x3000
01-06 00:59:04.720 I/ActivityManager(  418): Process com.example.android.wifidisplay (pid 4785) has died
01-06 00:59:04.731 V/WindowManager(  418): Adding window Window{1a2d3b0e u0 Starting com.example.android.wifidisplay} at 5 of 14 (before Window{59c0629 u0 SurfaceView EXITING})
01-06 00:59:04.769 I/ActivityManager(  418): Start proc 5838:com.example.android.wifidisplay/u0a94 for activity com.example.android.wifidisplay/.WiFiDisplayActivity
01-06 00:59:04.771 I/art     ( 5838): Late-enabling -Xcheck:jni
01-06 00:59:04.891 D/DeviceDetailFragment( 5838): onActivityCreated is invoked
01-06 00:59:04.957 D/WifiService(  418): New client listening to asynchronous messages
01-06 00:59:04.968 D/OpenGLRenderer( 5838): Use EGL_SWAP_BEHAVIOR_PRESERVED: true
01-06 00:59:04.972 D/Atlas   ( 5838): Validating map...
01-06 00:59:04.978 V/WindowManager(  418): Adding window Window{1dd0a79 u0 com.example.android.wifidisplay/com.example.android.wifidisplay.WiFiDisplayActivity} at 5 of 13 (before Window{1a2d3b0e u0 Starting com.example.android.wifidisplay})
01-06 00:59:04.982 D/P2pBroadcastReceiver( 5838): P2P state changed: 2
01-06 00:59:04.984 D/P2pBroadcastReceiver( 5838): P2p connection changed: 
01-06 00:59:04.984 D/P2pBroadcastReceiver( 5838): ExtraInfo:null
01-06 00:59:04.984 D/P2pBroadcastReceiver( 5838): Reason:null
01-06 00:59:04.984 D/P2pBroadcastReceiver( 5838): Subtype:0
01-06 00:59:04.984 D/P2pBroadcastReceiver( 5838): SubtypeName:
01-06 00:59:04.984 D/P2pBroadcastReceiver( 5838): Type:13
01-06 00:59:04.984 D/P2pBroadcastReceiver( 5838): TypeName:WIFI_P2P
01-06 00:59:04.984 D/P2pBroadcastReceiver( 5838): isAvaliable:true
01-06 00:59:04.984 D/P2pBroadcastReceiver( 5838): isConnected:true
01-06 00:59:04.984 D/P2pBroadcastReceiver( 5838): P2p group information: 
01-06 00:59:04.984 D/P2pBroadcastReceiver( 5838): GroupOwner:true
01-06 00:59:04.984 D/P2pBroadcastReceiver( 5838): NetworkName:DIRECT-GL-Sink9681
01-06 00:59:04.984 D/P2pBroadcastReceiver( 5838): WifiP2pDevice information
01-06 00:59:04.984 D/P2pBroadcastReceiver( 5838): deviceAddress:12:68:3f:70:d2:71
01-06 00:59:04.984 D/P2pBroadcastReceiver( 5838): GroupOwner:false
01-06 00:59:04.984 D/P2pBroadcastReceiver( 5838): devicename:Sink_d271
01-06 00:59:04.984 D/P2pBroadcastReceiver( 5838): primaryDeviceType:10-0050F204-5
01-06 00:59:04.984 D/P2pBroadcastReceiver( 5838): secondaryDeviceType:null
01-06 00:59:04.984 D/P2pBroadcastReceiver( 5838): wpsDisplaySupported:true
01-06 00:59:04.987 I/WifiDisplayActivity( 5838): VALID   192.168.49.73:7236
01-06 00:59:04.988 I/ActivityManager(  418): START u0 {cmp=com.example.android.wifidisplay/.SinkPlayerActivity (has extras)} from uid 10094 on display 0
01-06 00:59:04.990 V/WindowManager(  418): addAppToken: AppWindowToken{29126b6c token=Token{22642c1f ActivityRecord{36e483be u0 com.example.android.wifidisplay/.SinkPlayerActivity t210}}} to stack=1 task=210 at 1
01-06 00:59:04.991 V/WindowManager(  418): Adding window Window{1a2d3b0e u0 Starting com.example.android.wifidisplay} at 6 of 13 (after Window{1dd0a79 u0 com.example.android.wifidisplay/com.example.android.wifidisplay.WiFiDisplayActivity})
01-06 00:59:04.994 D/P2pBroadcastReceiver( 5838): P2p this device changed
01-06 00:59:04.997 D/DeviceListFragment( 5838): Peer status :0
01-06 00:59:04.997 D/WifiDisplayActivity( 5838): Callback form ActionListener success
01-06 00:59:04.997 D/P2pBroadcastReceiver( 5838): P2p this device changed
01-06 00:59:04.998 D/DeviceListFragment( 5838): Peer status :0
01-06 00:59:04.998 D/P2pBroadcastReceiver( 5838): P2p this device changed
01-06 00:59:04.998 D/DeviceListFragment( 5838): Peer status :0
01-06 00:59:04.998 D/WifiDisplayActivity( 5838): Callback form ActionListener success
01-06 00:59:05.013 I/OpenGLRenderer( 5838): Initialized EGL, version 1.4
01-06 00:59:05.027 D/OpenGLRenderer( 5838): Enabling debug mode 0
01-06 00:59:05.031 D/mali_winsys( 5838): new_window_surface returns 0x3000
01-06 00:59:05.202 D/SinkPlayerActivity( 5838): Source connection information: 
01-06 00:59:05.202 D/SinkPlayerActivity( 5838): control port: 7236
01-06 00:59:05.209 V/WindowManager(  418): Adding window Window{2070d258 u0 com.example.android.wifidisplay/com.example.android.wifidisplay.SinkPlayerActivity} at 6 of 14 (before Window{1a2d3b0e u0 Starting com.example.android.wifidisplay})
01-06 00:59:05.234 D/mali_winsys( 5838): new_window_surface returns 0x3000
01-06 00:59:05.265 V/WindowManager(  418): Adding window Window{c5b4c96 u0 SurfaceView} at 6 of 15 (before Window{2070d258 u0 com.example.android.wifidisplay/com.example.android.wifidisplay.SinkPlayerActivity})
01-06 00:59:05.274 D/SinkPlayerActivity( 5838): Surface changed: 
01-06 00:59:05.274 D/SinkPlayerActivity( 5838): width  2304
01-06 00:59:05.274 D/SinkPlayerActivity( 5838): height 1440
01-06 00:59:05.274 D/SinkPlayerActivity( 5838): format 2
01-06 00:59:05.352 I/ActivityManager(  418): Displayed com.example.android.wifidisplay/.SinkPlayerActivity: +299ms (total +631ms)
01-06 00:59:05.380 I/wpa_supplicant(  905): p2p-p2p0-7: AP-STA-DISCONNECTED 12:68:3f:70:52:71 p2p_dev_addr=12:68:3f:70:d2:71
01-06 00:59:05.380 I/wpa_supplicant(  905): AP-STA-DISCONNECTED 12:68:3f:70:52:71 p2p_dev_addr=12:68:3f:70:d2:71
01-06 00:59:05.381 D/WifiP2pService(  418): Client list empty, remove non-persistent p2p group
01-06 00:59:05.389 I/wpa_supplicant(  905): P2P-GROUP-REMOVED p2p-p2p0-7 GO reason=REQUESTED
01-06 00:59:05.492 D/TetherController(  127): untetherInterface(p2p-p2p0-7)
01-06 00:59:05.520 E/NetlinkEvent(  127): Unknown ifindex 13 in RTM_DELADDR
01-06 00:59:05.532 D/TetherController(  127): Stopping tethering services
01-06 00:59:05.532 I/dnsmasq ( 5793): exiting on receipt of SIGTERM
01-06 00:59:05.533 D/TetherController(  127): Tethering services stopped
01-06 00:59:05.533 D/WifiP2pService(  418): Stopped Dhcp server
01-06 00:59:05.534 D/CommandListener(  127): Clearing all IP addresses on p2p-p2p0-7
01-06 00:59:05.537 D/NetUtils(  418): android_net_utils_resetConnections in env=0xb86e1d88 clazz=0xa09ea96c iface=p2p-p2p0-7 mask=0x3
01-06 00:59:05.525 W/netd    (  403): type=1400 audit(0.0:16): avc: denied { sys_module } for capability=16 scontext=u:r:netd:s0 tcontext=u:r:netd:s0 tclass=capability permissive=0
01-06 00:59:06.143 W/ActivityManager(  418): getTasks: caller 10080 does not hold REAL_GET_TASKS; limiting output
01-06 00:59:06.160 W/ActivityManager(  418): getRunningAppProcesses: caller 10080 does not hold REAL_GET_TASKS; limiting output
01-06 00:59:06.202 I/SinkPlayerActivity( 5838): Starting Sink Player with 192.168.49.73:7236
01-06 00:59:06.207 I/NetworkSession( 5838): connecting socket 40 to 192.168.49.73:7236
01-06 00:59:07.001 W/ActivityManager(  418): getRunningAppProcesses: caller 10093 does not hold REAL_GET_TASKS; limiting output
01-06 00:59:07.659 W/ProcessCpuTracker(  418): Skipping unknown process pid 5892
01-06 00:59:07.718 W/ActivityManager(  418): getTasks: caller 10080 does not hold REAL_GET_TASKS; limiting output
01-06 00:59:07.738 W/ActivityManager(  418): getRunningAppProcesses: caller 10080 does not hold REAL_GET_TASKS; limiting output
01-06 00:59:08.880 D/OpenGLRenderer(  418): endAllStagingAnimators on 0xb86a6090 (RippleDrawable) with handle 0xb8853b60
01-06 00:59:08.885 W/InputMethodManagerService(  418): Got RemoteException sending setActive(false) notification to pid 4785 uid 10094
01-06 00:59:09.297 W/ActivityManager(  418): getTasks: caller 10080 does not hold REAL_GET_TASKS; limiting output
01-06 00:59:09.317 W/ActivityManager(  418): getRunningAppProcesses: caller 10080 does not hold REAL_GET_TASKS; limiting output
01-06 00:59:10.065 W/ActivityManager(  418): getRunningAppProcesses: caller 10093 does not hold REAL_GET_TASKS; limiting output
01-06 00:59:10.882 W/ActivityManager(  418): getTasks: caller 10080 does not hold REAL_GET_TASKS; limiting output
01-06 00:59:10.904 W/ActivityManager(  418): getRunningAppProcesses: caller 10080 does not hold REAL_GET_TASKS; limiting output
01-06 00:59:11.532 V/WindowManager(  418): not Base app: Adding window Window{2e2c75a5 u0 com.example.android.wifidisplay/com.example.android.wifidisplay.SinkPlayerActivity} at 8 of 14
01-06 00:59:11.559 D/mali_winsys( 5838): new_window_surface returns 0x3000
01-06 00:59:12.412 F/libc    ( 5838): Fatal signal 11 (SIGSEGV), code 1, fault addr 0xc in tid 5838 (oid.wifidisplay)
01-06 00:59:12.439 E/WifiStateMachine(  418): WifiStateMachine CMD_START_SCAN source -2 txSuccessRate=3.28 rxSuccessRate=2.26 targetRoamBSSID=30:85:a9:8a:4e:6c RSSI=-47
01-06 00:59:12.467 W/ActivityManager(  418): getTasks: caller 10080 does not hold REAL_GET_TASKS; limiting output
01-06 00:59:12.481 W/ActivityManager(  418): getRunningAppProcesses: caller 10080 does not hold REAL_GET_TASKS; limiting output
01-06 00:59:12.514 I/DEBUG   (  128): *** *** *** *** *** *** *** *** *** *** *** *** *** *** *** ***
01-06 00:59:12.514 I/DEBUG   (  128): Build fingerprint: 'google/mantaray/manta:5.1.1/LMY48T/2237560:user/release-keys'
01-06 00:59:12.514 I/DEBUG   (  128): Revision: '8'
01-06 00:59:12.514 I/DEBUG   (  128): ABI: 'arm'
01-06 00:59:12.515 I/DEBUG   (  128): pid: 5838, tid: 5838, name: oid.wifidisplay  >>> com.example.android.wifidisplay <<<
01-06 00:59:12.515 I/DEBUG   (  128): signal 11 (SIGSEGV), code 1 (SEGV_MAPERR), fault addr 0xc
01-06 00:59:12.533 I/DEBUG   (  128):     r0 00000000  r1 becde1fc  r2 ffffffff  r3 a43b2060
01-06 00:59:12.534 I/DEBUG   (  128):     r4 00000000  r5 7428b168  r6 ffffffff  r7 7428b0f8
01-06 00:59:12.534 I/DEBUG   (  128):     r8 12d53940  r9 b825c408  sl ffffffff  fp ffffffff
01-06 00:59:12.534 I/DEBUG   (  128):     ip a43aa031  sp becde1d8  lr a43aa03f  pc a439fb04  cpsr 600d0030
01-06 00:59:12.536 I/DEBUG   (  128): 
01-06 00:59:12.536 I/DEBUG   (  128): backtrace:
01-06 00:59:12.536 I/DEBUG   (  128):     #00 pc 00010b04  /data/app/com.example.android.wifidisplay-1/lib/arm/libwfdsink.so (android::ANetworkSession::stop()+3)
01-06 00:59:12.536 I/DEBUG   (  128):     #01 pc 0001b03b  /data/app/com.example.android.wifidisplay-1/lib/arm/libwfdsink.so (Java_com_example_android_wifidisplay_WiFiDisplayNative_stopSink+10)
01-06 00:59:12.536 I/DEBUG   (  128):     #02 pc 00006281  /data/dalvik-cache/arm/data@app@com.example.android.wifidisplay-1@base.apk@classes.dex
01-06 00:59:12.906 I/DEBUG   (  128): 
01-06 00:59:12.906 I/DEBUG   (  128): Tombstone written to: /data/tombstones/tombstone_02
01-06 00:59:12.907 I/BootReceiver(  418): Copying /data/tombstones/tombstone_02 to DropBox (SYSTEM_TOMBSTONE)
01-06 00:59:12.920 W/ActivityManager(  418): Process com.example.android.wifidisplay has crashed too many times: killing!
01-06 00:59:12.923 W/ActivityManager(  418):   Force finishing activity 4 com.example.android.wifidisplay/.SinkPlayerActivity
01-06 00:59:12.933 W/ActivityManager(  418):   Force finishing activity 4 com.example.android.wifidisplay/.WiFiDisplayActivity
01-06 00:59:12.941 W/InputDispatcher(  418): channel '1dd0a79 com.example.android.wifidisplay/com.example.android.wifidisplay.WiFiDisplayActivity (server)' ~ Consumer closed input channel or an error occurred.  events=0x9
01-06 00:59:12.942 E/InputDispatcher(  418): channel '1dd0a79 com.example.android.wifidisplay/com.example.android.wifidisplay.WiFiDisplayActivity (server)' ~ Channel is unrecoverably broken and will be disposed!
01-06 00:59:12.943 W/InputDispatcher(  418): channel '2070d258 com.example.android.wifidisplay/com.example.android.wifidisplay.SinkPlayerActivity (server)' ~ Consumer closed input channel or an error occurred.  events=0x9
01-06 00:59:12.943 E/InputDispatcher(  418): channel '2070d258 com.example.android.wifidisplay/com.example.android.wifidisplay.SinkPlayerActivity (server)' ~ Channel is unrecoverably broken and will be disposed!
01-06 00:59:12.943 W/InputDispatcher(  418): channel '2e2c75a5 com.example.android.wifidisplay/com.example.android.wifidisplay.SinkPlayerActivity (server)' ~ Consumer closed input channel or an error occurred.  events=0x9
01-06 00:59:12.943 E/InputDispatcher(  418): channel '2e2c75a5 com.example.android.wifidisplay/com.example.android.wifidisplay.SinkPlayerActivity (server)' ~ Channel is unrecoverably broken and will be disposed!
01-06 00:59:12.944 I/WindowState(  418): WIN DEATH: Window{2070d258 u0 com.example.android.wifidisplay/com.example.android.wifidisplay.SinkPlayerActivity}
01-06 00:59:12.944 W/InputDispatcher(  418): Attempted to unregister already unregistered input channel '2070d258 com.example.android.wifidisplay/com.example.android.wifidisplay.SinkPlayerActivity (server)'
01-06 00:59:12.944 W/WindowManager(  418): Force-removing child win Window{c5b4c96 u0 SurfaceView} from container Window{2070d258 u0 com.example.android.wifidisplay/com.example.android.wifidisplay.SinkPlayerActivity}
01-06 00:59:12.945 D/WifiService(  418): Client connection lost with reason: 4
01-06 00:59:12.946 W/ActivityManager(  418): Wtf, activity ActivityRecord{24ad9499 u0 com.example.android.wifidisplay/.WiFiDisplayActivity t210 f} in proc activity list not using proc ProcessRecord{1d93c721 5838:com.example.android.wifidisplay/u0a94}?!?
01-06 00:59:12.946 W/ActivityManager(  418): Wtf, activity ActivityRecord{36e483be u0 com.example.android.wifidisplay/.SinkPlayerActivity t210 f} in proc activity list not using proc ProcessRecord{1d93c721 5838:com.example.android.wifidisplay/u0a94}?!?
01-06 00:59:12.946 E/lowmemorykiller(  123): Error writing /proc/5838/oom_score_adj; errno=22
01-06 00:59:12.949 I/WindowState(  418): WIN DEATH: Window{1dd0a79 u0 com.example.android.wifidisplay/com.example.android.wifidisplay.WiFiDisplayActivity}
01-06 00:59:12.949 W/InputDispatcher(  418): Attempted to unregister already unregistered input channel '1dd0a79 com.example.android.wifidisplay/com.example.android.wifidisplay.WiFiDisplayActivity (server)'
01-06 00:59:12.950 I/WindowState(  418): WIN DEATH: Window{2e2c75a5 u0 com.example.android.wifidisplay/com.example.android.wifidisplay.SinkPlayerActivity}
01-06 00:59:12.950 W/InputDispatcher(  418): Attempted to unregister already unregistered input channel '2e2c75a5 com.example.android.wifidisplay/com.example.android.wifidisplay.SinkPlayerActivity (server)'
01-06 00:59:12.952 W/WindowManager(  418): Failed looking up window
01-06 00:59:12.952 W/WindowManager(  418): java.lang.IllegalArgumentException: Requested window android.os.BinderProxy@38308fb1 does not exist
01-06 00:59:12.952 W/WindowManager(  418): 	at com.android.server.wm.WindowManagerService.windowForClientLocked(WindowManagerService.java:8539)
01-06 00:59:12.952 W/WindowManager(  418): 	at com.android.server.wm.WindowManagerService.windowForClientLocked(WindowManagerService.java:8530)
01-06 00:59:12.952 W/WindowManager(  418): 	at com.android.server.wm.WindowState$DeathRecipient.binderDied(WindowState.java:1142)
01-06 00:59:12.952 W/WindowManager(  418): 	at android.os.BinderProxy.sendDeathNotice(Binder.java:551)
01-06 00:59:12.952 I/WindowState(  418): WIN DEATH: null
01-06 00:59:12.955 I/ActivityManager(  418): Killing 5838:com.example.android.wifidisplay/u0a94 (adj 9): crash
01-06 00:59:12.971 I/Zygote  (  136): Process 5838 exited due to signal (11)
01-06 00:59:13.007 W/ActivityManager(  418): Spurious death for ProcessRecord{1d93c721 5838:com.example.android.wifidisplay/u0a94}, curProc for 5838: null
01-06 00:59:13.045 D/mali_winsys( 1244): new_window_surface returns 0x3000
01-06 00:59:13.051 W/InputMethodManagerService(  418): Got RemoteException sending setActive(false) notification to pid 5838 uid 10094
01-06 00:59:13.144 W/ActivityManager(  418): getRunningAppProcesses: caller 10093 does not hold REAL_GET_TASKS; limiting output
01-06 00:59:14.027 W/ActivityManager(  418): getTasks: caller 10080 does not hold REAL_GET_TASKS; limiting output
01-06 00:59:14.037 W/ActivityManager(  418): getRunningAppProcesses: caller 10080 does not hold REAL_GET_TASKS; limiting output
01-06 00:59:14.209 W/ActivityManager(  418): getTasks: caller 10080 does not hold REAL_GET_TASKS; limiting output
01-06 00:59:15.009 D/mali_winsys(  945): new_window_surface returns 0x3000
01-06 00:59:15.039 W/OpenGLRenderer( 1244): Incorrectly called buildLayer on View: ShortcutAndWidgetContainer, destroying layer...
01-06 00:59:15.357 I/ActivityManager(  418): START u0 {act=android.intent.action.ASSIST flg=0x10000000 cmp=com.google.android.googlequicksearchbox/.SearchActivity (has extras)} from uid 10022 on display 0
01-06 00:59:15.378 V/WindowManager(  418): addAppToken: AppWindowToken{12e402a3 token=Token{30a351d2 ActivityRecord{35c4b45d u0 com.google.android.googlequicksearchbox/.SearchActivity t211}}} to stack=1 task=211 at 0
01-06 00:59:15.427 I/ActivityManager(  418): START u0 {act=android.intent.action.MAIN flg=0x14000000 cmp=com.google.android.googlequicksearchbox/com.google.android.velvet.ui.VelvetActivity (has extras)} from uid 10024 on display 0
01-06 00:59:15.434 V/WindowManager(  418): addAppToken: AppWindowToken{3dc0b91e token=Token{2e1d3959 ActivityRecord{30f4f9a0 u0 com.google.android.googlequicksearchbox/com.google.android.velvet.ui.VelvetActivity t212}}} to stack=1 task=212 at 0
01-06 00:59:15.581 W/ActivityManager(  418): getTasks: caller 10080 does not hold REAL_GET_TASKS; limiting output
01-06 00:59:15.590 W/ActivityManager(  418): getRunningAppProcesses: caller 10080 does not hold REAL_GET_TASKS; limiting output
01-06 00:59:15.607 W/ActivityManager(  418): getRunningAppProcesses: caller 10082 does not hold REAL_GET_TASKS; limiting output
01-06 00:59:15.723 D/OpenGLRenderer( 1316): Use EGL_SWAP_BEHAVIOR_PRESERVED: true
01-06 00:59:15.728 D/Atlas   ( 1316): Validating map...
01-06 00:59:15.737 V/WindowManager(  418): Based on layer: Adding window Window{21445cb8 u0 com.google.android.googlequicksearchbox/com.google.android.velvet.ui.VelvetActivity} at 5 of 11
01-06 00:59:15.792 I/OpenGLRenderer( 1316): Initialized EGL, version 1.4
01-06 00:59:15.815 D/OpenGLRenderer( 1316): Enabling debug mode 0
01-06 00:59:15.819 D/mali_winsys( 1316): new_window_surface returns 0x3000
01-06 00:59:15.879 I/VelvetPresenter( 1316): setupFromIntent(Intent { act=android.intent.action.MAIN flg=0x14000000 cmp=com.google.android.googlequicksearchbox/com.google.android.velvet.ui.VelvetActivity (has extras) })
01-06 00:59:15.901 I/ActivityManager(  418): START u0 {flg=0x10008000 cmp=com.google.android.googlequicksearchbox/com.google.android.sidekick.main.optin.NewOptInActivity (has extras)} from uid 10024 on display 0
01-06 00:59:16.213 W/ActivityManager(  418): getRunningAppProcesses: caller 10093 does not hold REAL_GET_TASKS; limiting output
01-06 00:59:16.257 V/WindowManager(  418): addAppToken: AppWindowToken{2648d5f7 token=Token{351ccdf6 ActivityRecord{2cabba91 u0 com.google.android.googlequicksearchbox/com.google.android.sidekick.main.optin.NewOptInActivity t213}}} to stack=1 task=213 at 0
01-06 00:59:16.558 I/WindowManager(  418): Screenshot max retries 4 of Token{2e1d3959 ActivityRecord{30f4f9a0 u0 com.google.android.googlequicksearchbox/com.google.android.velvet.ui.VelvetActivity t212}} appWin=Window{21445cb8 u0 com.google.android.googlequicksearchbox/com.google.android.velvet.ui.VelvetActivity} drawState=1
01-06 00:59:16.574 W/VelvetPresenter( 1316): Still observing while not the active client
01-06 00:59:16.578 W/ResourceType(  945): No package identifier when getting value for resource number 0x00000000
01-06 00:59:16.578 W/PackageManager(  945): Failure retrieving resources for com.example.android.wifidisplay: Resource ID #0x0
01-06 00:59:16.579 W/VelvetPresenter( 1316): Still observing while not the active client
01-06 00:59:16.579 I/Choreographer( 1316): Skipped 42 frames!  The application may be doing too much work on its main thread.
01-06 00:59:16.594 W/ResourceType(  945): No package identifier when getting value for resource number 0x00000000
01-06 00:59:16.594 W/PackageManager(  945): Failure retrieving resources for com.google.android.googlequicksearchbox: Resource ID #0x0
01-06 00:59:16.743 W/VelvetPresenter( 1316): Still observing while not the active client
01-06 00:59:16.886 V/WindowManager(  418): Adding window Window{292ada93 u0 com.google.android.googlequicksearchbox/com.google.android.sidekick.main.optin.NewOptInActivity} at 6 of 12 (after Window{21445cb8 u0 com.google.android.googlequicksearchbox/com.google.android.velvet.ui.VelvetActivity})
01-06 00:59:16.896 I/SearchServiceFactory( 1316): refreshing search history.
01-06 00:59:16.913 D/mali_winsys( 1316): new_window_surface returns 0x3000
01-06 00:59:16.914 I/art     ( 1316): Background partial concurrent mark sweep GC freed 2001(118KB) AllocSpace objects, 0(0B) LOS objects, 40% free, 13MB/23MB, paused 8.653ms total 47.795ms
01-06 00:59:16.915 W/LocationOracleImpl( 1316): Best location was null
01-06 00:59:16.929 W/Search.SearchUrlHelper( 1316): Auth token not ready, no auth header set.
01-06 00:59:16.930 W/Search.SearchUrlHelper( 1316): Auth token not ready, no auth header set.
01-06 00:59:16.936 I/RlzPingService(25192): Setting next ping for 1452157156932
01-06 00:59:17.027 I/ActivityManager(  418): Displayed com.google.android.googlequicksearchbox/com.google.android.sidekick.main.optin.NewOptInActivity: +279ms (total +1s640ms)
01-06 00:59:17.154 W/ActivityManager(  418): getTasks: caller 10080 does not hold REAL_GET_TASKS; limiting output
01-06 00:59:17.161 W/ActivityManager(  418): getRunningAppProcesses: caller 10080 does not hold REAL_GET_TASKS; limiting output
01-06 00:59:17.226 I/PeopleDatabaseHelper(12805): cleanUpNonGplusAccounts done.
01-06 00:59:18.635 W/LocationOracleImpl( 1316): Best location was null
01-06 00:59:18.754 W/ActivityManager(  418): getTasks: caller 10080 does not hold REAL_GET_TASKS; limiting output
01-06 00:59:18.795 W/HandlerScheduledExecuto( 1316): Task does not implement UiTask. Consider using NamedUiRunnable for Consumers.consumeAsync
01-06 00:59:18.824 W/ActivityManager(  418): getRunningAppProcesses: caller 10080 does not hold REAL_GET_TASKS; limiting output
01-06 00:59:18.834 D/WifiService(  418): acquireWifiLockLocked: WifiLock{NlpWifiLock type=2 binder=android.os.BinderProxy@3492232e}
01-06 00:59:18.909 D/WifiService(  418): releaseWifiLockLocked: WifiLock{NlpWifiLock type=2 binder=android.os.BinderProxy@3492232e}
01-06 00:59:19.348 W/SurfaceFlinger(  126): couldn't log to binary event log: overflow.
01-06 00:59:19.654 W/ActivityManager(  418): getRunningAppProcesses: caller 10093 does not hold REAL_GET_TASKS; limiting output
01-06 00:59:19.837 W/VelvetPresenter( 1316): Still observing while not the active client
01-06 00:59:19.842 W/VelvetPresenter( 1316): Still observing while not the active client
01-06 00:59:19.897 D/mali_winsys( 1244): new_window_surface returns 0x3000
01-06 00:59:20.213 I/QSB.UserInteractionLogger( 1316): onDestroy
01-06 00:59:20.259 W/GAV2    ( 1316): Thread[Background Non-Blocking-21,5,main]: dispatch call queued.  Need to call GAServiceManager.getInstance().initialize().
01-06 00:59:20.291 W/Icing   (12805): Received bad json for section weights override -- ignoring.
01-06 00:59:20.291 W/Icing   (12805): Received bad json for corpus context scoring override -- ignoring.
01-06 00:59:20.422 W/ActivityManager(  418): getTasks: caller 10080 does not hold REAL_GET_TASKS; limiting output
01-06 00:59:20.433 W/ActivityManager(  418): getRunningAppProcesses: caller 10080 does not hold REAL_GET_TASKS; limiting output
01-06 00:59:20.546 W/ActivityManager(  418): getRunningAppProcesses: caller 10085 does not hold REAL_GET_TASKS; limiting output
01-06 00:59:20.804 W/InputMethodInfo(  418): Duplicated subtype definition found: , voice
01-06 00:59:20.834 W/Search.SearchUrlHelper( 1316): Auth token not ready, no auth header set.
01-06 00:59:20.846 W/Icing   (12805): Received bad json for section weights override -- ignoring.
01-06 00:59:20.846 W/Icing   (12805): Received bad json for corpus context scoring override -- ignoring.
01-06 00:59:20.867 W/ResourceType(  945): No package identifier when getting value for resource number 0x00000000
01-06 00:59:20.867 W/PackageManager(  945): Failure retrieving resources for com.google.android.googlequicksearchbox: Resource ID #0x0
01-06 00:59:21.692 W/OpenGLRenderer( 1244): Incorrectly called buildLayer on View: ShortcutAndWidgetContainer, destroying layer...
01-06 00:59:21.938 W/Icing   (12805): Received bad json for section weights override -- ignoring.
01-06 00:59:21.938 W/Icing   (12805): Received bad json for corpus context scoring override -- ignoring.
01-06 00:59:21.984 W/ActivityManager(  418): getTasks: caller 10080 does not hold REAL_GET_TASKS; limiting output
01-06 00:59:21.990 W/ActivityManager(  418): getRunningAppProcesses: caller 10080 does not hold REAL_GET_TASKS; limiting output
01-06 00:59:22.731 W/ActivityManager(  418): getRunningAppProcesses: caller 10093 does not hold REAL_GET_TASKS; limiting output
01-06 00:59:23.511 W/ActivityManager(  418): getTasks: caller 10080 does not hold REAL_GET_TASKS; limiting output
01-06 00:59:23.529 W/ActivityManager(  418): getRunningAppProcesses: caller 10080 does not hold REAL_GET_TASKS; limiting output
01-06 00:59:25.083 W/ActivityManager(  418): getTasks: caller 10080 does not hold REAL_GET_TASKS; limiting output
01-06 00:59:25.102 W/ActivityManager(  418): getRunningAppProcesses: caller 10080 does not hold R