--------- beginning of /dev/log/main
01-31 17:22:15.970 I/UDTJmDNSThread(  841): Close JmDNS success
01-31 17:22:15.980 D/UDTJmDNSThread(  841): Wifi is active connectivity
01-31 17:22:15.980 D/UDTJmDNSThread(  841): get wifi IP: /192.168.1.7
01-31 17:22:15.980 I/UDTJmDNSThread(  841): IP: /192.168.1.7 NetMask: 00ffffff
01-31 17:22:16.030 I/UDTJmDNSThread(  841): Create JmDNS success
01-31 17:22:16.040 I/UDTJmDNSThread(  841): Service info key: å®¢åŽ…çš„å°ç±³ç›’å­._airkan._tcp.local.
01-31 17:22:16.150 D/dalvikvm(  841): GC_CONCURRENT freed 442K, 18% free 3412K/4124K, paused 16ms+10ms, total 129ms
01-31 17:22:16.640 W/PushService(  903): 2016-01-31 17:22:16,643 - [WARN::PushService] - [Thread:75] update the client 5 status. binding->binded OPEN ERROR_OK null null
01-31 17:22:16.640 W/PushService(  903): 2016-01-31 17:22:16,646 - [WARN::PushService] - [Thread:75] SMACK: channel bind succeeded, chid=5
01-31 17:22:17.130 D/NameService(  889): mValidator run
01-31 17:22:17.140 D/NameService(  889): going to refresh address for broker.mqtt.server1 useDns false aForceUseDns false
01-31 17:22:17.140 D/NameService(  889): going to refresh address for lbs.server1 useDns false aForceUseDns false
01-31 17:22:17.150 D/NameService(  889): have 2 name need to refresh
01-31 17:22:17.150 D/NameService(  889): check after 30000
01-31 17:22:18.230 D/dalvikvm(  889): GC_CONCURRENT freed 456K, 19% free 3260K/3992K, paused 7ms+5ms, total 64ms
01-31 17:22:18.310 D/CaptivePortalClientUtil( 1205): CapitviePortalClient url: http://42.62.94.110/generate_204
01-31 17:22:18.770 I/mediaexplorerdaemon.net.XQDetectorService( 2657): mXQdetector run!! count: 1
01-31 17:22:18.770 I/mediaexplorerdaemon.net.XQDetectorService( 2657): getXQIp
01-31 17:22:18.770 I/mediaexplorerdaemon.net.XQDetectorService( 2657): getGatewayAddress
01-31 17:22:18.770 I/mediaexplorerdaemon.net.XQDetectorService( 2657): getXQIp, return gateway ip: 192.168.1.1
01-31 17:22:18.770 I/mediaexplorerdaemon.net.XQDetectorService( 2657): getStringFromUrl: http://192.168.1.1:8300/change_info
01-31 17:22:18.830 D/CaptivePortalClientUtil( 1205): CapitviePortalClient responseCode: 204
01-31 17:22:18.950 D/CaptivePortalTracker(  547): DelayedCaptiveCheckState{ when=-2ms what=2 arg1=3 target=com.android.internal.util.StateMachine$SmHandler }
--------- beginning of /dev/log/system
01-31 17:22:18.950 D/ConnectivityService(  547): setProvNotificationVisible: E visible=false networkType=1 extraInfo=null url=null
01-31 17:22:18.980 D/CaptivePortalTracker(  547): Checking http://203.118.143.238/generate_204
01-31 17:22:18.980 D/AddressResolver(  939): name weather.server1 address 42.62.94.110
01-31 17:22:19.030 D/CaptivePortalTracker(  547): Don't send network conditions - lacking user consent.
01-31 17:22:19.030 D/CaptivePortalTracker(  547): isCaptivePortal: ret=false rspCode=204
01-31 17:22:19.030 D/CaptivePortalTracker(  547): Not captive network NetworkInfo: type: WIFI[], state: CONNECTED/CONNECTED, reason: (unspecified), extra: "vodafoneE509", roaming: false, failover: false, isAvailable: true, isConnectedToProvisioningNetwork: false
01-31 17:22:19.030 D/CaptivePortalTracker(  547): notifyPortalCheckCompleted: captive=false ni=NetworkInfo: type: WIFI[], state: CONNECTED/CONNECTED, reason: (unspecified), extra: "vodafoneE509", roaming: false, failover: false, isAvailable: true, isConnectedToProvisioningNetwork: false
01-31 17:22:19.030 D/ConnectivityService(  547): captivePortalCheckCompleted: ni=NetworkInfo: type: WIFI[], state: CONNECTED/CONNECTED, reason: (unspecified), extra: "vodafoneE509", roaming: false, failover: false, isAvailable: true, isConnectedToProvisioningNetwork: false captive=false
01-31 17:22:19.270 D/HttpLoader(  939): resUrl http://42.62.94.110/tvservice/getweatherforecast2?days=1&weatherver=2&locale=null&deviceid=0a09735235581c2044f48af3e379c41d&apiver=1.8&ver=4.4.2&codever=3&ptf=1000&ts=1454232138&nonce=12&opaque=8c2d3c9b9011a9582e51e5c18fbed4a5c246972f
01-31 17:22:19.920 D/WeatherReportUpdater(  939): err occur 13
01-31 17:22:19.920 D/WeatherReportUpdater(  939): Weather dataLoad failed retry
01-31 17:22:20.730 D/AddressProvider(  889): address refresed lbs.server1
01-31 17:22:20.760 D/AddressProvider(  889): no change just refresh the expired time for lbs.server1
01-31 17:22:20.760 D/dalvikvm(  889): GC_CONCURRENT freed 371K, 18% free 3277K/3992K, paused 2ms+3ms, total 28ms
01-31 17:22:20.930 D/AddressResolver(  939): name weather.server1 address 42.62.94.110
01-31 17:22:21.070 D/HttpLoader(  939): resUrl http://42.62.94.110/tvservice/getweatherforecast2?days=1&weatherver=2&locale=null&deviceid=0a09735235581c2044f48af3e379c41d&apiver=1.8&ver=4.4.2&codever=3&ptf=1000&ts=1454232140&nonce=13&opaque=aac8eee28c3b1df5cf1d714f583e542d28647718
01-31 17:22:21.320 D/WeatherReportUpdater(  939): err occur 13
01-31 17:22:21.320 D/WeatherReportUpdater(  939): Weather dataLoad failed retry
01-31 17:22:22.860 D/dalvikvm(  841): GC_CONCURRENT freed 383K, 17% free 3421K/4084K, paused 16ms+10ms, total 125ms
01-31 17:22:23.590 D/BluetoothAdapter(  663): stopLeScan()
01-31 17:22:23.590 D/BtGatt.GattService(  663): stopScan() - queue=1
01-31 17:22:23.590 D/BtGatt.GattService(  663): stopScan() - queue empty; stopping scan
01-31 17:22:23.590 D/BtGatt.btif(  663): btif_gattc_scan
01-31 17:22:23.590 D/bt-btif (  663): btif_transfer_context event 1003, len 739
01-31 17:22:23.590 D/bt-btif (  663): btif task fetched event a001
01-31 17:22:23.590 D/bt-btif (  663): btif_context_switched
01-31 17:22:23.590 D/BtGatt.btif(  663): btgattc_handle_event: Event 1003
01-31 17:22:23.590 I/bt-btif (  663): BTA_DmBleObserve:start = 0 
01-31 17:22:23.590 I/bt-btif (  663): BTA got event 0x120
01-31 17:22:23.590 I/bt-btif (  663): bta_dm_sm_execute event:0x20
01-31 17:22:23.590 I/bt-btm  (  663): BTM_BleObserve 
01-31 17:22:23.590 I/bt-btm  (  663): btm_ble_stop_scan 
01-31 17:22:23.590 E/GKI_LINUX(  663): ##### ERROR : acquire_wake_lock: got lock success ret=2#####
01-31 17:22:23.590 D/bt-btm  (  663): BTM Inq Compl Callback: status 0x00, num results 1
01-31 17:22:23.590 I/bt-btm  (  663): btm_update_scanner_filter_policy
01-31 17:22:23.590 D/bt-btm  (  663): btm_acl_update_busy_level
01-31 17:22:23.590 D/bt-btm  (  663): BTM_BLI_INQ_DONE_EVT
01-31 17:22:23.590 E/bt_upio (  663): upio_set : open(/proc/bluetooth/sleep/btwrite) for write failed: No such file or directory (2)
01-31 17:22:23.590 D/BtGatt.GattService(  663): unregisterClient() - clientIf=6
01-31 17:22:23.590 D/BtGatt.btif(  663): btif_gattc_unregister_app
01-31 17:22:23.590 D/bt-btif (  663): btif_transfer_context event 1001, len 739
01-31 17:22:23.590 D/bt-btif (  663): btif task fetched event a001
01-31 17:22:23.600 D/bt-btif (  663): btif_context_switched
01-31 17:22:23.600 D/bt_upio (  663): BT_WAKE is asserted already
01-31 17:22:23.600 D/BtGatt.btif(  663): btgattc_handle_event: Event 1001
01-31 17:22:23.600 I/bt-btif (  663): BTA got event 0x1f17
01-31 17:22:23.600 D/bt-btif (  663): bta_gattc_hdl_event: Event [BTA_GATTC_API_DEREG_EVT]
01-31 17:22:23.600 I/bt-att  (  663): GATT_Deregister gatt_if=6
01-31 17:22:23.600 I/bt-att  (  663): GATT_Listen gatt_if=6
01-31 17:22:23.600 I/bt-btm  (  663): BTM_BleUpdateAdvFilterPolicy
01-31 17:22:23.600 I/bt-btm  (  663): BTM_ReadConnectability
01-31 17:22:23.600 I/bt-btm  (  663): BTM_SetConnectability
01-31 17:22:23.600 E/bt_upio (  663): upio_set : open(/proc/bluetooth/sleep/btwrite) for write failed: No such file or directory (2)
01-31 17:22:23.600 I/bt-btm  (  663): btm_ble_set_connectability mode=0x0 combined_mode=0x1
01-31 17:22:23.600 I/bt-btm  (  663): always disable adv in non-discoverable non-connectable mode with no scan rsp
01-31 17:22:23.600 I/bt-btm  (  663): BTM_SetConnectability: mode 1 [NonConn-0, Conn-1], window 0x0012, interval 0x0800
01-31 17:22:23.600 D/bt-btif (  663): btif_transfer_context event 1, len 676
01-31 17:22:23.600 D/bt-btif (  663): btif task fetched event a001
01-31 17:22:23.600 D/bt-btif (  663): btif_context_switched
01-31 17:22:23.600 D/BtGatt.btif(  663): btif_gattc_upstreams_evt: Event 1
01-31 17:22:23.600 D/bt_upio (  663): BT_WAKE is asserted already
01-31 17:22:23.600 E/bt_upio (  663): upio_set : open(/proc/bluetooth/sleep/btwrite) for write failed: No such file or directory (2)
01-31 17:22:23.600 D/bt-btif (  663): HC lib lpm deassertion return 0
01-31 17:22:23.600 D/bt-btif (  663): HC lib lpm deassertion return 0
01-31 17:22:23.690 E/GKI_LINUX(  663): ##### ERROR : release_wake_lock: release lock success ret=2#####
01-31 17:22:23.740 D/UDTJmDNSThread(  841): REGISTER DONE: å®¢åŽ…çš„å°ç±³ç›’å­._airkan._tcp.local. port:6088 text:photoport=6089
01-31 17:22:23.740 D/UDTJmDNSThread(  841): scrnw=1280	scrnh=720protver=16777984%prottext=Airkan Protocol Version 1.03platform_id=208music_version=1.0
01-31 17:22:23.740 D/UDTJmDNSThread(  841): local ip: 192.168.1.7
01-31 17:22:23.740 I/UDTJmDNSThread(  841): Exist: å®¢åŽ…çš„å°ç±³ç›’å­_airkan._tcp.local.6088
01-31 17:22:23.740 I/UDTJmDNSThread(  841): Service already registered
01-31 17:22:23.750 I/UDTJmDNSThread(  841): Service info key: å®¢åŽ…çš„å°ç±³ç›’å­._rc._tcp.local.
01-31 17:22:24.100 V/BleRemoteControllerService(  663): requestScan,RC size:0,hasInit:true,isBinded:false,mIsPair:false,Connecting:false
01-31 17:22:24.100 D/BluetoothAdapterService(1101120176)(  663): getState(): mAdapterProperties: com.android.bluetooth.btservice.AdapterProperties@41a1d570
01-31 17:22:24.100 D/BluetoothAdapterService(1101120176)(  663): Get Bonded Devices being called
01-31 17:22:24.100 D/BluetoothAdapterProperties(  663): getBondedDevices: length=1
01-31 17:22:24.100 D/BluetoothAdapterService(1101120176)(  663): getState(): mAdapterProperties: com.android.bluetooth.btservice.AdapterProperties@41a1d570
01-31 17:22:24.120 E/BleRemoteControllerService(  663): compare name failed!
01-31 17:22:24.120 D/BluetoothAdapterService(1101120176)(  663): getState(): mAdapterProperties: com.android.bluetooth.btservice.AdapterProperties@41a1d570
01-31 17:22:24.120 D/BluetoothAdapterService(1101120176)(  663): Get Bonded Devices being called
01-31 17:22:24.120 D/BluetoothAdapterProperties(  663): getBondedDevices: length=1
01-31 17:22:24.130 D/BluetoothAdapterService(1101120176)(  663): getState(): mAdapterProperties: com.android.bluetooth.btservice.AdapterProperties@41a1d570
01-31 17:22:24.140 E/BleRemoteControllerService(  663): compare name failed!
01-31 17:22:24.140 D/BluetoothAdapterService(1101120176)(  663): getState(): mAdapterProperties: com.android.bluetooth.btservice.AdapterProperties@41a1d570
01-31 17:22:24.140 D/BluetoothAdapter(  663): startLeScan(): null
01-31 17:22:24.150 D/BtGatt.GattService(  663): registerClient() - UUID=71005952-0bb1-4982-84e3-9832bcf90819
01-31 17:22:24.150 D/BtGatt.btif(  663): btif_gattc_register_app
01-31 17:22:24.150 D/bt-btif (  663): btif_transfer_context event 1000, len 739
01-31 17:22:24.150 D/bt-btif (  663): btif task fetched event a001
01-31 17:22:24.150 D/bt-btif (  663): btif_context_switched
01-31 17:22:24.150 D/BtGatt.btif(  663): btgattc_handle_event: Event 1000
01-31 17:22:24.150 I/bt-btif (  663): BTA got event 0x1f16
01-31 17:22:24.150 D/bt-btif (  663): bta_gattc_hdl_event: Event [BTA_GATTC_API_REG_EVT]
01-31 17:22:24.150 D/bt-btif (  663): bta_gattc_register state 2
01-31 17:22:24.150 I/bt-att  (  663): GATT_Register
01-31 17:22:24.150 D/bt-att  (  663): UUID=[0x710059520bb1498284e39832bcf90819]
01-31 17:22:24.150 I/bt-att  (  663): allocated gatt_if=6
01-31 17:22:24.150 D/bt-btif (  663): btif_transfer_context event 0, len 676
01-31 17:22:24.150 I/bt-btif (  663): BTA got event 0x1f15
01-31 17:22:24.150 D/bt-btif (  663): bta_gattc_hdl_event: Event [BTA_GATTC_INT_START_IF_EVT]
01-31 17:22:24.150 I/bt-att  (  663): btif task fetched even
01-31 17:22:24.150 D/bt-btif (  663): gatt_find_the_connected_bda 
01-31 17:22:24.150 D/bt-att  (  663): gatt_find_the_connected_bda start_idx=0
01-31 17:22:24.150 D/bt-btif (  663): gatt_find_the_connect
01-31 17:22:24.150 D/bt-att  (  663): gatt_find_the_connected_bda found=0 found_idx=18
01-31 17:22:24.150 D/BtGatt.btif(  663): btif_gattc_upstreams_evt: Event 0
01-31 17:22:24.150 I/bt-btif (  663): HAL bt_gatt_callbacks->client->register_client_cb
01-31 17:22:24.150 D/BtGatt.GattService(  663): onClientRegistered() - UUID=71005952-0bb1-4982-84e3-9832bcf90819, clientIf=6
01-31 17:22:24.150 D/BluetoothAdapter(  663): onClientRegistered() - status=0 clientIf=6
01-31 17:22:24.160 D/BtGatt.GattService(  663): startScan() - queue=0
01-31 17:22:24.160 D/BtGatt.GattService(  663): startScan() - adding client=6
01-31 17:22:24.160 D/BtGatt.btif(  663): btif_gattc_scan
01-31 17:22:24.160 D/bt-btif (  663): btif_transfer_context event 1002, len 739
01-31 17:22:24.160 D/bt-btif (  663): btif task fetched event a001
01-31 17:22:24.160 D/bt-btif (  663): btif_context_switched
01-31 17:22:24.160 D/BtGatt.btif(  663): btgattc_handle_event: Event 1002
01-31 17:22:24.160 I/bt-btif (  663): BTA_DmBleObserve:start = 1 
01-31 17:22:24.160 V/BleRemoteControllerService(  663): scanLeDevice spend:15
01-31 17:22:24.160 I/bt-btif (  663): BTA got event 0x120
01-31 17:22:24.160 I/bt-btif (  663): bta_dm_sm_execute event:0x20
01-31 17:22:24.160 I/bt-btm  (  663): BTM_BleObserve 
01-31 17:22:24.160 E/GKI_LINUX(  663): ##### ERROR : acquire_wake_lock: got lock success ret=2#####
01-31 17:22:24.160 D/bt_upio (  663): BT_WAKE is asserted already
01-31 17:22:24.160 E/bt_upio (  663): upio_set : open(/proc/bluetooth/sleep/btwrite) for write failed: No such file or directory (2)
01-31 17:22:24.160 D/bt_upio (  663): BT_WAKE is asserted already
01-31 17:22:24.170 E/bt_upio (  663): upio_set : open(/proc/bluetooth/sleep/btwrite) for write failed: No such file or directory (2)
01-31 17:22:24.170 D/bt-btif (  663): HC lib lpm deassertion return 0
01-31 17:22:24.170 D/bt-btif (  663): HC lib lpm deassertion return 0
01-31 17:22:24.260 E/GKI_LINUX(  663): ##### ERROR : release_wake_lock: release lock success ret=2#####
01-31 17:22:24.910 D/AddressProvider(  889): address refresed broker.mqtt.server1
01-31 17:22:24.940 D/AddressProvider(  889): no change just refresh the expired time for broker.mqtt.server1
01-31 17:22:25.170 D/bt_upio (  663): btwake deassertion
01-31 17:22:25.980 D/KeyCharacterMap(  547): mapKey: scanCode=28, usageCode=0x00000000 ~ Failed.
01-31 17:22:25.980 D/InputDispatcher(  547): notifyKey - eventTime=2396888072000, deviceId=1, source=0x301, policyFlags=0x0, action=0x0, flags=0x8, keyCode=0x42, scanCode=0x1c, metaState=0x0, downTime=2396888072000
01-31 17:22:25.990 I/PinyinIME(  784): onKeyDown inputViewShow : false
01-31 17:22:25.990 I/key down(  784): KEYCODE_ENTER
01-31 17:22:25.990 D/MainActivity(  927): KeyEvent { action=ACTION_DOWN, keyCode=KEYCODE_ENTER, scanCode=28, metaState=0, flags=0x8, repeatCount=0, eventTime=2396888, downTime=2396888, deviceId=1, source=0x301 }
01-31 17:22:25.990 D/PowerManagerService(  547): checkScreenSaverTimeoutLocked come 720000 reason=userActivity
01-31 17:22:26.160 D/KeyCharacterMap(  547): mapKey: scanCode=28, usageCode=0x00000000 ~ Failed.
01-31 17:22:26.160 D/InputDispatcher(  547): notifyKey - eventTime=2397060311000, deviceId=1, source=0x301, policyFlags=0x0, action=0x1, flags=0x8, keyCode=0x42, scanCode=0x1c, metaState=0x0, downTime=2396888072000
01-31 17:22:26.160 V/WindowManager(  547): ######## Clear factory key sequence ########
01-31 17:22:26.170 I/PinyinIME(  784): onKeyUp inputViewShow : false
01-31 17:22:26.170 I/key up  (  784): KEYCODE_ENTER
01-31 17:22:26.170 I/PinyinIME(  784): super key up
01-31 17:22:26.170 D/MainActivity(  927): KeyEvent { action=ACTION_UP, keyCode=KEYCODE_ENTER, scanCode=28, metaState=0, flags=0x8, repeatCount=0, eventTime=2397060, downTime=2396888, deviceId=1, source=0x301 }
01-31 17:22:26.180 V/AudioFlinger(  172): AUDIO_OUTPUT_FLAG_FAST denied: isTimed=0 sharedBuffer=0xb801bab0 frameCount=5733 mFrameCount=1024 format=1 isLinear=1 channelMask=0x3 sampleRate=44100 mSampleRate=48000 hasFastMixer=0 tid=3627 fastTrackAvailMask=0xfe
01-31 17:22:26.190 W/ContextImpl(  927): Calling a method in the system process without a qualified user: android.app.ContextImpl.startService:1518 android.content.ContextWrapper.startService:494 com.xiaomi.mitv.api.system.StatusBarController.hideStatusBar:58 com.xiaomi.tv.desktop.model.ax.t:-1 com.xiaomi.tv.desktop.controller.d.a:-1 
01-31 17:22:26.200 D/MiTVSystemUIService(  939): onStartCommand
01-31 17:22:26.200 V/AudioFlinger(  172): ThreadBase::setParameters() routing=2
01-31 17:22:26.200 D/MiTVSystemUIService(  939): onStartCommand com:-1
01-31 17:22:26.200 D/MiTVSystemUIService(  939): onStartCommand show_expand:0
01-31 17:22:26.200 V/AudioFlinger(  172): thread 0xb34cf008 type 0 TID 619 waking up
01-31 17:22:26.200 D/MiTVSystemUIService(  939): onStartCommand: show_status_com:0
01-31 17:22:26.200 D/CommandDispatcher(  939): executeCommand, id:8
01-31 17:22:26.200 D/MiTVSystemUIService(  939): onStartCommand: recent_com:-1
01-31 17:22:26.210 D/UpdateScheduler(  927): giong to block mChannelHandler
01-31 17:22:26.210 D/UpdateScheduler(  927): mAsyncOpWaiter block finish
01-31 17:22:26.210 V/AudioFlinger(  172): acquireWakeLock_l() AudioOut_2 status 0
01-31 17:22:26.210 D/audio_hw_primary(  172): out_set_parameters(kvpairs(routing=2), out_device=0x2)
01-31 17:22:26.210 V/AudioFlinger(  172): acquireWakeLock_l() AudioOut_2 status 0
01-31 17:22:26.210 V/AudioFlinger(  172): ThreadBase::setParameters() routing=1024
01-31 17:22:26.210 V/AudioFlinger(  172): thread 0xb32f4008 type 0 TID 620 waking up
01-31 17:22:26.220 D/ReceiverMgr(  927): pause complete
01-31 17:22:26.220 V/AudioFlinger(  172): acquireWakeLock_l() AudioOut_7 status 0
01-31 17:22:26.220 D/audio_hw_hdmi(  172): out_set_parameters(kvpairs(routing=1024), out_device=0x400)
01-31 17:22:26.220 V/AudioFlinger(  172): acquireWakeLock_l() AudioOut_7 status 0
01-31 17:22:26.220 V/AudioFlinger(  172): thread 0xb31b3008 type 2 TID 621 waking up
01-31 17:22:26.230 V/AudioFlinger(  172): acquireWakeLock_l() AudioOut_8 status 0
01-31 17:22:26.230 V/AudioFlinger(  172): acquireWakeLock_l() AudioOut_8 status 0
01-31 17:22:26.230 V/AudioFlinger(  172): remove track (4100) and delete from mixer
01-31 17:22:26.230 I/Track   (  172): OutPut Track restore active track to thread 0xb32f4008
01-31 17:22:26.230 I/Track   (  172): OutPut Track restore active track to thread 0xb34cf008
01-31 17:22:26.230 I/Track   (  172): OutPut Track restore active track to thread 0xb32f4008
01-31 17:22:26.230 I/Track   (  172): OutPut Track restore active track to thread 0xb34cf008
01-31 17:22:26.230 I/Track   (  172): OutPut Track restore active track to thread 0xb32f4008
01-31 17:22:26.230 I/Track   (  172): OutPut Track restore active track to thread 0xb34cf008
01-31 17:22:26.230 I/Track   (  172): OutPut Track restore active track to thread 0xb32f4008
01-31 17:22:26.230 V/AudioFlinger(  172): acquireWakeLock_l() AudioOut_7 status 0
01-31 17:22:26.230 D/audio_hw_hdmi(  172): select_output_device(mode=0, out_device=0x400)
01-31 17:22:26.230 D/audio_hw_hdmi(  172): start_output_stream(adev->out_device=0x400, adev->mode=0)
01-31 17:22:26.230 I/Track   (  172): OutPut Track restore active track to thread 0xb34cf008
01-31 17:22:26.230 I/audio_hw_hdmi(  172): hdmi sound card id 0,device id 2 
01-31 17:22:26.230 D/audio_hw_hdmi(  172): ------------open on board audio-------
01-31 17:22:26.230 V/AudioFlinger(  172): acquireWakeLock_l() AudioOut_2 status 0
01-31 17:22:26.230 D/audio_hw_primary(  172): start_output_stream(adev->out_device=0x2, adev->mode=0)
01-31 17:22:26.230 W/ContextImpl(  927): Calling a method in the system process without a qualified user: android.app.ContextImpl.startActivity:1059 android.content.ContextWrapper.startActivity:311 com.xiaomi.tv.desktop.controller.d.a:-1 com.xiaomi.tv.desktop.ui.bh.onClick:-1 com.xiaomi.tv.desktop.ui.d.onClick:-1 
01-31 17:22:26.240 D/audio_hw_primary(  172): select_devices(mode=0, out_device=0x2)
01-31 17:22:26.240 D/audio_hw_primary(  172): ~~~~ select_devices : hs=0 , hp=0, sp=2, hdmi=0x0,earpiece=0x0
01-31 17:22:26.240 I/audio_hw_hdmi(  172): channels=2---format=0---period_count4---period_size1024---rate=48000---
01-31 17:22:26.240 D/audio_hw_primary(  172): ~~~~ select_devices : in_device(0x4), mic_in(0x4), headset_mic(0)
01-31 17:22:26.240 D/audio_hw_primary(  172): ****select_devices : output_standby=1,input_standby=1
01-31 17:22:26.240 D/audio_hw_primary(  172): *start_output_stream, open card(0) port(0)-------
01-31 17:22:26.240 D/audio_hw_primary(  172): channels=2---format=0---period_count4---period_size1024---rate=48000---
01-31 17:22:26.240 W/ContextImpl(  927): Calling a method in the system process without a qualified user: android.app.ContextImpl.startActivity:1071 android.app.ContextImpl.startActivity:1060 android.content.ContextWrapper.startActivity:311 com.xiaomi.tv.desktop.controller.d.a:-1 com.xiaomi.tv.desktop.ui.bh.onClick:-1 
01-31 17:22:26.240 I/ActivityManager(  547): START u0 {act=android.intent.action.MAIN cat=[android.intent.category.LAUNCHER] flg=0x10200000 cmp=com.xiaomi.mitv.wfd/.WfdActivity} from pid 927
01-31 17:22:26.250 I/ActivityManager(  547): start package name is com.xiaomi.mitv.wfd, class name is com.xiaomi.mitv.wfd.WfdActivity, error code is 0
01-31 17:22:26.280 I/Track   (  172): OutPut Track restore active track to thread 0xb34cf008
01-31 17:22:26.310 D/FullScreenAdMgr(  927): showIfNecessary mShowingAd:false, cn:ComponentInfo{com.xiaomi.mitv.wfd/com.xiaomi.mitv.wfd.WfdActivity}, willShow:false
01-31 17:22:26.320 W/AppLauncher(  927): Launch app cmp:ComponentInfo{com.xiaomi.mitv.wfd/com.xiaomi.mitv.wfd.WfdActivity}
01-31 17:22:26.320 D/MainActivity(  927): onPause
01-31 17:22:26.340 D/DisplayMetrics(  547): densityDpi 320
01-31 17:22:26.370 I/WfdActivity( 3167): onCreate
01-31 17:22:26.370 D/WfdActivity( 3167): killBackgroundProcesses
01-31 17:22:26.380 D/WfdActivity( 3167): garbage apps are force stopped to avoid impact foreground app
01-31 17:22:26.380 I/WfdActivity( 3167): extraInfo is 
01-31 17:22:26.380 W/ActivityManager(  547): Invalid packageName: com.togic.livevideo
01-31 17:22:26.390 W/System.err( 3167): org.json.JSONException: End of input at character 0 of 
01-31 17:22:26.390 D/MainActivity(  927): Pause runner run
01-31 17:22:26.390 D/Singleton(  927): pauseAllInstance but not resumed
01-31 17:22:26.390 W/System.err( 3167): 	at org.json.JSONTokener.syntaxError(JSONTokener.java:450)
01-31 17:22:26.390 W/System.err( 3167): 	at org.json.JSONTokener.nextValue(JSONTokener.java:97)
01-31 17:22:26.390 W/System.err( 3167): 	at org.json.JSONArray.<init>(JSONArray.java:92)
01-31 17:22:26.390 W/System.err( 3167): 	at org.json.JSONArray.<init>(JSONArray.java:108)
01-31 17:22:26.390 W/System.err( 3167): 	at com.xiaomi.mitv.wfd.WfdActivity.onCreate(WfdActivity.java:73)
01-31 17:22:26.390 W/System.err( 3167): 	at android.app.Activity.performCreate(Activity.java:5281)
01-31 17:22:26.390 W/System.err( 3167): 	at android.app.Instrumentation.callActivityOnCreate(Instrumentation.java:1103)
01-31 17:22:26.390 W/System.err( 3167): 	at android.app.ActivityThread.performLaunchActivity(ActivityThread.java:2159)
01-31 17:22:26.390 W/System.err( 3167): 	at android.app.ActivityThread.handleLaunchActivity(ActivityThread.java:2245)
01-31 17:22:26.390 W/System.err( 3167): 	at android.app.ActivityThread.access$800(ActivityThread.java:135)
01-31 17:22:26.390 W/System.err( 3167): 	at android.app.ActivityThread$H.handleMessage(ActivityThread.java:1196)
01-31 17:22:26.390 W/System.err( 3167): 	at android.os.Handler.dispatchMessage(Handler.java:102)
01-31 17:22:26.390 W/System.err( 3167): 	at android.os.Looper.loop(Looper.java:136)
01-31 17:22:26.390 W/System.err( 3167): 	at android.app.ActivityThread.main(ActivityThread.java:5018)
01-31 17:22:26.390 W/System.err( 3167): 	at java.lang.reflect.Method.invokeNative(Native Method)
01-31 17:22:26.390 W/System.err( 3167): 	at java.lang.reflect.Method.invoke(Method.java:515)
01-31 17:22:26.390 W/System.err( 3167): 	at com.android.internal.os.ZygoteInit$MethodAndArgsCaller.run(ZygoteInit.java:828)
01-31 17:22:26.390 W/System.err( 3167): 	at com.android.internal.os.ZygoteInit.main(ZygoteInit.java:644)
01-31 17:22:26.390 W/System.err( 3167): 	at dalvik.system.NativeStart.main(Native Method)
01-31 17:22:26.390 I/WfdActivity( 3167): mIsAutoExit is false; mAutoExitTimer is 30; mConnectionTimer is 120
01-31 17:22:26.400 D/skia    ( 3167): found cached face <sans-serif-thin> <sans-serif-thin> 0x66622f98 [7]
01-31 17:22:26.430 D/UDTJmDNSThread(  841): REGISTER DONE: å®¢åŽ…çš„å°ç±³ç›’å­._rc._tcp.local. port:6091 text:protver=16777500prottext=RC Ver 1.0.1.28platform_id=208
01-31 17:22:26.430 D/UDTJmDNSThread(  841): scrnw=1920
01-31 17:22:26.430 D/UDTJmDNSThread(  841): scrnh=1080!server_address=media.ptmi.gitv.tvmac=10:48:b1:db:6e:4bserverport=6088photoport=6089$rid=69c786c2187a42448ad70ed6977c8083apmac=34:cd:be:1f:e5:14
01-31 17:22:26.430 D/UDTJmDNSThread(  841): operator=1miversion=1.3.111wol=1amac=04:e6:76:cf:ee:32CP=[118463]VC=0
01-31 17:22:26.430 D/UDTJmDNSThread(  841): local ip: 192.168.1.7
01-31 17:22:26.430 I/UDTJmDNSThread(  841): Exist: å®¢åŽ…çš„å°ç±³ç›’å­_rc._tcp.local.6091
01-31 17:22:26.430 I/UDTJmDNSThread(  841): Service already registered
01-31 17:22:26.450 I/WfdManager( 3167): disableWifi
01-31 17:22:26.460 I/WfdManager( 3167): scanWifiDisplays mIsWifiP2pConnected=false
01-31 17:22:26.460 D/M8WfdManager( 3167): doScanClients
01-31 17:22:26.470 E/M8WfdManager( 3167): changeRole +false
01-31 17:22:26.470 I/WfdActivity( 3167): onResume mWaitForResult=false
01-31 17:22:26.470 I/wpa_supplicant(  771): wlan0: Control interface command 'DISCONNECT'
01-31 17:22:26.470 D/WifiMonitor(  547): Event [IFNAME=wlan0 Control interface command 'DISCONNECT']
01-31 17:22:26.470 W/WifiMonitor(  547): couldn't identify event type - Control interface command 'DISCONNECT'
01-31 17:22:26.490 D/WfdManager( 3167): handleEvent: action = android.net.wifi.p2p.STATE_CHANGED
01-31 17:22:26.490 D/WfdActivity( 3167): onWifiDirectState 2
01-31 17:22:26.500 D/WfdManager( 3167): handleEvent: action = android.net.wifi.p2p.CONNECTION_STATE_CHANGE
01-31 17:22:26.500 D/WfdManager( 3167): WIFI P2P Disonnected mIsWifiP2pConnected=false
01-31 17:22:26.500 D/WfdManager( 3167): handleEvent: action = android.net.wifi.p2p.THIS_DEVICE_CHANGED
01-31 17:22:26.500 I/WfdManager( 3167): this dev name = Sink_ee32dev state3
01-31 17:22:26.500 D/WfdActivity( 3167): onDeviceNameChanged Sink_ee32
01-31 17:22:26.500 I/wpa_supplicant(  771): wlan0: CTRL-EVENT-DISCONNECTED bssid=34:cd:be:1f:e5:10 reason=3 locally_generated=1
01-31 17:22:26.500 D/WifiMonitor(  547): Event [IFNAME=wlan0 CTRL-EVENT-DISCONNECTED bssid=34:cd:be:1f:e5:10 reason=3 locally_generated=1]
01-31 17:22:26.500 E/WifiMonitor(  547): received DISCONNECTED handleNetworkStateChange 
01-31 17:22:26.500 I/hdmiswitch(  373):  recv n=162
01-31 17:22:26.500 D/StageView(  939): pause
01-31 17:22:26.510 D/wifi_gbk2utf(  547): constructEventSsid, SSID = vodafoneE509
01-31 17:22:26.510 D/WifiMonitor(  547): Event [IFNAME=wlan0 CTRL-EVENT-STATE-CHANGE id=1 state=0 BSSID=34:cd:be:1f:e5:10 SSID=vodafoneE509]
01-31 17:22:26.530 I/wpa_supplicant(  771): p2p-dev-wlan0: Control interface command 'P2P_FIND 120'
01-31 17:22:26.530 D/WifiMonitor(  547): Event [IFNAME=p2p-dev-wlan0 Control interface command 'P2P_FIND 120']
01-31 17:22:26.530 W/WifiMonitor(  547): couldn't identify event type - Control interface command 'P2P_FIND 120'
01-31 17:22:26.540 I/wpa_supplicant(  771): wlan0: Control interface command 'SET ps 1'
01-31 17:22:26.540 D/WifiMonitor(  547): Event [IFNAME=wlan0 Control interface command 'SET ps 1']
01-31 17:22:26.540 W/WifiMonitor(  547): couldn't identify event type - Control interface command 'SET ps 1'
01-31 17:22:26.540 I/wpa_supplicant(  771): p2p-dev-wlan0: Control interface command 'SET wifi_display 1'
01-31 17:22:26.540 D/WifiMonitor(  547): Event [IFNAME=p2p-dev-wlan0 Control interface command 'SET wifi_display 1']
01-31 17:22:26.540 W/WifiMonitor(  547): couldn't identify event type - Control interface command 'SET wifi_display 1'
01-31 17:22:26.550 I/wpa_supplicant(  771): wlan0: Control interface command 'DRIVER BTCOEXMODE 2'
01-31 17:22:26.550 D/WifiMonitor(  547): Event [IFNAME=wlan0 Control interface command 'DRIVER BTCOEXMODE 2']
01-31 17:22:26.550 W/WifiMonitor(  547): couldn't identify event type - Control interface command 'DRIVER BTCOEXMODE 2'
01-31 17:22:26.550 I/wpa_supplicant(  771): p2p-dev-wlan0: Control interface command 'WFD_SUBELEM_SET 0 000600111c440032'
01-31 17:22:26.550 D/WifiMonitor(  547): Event [IFNAME=p2p-dev-wlan0 Control interface command 'WFD_SUBELEM_SET 0 000600111c440032']
01-31 17:22:26.550 W/WifiMonitor(  547): couldn't identify event type - Control interface command 'WFD_SUBELEM_SET 0 000600111c440032'
01-31 17:22:26.550 D/CommandListener(  167): Clearing all IP addresses on wlan0
01-31 17:22:26.590 D/AirtuneService(  841): Receive Broadcast action=android.net.wifi.STATE_CHANGE
01-31 17:22:26.590 W/AirtuneService(  841): No network info in extra data, ignore!
01-31 17:22:26.590 D/StatusBar.NetworkController(  635): onReceive WIFI state change.
01-31 17:22:26.590 D/ConnectivityService(  547): ConnectivityChange for WIFI: DISCONNECTED/DISCONNECTED
01-31 17:22:26.590 D/ConnectivityService(  547): tryFailover: set mActiveDefaultNetwork=-1, prevNetType=1
01-31 17:22:26.600 I/wpa_supplicant(  771): wlan0: Control interface command 'SET ps 1'
01-31 17:22:26.600 I/netReceiver7( 3344): netReceiver, action: android.net.wifi.STATE_CHANGE
01-31 17:22:26.600 D/WifiMonitor(  547): Event [IFNAME=wlan0 Control interface command 'SET ps 1']
01-31 17:22:26.600 W/WifiMonitor(  547): couldn't identify event type - Control interface command 'SET ps 1'
01-31 17:22:26.600 I/netReceiver7( 3344): intent = Intent { act=android.net.wifi.STATE_CHANGE flg=0x4000010 (has extras) }, state = DISCONNECTED
01-31 17:22:26.600 I/netReceiver7( 3344): wifi disconnect!
01-31 17:22:26.600 I/wpa_supplicant(  771): wlan0: Control interface command 'DRIVER BTCOEXMODE 2'
01-31 17:22:26.600 D/WifiMonitor(  547): Event [IFNAME=wlan0 Control interface command 'DRIVER BTCOEXMODE 2']
01-31 17:22:26.600 W/WifiMonitor(  547): couldn't identify event type - Control interface command 'DRIVER BTCOEXMODE 2'
01-31 17:22:26.600 D/NetworkBroadcastReceiver( 1205): intent = Intent { act=android.net.wifi.STATE_CHANGE flg=0x4000010 cmp=com.xiaomi.mitv.settings/.NetworkBroadcastReceiver (has extras) }, state = DISCONNECTED
01-31 17:22:26.600 D/NetworkBroadcastReceiver( 1205): enter networkChanged: false : true
01-31 17:22:26.600 I/MiTv-Impl-m8-amlogic-EthernetManagerImpl( 1205): isCableConnected
01-31 17:22:26.600 D/ConnectivityService(  547): Attempting to switch to mobile
01-31 17:22:26.600 I/EthernetStateTracker(  547): >>>reconnect
01-31 17:22:26.600 I/EthernetService(  547): setEthState from 2 to 2
01-31 17:22:26.600 V/EthernetService(  547): Set ethernet mode null -> dhcp
01-31 17:22:26.600 I/EthernetStateTracker(  547): $$reconnect call resetInterface()
01-31 17:22:26.600 E/EthernetStateTracker(  547): Failed to resetInterface for EthernetManager is null
01-31 17:22:26.600 D/ConnectivityService(  547): Attempting to switch to ethernet
01-31 17:22:26.610 D/CommandListener(  167): Clearing all IP addresses on wlan0
01-31 17:22:26.610 D/NetworkBroadcastReceiver( 1205): enter networkChanged 2, wifiConnected: false ethConnected: false
01-31 17:22:26.610 D/NetworkBroadcastReceiver( 1205): enter networkChanged 6
01-31 17:22:26.610 D/EthernetService(  547): isEthDeviceAdded: trigger scanEthDevice
01-31 17:22:26.610 D/EthernetService(  547): EthernetNative.isEthDeviceAdded: No Device Found
01-31 17:22:26.610 D/MobileDataStateTracker(  547): default: Broadcast received: android.intent.action.ANY_DATA_STATE apnType=default
01-31 17:22:26.620 D/MobileDataStateTracker(  547): default: Received state=DISCONNECTED, old=DISCONNECTED, reason=WIFI_STATE_CHANGED
01-31 17:22:26.620 D/PowerManagerService(  547): checkScreenSaverTimeoutLocked come 720000 reason=KEEP_SCREEN_ON wakelock true
01-31 17:22:26.630 D/AirtuneService(  841): Receive Broadcast action=android.net.wifi.STATE_CHANGE
01-31 17:22:26.630 I/mediaexplorerdaemon.net.NetBroadcastReceiver( 2657): netReceiver, action: android.net.wifi.STATE_CHANGE
01-31 17:22:26.630 W/AirtuneService(  841): No network info in extra data, ignore!
01-31 17:22:26.630 I/mediaexplorerdaemon.net.NetBroadcastReceiver( 2657): intent = Intent { act=android.net.wifi.STATE_CHANGE flg=0x4000010 cmp=com.xiaomi.mitv.media/.NetBroadcastReceiver (has extras) }, state = DISCONNECTED
01-31 17:22:26.630 I/mediaexplorerdaemon.net.NetBroadcastReceiver( 2657): wifi disconnect!
01-31 17:22:26.630 I/mediaexplorerdaemon.net.NetBroadcastReceiver( 2657): disconnectFromNetwork: true
01-31 17:22:26.630 I/mediaexplorerdaemon.net.NetBroadcastReceiver( 2657): disconnectFromNetwork, iswifi: true
01-31 17:22:26.630 I/mediaexplorerdaemon.net.ThreadManager( 2657): disconnectFromNetwork
01-31 17:22:26.630 D/StatusBar.NetworkController(  635): onReceive WIFI state change.
01-31 17:22:26.640 I/netReceiver7( 3344): netReceiver, action: android.net.wifi.STATE_CHANGE
01-31 17:22:26.640 I/netReceiver7( 3344): intent = Intent { act=android.net.wifi.STATE_CHANGE flg=0x4000010 (has extras) }, state = DISCONNECTED
01-31 17:22:26.640 I/netReceiver7( 3344): wifi disconnect!
01-31 17:22:26.650 I/M8WfdManager( 3167): discovery success
01-31 17:22:26.650 D/M8WfdManager( 3167): Successfully set WFD info.
01-31 17:22:26.650 D/WfdManager( 3167): handleEvent: action = android.net.wifi.p2p.THIS_DEVICE_CHANGED
01-31 17:22:26.650 I/WfdManager( 3167): this dev name = Sink_ee32dev state3
01-31 17:22:26.650 D/WfdActivity( 3167): onDeviceNameChanged Sink_ee32
01-31 17:22:26.660 D/NetworkBroadcastReceiver( 1205): intent = Intent { act=android.net.wifi.STATE_CHANGE flg=0x4000010 cmp=com.xiaomi.mitv.settings/.NetworkBroadcastReceiver (has extras) }, state = DISCONNECTED
01-31 17:22:26.660 D/NetworkBroadcastReceiver( 1205): enter networkChanged: false : true
01-31 17:22:26.660 D/MiTVNetworkController(  939): action onReceive is : android.net.wifi.STATE_CHANGE, mitv.network.ethernet.action.ETHERNET_STATE_CHANGED
01-31 17:22:26.660 D/MiTVNetworkController(  939): updateWifiIcons mWifiConnected:false, mWifiLevel:4 mEthernetConnected false
01-31 17:22:26.660 D/NetworkStateManager(  939): changeNetworkState, type:0, flag:0, level:0, lable:null
01-31 17:22:26.660 D/NetworkStateView(  939): changeNetworkState type:0, flag:0, level:0, label:null, last_lable:null
01-31 17:22:26.660 I/MiTv-Impl-m8-amlogic-EthernetManagerImpl( 1205): isCableConnected
01-31 17:22:26.660 D/MobileDataStateTracker(  547): default: Broadcast received: android.intent.action.ANY_DATA_STATE apnType=default
01-31 17:22:26.660 D/MobileDataStateTracker(  547): default: Received state=DISCONNECTED, old=DISCONNECTED, reason=WIFI_STATE_CHANGED
01-31 17:22:26.670 D/EthernetService(  547): isEthDeviceAdded: trigger scanEthDevice
01-31 17:22:26.670 D/EthernetService(  547): EthernetNative.isEthDeviceAdded: No Device Found
01-31 17:22:26.680 D/NetworkBroadcastReceiver( 1205): enter networkChanged 2, wifiConnected: false ethConnected: false
01-31 17:22:26.680 D/NetworkBroadcastReceiver( 1205): enter networkChanged 6
01-31 17:22:26.690 D/HorizonDynamicOptionView(  939): addItem, key:{pkg:com.xiaomi.mitv.settings}{id:2147483647}, item:Item{title: ç½‘ç»œå·²æ–­å¼€, count: 0, isChecked: false}, current state:{STATE_NOT_START:0}, current data size:5
01-31 17:22:26.690 D/HorizonDynamicOptionView(  939): put item, data will be updated if existed
01-31 17:22:26.690 D/MiTVNetworkController(  939): action onReceive is : android.net.wifi.STATE_CHANGE, mitv.network.ethernet.action.ETHERNET_STATE_CHANGED
01-31 17:22:26.690 D/MiTVNetworkController(  939): updateWifiIcons mWifiConnected:false, mWifiLevel:4 mEthernetConnected false
01-31 17:22:26.690 D/NetworkStateManager(  939): changeNetworkState, type:0, flag:0, level:0, lable:null
01-31 17:22:26.690 D/NetworkStateView(  939): changeNetworkState type:0, flag:0, level:0, label:null, last_lable:null
01-31 17:22:26.690 I/mediaexplorerdaemon.net.NetBroadcastReceiver( 2657): netReceiver, action: android.net.wifi.STATE_CHANGE
01-31 17:22:26.690 I/mediaexplorerdaemon.net.NetBroadcastReceiver( 2657): intent = Intent { act=android.net.wifi.STATE_CHANGE flg=0x4000010 cmp=com.xiaomi.mitv.media/.NetBroadcastReceiver (has extras) }, state = DISCONNECTED
01-31 17:22:26.690 I/mediaexplorerdaemon.net.NetBroadcastReceiver( 2657): wifi disconnect!
01-31 17:22:26.690 I/mediaexplorerdaemon.net.NetBroadcastReceiver( 2657): disconnectFromNetwork: true
01-31 17:22:26.690 I/mediaexplorerdaemon.net.NetBroadcastReceiver( 2657): disconnectFromNetwork, iswifi: true
01-31 17:22:26.690 I/mediaexplorerdaemon.net.ThreadManager( 2657): disconnectFromNetwork
01-31 17:22:26.810 D/NetUtils(  547): android_net_utils_resetConnections in env=0x6c2fc6c8 clazz=0xb0400001 iface=wlan0 mask=0x3
01-31 17:22:26.810 D/ConnectivityService(  547): resetConnections(wlan0, 3)
01-31 17:22:26.820 E/CommsReceiver( 1366): faf16efe23474bb5825f4b9e8b2adec5:69c786c2187a42448ad70ed6977c8083: Stopping due to IOException
01-31 17:22:26.820 E/ClientComms( 1366): faf16efe23474bb5825f4b9e8b2adec5:69c786c2187a42448ad70ed6977c8083: state=DISCONNECTING
01-31 17:22:26.820 E/CommsCallback( 1366): faf16efe23474bb5825f4b9e8b2adec5:69c786c2187a42448ad70ed6977c8083: stopping
01-31 17:22:26.820 E/CommsCallback( 1366): faf16efe23474bb5825f4b9e8b2adec5:69c786c2187a42448ad70ed6977c8083: notify workAvailable and wait for run
01-31 17:22:26.820 E/CommsCallback( 1366): faf16efe23474bb5825f4b9e8b2adec5:69c786c2187a42448ad70ed6977c8083: notify spaceAvailable
01-31 17:22:26.820 E/CommsCallback( 1366): faf16efe23474bb5825f4b9e8b2adec5:69c786c2187a42448ad70ed6977c8083: stopped
01-31 17:22:26.820 E/CommsReceiver( 1366): faf16efe23474bb5825f4b9e8b2adec5:69c786c2187a42448ad70ed6977c8083: stopping
01-31 17:22:26.820 E/CommsReceiver( 1366): faf16efe23474bb5825f4b9e8b2adec5:69c786c2187a42448ad70ed6977c8083: stopped
01-31 17:22:26.820 E/CommsTokenStore( 1366): faf16efe23474bb5825f4b9e8b2adec5:69c786c2187a42448ad70ed6977c8083: resp=å®¢æˆ·æœºæ­£åœ¨æ–­å¼€è¿žæŽ¥ (32102)
01-31 17:22:26.820 E/ClientComms( 1366): faf16efe23474bb5825f4b9e8b2adec5:69c786c2187a42448ad70ed6977c8083: >
01-31 17:22:26.820 E/CommsTokenStore( 1366): faf16efe23474bb5825f4b9e8b2adec5:69c786c2187a42448ad70ed6977c8083: key=18 token=org.eclipse.paho.client.mqttv3.MqttToken@41a76260
01-31 17:22:26.820 D/PinyinIME(  784): onFinishInput.
01-31 17:22:26.820 D/PinyinIME(  784): onStartInput  ccontentType: 0 Restarting:false
01-31 17:22:26.820 E/ClientState( 1366): faf16efe23474bb5825f4b9e8b2adec5:69c786c2187a42448ad70ed6977c8083: reason å·²æ–­å¼€è¿žæŽ¥ (32109) - java.net.SocketException: recvfrom failed: ETIMEDOUT (Connection timed out)
01-31 17:22:26.820 E/CommsTokenStore( 1366): faf16efe23474bb5825f4b9e8b2adec5:69c786c2187a42448ad70ed6977c8083: >
01-31 17:22:26.820 E/CommsTokenStore( 1366): faf16efe23474bb5825f4b9e8b2adec5:69c786c2187a42448ad70ed6977c8083: key=18
01-31 17:22:26.820 E/CommsCallback( 1366): faf16efe23474bb5825f4b9e8b2adec5:69c786c2187a42448ad70ed6977c8083: callback and notify for key=18
01-31 17:22:26.820 E/Token   ( 1366): faf16efe23474bb5825f4b9e8b2adec5:69c786c2187a42448ad70ed6977c8083: >key=18 response=SUBACK msgId 18 granted Qos 0 excep=null
01-31 17:22:26.820 E/CommsCallback( 1366): faf16efe23474bb5825f4b9e8b2adec5:69c786c2187a42448ad70ed6977c8083: call onSuccess key=18
01-31 17:22:26.820 W/ContextImpl( 1366): Calling a method in the system process without a qualified user: android.app.ContextImpl.sendBroadcast:1162 android.content.ContextWrapper.sendBroadcast:365 org.eclipse.paho.android.service.MqttService.callbackToActivity:-1 org.eclipse.paho.android.service.MqttConnection$MqttConnectionListener.onSuccess:-1 org.eclipse.paho.client.mqttv3.internal.CommsCallback.fireActionEvent:-1 
01-31 17:22:26.830 I/ActivityManager(  547): Displayed com.xiaomi.mitv.wfd/.WfdActivity: +486ms
01-31 17:22:26.830 D/ScrollView(  927): onSaveInstanceState
01-31 17:22:26.840 W/System.err( 2657): java.net.SocketTimeoutException: failed to connect to /192.168.1.1 (port 8300) after 10000ms: isConnected failed: ETIMEDOUT (Connection timed out)
01-31 17:22:26.840 W/System.err( 2657): 	at libcore.io.IoBridge.isConnected(IoBridge.java:221)
01-31 17:22:26.840 W/System.err( 2657): 	at libcore.io.IoBridge.connectErrno(IoBridge.java:161)
01-31 17:22:26.840 W/System.err( 2657): 	at libcore.io.IoBridge.connect(IoBridge.java:112)
01-31 17:22:26.840 W/System.err( 2657): 	at java.net.PlainSocketImpl.connect(PlainSocketImpl.java:192)
01-31 17:22:26.840 W/System.err( 2657): 	at java.net.PlainSocketImpl.connect(PlainSocketImpl.java:459)
01-31 17:22:26.840 W/System.err( 2657): 	at java.net.Socket.connect(Socket.java:843)
01-31 17:22:26.840 W/System.err( 2657): 	at com.android.okhttp.internal.Platform.connectSocket(Platform.java:131)
01-31 17:22:26.840 W/System.err( 2657): 	at com.android.okhttp.Connection.connect(Connection.java:101)
01-31 17:22:26.840 W/System.err( 2657): 	at com.android.okhttp.internal.http.HttpEngine.connect(HttpEngine.java:294)
01-31 17:22:26.840 W/System.err( 2657): 	at com.android.okhttp.internal.http.HttpEngine.sendSocketRequest(HttpEngine.java:255)
01-31 17:22:26.840 W/System.err( 2657): 	at com.android.okhttp.internal.http.HttpEngine.sendRequest(HttpEngine.java:206)
01-31 17:22:26.840 W/System.err( 2657): 	at com.android.okhttp.internal.http.HttpURLConnectionImpl.execute(HttpURLConnectionImpl.java:345)
01-31 17:22:26.840 W/System.err( 2657): 	at com.android.okhttp.internal.http.HttpURLConnectionImpl.getResponse(HttpURLConnectionImpl.java:296)
01-31 17:22:26.840 W/System.err( 2657): 	at com.android.okhttp.internal.http.HttpURLConnectionImpl.getInputStream(HttpURLConnectionImpl.java:179)
01-31 17:22:26.840 W/System.err( 2657): 	at com.xiaomi.mitv.media.XQDetectorService.getStringFromUrl(XQDetectorService.java:257)
01-31 17:22:26.840 W/System.err( 2657): 	at com.xiaomi.mitv.media.XQDetectorService$1.run(XQDetectorService.java:54)
01-31 17:22:26.840 W/System.err( 2657): 	at android.os.Handler.handleCallback(Handler.java:733)
01-31 17:22:26.840 W/System.err( 2657): 	at android.os.Handler.dispatchMessage(Handler.java:95)
01-31 17:22:26.840 W/System.err( 2657): 	at android.os.Looper.loop(Looper.java:136)
01-31 17:22:26.840 W/System.err( 2657): 	at android.os.HandlerThread.run(HandlerThread.java:61)
01-31 17:22:26.840 W/System.err( 2657): Caused by: libcore.io.ErrnoException: isConnected failed: ETIMEDOUT (Connection timed out)
01-31 17:22:26.840 W/System.err( 2657): 	at libcore.io.IoBridge.isConnected(IoBridge.java:208)
01-31 17:22:26.840 W/System.err( 2657): 	... 19 more
01-31 17:22:26.840 I/mediaexplorerdaemon.net.XQDetectorService( 2657): get jsonString: null
01-31 17:22:26.840 I/mediaexplorerdaemon.net.XQDetectorService( 2657): jsonString is null
01-31 17:22:26.840 I/mediaexplorerdaemon.net.XQDetectorService( 2657): waitTime: 10000
01-31 17:22:26.840 D/PowerManagerService(  547): checkScreenSaverTimeoutLocked come 720000 reason=userActivity
01-31 17:22:26.840 D/PowerManagerService(  547): checkScreenSaverTimeoutLocked come 720000 reason=KEEP_SCREEN_ON wakelock false
01-31 17:22:26.850 E/ClientState( 1366): faf16efe23474bb5825f4b9e8b2adec5:69c786c2187a42448ad70ed6977c8083: received key=18 token=org.eclipse.paho.client.mqttv3.MqttToken@41a76260 message=SUBACK msgId 18 granted Qos 0
01-31 17:22:26.850 E/ClientState( 1366): faf16efe23474bb5825f4b9e8b2adec5:69c786c2187a42448ad70ed6977c8083: disconnected
01-31 17:22:26.860 E/CommsSender( 1366): faf16efe23474bb5825f4b9e8b2adec5:69c786c2187a42448ad70ed6977c8083: stopping sender
01-31 17:22:26.860 W/PushService(  903): 2016-01-31 17:22:26,832 - [WARN::PushService] - 
01-31 17:22:26.860 W/PushService(  903): 
01-31 17:22:26.860 W/PushService(  903): java.net.SocketException: recvfrom failed: ETIMEDOUT (Connection timed out)
01-31 17:22:26.860 W/PushService(  903): 	at libcore.io.IoBridge.maybeThrowAfterRecvfrom(IoBridge.java:545)
01-31 17:22:26.860 W/PushService(  903): 	at libcore.io.IoBridge.recvfrom(IoBridge.java:509)
01-31 17:22:26.860 W/PushService(  903): 	at java.net.PlainSocketImpl.read(PlainSocketImpl.java:488)
01-31 17:22:26.860 W/PushService(  903): 	at java.net.PlainSocketImpl.access$000(PlainSocketImpl.java:46)
01-31 17:22:26.860 W/PushService(  903): 	at java.net.PlainSocketImpl$PlainSocketInputStream.read(PlainSocketImpl.java:240)
01-31 17:22:26.860 W/PushService(  903): 	at java.io.InputStreamReader.read(InputStreamReader.java:233)
01-31 17:22:26.860 W/PushService(  903): 	at java.io.BufferedReader.read(BufferedReader.java:325)
01-31 17:22:26.860 W/PushService(  903): 	at com.xiaomi.smack.util.ObservableReader.read(Unknown Source)
01-31 17:22:26.860 W/PushService(  903): 	at org.kxml2.io.KXmlParser.fillBuffer(KXmlParser.java:1506)
01-31 17:22:26.860 W/PushService(  903): 	at org.kxml2.io.KXmlParser.peekType(KXmlParser.java:986)
01-31 17:22:26.860 W/PushService(  903): 	at org.kxml2.io.KXmlParser.next(KXmlParser.java:346)
01-31 17:22:26.860 W/PushService(  903): 	at org.kxml2.io.KXmlParser.next(KXmlParser.java:310)
01-31 17:22:26.860 W/PushService(  903): 	at com.xiaomi.smack.PacketReader.parsePackets(Unknown Source)
01-31 17:22:26.860 W/PushService(  903): 	at com.xiaomi.smack.PacketReader.access$000(Unknown Source)
01-31 17:22:26.860 W/PushService(  903): 	at com.xiaomi.smack.PacketReader$1.run(Unknown Source)
01-31 17:22:26.860 W/PushService(  903): Caused by: libcore.io.ErrnoException: recvfrom failed: ETIMEDOUT (Connection timed out)
01-31 17:22:26.860 W/PushService(  903): 	at libcore.io.Posix.recvfromBytes(Native Method)
01-31 17:22:26.860 W/PushService(  903): 	at libcore.io.Posix.recvfrom(Posix.java:141)
01-31 17:22:26.860 W/PushService(  903): 	at libcore.io.BlockGuardOs.recvfrom(BlockGuardOs.java:164)
01-31 17:22:26.860 W/PushService(  903): 	at libcore.io.IoBridge.recvfrom(IoBridge.java:506)
01-31 17:22:26.860 W/PushService(  903): 	... 13 more
01-31 17:22:26.860 E/ClientState( 1366): faf16efe23474bb5825f4b9e8b2adec5:69c786c2187a42448ad70ed6977c8083: notifying queueLock holders
01-31 17:22:26.860 E/ClientState( 1366): faf16efe23474bb5825f4b9e8b2adec5:69c786c2187a42448ad70ed6977c8083: new work or ping arrived 
01-31 17:22:26.860 E/ClientState( 1366): faf16efe23474bb5825f4b9e8b2adec5:69c786c2187a42448ad70ed6977c8083: no outstanding flows and not connected
01-31 17:22:26.860 E/CommsSender( 1366): faf16efe23474bb5825f4b9e8b2adec5:69c786c2187a42448ad70ed6977c8083: get message returned null, stopping}
01-31 17:22:26.860 E/CommsSender( 1366): faf16efe23474bb5825f4b9e8b2adec5:69c786c2187a42448ad70ed6977c8083: <
01-31 17:22:26.860 W/PushService(  903): 2016-01-31 17:22:26,864 - [WARN::PushService] - [Thread:75] JOB: shutdown the connection. 9, java.net.SocketException: recvfrom failed: ETIMEDOUT (Connection timed out)
01-31 17:22:26.860 W/PushService(  903): 2016-01-31 17:22:26,865 - [WARN::PushService] - [Thread:75] disconnect 1101357544, 1101357928
01-31 17:22:26.860 W/PushService(  903): 2016-01-31 17:22:26,865 - [WARN::PushService] - [Thread:75] update the connection status. connected -> disconnected : ERROR_READ_ERROR 
01-31 17:22:26.860 E/CommsSender( 1366): faf16efe23474bb5825f4b9e8b2adec5:69c786c2187a42448ad70ed6977c8083: stopped
01-31 17:22:26.870 D/PowerManagerService(  547): checkScreenSaverTimeoutLocked come 720000 reason=KEEP_SCREEN_ON wakelock true
01-31 17:22:26.880 D/AlarmPingSender( 1366): Unregister alarmreceiver to MqttServicefaf16efe23474bb5825f4b9e8b2adec5:69c786c2187a42448ad70ed6977c8083
01-31 17:22:26.880 D/AlarmPingSender( 1366): release all lock.
01-31 17:22:26.880 D/Nat464Xlat(  547): requiresClat: netType=1, hasIPv4Address=false
01-31 17:22:26.880 E/ConnectivityService(  547): getConnectivityChangeDelay: 0
01-31 17:22:26.890 D/Tethering(  547): MasterInitialState.processMessage what=3
01-31 17:22:26.900 D/CaptivePortalTracker(  547): Disconnected from active network NetworkInfo: type: WIFI[], state: DISCONNECTED/DISCONNECTED, reason: (unspecified), extra: <unknown ssid>, roaming: false, failover: false, isAvailable: true, isConnectedToProvisioningNetwork: false
01-31 17:22:26.900 I/DlnaDaemon(  830): ACTION: android.net.conn.CONNECTIVITY_CHANGE
01-31 17:22:26.900 D/StatusBar.NetworkController(  635): onReceive CONNECTIVITY_ACTION
01-31 17:22:26.900 D/ConnectivityService(  547): setProvNotificationVisible: E visible=false networkType=1 extraInfo=null url=null
01-31 17:22:26.910 D/UDTDiscoverService(  841): Action: android.net.conn.CONNECTIVITY_CHANGE
01-31 17:22:26.910 D/TVMQTTPushManager( 1366): NetworkStatusReceiver, onReceive: isManagerStarted: true ,isRegistering: false ,isRegistered true ,isRetrivingSSEC: false
01-31 17:22:26.910 D/TVMQTTPushManager( 1366): isNetworkConnected
01-31 17:22:26.910 D/dalvikvm(  903): GC_CONCURRENT freed 512K, 18% free 3451K/4192K, paused 5ms+8ms, total 84ms
01-31 17:22:26.920 E/ClientComms( 1366): faf16efe23474bb5825f4b9e8b2adec5:69c786c2187a42448ad70ed6977c8083: state=DISCONNECTED
01-31 17:22:26.920 E/CommsCallback( 1366): faf16efe23474bb5825f4b9e8b2adec5:69c786c2187a42448ad70ed6977c8083: call connectionLost
