01-31 17:22:37.390 I/HDCPModuleAmlogic(  172): HDCP2LIB build time: Aug 25 2015 11:57:15
01-31 17:22:37.390 I/HDCPModuleAmlogic(  172): HDCPModule loaded (1454232157)
01-31 17:22:37.390 I/HDCPLIB (  172): Using software AES
01-31 17:22:37.390 E/HDCPLIB_RX(  172): rx_load_keys, err: -27
01-31 17:22:37.390 E/HDCPLIB_RX(  172): rx_setup_private_data, err: -27
01-31 17:22:37.400 E/HDCPLIB (  172): hdcp_init, err: -27
01-31 17:22:37.400 E/HDCPModuleAmlogic(  172): module init failed (1454232157)
01-31 17:22:37.400 I/HDCPModuleAmlogic(  172): HDCP2LIB unloaded (1454232157)
01-31 17:22:37.400 E/HDCP    (  172): createHDCPModule failed.
01-31 17:22:37.400 E/WifiDisplaySink(  172): Failed to set HDCP observer.
01-31 17:22:37.400 E/WifiDisplaySink(  172): Unable to instantiate HDCP component. Not using HDCP after all.
01-31 17:22:37.400 I/WifiDisplaySink(  172): post msg kWhatStart.
01-31 17:22:37.400 E/wfd_client(  172): start looper
01-31 17:22:37.400 E/wfd_client(  172): start looper finish
01-31 17:22:37.400 E/wfd_client(  172): wfd_client : getStreamSource
01-31 17:22:37.400 I/WifiDisplaySink(  172): Received msg kWhatStart.
01-31 17:22:37.400 I/WifiDisplaySink(  172): Create RTSPClient.
01-31 17:22:37.400 I/NetworkSession(  172): connecting to 192.168.49.56:7236
01-31 17:22:37.410 I/WifiDisplaySink(  172): Received msg kWhatRTSPNotify.
01-31 17:22:37.410 I/WifiDisplaySink(  172): reason: kWhatConnected.
01-31 17:22:37.410 I/WifiDisplaySink(  172): We're now connected.
01-31 17:22:37.410 I/WifiDisplaySink(  172): Received msg kWhatRTSPNotify.
01-31 17:22:37.410 I/WifiDisplaySink(  172): reason: kWhatData.
01-31 17:22:37.410 I/WifiDisplaySink(  172): 
01-31 17:22:37.410 I/WifiDisplaySink(  172): Received Request:
01-31 17:22:37.410 I/WifiDisplaySink(  172): OPTIONS * RTSP/1.0
01-31 17:22:37.410 I/WifiDisplaySink(  172): cseq: 1
01-31 17:22:37.410 I/WifiDisplaySink(  172): date: Sun, 31 Jan 2016 09:22:36 +0000
01-31 17:22:37.410 I/WifiDisplaySink(  172): require: org.wfa.wfd1.0
01-31 17:22:37.410 I/WifiDisplaySink(  172): server: stagefright/1.2 (Linux;Android 5.1.1)
01-31 17:22:37.410 I/WifiDisplaySink(  172): 
01-31 17:22:37.410 I/WifiDisplaySink(  172): 
01-31 17:22:37.410 I/WifiDisplaySink(  172): Send Response:
01-31 17:22:37.410 I/WifiDisplaySink(  172): RTSP/1.0 200 OK
01-31 17:22:37.410 I/WifiDisplaySink(  172): Date: Sun, 31 Jan 2016 09:22:37 +0000
01-31 17:22:37.410 I/WifiDisplaySink(  172): User-Agent: stagefright/1.1 (Linux;Android 4.1)
01-31 17:22:37.410 I/WifiDisplaySink(  172): CSeq: 1
01-31 17:22:37.410 I/WifiDisplaySink(  172): Public: org.wfa.wfd1.0, GET_PARAMETER, SET_PARAMETER
01-31 17:22:37.410 I/WifiDisplaySink(  172): 
01-31 17:22:37.410 I/WifiDisplaySink(  172): 
01-31 17:22:37.410 I/WifiDisplaySink(  172): Send Request:
01-31 17:22:37.410 I/WifiDisplaySink(  172): OPTIONS * RTSP/1.0
01-31 17:22:37.410 I/WifiDisplaySink(  172): Date: Sun, 31 Jan 2016 09:22:37 +0000
01-31 17:22:37.410 I/WifiDisplaySink(  172): User-Agent: stagefright/1.1 (Linux;Android 4.1)
01-31 17:22:37.410 I/WifiDisplaySink(  172): CSeq: 1
01-31 17:22:37.410 I/WifiDisplaySink(  172): Require: org.wfa.wfd1.0
01-31 17:22:37.410 I/WifiDisplaySink(  172): 
01-31 17:22:37.410 I/WifiDisplaySink(  172): registerResponseHandler:id = 1, onReceiveM2Response
01-31 17:22:37.420 I/WifiDisplaySink(  172): Received msg kWhatRTSPNotify.
01-31 17:22:37.420 I/WifiDisplaySink(  172): reason: kWhatData.
01-31 17:22:37.420 I/WifiDisplaySink(  172): 
01-31 17:22:37.420 I/WifiDisplaySink(  172): Received Response:
01-31 17:22:37.420 I/WifiDisplaySink(  172): RTSP/1.0 200 OK
01-31 17:22:37.420 I/WifiDisplaySink(  172): cseq: 1
01-31 17:22:37.420 I/WifiDisplaySink(  172): date: Sun, 31 Jan 2016 09:22:36 +0000
01-31 17:22:37.420 I/WifiDisplaySink(  172): public: org.wfa.wfd1.0, SETUP, TEARDOWN, PLAY, PAUSE, GET_PARAMETER, SET_PARAMETER
01-31 17:22:37.420 I/WifiDisplaySink(  172): server: stagefright/1.2 (Linux;Android 5.1.1)
01-31 17:22:37.420 I/WifiDisplaySink(  172): 
01-31 17:22:37.420 I/WifiDisplaySink(  172): onReceiveM2Response
01-31 17:22:37.420 D/PinyinIME(  784): onFinishInput.
01-31 17:22:37.420 D/PinyinIME(  784): onStartInput  ccontentType: 0 Restarting:false
01-31 17:22:37.430 I/ActivityManager(  547): Displayed com.xiaomi.mitv.wfd/.WfdPlayerActivity: +177ms
01-31 17:22:37.450 I/WifiDisplaySink(  172): Received msg kWhatRTSPNotify.
01-31 17:22:37.450 I/WifiDisplaySink(  172): reason: kWhatData.
01-31 17:22:37.450 I/WifiDisplaySink(  172): 
01-31 17:22:37.450 I/WifiDisplaySink(  172): Received Request:
01-31 17:22:37.450 I/WifiDisplaySink(  172): GET_PARAMETER rtsp://localhost/wfd1.0 RTSP/1.0
01-31 17:22:37.450 I/WifiDisplaySink(  172): content-length: 83
01-31 17:22:37.450 I/WifiDisplaySink(  172): content-type: text/parameters
01-31 17:22:37.450 I/WifiDisplaySink(  172): cseq: 2
01-31 17:22:37.450 I/WifiDisplaySink(  172): date: Sun, 31 Jan 2016 09:22:36 +0000
01-31 17:22:37.450 I/WifiDisplaySink(  172): server: stagefright/1.2 (Linux;Android 5.1.1)
01-31 17:22:37.450 I/WifiDisplaySink(  172): 
01-31 17:22:37.450 I/WifiDisplaySink(  172): wfd_content_protection
01-31 17:22:37.450 I/WifiDisplaySink(  172): wfd_video_formats
01-31 17:22:37.450 I/WifiDisplaySink(  172): wfd_audio_codecs
01-31 17:22:37.450 I/WifiDisplaySink(  172): wfd_client_rtp_ports
01-31 17:22:37.450 W/ALooperRoster(  172): ALooper::handler_id ALooperRoster::registerHandler 20
01-31 17:22:37.450 I/WifiDisplaySink(  172): !!! FIXME: HARD CODE with video_formats, audio_codecs and client_rtp_ports
01-31 17:22:37.450 I/WifiDisplaySink(  172): 
01-31 17:22:37.450 I/WifiDisplaySink(  172): Send Response:
01-31 17:22:37.450 I/WifiDisplaySink(  172): RTSP/1.0 200 OK
01-31 17:22:37.450 I/WifiDisplaySink(  172): Date: Sun, 31 Jan 2016 09:22:37 +0000
01-31 17:22:37.450 I/WifiDisplaySink(  172): User-Agent: stagefright/1.1 (Linux;Android 4.1)
01-31 17:22:37.450 I/WifiDisplaySink(  172): CSeq: 2
01-31 17:22:37.450 I/WifiDisplaySink(  172): Content-Type: text/parameters
01-31 17:22:37.450 I/WifiDisplaySink(  172): Content-Length: 212
01-31 17:22:37.450 I/WifiDisplaySink(  172): 
01-31 17:22:37.450 I/WifiDisplaySink(  172): wfd_audio_codecs: LPCM 00000003 00
01-31 17:22:37.450 I/WifiDisplaySink(  172): wfd_video_formats: 00 00 02 0F 00019CFF 05557FFF 00000FFF 00 0001 0000 11 none none
01-31 17:22:37.450 I/WifiDisplaySink(  172): wfd_client_rtp_ports: RTP/AVP/UDP;unicast 15550 0 mode=play
01-31 17:22:37.450 I/WifiDisplaySink(  172): wfd_content_protection: none
01-31 17:22:37.460 I/WifiDisplaySink(  172): Received msg kWhatRTSPNotify.
01-31 17:22:37.460 I/WifiDisplaySink(  172): reason: kWhatData.
01-31 17:22:37.460 I/WifiDisplaySink(  172): 
01-31 17:22:37.460 I/WifiDisplaySink(  172): Received Request:
01-31 17:22:37.460 I/WifiDisplaySink(  172): SET_PARAMETER rtsp://localhost/wfd1.0 RTSP/1.0
01-31 17:22:37.460 I/WifiDisplaySink(  172): content-length: 249
01-31 17:22:37.460 I/WifiDisplaySink(  172): content-type: text/parameters
01-31 17:22:37.460 I/WifiDisplaySink(  172): cseq: 3
01-31 17:22:37.460 I/WifiDisplaySink(  172): date: Sun, 31 Jan 2016 09:22:36 +0000
01-31 17:22:37.460 I/WifiDisplaySink(  172): server: stagefright/1.2 (Linux;Android 5.1.1)
01-31 17:22:37.460 I/WifiDisplaySink(  172): 
01-31 17:22:37.460 I/WifiDisplaySink(  172): wfd_video_formats: 00 00 02 02 00000020 00000000 00000000 00 0000 0000 00 none none
01-31 17:22:37.460 I/WifiDisplaySink(  172): wfd_audio_codecs: LPCM 00000002 00
01-31 17:22:37.460 I/WifiDisplaySink(  172): wfd_presentation_URL: rtsp://192.168.49.56/wfd1.0/streamid=0 none
01-31 17:22:37.460 I/WifiDisplaySink(  172): wfd_client_rtp_ports: RTP/AVP/UDP;unicast 15550 0 mode=play
01-31 17:22:37.460 I/WifiDisplaySink(  172): 
01-31 17:22:37.460 I/WifiDisplaySink(  172): Send Response:
01-31 17:22:37.460 I/WifiDisplaySink(  172): RTSP/1.0 200 OK
01-31 17:22:37.460 I/WifiDisplaySink(  172): Date: Sun, 31 Jan 2016 09:22:37 +0000
01-31 17:22:37.460 I/WifiDisplaySink(  172): User-Agent: stagefright/1.1 (Linux;Android 4.1)
01-31 17:22:37.460 I/WifiDisplaySink(  172): CSeq: 3
01-31 17:22:37.460 I/WifiDisplaySink(  172): Content-Type: text/parameters
01-31 17:22:37.460 I/WifiDisplaySink(  172): Content-Length: 0
01-31 17:22:37.460 I/WifiDisplaySink(  172): 
01-31 17:22:37.460 I/WifiDisplaySink(  172): Received msg kWhatRTSPNotify.
01-31 17:22:37.460 I/WifiDisplaySink(  172): reason: kWhatData.
01-31 17:22:37.460 I/WifiDisplaySink(  172): 
01-31 17:22:37.460 I/WifiDisplaySink(  172): Received Request:
01-31 17:22:37.460 I/WifiDisplaySink(  172): SET_PARAMETER rtsp://localhost/wfd1.0 RTSP/1.0
01-31 17:22:37.460 I/WifiDisplaySink(  172): content-length: 27
01-31 17:22:37.460 I/WifiDisplaySink(  172): content-type: text/parameters
01-31 17:22:37.460 I/WifiDisplaySink(  172): cseq: 4
01-31 17:22:37.460 I/WifiDisplaySink(  172): date: Sun, 31 Jan 2016 09:22:36 +0000
01-31 17:22:37.460 I/WifiDisplaySink(  172): server: stagefright/1.2 (Linux;Android 5.1.1)
01-31 17:22:37.460 I/WifiDisplaySink(  172): 
01-31 17:22:37.460 I/WifiDisplaySink(  172): wfd_trigger_method: SETUP
01-31 17:22:37.460 I/WifiDisplaySink(  172): 
01-31 17:22:37.460 I/WifiDisplaySink(  172): Send Response:
01-31 17:22:37.460 I/WifiDisplaySink(  172): RTSP/1.0 200 OK
01-31 17:22:37.460 I/WifiDisplaySink(  172): Date: Sun, 31 Jan 2016 09:22:37 +0000
01-31 17:22:37.460 I/WifiDisplaySink(  172): User-Agent: stagefright/1.1 (Linux;Android 4.1)
01-31 17:22:37.460 I/WifiDisplaySink(  172): CSeq: 4
01-31 17:22:37.460 I/WifiDisplaySink(  172): Content-Type: text/parameters
01-31 17:22:37.460 I/WifiDisplaySink(  172): Content-Length: 0
01-31 17:22:37.460 I/WifiDisplaySink(  172): 
01-31 17:22:37.460 I/WifiDisplaySink(  172): 
01-31 17:22:37.460 I/WifiDisplaySink(  172): Send Request:
01-31 17:22:37.460 I/WifiDisplaySink(  172): SETUP rtsp://192.168.49.56/wfd1.0/streamid=0 RTSP/1.0
01-31 17:22:37.460 I/WifiDisplaySink(  172): Date: Sun, 31 Jan 2016 09:22:37 +0000
01-31 17:22:37.460 I/WifiDisplaySink(  172): User-Agent: stagefright/1.1 (Linux;Android 4.1)
01-31 17:22:37.460 I/WifiDisplaySink(  172): CSeq: 2
01-31 17:22:37.460 I/WifiDisplaySink(  172): Transport: RTP/AVP/UDP;unicast;client_port=15550-15551
01-31 17:22:37.460 I/WifiDisplaySink(  172): 
01-31 17:22:37.460 I/WifiDisplaySink(  172): registerResponseHandler:id = 2, onReceiveSetupResponse
01-31 17:22:37.550 I/WifiDisplaySink(  172): Received msg kWhatRTSPNotify.
01-31 17:22:37.550 I/WifiDisplaySink(  172): reason: kWhatData.
01-31 17:22:37.550 I/WifiDisplaySink(  172): 
01-31 17:22:37.550 I/WifiDisplaySink(  172): Received Response:
01-31 17:22:37.550 I/WifiDisplaySink(  172): RTSP/1.0 200 OK
01-31 17:22:37.550 I/WifiDisplaySink(  172): cseq: 2
01-31 17:22:37.550 I/WifiDisplaySink(  172): date: Sun, 31 Jan 2016 09:22:36 +0000
01-31 17:22:37.550 I/WifiDisplaySink(  172): server: stagefright/1.2 (Linux;Android 5.1.1)
01-31 17:22:37.550 I/WifiDisplaySink(  172): session: 1025202362;timeout=30
01-31 17:22:37.550 I/WifiDisplaySink(  172): transport: RTP/AVP/UDP;unicast;client_port=15550-15551;server_port=41592-41593
01-31 17:22:37.550 I/WifiDisplaySink(  172): 
01-31 17:22:37.550 I/WifiDisplaySink(  172): onReceiveSetupResponse
01-31 17:22:37.550 I/WifiDisplaySink(  172): onReceiveSetupResponse: send PLAY Request
01-31 17:22:37.550 I/WifiDisplaySink(  172): 
01-31 17:22:37.550 I/WifiDisplaySink(  172): Send Request:
01-31 17:22:37.550 I/WifiDisplaySink(  172): PLAY rtsp://192.168.49.56/wfd1.0/streamid=0 RTSP/1.0
01-31 17:22:37.550 I/WifiDisplaySink(  172): Date: Sun, 31 Jan 2016 09:22:37 +0000
01-31 17:22:37.550 I/WifiDisplaySink(  172): User-Agent: stagefright/1.1 (Linux;Android 4.1)
01-31 17:22:37.550 I/WifiDisplaySink(  172): CSeq: 3
01-31 17:22:37.550 I/WifiDisplaySink(  172): Session: 1025202362
01-31 17:22:37.550 I/WifiDisplaySink(  172): 
01-31 17:22:37.550 I/WifiDisplaySink(  172): registerResponseHandler:id = 3, onReceivePlayResponse
01-31 17:22:37.580 I/WifiDisplaySink(  172): Received msg kWhatRTSPNotify.
01-31 17:22:37.580 I/WifiDisplaySink(  172): reason: kWhatData.
01-31 17:22:37.580 I/WifiDisplaySink(  172): 
01-31 17:22:37.580 I/WifiDisplaySink(  172): Received Response:
01-31 17:22:37.580 I/WifiDisplaySink(  172): RTSP/1.0 200 OK
01-31 17:22:37.580 I/WifiDisplaySink(  172): cseq: 3
01-31 17:22:37.580 I/WifiDisplaySink(  172): date: Sun, 31 Jan 2016 09:22:36 +0000
01-31 17:22:37.580 I/WifiDisplaySink(  172): range: npt=now-
01-31 17:22:37.580 I/WifiDisplaySink(  172): server: stagefright/1.2 (Linux;Android 5.1.1)
01-31 17:22:37.580 I/WifiDisplaySink(  172): session: 1025202362;timeout=30
01-31 17:22:37.580 I/WifiDisplaySink(  172): 
01-31 17:22:37.580 I/WifiDisplaySink(  172): onReceivePlayResponse
01-31 17:22:37.660 I/RTPSink (  172): kWhatRTPConnect: 192.168.49.56
01-31 17:22:37.660 I/RTPSink (  172): kWhatRTPConnect: 41592
01-31 17:22:37.660 I/RTPSink (  172):  lost seqNo: 1   current seqNo: 0
01-31 17:22:37.660 E/TunnelRenderer(  172): Miracast debug info enable? d=0, mDebugEnable =0
01-31 17:22:37.660 W/ALooperRoster(  172): ALooper::handler_id ALooperRoster::registerHandler 21
01-31 17:22:37.700 E/wfd_client(  172): wfd_client : getStreamSource return
01-31 17:22:37.700 E/wfd_client(  172): wfd_client : isHDCP
01-31 17:22:37.700 I/AmlogicPlayer(  172): not use hdcp
01-31 17:22:37.700 V/WFDSourceProtocol(  172): GetPathString =[WFDSource:WFDSourceProtocol=[b800a858:47ff57a7]]
01-31 17:22:37.700 E/AmlogicPlayer(  172): mFdPath /proc/self/fd/-1 mFileName  
01-31 17:22:37.700 I/AmlogicPlayer(  172): media.amplayer.disp_url is not setting,use default true
01-31 17:22:37.700 I/AmlogicPlayer(  172): media.amplayer.lpbufferlevel is set to 0.200000
01-31 17:22:37.700 I/AmlogicPlayer(  172): media.amplayer.buffertime is not set used def=5.000000
01-31 17:22:37.700 I/AmlogicPlayer(  172): media.amplayer.delaybuffering is not set used def=0.000000
01-31 17:22:37.700 I/AmlogicPlayer(  172): media.amplayer.noaudio is not setting,use default false
01-31 17:22:37.700 I/AmlogicPlayer(  172): media.amplayer.novideo is not setting,use default false
01-31 17:22:37.700 I/AmlogicPlayer(  172): media.amplayer.displast_frame is not setting,use default false
01-31 17:22:37.700 I/AmlogicPlayer(  172): buffer level setting is:0.001000-0.200000-0.800000
01-31 17:22:37.700 I/AmlogicPlayer(  172): media.amplayer.disp_url is not setting,use default true
01-31 17:22:37.700 I/amplayer(  172): loglevel changed to 35
01-31 17:22:37.700 I/amplayer(  172): LibPlayer version:Version:2.1.0.594ac7e0
01-31 17:22:37.700 I/amplayer(  172): LibPlayer git version:594ac7e0830786cc1f3bb5eaec7647b24e58a744
01-31 17:22:37.700 I/amplayer(  172): LibPlayer version serial:2010000594ac7e0
01-31 17:22:37.700 I/amplayer(  172): LibPlayer Last Changed:Date:   Fri Aug 21 12:39:46 2015 +0800
01-31 17:22:37.700 I/amplayer(  172): LibPlayer Last Build: Wed Nov 25 20:59:06 CST 2015
01-31 17:22:37.700 I/amplayer(  172): LibPlayer Builer Name: jenkins
01-31 17:22:37.700 I/amplayer(  172): [player_start:enter]p=0xb800c0f8 black=1
01-31 17:22:37.700 I/amplayer(  172): ***player_para=0xb802c390,start_param=0xb800c0f8
01-31 17:22:37.700 I/amplayer(  172): [player_thread_create:59]creat thread success,tid=3087089240
01-31 17:22:37.700 I/amplayer(  172): 
01-31 17:22:37.700 I/amplayer(  172): pid[3]::enter into player_thread
01-31 17:22:37.700 I/amplayer(  172):  media.debug.xldrm  
01-31 17:22:37.700 I/amplayer(  172):  media.debug.xldrm  
01-31 17:22:37.700 I/amplayer(  172): hassub 1
01-31 17:22:37.700 I/amplayer(  172): [player_start:exit]pid = 3 
01-31 17:22:37.700 E/AmlogicPlayer(  172):  buffing_min  1 buffing_middle 200 buffing_max 800 
01-31 17:22:37.700 I/amplayer(  172): [player_set_autobuffer_level:enter]pid=3 min=0.001 middle=0.200 max=0.800
01-31 17:22:37.700 I/amplayer(  172): [player_update_vdec_profile]str=mpeg12:;
01-31 17:22:37.700 I/amplayer(  172): mpeg4:;
01-31 17:22:37.700 I/amplayer(  172): vc1:progressive, interlace, wmv3;
01-31 17:22:37.700 I/amplayer(  172): h264:;
01-31 17:22:37.700 I/amplayer(  172): h264_4k2k:;
01-31 17:22:37.700 I/amplayer(  172): hevc:4k;
01-31 17:22:37.700 I/amplayer(  172): mjpeg:;
01-31 17:22:37.700 I/amplayer(  172): real:rmvb,;
01-31 17:22:37.700 I/amplayer(  172): 
01-31 17:22:37.700 I/amplayer(  172): [parse_sysparam_str]j=0 vc1: start:17 end:50
01-31 17:22:37.700 I/amplayer(  172): [player_send_message]cmd = SET_AUTOBUF_LEVEL:0.001:0.200:0.800
01-31 17:22:37.700 I/amplayer(  172): [vc1 profile] progress:1; interlace:1; wmv1:0; wmv2:0; wmv3:1
01-31 17:22:37.700 I/amplayer(  172): [player_set_autobuffer_level:exit]pid=3 min=0.001 middle=0.200 max=0.800
01-31 17:22:37.700 I/amplayer(  172): [parse_sysparam_str]j=1 h264: start:51 end:57
01-31 17:22:37.700 I/amplayer(  172): h264 decoder exist.
01-31 17:22:37.700 I/amplayer(  172): [player_send_message]cmd = UNKNOW_SETMODE_COMMAND
01-31 17:22:37.700 I/amplayer(  172): [parse_sysparam_str]j=2 real: start:87 end:98
01-31 17:22:37.700 I/amplayer(  172): [parse_sysparam_str]j=3 mpeg12: start:0 end:8
01-31 17:22:37.700 I/amplayer(  172): [parse_sysparam_str]j=4 mpeg4: start:9 end:16
01-31 17:22:37.700 I/amplayer(  172): [parse_sysparam_str]j=5 mjpeg: start:79 end:86
01-31 17:22:37.700 I/amplayer(  172): [parse_sysparam_str]j=6 h264_4k2k: start:58 end:69
01-31 17:22:37.700 I/amplayer(  172): [h264_4k2k profile] decoder exist.
01-31 17:22:37.700 I/amplayer(  172): [parse_sysparam_str]j=8 hevc: start:70 end:78
01-31 17:22:37.710 I/amplayer(  172): hevc decoder exist.
01-31 17:22:37.710 I/amplayer(  172): pid[3]::Init State: mute_on=0 black=1 t_pos:0s read_max_cnt=0
01-31 17:22:37.710 E/Parcel  (  172): Reading a NULL string not supported here.
01-31 17:22:37.710 I/amplayer(  172): **[update_state]pid:3 status=BEGIN_INIT(last:UNKNOW_STATE) err=0x0 curtime=0 (ms:0) fulltime=0 lsttime=0
01-31 17:22:37.710 I/amplayer(  172): **[update_state]abuflevel=0.00000000 vbublevel=0.00000000 abufrp=0 vbufrp=0 read_end=0
01-31 17:22:37.710 V/AmlogicPlayerStreamSource(  172): confidence=0.00
01-31 17:22:37.710 V/AmlogicPlayerExtractorDemux(  172): gettype=0 mimeType.string=
01-31 17:22:37.710 I/WFDSourceProtocol(  172): WFDSourceProtocol::open =[WFDSource:WFDSourceProtocol=[b800a858:47ff57a7]]
01-31 17:22:37.710 I/amffmpeg(  172): getloopbuf size=0
01-31 17:22:37.710 I/amffmpeg(  172): ffio_fdopen (h->is_slowmedia=1,flags=40000001
01-31 17:22:37.710 I/amffmpeg(  172): auto_switch_protol_t:list::
01-31 17:22:37.710 I/amffmpeg(  172): auto_switch_protol_t:nsc::
01-31 17:22:37.710 I/amffmpeg(  172): is_ncs_file=0
01-31 17:22:37.710 I/amffmpeg(  172): auto_switch_protol_t:mmsh::
01-31 17:22:37.710 I/amffmpeg(  172): is_mmsh_file=0
01-31 17:22:37.710 I/WFDSourceProtocol(  172): WFDSource Source_seek=0,whence=65536
01-31 17:22:37.710 I/WFDSourceProtocol(  172): WFDSource Source_seek=-1,whence=2
01-31 17:22:37.710 I/amffmpeg(  172): WFDSource:WFDSourceProtocol=[b800a858:47ff57a7]:size=-1
01-31 17:22:37.710 I/amffmpeg(  172): [av_probe_input_buffer]read 2048 bytes for probe format
01-31 17:22:37.710 I/amffmpeg(  172): ---------------------mp2_read_probe
01-31 17:22:37.710 I/amffmpeg(  172): ---------------------mp3_read_probe
01-31 17:22:37.710 E/SystemWriteService(  547): File not found: /sys/class/amstream/karaok
01-31 17:22:37.720 V/AmlogicPlayerStreamSource(  172): confidence=0.00
01-31 17:22:37.720 V/AmlogicPlayerExtractorDemux(  172): gettype=0 mimeType.string=
01-31 17:22:37.720 I/amffmpeg(  172): Format mpegts probed with size=2048 and score=100
01-31 17:22:37.720 I/amffmpeg(  172): livingstream ts->pownon_recalcpts[0]
01-31 17:22:37.720 I/amffmpeg(  172): [mpegts @ 0xb802ee80] stream=0 stream_type=1b pid=1011 prog_reg_desc=
01-31 17:22:37.730 I/amffmpeg(  172): [mpegts @ 0xb802ee80] stream=1 stream_type=83 pid=1100 prog_reg_desc=
01-31 17:22:37.730 I/amffmpeg(  172): stream 1 request probe -1
01-31 17:22:37.730 I/amplayer(  172): wfd dones't set LESS_BUFF_DATA
01-31 17:22:37.730 I/amplayer(  172): [video_type_convert]video codec_id=0x1c format=2
01-31 17:22:37.730 I/AmlogicPlayer(  172): media.amplayer.hdmicloseauthen is not setting,use default false
01-31 17:22:37.730 V/AmSuperPlayer(  172): cookie=0xb8008688,msg=11000,ext1=0,ext2=0
01-31 17:22:37.730 V/AmSuperPlayer(  172): SuperGetPlayerType:type=mpegts,videos=1,audios=1
01-31 17:22:37.730 I/AmSuperPlayer(  172): media.amplayer.enable is enabled
01-31 17:22:37.730 I/AmSuperPlayer(  172): sys.cts.running is disabled
01-31 17:22:37.730 I/AmSuperPlayer(  172): media.miplayer.enable is disabled
01-31 17:22:37.730 V/AmSuperPlayer(  172): GET New type =110
01-31 17:22:37.730 V/AmSuperPlayer(  172): Start new player now=110
01-31 17:22:37.740 I/amplayer(  172): [peek_message_locked:164]num=2 in_idx=2 out_idx=0 cmd=0
01-31 17:22:37.740 I/amplayer(  172): pid[3]::parse ok , prepare parameters
01-31 17:22:37.740 I/amffmpeg(  172): [av_find_stream_info]iformat->name[mpegts]fast_switch=2 streamtype=-1
01-31 17:22:37.740 I/amffmpeg(  172): [av_find_stream_info:3369]fast_switch=2, seekkeyframe=1,
01-31 17:22:37.740 I/amffmpeg(  172): [pcm_wifi-display @ 0xb80372a0] audio_emphasis=0, bps=16, pcm_samplerate=48000, pcm_channels=2, frame_size=1920
01-31 17:22:37.740 I/amffmpeg(  172): [h264 @ 0xb8034230] get size from SPS width=1280 height =720
01-31 17:22:37.740 I/amffmpeg(  172): [mpegts @ 0xb802ee80] All info found at pos=19928
01-31 17:22:37.740 I/amffmpeg(  172): [av_find_stream_info:3604] st 0, para: 1, codec_info_nb_frames: 1,
01-31 17:22:37.740 I/amffmpeg(  172): [av_find_stream_info:3604] st 1, para: 1, codec_info_nb_frames: 3,
01-31 17:22:37.740 I/WFDSourceProtocol(  172): WFDSource Source_seek=0,whence=65536
01-31 17:22:37.740 I/WFDSourceProtocol(  172): WFDSource Source_seek=-1,whence=2
01-31 17:22:37.740 I/amffmpeg(  172): [av_estimate_timings:3010]file_size=0 valid_offset=7fffffffffffffff
01-31 17:22:37.740 I/amffmpeg(  172): [mpegts @ 0xb802ee80] Estimating duration from bitrate, this may be inaccurate
01-31 17:22:37.740 I/amffmpeg(  172): [mpegts @ 0xb802ee80] FindStream info end at pos=19928
01-31 17:22:37.740 I/amffmpeg(  172): [av_find_stream_info]return
01-31 17:22:37.740 I/amffmpeg(  172): Input #0, mpegts, from 'WFDSource:WFDSourceProtocol=[b800a858:47ff57a7]':
01-31 17:22:37.740 I/amffmpeg(  172):   Duration: 
01-31 17:22:37.740 I/amffmpeg(  172): N/A
01-31 17:22:37.740 I/amffmpeg(  172): , start: 
01-31 17:22:37.740 I/amffmpeg(  172): 882.835144
01-31 17:22:37.740 I/amffmpeg(  172): , bitrate: 
01-31 17:22:37.740 I/amffmpeg(  172): N/A
01-31 17:22:37.740 I/amffmpeg(  172): 
01-31 17:22:37.740 I/amffmpeg(  172):   Program 1 
01-31 17:22:37.740 I/amffmpeg(  172):     Stream #0.0
01-31 17:22:37.740 I/amffmpeg(  172): [0x1011]
01-31 17:22:37.740 I/amffmpeg(  172): : Video: h264 (Constrained Baseline), 1280x720
01-31 17:22:37.740 I/amffmpeg(  172): , 90k tbr
01-31 17:22:37.740 I/amffmpeg(  172): , 90k tbn
01-31 17:22:37.740 I/amffmpeg(  172): , 180k tbc
01-31 17:22:37.740 I/amffmpeg(  172): 
01-31 17:22:37.740 I/amffmpeg(  172):     Stream #0.1
01-31 17:22:37.740 I/amffmpeg(  172): [0x1100]
01-31 17:22:37.740 I/amffmpeg(  172): : Audio: pcm_wifi-display, 48000 Hz, 2 channels, s16, 1536 kb/s
01-31 17:22:37.740 I/amffmpeg(  172): 
01-31 17:22:37.740 I/amplayer(  172): [set_file_type]file_type=2 stream_type=1
01-31 17:22:37.740 I/amplayer(  172): [player_dec_init:1549]fsize=0 full_time=-2077252342 bitrate=0
01-31 17:22:37.740 I/amplayer(  172): [PlayerGetAFilterFormat:253]filter_afmt=0
01-31 17:22:37.740 I/amplayer(  172): [audio_type_convert]audio codec_id=0x1001b format=22
01-31 17:22:37.740 I/amplayer(  172): Video index 0 and Audio index 1 sub index -1 to be played (index -1 means no stream)
01-31 17:22:37.740 I/amplayer(  172): [get_av_codec_type:166]vidx=0 aidx=1 sidx=-1
01-31 17:22:37.740 I/amplayer(  172): [video_type_convert]video codec_id=0x1c format=2
01-31 17:22:37.740 I/amplayer(  172): [video_codec_type_convert]id=(0x1c) 
01-31 17:22:37.740 I/amplayer(  172): [video_codec_type_convert]VIDEO_DEC_FORMAT_H264(0x1c)
01-31 17:22:37.740 I/amplayer(  172): [get_av_codec_type:264]vpid=0x1011,time_base=1/180000,r_frame_rate=2/180000 ratio=0/1 video_pts=1.000
01-31 17:22:37.740 I/amplayer(  172): [get_av_codec_type:273]video_codec_rate=0,video_rate=1
01-31 17:22:37.740 I/amplayer(  172): [audio_type_convert]audio codec_id=0x1001b format=22
01-31 17:22:37.740 I/amplayer(  172): [get_av_codec_type:321]afmt=22 apid=4352 asr=48000 ach=2 aidx=1
01-31 17:22:37.740 I/amplayer(  172): [get_stream_info:759]data start offset 0
01-31 17:22:37.740 I/amplayer(  172): [set_decode_para:843]has_video=1 vformat=2 has_audio=1 aformat=22
01-31 17:22:37.740 I/amplayer(  172): [PlayerGetVFilterFormat:132]filter_vfmt=0
01-31 17:22:37.740 I/amplayer(  172): [PlayerGetAFilterFormat:253]filter_afmt=0
01-31 17:22:37.750 I/amplayer(  172): [check_ctx_bitrate:1330]bit_rate=1536000 ic->bit_rate=0
01-31 17:22:37.750 I/amplayer(  172): [check_ctx_bitrate:1340]bit_rate=1536000 ic->bit_rate=1536000
01-31 17:22:37.750 I/amplayer(  172): [player_dec_init:1619]bit_rate=1536000 file_size=0 file_type=2 stream_type=1 full_time=-1
01-31 17:22:37.750 I/amplayer(  172): ====bitrate=1536000 max_raw_size=32768
01-31 17:22:37.750 I/amplayer(  172): set stream info,current audio id:1
01-31 17:22:37.750 I/amplayer(  172): [audio_type_convert]audio codec_id=0x1001b format=22
01-31 17:22:37.750 I/amplayer(  172): **[update_state]pid:3 status=INIT_OK(last:BEGIN_INIT) err=0x0 curtime=0 (ms:0) fulltime=-1 lsttime=0
01-31 17:22:37.750 I/amplayer(  172): **[update_state]abuflevel=0.00000000 vbublevel=0.00000000 abufrp=0 vbufrp=0 read_end=0
01-31 17:22:37.750 I/amplayer(  172): [player_get_media_info]video_num=1 vidx=0
01-31 17:22:37.750 I/AmlogicPlayer(  172): player current video info:w:1280,h:720
01-31 17:22:37.750 I/AmlogicPlayer(  172): player current video info:codec:H264
01-31 17:22:37.750 V/AmSuperPlayer(  172): cookie=0xb8008688,msg=5,ext1=500,ext2=2d0
01-31 17:22:37.750 V/MediaPlayerService(  172): [6] notify (0xb80089e0, 5, 1280, 720)
01-31 17:22:37.750 V/AmSuperPlayer(  172): cookie=0xb8008688,msg=1,ext1=0,ext2=0
01-31 17:22:37.750 V/MediaPlayerService(  172): [6] notify (0xb80089e0, 1, 0, 0)
01-31 17:22:37.750 V/AmSuperPlayer(  172): cookie=0xb8008688,msg=3,ext1=0,ext2=0
01-31 17:22:37.750 V/MediaPlayerService(  172): [6] notify (0xb80089e0, 3, 0, 0)
01-31 17:22:37.750 I/amplayer(  172): [get_message:147]num=1 in_idx=2 out_idx=1 cmd=0
01-31 17:22:37.750 I/amplayer(  172): pid[3]::[check_flag:831]ctrl=0 mode=10000 info=0 param=981668463
01-31 17:22:37.750 D/WfdPlayerActivity( 3167): play<<
01-31 17:22:37.750 I/WfdPlayerActivity( 3167): onVideoSizeChanged 1280x720
01-31 17:22:37.750 I/MediaPlayer( 3167): start() enter
01-31 17:22:37.750 V/MediaPlayerService(  172): [6] setLooping(0)
01-31 17:22:37.750 V/MediaPlayerService(  172): [6] setVolume(1.000000, 1.000000)
01-31 17:22:37.750 V/MediaPlayerService(  172): Set amlogic player Volume(1.000000, 1.000000)
01-31 17:22:37.750 I/AmSuperPlayer(  172): media.amplayer.startmode is enabled
01-31 17:22:37.750 I/amplayer(  172): [audio_set_lrvolume:enter]pid=3
01-31 17:22:37.750 I/amplayer(  172): codec is not ready!
01-31 17:22:37.750 V/MediaPlayerService(  172): Set android track Volume(1.000000, 1.000000)
01-31 17:22:37.750 V/AudioSink(  172): setVolume(1.000000, 1.000000)
01-31 17:22:37.750 V/MediaPlayerService(  172): [6] setAuxEffectSendLevel(0.000000)
01-31 17:22:37.750 V/AudioSink(  172): setAuxEffectSendLevel(0.000000)
01-31 17:22:37.750 I/MediaPlayerService(  172): [6] start
01-31 17:22:37.750 I/AmlogicPlayer(  172): GetCallingAPKName /proc/3167/comm,name=[xiaomi.mitv.wfd]
01-31 17:22:37.750 I/AmlogicPlayer(  172): GetCallingAPKName calling apk name...[xiaomi.mitv.wfd]
01-31 17:22:37.750 I/AmlogicPlayer(  172): media.amplayer.displast_frame is not setting,use default false
01-31 17:22:37.750 E/SystemWriteService(  547): IO Exception when write: /sys/class/vdec/poweron_clock_level
01-31 17:22:37.750 E/SystemWriteService(  547): java.io.FileNotFoundException: /sys/class/vdec/poweron_clock_level: open failed: EACCES (Permission denied)
01-31 17:22:37.750 E/SystemWriteService(  547): 	at libcore.io.IoBridge.open(IoBridge.java:409)
01-31 17:22:37.750 E/SystemWriteService(  547): 	at java.io.FileOutputStream.<init>(FileOutputStream.java:88)
01-31 17:22:37.750 E/SystemWriteService(  547): 	at java.io.FileOutputStream.<init>(FileOutputStream.java:73)
01-31 17:22:37.750 E/SystemWriteService(  547): 	at java.io.FileWriter.<init>(FileWriter.java:80)
01-31 17:22:37.750 E/SystemWriteService(  547): 	at com.android.server.SystemWriteService.writeSysfs(SystemWriteService.java:138)
01-31 17:22:37.750 E/SystemWriteService(  547): 	at android.app.ISystemWriteService$Stub.onTransact(ISystemWriteService.java:134)
01-31 17:22:37.750 E/SystemWriteService(  547): 	at android.os.Binder.execTransact(Binder.java:404)
01-31 17:22:37.750 E/SystemWriteService(  547): 	at dalvik.system.NativeStart.run(Native Method)
01-31 17:22:37.750 E/SystemWriteService(  547): Caused by: libcore.io.ErrnoException: open failed: EACCES (Permission denied)
01-31 17:22:37.750 E/SystemWriteService(  547): 	at libcore.io.Posix.open(Native Method)
01-31 17:22:37.750 E/SystemWriteService(  547): 	at libcore.io.BlockGuardOs.open(BlockGuardOs.java:110)
01-31 17:22:37.750 E/SystemWriteService(  547): 	at libcore.io.IoBridge.open(IoBridge.java:393)
01-31 17:22:37.750 E/SystemWriteService(  547): 	... 7 more
01-31 17:22:37.760 I/AmlogicPlayer(  172): media.amplayer.v4osd.all is not setting,use default false
01-31 17:22:37.760 I/AmlogicPlayer(  172): calling name=[xiaomi.mitv.wfd]
01-31 17:22:37.760 I/AmlogicPlayer(  172): AmlogicPlayerRender,needosdvideo=0,isHTTPSource=0
01-31 17:22:37.760 I/AmlogicPlayerRender(  172): AmlogicPlayerRender
01-31 17:22:37.760 I/AmlogicPlayerRender(  172): AmlogicPlayerRender::onFirstRef
01-31 17:22:37.760 I/AmlogicPlayerRender(  172): onFirstRef___________amstream_vbuf_______OK
01-31 17:22:37.760 V/AmSuperPlayer(  172): cookie=0xb8008688,msg=5,ext1=500,ext2=2d0
01-31 17:22:37.760 V/MediaPlayerService(  172): [6] notify (0xb80089e0, 5, 1280, 720)
01-31 17:22:37.760 V/AmSuperPlayer(  172): cookie=0xb8008688,msg=c8,ext1=3,ext2=0
01-31 17:22:37.760 V/MediaPlayerService(  172): [6] notify (0xb80089e0, 200, 3, 0)
01-31 17:22:37.760 E/AmlogicPlayer(  172):  exitAllRunningPlayerThreads enter 
01-31 17:22:37.760 E/AmlogicPlayer(  172): found 1 not exit player threads,try exit it now
01-31 17:22:37.760 I/amplayer(  172): [player_start_play:enter]pid=3
01-31 17:22:37.760 I/amplayer(  172): [player_start_play:exit]pid = 3
01-31 17:22:37.760 I/amplayer(  172): [get_message:147]num=1 in_idx=3 out_idx=2 cmd=0
01-31 17:22:37.760 I/amplayer(  172): pid[3]::[check_flag:831]ctrl=0 mode=20000 info=0 param=60
01-31 17:22:37.760 I/amplayer(  172): set freerun_mode 0x3c
01-31 17:22:37.760 I/WfdPlayerActivity( 3167): video resolution=1280.0x720.0, parent=1920.0x1080.0, sr=0.5625, vr=0.5625
01-31 17:22:37.760 I/WfdPlayerActivity( 3167): new video size=1920.0, 1080.0
01-31 17:22:37.760 E/MediaPlayer( 3167): Should have subtitle controller already set
01-31 17:22:37.760 D/WfdPlayerActivity( 3167): onPrepared
01-31 17:22:37.760 I/MediaPlayer( 3167): start() enter
01-31 17:22:37.760 D/WfdPlayerActivity( 3167): isFinishing()=false
01-31 17:22:37.760 D/SystemProperties( 3167): getSystemProperties media.widi=0
01-31 17:22:37.760 D/SystemProperties( 3167): getSystemProperties mstar.media.intel=
01-31 17:22:37.760 I/WfdApplication( 3167): logEvent (1404, 0, 0)
01-31 17:22:37.770 W/MediaPlayer( 3167): info/warning (3, 0)
01-31 17:22:37.770 D/WfdPlayerActivity( 3167): mRemoveCoverRunnable
01-31 17:22:37.770 I/WfdPlayerActivity( 3167): onVideoSizeChanged 1280x720
01-31 17:22:37.770 I/MediaPlayer( 3167): start() enter
01-31 17:22:37.770 I/WfdPlayerActivity( 3167): video resolution=1280.0x720.0, parent=1920.0x1080.0, sr=0.5625, vr=0.5625
01-31 17:22:37.770 I/WfdPlayerActivity( 3167): new video size=1920.0, 1080.0
01-31 17:22:37.860 I/amplayer(  172): [get_message:147]num=0 in_idx=3 out_idx=3 cmd=10
01-31 17:22:37.860 I/amplayer(  172): pid[3]::[check_flag:831]ctrl=10 mode=0 info=0 param=0
01-31 17:22:37.860 I/amplayer(  172): pid[3]::start offset prepare
01-31 17:22:37.860 I/amplayer(  172): pid[3]::decoder prepare
01-31 17:22:37.870 I/amplayer(  172): [stream_ts_init:28]codec->noblock=0
01-31 17:22:37.870 I/amplayer(  172): [stream_ts_init:40]Slow media detected for ts
01-31 17:22:37.870 I/amplayer(  172): [stream_ts_init:95]audio bitrate=1 sample_rate=48000 channels=2 codec_id=1001b block_align=0,extra size
01-31 17:22:37.870 I/amcodec (  172): set_audio_info
01-31 17:22:37.870 I/hdmiswitch(  373):  recv n=144
01-31 17:22:37.890 I/AmlogicPlayer(  172): media.amplayer.osd2xenable is not setting,use default false
01-31 17:22:37.910 I/amadec  (  172): audiodec_init!
01-31 17:22:37.910 I/amadec  (  172): media.amplayer.audiocodec = ape,flac,dts,ac3,eac3,wma,wmapro,mp3,aac,vorbis,raac,cook,amr,pcm,adpcm,aac_latm,rm,alac, t->type = pcm
01-31 17:22:37.910 I/amadec  (  172): set_multichs_prop: aud_cap support channel number: 2 ch
01-31 17:22:37.910 I/amadec  (  172): wfd use arm decoder 
01-31 17:22:37.910 I/amadec  (  172): using wfd audio decoder 
01-31 17:22:37.920 I/amadec  (  172): Create adec main thread success! tid = -1207198560
01-31 17:22:37.920 I/amadec  (  172): adec_wfddec_loop in 
01-31 17:22:37.920 I/amadec  (  172): wfd audec->format  22,audec->codec_id 1001b
01-31 17:22:37.920 I/amplayer(  172): [player_decoder_init] set buf_limited_time_ms to 0
01-31 17:22:37.920 I/LPCMDEC (  172): 
01-31 17:22:37.920 I/LPCMDEC (  172): 
01-31 17:22:37.920 I/LPCMDEC (  172): [audio_dec_init]WFD LPCMDEC BuildDate--Nov 25 2015  BuildTime--21:17:30
01-31 17:22:37.920 I/amplayer(  172): **[update_state]pid:3 status=START_PLAY(last:INIT_OK) err=0x0 curtime=0 (ms:0) fulltime=-1 lsttime=0
01-31 17:22:37.920 I/LPCMDEC (  172): add=c1105600, size=00001000, offset=00000600
01-31 17:22:37.920 I/amplayer(  172): **[update_state]abuflevel=0.00000000 vbublevel=0.00000000 abufrp=c840000 vbufrp=aa00000 read_end=0
01-31 17:22:37.920 I/LPCMDEC (  172): memmap = b3aa6000 , pagesize = 1000
01-31 17:22:37.920 I/amplayer(  172): [audio_set_lrvolume:enter]pid=3
01-31 17:22:37.920 I/LPCMDEC (  172): LPCM--- audio_dec_init done 
01-31 17:22:37.920 I/amplayer(  172): codec is not ready!
01-31 17:22:37.920 I/amadec  (  172): wfd audio_codec_init ok 
01-31 17:22:37.920 I/amadec  (  172): [start_wfd_decode_thread]Create WFD audio decode thread success! tid = -1207196760
01-31 17:22:37.920 I/amplayer(  172): player mate init ok mate=b80b3918(40)
01-31 17:22:37.920 E/SystemWriteService(  547): File not found: /sys/class/stb/source
01-31 17:22:37.920 E/SystemWriteService(  547): File not found: /sys/class/stb/demux1_source
01-31 17:22:37.920 E/SystemWriteService(  547): IO Exception when write: /sys/class/tsync/vpause_flag
01-31 17:22:37.920 E/SystemWriteService(  547): java.io.FileNotFoundException: /sys/class/tsync/vpause_flag: open failed: EACCES (Permission denied)
01-31 17:22:37.920 E/SystemWriteService(  547): 	at libcore.io.IoBridge.open(IoBridge.java:409)
01-31 17:22:37.920 E/SystemWriteService(  547): 	at java.io.FileOutputStream.<init>(FileOutputStream.java:88)
01-31 17:22:37.920 E/SystemWriteService(  547): 	at java.io.FileOutputStream.<init>(FileOutputStream.java:73)
01-31 17:22:37.920 E/SystemWriteService(  547): 	at java.io.FileWriter.<init>(FileWriter.java:80)
01-31 17:22:37.920 E/SystemWriteService(  547): 	at com.android.server.SystemWriteService.writeSysfs(SystemWriteService.java:138)
01-31 17:22:37.920 E/SystemWriteService(  547): 	at android.app.ISystemWriteService$Stub.onTransact(ISystemWriteService.java:134)
01-31 17:22:37.920 E/SystemWriteService(  547): 	at android.os.Binder.execTransact(Binder.java:404)
01-31 17:22:37.920 E/SystemWriteService(  547): 	at dalvik.system.NativeStart.run(Native Method)
01-31 17:22:37.920 E/SystemWriteService(  547): Caused by: libcore.io.ErrnoException: open failed: EACCES (Permission denied)
01-31 17:22:37.920 E/SystemWriteService(  547): 	at libcore.io.Posix.open(Native Method)
01-31 17:22:37.920 E/SystemWriteService(  547): 	at libcore.io.BlockGuardOs.open(BlockGuardOs.java:110)
01-31 17:22:37.920 E/SystemWriteService(  547): 	at libcore.io.IoBridge.open(IoBridge.java:393)
01-31 17:22:37.920 E/SystemWriteService(  547): 	... 7 more
01-31 17:22:37.930 I/amadec  (  172): [start_wfd_decode_thread]Create WFD output thread success! tid = -1207196112
01-31 17:22:37.930 I/amadec  (  172): wait first pts checkin complete !
01-31 17:22:37.930 I/amadec  (  172): audio_wfd_decode_loop start!
01-31 17:22:37.930 I/amplayer(  172): pid[3]::playback loop... pb=b8012370
01-31 17:22:37.930 I/amadec  (  172): audio_wfd_decode_loop start!
01-31 17:22:37.930 I/amplayer(  172): [update_playing_info:1688]audio_ready=1
01-31 17:22:37.930 I/amplayer(  172): **[update_state]pid:3 status=PLAYING(last:START_PLAY) err=0x0 curtime=0 (ms:0) fulltime=-1 lsttime=0
01-31 17:22:37.930 I/amplayer(  172): **[update_state]abuflevel=0.00000000 vbublevel=0.00000000 abufrp=c840000 vbufrp=aa00000 read_end=0
01-31 17:22:37.930 V/AmSuperPlayer(  172): cookie=0xb8008688,msg=c8,ext1=2329,ext2=0
01-31 17:22:37.930 V/MediaPlayerService(  172): [6] notify (0xb80089e0, 200, 9001, 0)
01-31 17:22:37.930 W/MediaPlayer( 3167): info/warning (9001, 0)
01-31 17:22:37.930 I/amavutils(  169): amvideo_utils_set_virtual_position :: x=0 y=0 w=1920 h=1080
01-31 17:22:37.940 I/amavutils(  169): device resolution 1280x720
01-31 17:22:37.940 I/amavutils(  169): disp resolution 1920x2160
01-31 17:22:37.940 I/amavutils(  169): amvideo_utils_set_virtual_position:: disp_w=1920, disp_h=1080
01-31 17:22:37.940 I/wfd-output(  172): SPDIF PCM dit-hifi-2 :  : playback 1 : capture 1
01-31 17:22:37.940 I/wfd-output(  172):   
01-31 17:22:37.940 I/wfd-output(  172): 2: SPDIF PCM dit-hifi-2 :  : playback 1 : capture 1
01-31 17:22:37.940 I/wfd-output(  172):   
01-31 17:22:37.940 I/wfd-output(  172): open output device card 0, device 2 
01-31 17:22:37.940 I/amavutils(  169): video global_offset 0
01-31 17:22:37.940 I/wfd-output(  172): pcm_output_init done  wfd : 0xb8018d00,
01-31 17:22:37.950 I/amplayer(  172): [handle_current_time:553]scr=0x4bc7b2b pts=0x4bc650d diff=0x161e 
01-31 17:22:37.950 I/amavutils(  169): set ppmgr angle :0
01-31 17:22:37.950 I/amavutils(  169): /sys/class/graphics/fb0/free_scale_axis axis: 0 0 1919 1079
01-31 17:22:37.950 I/amavutils(  169): after scaled, screen position3: 0 0 1280 720
01-31 17:22:37.960 I/amavutils(  169): amvideo_utils_set_virtual_position (corrected):: x=0 y=0 w=1280 h=720
01-31 17:22:37.960 I/amavutils(  169): /sys/class/graphics/fb0/free_scale_axis axis: 0 0 1919 1079
01-31 17:22:37.960 D/amavutils(  169): amvideo_setscreenmode as 1.778499
01-31 17:22:38.020 I/AmlogicPlayer(  172): media.amplayer.osd2xenable is not setting,use default false
01-31 17:22:38.030 I/amadec  (  172): adec_pts_start
01-31 17:22:38.030 I/amadec  (  172): use 2/3 default av sync threshold!
01-31 17:22:38.030 I/amadec  (  172): unable to open file /sys/class/tsync/firstapts,err: No such file or directory
01-31 17:22:38.030 I/amadec  (  172): ## [adec_pts_start::133] unable to get first_apts! 
01-31 17:22:38.100 D/dalvikvm(  547): GC_FOR_ALLOC freed 1574K, 18% free 10736K/13036K, paused 98ms, total 98ms
01-31 17:22:38.140 I/AmlogicPlayer(  172): media.amplayer.osd2xenable is not setting,use default false
01-31 17:22:38.370 D/dalvikvm(  547): GC_FOR_ALLOC freed 783K, 19% free 10655K/13036K, paused 75ms, total 75ms
01-31 17:22:38.600 D/dalvikvm(  547): GC_FOR_ALLOC freed 694K, 19% free 10655K/13036K, paused 55ms, total 55ms
01-31 17:22:38.720 I/amplayer(  172): **[update_state]pid:3 status=PLAYING(last:PLAYING) err=0x0 curtime=0 (ms:875) fulltime=-1 lsttime=0
01-31 17:22:38.720 I/amplayer(  172): **[update_state]abuflevel=0.00396220 vbublevel=0.00006784 abufrp=c86edc0 vbufrp=aa14c00 read_end=0
01-31 17:22:39.750 I/amplayer(  172): **[update_state]pid:3 status=PLAYING(last:PLAYING) err=0x0 curtime=1 (ms:1962) fulltime=-1 lsttime=1
01-31 17:22:39.750 I/amplayer(  172): **[update_state]abuflevel=0.00113424 vbublevel=0.00005675 abufrp=c8a0cc0 vbufrp=aa23a00 read_end=0
01-31 17:22:40.750 I/amplayer(  172): **[update_state]pid:3 status=PLAYING(last:PLAYING) err=0x0 curtime=2 (ms:2951) fulltime=-1 lsttime=2
01-31 17:22:40.750 I/amplayer(  172): **[update_state]abuflevel=0.00163269 vbublevel=0.00012056 abufrp=c8cf940 vbufrp=aa31200 read_end=0
