01-31 17:21:20.440 D/BtGatt.GattService(  663): unregisterClient() - clientIf=6
01-31 17:21:20.440 D/BtGatt.btif(  663): btif_gattc_unregister_app
01-31 17:21:20.440 D/bt-btif (  663): btif_transfer_context event 1001, len 739
01-31 17:21:20.440 D/bt-btif (  663): btif task fetched event a001
01-31 17:21:20.440 E/bt_upio (  663): upio_set : open(/proc/bluetooth/sleep/btwrite) for write failed: No such file or directory (2)
01-31 17:21:20.440 D/bt-btif (  663): btif_context_switched
01-31 17:21:20.440 D/BtGatt.btif(  663): btgattc_handle_event: Event 1001
01-31 17:21:20.440 I/bt-btif (  663): BTA got event 0x1f17
01-31 17:21:20.440 D/bt-btif (  663): bta_gattc_hdl_event: Event [BTA_GATTC_API_DEREG_EVT]
01-31 17:21:20.440 I/bt-att  (  663): GATT_Deregister gatt_if=6
01-31 17:21:20.440 I/bt-att  (  663): GATT_Listen gatt_if=6
01-31 17:21:20.440 I/bt-btm  (  663): BTM_BleUpdateAdvFilterPolicy
01-31 17:21:20.440 I/bt-btm  (  663): BTM_ReadConnectability
01-31 17:21:20.440 I/bt-btm  (  663): BTM_SetConnectability
01-31 17:21:20.440 I/bt-btm  (  663): btm_ble_set_connectability mode=0x0 combined_mode=0x1
01-31 17:21:20.440 I/bt-btm  (  663): always disable adv in non-discoverable non-connectable mode with no scan rsp
01-31 17:21:20.440 I/bt-btm  (  663): BTM_SetConnectability: mode 1 [NonConn-0, Conn-1], window 0x0012, interval 0x0800
01-31 17:21:20.440 D/bt-btif (  663): btif_transfer_context event 1, len 676
01-31 17:21:20.440 D/bt-btif (  663): btif task fetched event a001
01-31 17:21:20.440 D/bt-btif (  663): btif_context_switched
01-31 17:21:20.440 D/BtGatt.btif(  663): btif_gattc_upstreams_evt: Event 1
01-31 17:21:20.440 D/bt_upio (  663): BT_WAKE is asserted already
01-31 17:21:20.440 E/bt_upio (  663): upio_set : open(/proc/bluetooth/sleep/btwrite) for write failed: No such file or directory (2)
01-31 17:21:20.440 D/bt_upio (  663): BT_WAKE is asserted already
01-31 17:21:20.440 E/bt_upio (  663): upio_set : open(/proc/bluetooth/sleep/btwrite) for write failed: No such file or directory (2)
01-31 17:21:20.450 D/bt-btif (  663): HC lib lpm deassertion return 0
01-31 17:21:20.450 D/bt-btif (  663): HC lib lpm deassertion return 0
01-31 17:21:20.540 E/GKI_LINUX(  663): ##### ERROR : release_wake_lock: release lock success ret=2#####
01-31 17:21:20.940 V/BleRemoteControllerService(  663): requestScan,RC size:0,hasInit:true,isBinded:false,mIsPair:false,Connecting:false
01-31 17:21:20.940 D/BluetoothAdapterService(1101120176)(  663): getState(): mAdapterProperties: com.android.bluetooth.btservice.AdapterProperties@41a1d570
01-31 17:21:20.940 D/BluetoothAdapterService(1101120176)(  663): Get Bonded Devices being called
01-31 17:21:20.940 D/BluetoothAdapterProperties(  663): getBondedDevices: length=1
01-31 17:21:20.940 D/BluetoothAdapterService(1101120176)(  663): getState(): mAdapterProperties: com.android.bluetooth.btservice.AdapterProperties@41a1d570
01-31 17:21:20.950 E/BleRemoteControllerService(  663): compare name failed!
01-31 17:21:20.950 D/BluetoothAdapterService(1101120176)(  663): getState(): mAdapterProperties: com.android.bluetooth.btservice.AdapterProperties@41a1d570
01-31 17:21:20.950 D/BluetoothAdapterService(1101120176)(  663): Get Bonded Devices being called
01-31 17:21:20.950 D/BluetoothAdapterProperties(  663): getBondedDevices: length=1
01-31 17:21:20.950 D/BluetoothAdapterService(1101120176)(  663): getState(): mAdapterProperties: com.android.bluetooth.btservice.AdapterProperties@41a1d570
01-31 17:21:20.950 E/BleRemoteControllerService(  663): compare name failed!
01-31 17:21:20.950 D/BluetoothAdapterService(1101120176)(  663): getState(): mAdapterProperties: com.android.bluetooth.btservice.AdapterProperties@41a1d570
01-31 17:21:20.950 D/BluetoothAdapter(  663): startLeScan(): null
01-31 17:21:20.950 D/BtGatt.GattService(  663): registerClient() - UUID=4620a6c9-86fe-42eb-b8e9-5273c410b1d3
01-31 17:21:20.950 D/BtGatt.btif(  663): btif_gattc_register_app
01-31 17:21:20.950 D/bt-btif (  663): btif_transfer_context event 1000, len 739
01-31 17:21:20.950 D/bt-btif (  663): btif task fetched event a001
01-31 17:21:20.950 D/bt-btif (  663): btif_context_switched
01-31 17:21:20.950 D/BtGatt.btif(  663): btgattc_handle_event: Event 1000
01-31 17:21:20.950 I/bt-btif (  663): BTA got event 0x1f16
01-31 17:21:20.950 D/bt-btif (  663): bta_gattc_hdl_event: Event [BTA_GATTC_API_REG_EVT]
01-31 17:21:20.950 D/bt-btif (  663): bta_gattc_register state 2
01-31 17:21:20.950 I/bt-att  (  663): GATT_Register
01-31 17:21:20.950 D/bt-att  (  663): UUID=[0x4620a6c986fe42ebb8e95273c410b1d3]
01-31 17:21:20.950 I/bt-att  (  663): allocated gatt_if=6
01-31 17:21:20.950 D/bt-btif (  663): btif_transfer_context event 0, len 676
01-31 17:21:20.950 I/bt-btif (  663): BTA got event 0x1f15
01-31 17:21:20.950 D/bt-btif (  663): bta_gattc_hdl_event: Event [BTA_GATTC_INT_START_IF_EVT]
01-31 17:21:20.950 I/bt-att  (  663): GATT_StartIf gatt_if=6
01-31 17:21:20.950 D/bt-att  (  663): gatt_find_the_connected_bda start_idx=0
01-31 17:21:20.950 D/bt-att  (  663): gatt_find_the_connected_bda found=0 found_idx=18
01-31 17:21:20.950 D/bt-btif (  663): btif task fetched event a001
01-31 17:21:20.950 D/bt-btif (  663): btif_context_switched
01-31 17:21:20.950 D/BtGatt.btif(  663): btif_gattc_upstreams_evt: Event 0
01-31 17:21:20.950 I/bt-btif (  663): HAL bt_gatt_callbacks->client->register_client_cb
01-31 17:21:20.950 D/BtGatt.GattService(  663): onClientRegistered() - UUID=4620a6c9-86fe-42eb-b8e9-5273c410b1d3, clientIf=6
01-31 17:21:20.950 D/BluetoothAdapter(  663): onClientRegistered() - status=0 clientIf=6
01-31 17:21:20.960 D/BtGatt.GattService(  663): startScan() - queue=0
01-31 17:21:20.960 D/BtGatt.GattService(  663): startScan() - adding client=6
01-31 17:21:20.960 D/BtGatt.btif(  663): btif_gattc_scan
01-31 17:21:20.960 D/bt-btif (  663): btif_transfer_context event 1002, len 739
01-31 17:21:20.960 D/bt-btif (  663): btif task fetched event a001
01-31 17:21:20.960 D/bt-btif (  663): btif_context_switched
01-31 17:21:20.960 D/BtGatt.btif(  663): btgattc_handle_event: Event 1002
01-31 17:21:20.960 I/bt-btif (  663): BTA_DmBleObserve:start = 1 
01-31 17:21:20.960 V/BleRemoteControllerService(  663): scanLeDevice spend:4
01-31 17:21:20.960 I/bt-btif (  663): BTA got event 0x120
01-31 17:21:20.960 I/bt-btif (  663): bta_dm_sm_execute event:0x20
01-31 17:21:20.960 I/bt-btm  (  663): BTM_BleObserve 
01-31 17:21:20.960 E/GKI_LINUX(  663): ##### ERROR : acquire_wake_lock: got lock success ret=2#####
01-31 17:21:20.960 D/bt_upio (  663): BT_WAKE is asserted already
01-31 17:21:20.960 E/bt_upio (  663): upio_set : open(/proc/bluetooth/sleep/btwrite) for write failed: No such file or directory (2)
01-31 17:21:20.960 D/bt_upio (  663): BT_WAKE is asserted already
01-31 17:21:20.960 E/bt_upio (  663): upio_set : open(/proc/bluetooth/sleep/btwrite) for write failed: No such file or directory (2)
01-31 17:21:20.960 D/bt-btif (  663): HC lib lpm deassertion return 0
01-31 17:21:20.960 D/bt-btif (  663): HC lib lpm deassertion return 0
01-31 17:21:21.060 E/GKI_LINUX(  663): ##### ERROR : release_wake_lock: release lock success ret=2#####
01-31 17:21:21.960 D/bt_upio (  663): btwake deassertion
01-31 17:21:23.100 D/KeyCharacterMap(  547): mapKey: scanCode=28, usageCode=0x00000000 ~ Failed.
01-31 17:21:23.100 D/InputDispatcher(  547): notifyKey - eventTime=2334001656000, deviceId=1, source=0x301, policyFlags=0x0, action=0x0, flags=0x8, keyCode=0x42, scanCode=0x1c, metaState=0x0, downTime=2334001656000
01-31 17:21:23.100 I/PinyinIME(  784): onKeyDown inputViewShow : false
01-31 17:21:23.100 I/key down(  784): KEYCODE_ENTER
01-31 17:21:23.100 D/MainActivity(  927): KeyEvent { action=ACTION_DOWN, keyCode=KEYCODE_ENTER, scanCode=28, metaState=0, flags=0x8, repeatCount=0, eventTime=2334001, downTime=2334001, deviceId=1, source=0x301 }
01-31 17:21:23.100 D/PowerManagerService(  547): checkScreenSaverTimeoutLocked come 720000 reason=userActivity
01-31 17:21:23.280 D/KeyCharacterMap(  547): mapKey: scanCode=28, usageCode=0x00000000 ~ Failed.
01-31 17:21:23.280 D/InputDispatcher(  547): notifyKey - eventTime=2334180170000, deviceId=1, source=0x301, policyFlags=0x0, action=0x1, flags=0x8, keyCode=0x42, scanCode=0x1c, metaState=0x0, downTime=2334001656000
01-31 17:21:23.280 V/WindowManager(  547): ######## Clear factory key sequence ########
01-31 17:21:23.280 I/PinyinIME(  784): onKeyUp inputViewShow : false
01-31 17:21:23.280 I/key up  (  784): KEYCODE_ENTER
01-31 17:21:23.280 I/PinyinIME(  784): super key up
01-31 17:21:23.280 D/MainActivity(  927): KeyEvent { action=ACTION_UP, keyCode=KEYCODE_ENTER, scanCode=28, metaState=0, flags=0x8, repeatCount=0, eventTime=2334180, downTime=2334001, deviceId=1, source=0x301 }
01-31 17:21:23.290 V/AudioFlinger(  172): AUDIO_OUTPUT_FLAG_FAST denied: isTimed=0 sharedBuffer=0xb80099a0 frameCount=5733 mFrameCount=1024 format=1 isLinear=1 channelMask=0x3 sampleRate=44100 mSampleRate=48000 hasFastMixer=0 tid=3474 fastTrackAvailMask=0xfe
01-31 17:21:23.290 W/ContextImpl(  927): Calling a method in the system process without a qualified user: android.app.ContextImpl.startService:1518 android.content.ContextWrapper.startService:494 com.xiaomi.mitv.api.system.StatusBarController.hideStatusBar:58 com.xiaomi.tv.desktop.model.ax.t:-1 com.xiaomi.tv.desktop.controller.d.a:-1 
01-31 17:21:23.300 D/MiTVSystemUIService(  939): onStartCommand
01-31 17:21:23.300 D/MiTVSystemUIService(  939): onStartCommand com:-1
01-31 17:21:23.300 D/MiTVSystemUIService(  939): onStartCommand show_expand:0
01-31 17:21:23.300 D/MiTVSystemUIService(  939): onStartCommand: show_status_com:0
01-31 17:21:23.300 D/CommandDispatcher(  939): executeCommand, id:8
01-31 17:21:23.300 D/MiTVSystemUIService(  939): onStartCommand: recent_com:-1
01-31 17:21:23.300 D/UpdateScheduler(  927): mAsyncOpWaiter block finish
01-31 17:21:23.300 D/UpdateScheduler(  927): giong to block mChannelHandler
01-31 17:21:23.300 V/AudioFlinger(  172): ThreadBase::setParameters() routing=2
01-31 17:21:23.300 V/AudioFlinger(  172): thread 0xb34cf008 type 0 TID 619 waking up
01-31 17:21:23.310 D/ReceiverMgr(  927): pause complete
01-31 17:21:23.310 V/AudioFlinger(  172): acquireWakeLock_l() AudioOut_2 status 0
01-31 17:21:23.310 D/audio_hw_primary(  172): out_set_parameters(kvpairs(routing=2), out_device=0x2)
01-31 17:21:23.310 V/AudioFlinger(  172): acquireWakeLock_l() AudioOut_2 status 0
01-31 17:21:23.310 V/AudioFlinger(  172): ThreadBase::setParameters() routing=1024
01-31 17:21:23.310 V/AudioFlinger(  172): thread 0xb32f4008 type 0 TID 620 waking up
01-31 17:21:23.310 V/AudioFlinger(  172): acquireWakeLock_l() AudioOut_7 status 0
01-31 17:21:23.310 D/audio_hw_hdmi(  172): out_set_parameters(kvpairs(routing=1024), out_device=0x400)
01-31 17:21:23.310 V/AudioFlinger(  172): acquireWakeLock_l() AudioOut_7 status 0
01-31 17:21:23.310 V/AudioFlinger(  172): thread 0xb31b3008 type 2 TID 621 waking up
01-31 17:21:23.310 W/ContextImpl(  927): Calling a method in the system process without a qualified user: android.app.ContextImpl.startActivity:1059 android.content.ContextWrapper.startActivity:311 com.xiaomi.tv.desktop.controller.d.a:-1 com.xiaomi.tv.desktop.ui.bh.onClick:-1 com.xiaomi.tv.desktop.ui.d.onClick:-1 
01-31 17:21:23.320 V/AudioFlinger(  172): acquireWakeLock_l() AudioOut_8 status 0
01-31 17:21:23.320 V/AudioFlinger(  172): acquireWakeLock_l() AudioOut_8 status 0
01-31 17:21:23.320 V/AudioFlinger(  172): remove track (4099) and delete from mixer
01-31 17:21:23.320 I/Track   (  172): OutPut Track restore active track to thread 0xb32f4008
01-31 17:21:23.320 I/Track   (  172): OutPut Track restore active track to thread 0xb34cf008
01-31 17:21:23.320 V/AudioFlinger(  172): acquireWakeLock_l() AudioOut_2 status 0
01-31 17:21:23.320 I/Track   (  172): OutPut Track restore active track to thread 0xb32f4008
01-31 17:21:23.320 V/AudioFlinger(  172): anticipated start
01-31 17:21:23.320 I/Track   (  172): OutPut Track restore active track to thread 0xb34cf008
01-31 17:21:23.320 D/audio_hw_primary(  172): start_output_stream(adev->out_device=0x2, adev->mode=0)
01-31 17:21:23.320 D/audio_hw_primary(  172): select_devices(mode=0, out_device=0x2)
01-31 17:21:23.320 D/audio_hw_primary(  172): ~~~~ select_devices : hs=0 , hp=0, sp=2, hdmi=0x0,earpiece=0x0
01-31 17:21:23.320 D/audio_hw_primary(  172): ~~~~ select_devices : in_device(0x4), mic_in(0x4), headset_mic(0)
01-31 17:21:23.320 D/audio_hw_primary(  172): ****select_devices : output_standby=1,input_standby=1
01-31 17:21:23.320 I/Track   (  172): OutPut Track restore active track to thread 0xb32f4008
01-31 17:21:23.320 I/Track   (  172): OutPut Track restore active track to thread 0xb34cf008
01-31 17:21:23.320 D/audio_hw_primary(  172): *start_output_stream, open card(0) port(0)-------
01-31 17:21:23.320 I/Track   (  172): OutPut Track restore active track to thread 0xb32f4008
01-31 17:21:23.320 D/audio_hw_primary(  172): channels=2---format=0---period_count4---period_size1024---rate=48000---
01-31 17:21:23.330 V/AudioFlinger(  172): acquireWakeLock_l() AudioOut_7 status 0
01-31 17:21:23.330 D/audio_hw_hdmi(  172): select_output_device(mode=0, out_device=0x400)
01-31 17:21:23.330 D/audio_hw_hdmi(  172): start_output_stream(adev->out_device=0x400, adev->mode=0)
01-31 17:21:23.330 I/audio_hw_hdmi(  172): hdmi sound card id 0,device id 2 
01-31 17:21:23.330 D/audio_hw_hdmi(  172): ------------open on board audio-------
01-31 17:21:23.330 I/audio_hw_hdmi(  172): channels=2---format=0---period_count4---period_size1024---rate=48000---
01-31 17:21:23.340 W/ContextImpl(  927): Calling a method in the system process without a qualified user: android.app.ContextImpl.startActivity:1071 android.app.ContextImpl.startActivity:1060 android.content.ContextWrapper.startActivity:311 com.xiaomi.tv.desktop.controller.d.a:-1 com.xiaomi.tv.desktop.ui.bh.onClick:-1 
01-31 17:21:23.340 I/ActivityManager(  547): START u0 {act=android.intent.action.MAIN cat=[android.intent.category.LAUNCHER] flg=0x10200000 cmp=com.xiaomi.mitv.wfd/.WfdActivity} from pid 927
01-31 17:21:23.340 I/ActivityManager(  547): start package name is com.xiaomi.mitv.wfd, class name is com.xiaomi.mitv.wfd.WfdActivity, error code is 0
01-31 17:21:23.370 I/Track   (  172): OutPut Track restore active track to thread 0xb32f4008
01-31 17:21:23.390 D/FullScreenAdMgr(  927): showIfNecessary mShowingAd:false, cn:ComponentInfo{com.xiaomi.mitv.wfd/com.xiaomi.mitv.wfd.WfdActivity}, willShow:false
01-31 17:21:23.390 W/AppLauncher(  927): Launch app cmp:ComponentInfo{com.xiaomi.mitv.wfd/com.xiaomi.mitv.wfd.WfdActivity}
01-31 17:21:23.400 D/MainActivity(  927): onPause
01-31 17:21:23.420 D/DisplayMetrics(  547): densityDpi 320
01-31 17:21:23.440 I/WfdActivity( 3167): onCreate
01-31 17:21:23.440 D/WfdActivity( 3167): killBackgroundProcesses
01-31 17:21:23.460 W/ActivityManager(  547): Invalid packageName: com.togic.livevideo
01-31 17:21:23.470 D/MainActivity(  927): Pause runner run
01-31 17:21:23.470 D/Singleton(  927): pauseAllInstance but not resumed
01-31 17:21:23.470 D/WfdActivity( 3167): garbage apps are force stopped to avoid impact foreground app
01-31 17:21:23.470 I/WfdActivity( 3167): extraInfo is 
01-31 17:21:23.470 W/System.err( 3167): org.json.JSONException: End of input at character 0 of 
01-31 17:21:23.470 W/System.err( 3167): 	at org.json.JSONTokener.syntaxError(JSONTokener.java:450)
01-31 17:21:23.470 W/System.err( 3167): 	at org.json.JSONTokener.nextValue(JSONTokener.java:97)
01-31 17:21:23.470 W/System.err( 3167): 	at org.json.JSONArray.<init>(JSONArray.java:92)
01-31 17:21:23.470 W/System.err( 3167): 	at org.json.JSONArray.<init>(JSONArray.java:108)
01-31 17:21:23.470 W/System.err( 3167): 	at com.xiaomi.mitv.wfd.WfdActivity.onCreate(WfdActivity.java:73)
01-31 17:21:23.470 W/System.err( 3167): 	at android.app.Activity.performCreate(Activity.java:5281)
01-31 17:21:23.480 W/System.err( 3167): 	at android.app.Instrumentation.callActivityOnCreate(Instrumentation.java:1103)
01-31 17:21:23.480 W/System.err( 3167): 	at android.app.ActivityThread.performLaunchActivity(ActivityThread.java:2159)
01-31 17:21:23.480 W/System.err( 3167): 	at android.app.ActivityThread.handleLaunchActivity(ActivityThread.java:2245)
01-31 17:21:23.480 W/System.err( 3167): 	at android.app.ActivityThread.access$800(ActivityThread.java:135)
01-31 17:21:23.480 W/System.err( 3167): 	at android.app.ActivityThread$H.handleMessage(ActivityThread.java:1196)
01-31 17:21:23.480 W/System.err( 3167): 	at android.os.Handler.dispatchMessage(Handler.java:102)
01-31 17:21:23.480 W/System.err( 3167): 	at android.os.Looper.loop(Looper.java:136)
01-31 17:21:23.480 W/System.err( 3167): 	at android.app.ActivityThread.main(ActivityThread.java:5018)
01-31 17:21:23.480 W/System.err( 3167): 	at java.lang.reflect.Method.invokeNative(Native Method)
01-31 17:21:23.480 W/System.err( 3167): 	at java.lang.reflect.Method.invoke(Method.java:515)
01-31 17:21:23.480 W/System.err( 3167): 	at com.android.internal.os.ZygoteInit$MethodAndArgsCaller.run(ZygoteInit.java:828)
01-31 17:21:23.480 W/System.err( 3167): 	at com.android.internal.os.ZygoteInit.main(ZygoteInit.java:644)
01-31 17:21:23.480 W/System.err( 3167): 	at dalvik.system.NativeStart.main(Native Method)
01-31 17:21:23.480 I/WfdActivity( 3167): mIsAutoExit is false; mAutoExitTimer is 30; mConnectionTimer is 120
01-31 17:21:23.500 D/skia    ( 3167): found cached face <sans-serif-thin> <sans-serif-thin> 0x66622f98 [5]
01-31 17:21:23.540 I/WfdManager( 3167): disableWifi
01-31 17:21:23.540 I/WfdManager( 3167): scanWifiDisplays mIsWifiP2pConnected=false
01-31 17:21:23.540 D/M8WfdManager( 3167): doScanClients
01-31 17:21:23.540 E/M8WfdManager( 3167): changeRole +false
01-31 17:21:23.550 I/WfdActivity( 3167): onResume mWaitForResult=false
01-31 17:21:23.550 I/wpa_supplicant(  771): wlan0: Control interface command 'DISCONNECT'
01-31 17:21:23.550 D/WifiMonitor(  547): Event [IFNAME=wlan0 Control interface command 'DISCONNECT']
01-31 17:21:23.560 W/WifiMonitor(  547): couldn't identify event type - Control interface command 'DISCONNECT'
01-31 17:21:23.580 I/wpa_supplicant(  771): wlan0: CTRL-EVENT-DISCONNECTED bssid=34:cd:be:1f:e5:10 reason=3 locally_generated=1
01-31 17:21:23.580 D/WifiMonitor(  547): Event [IFNAME=wlan0 CTRL-EVENT-DISCONNECTED bssid=34:cd:be:1f:e5:10 reason=3 locally_generated=1]
01-31 17:21:23.580 E/WifiMonitor(  547): received DISCONNECTED handleNetworkStateChange 
01-31 17:21:23.580 I/hdmiswitch(  373):  recv n=162
01-31 17:21:23.590 D/WfdManager( 3167): handleEvent: action = android.net.wifi.p2p.STATE_CHANGED
01-31 17:21:23.590 D/WfdActivity( 3167): onWifiDirectState 2
01-31 17:21:23.590 D/WfdManager( 3167): handleEvent: action = android.net.wifi.p2p.CONNECTION_STATE_CHANGE
01-31 17:21:23.590 D/WfdManager( 3167): WIFI P2P Disonnected mIsWifiP2pConnected=false
01-31 17:21:23.590 D/WfdManager( 3167): handleEvent: action = android.net.wifi.p2p.THIS_DEVICE_CHANGED
01-31 17:21:23.600 I/WfdManager( 3167): this dev name = Sink_ee32dev state3
01-31 17:21:23.600 D/WfdActivity( 3167): onDeviceNameChanged Sink_ee32
01-31 17:21:23.600 D/wifi_gbk2utf(  547): constructEventSsid, SSID = vodafoneE509
01-31 17:21:23.600 D/WifiMonitor(  547): Event [IFNAME=wlan0 CTRL-EVENT-STATE-CHANGE id=1 state=0 BSSID=34:cd:be:1f:e5:10 SSID=vodafoneE509]
01-31 17:21:23.600 D/StageView(  939): pause
01-31 17:21:23.610 I/wpa_supplicant(  771): p2p-dev-wlan0: Control interface command 'P2P_FIND 120'
01-31 17:21:23.610 D/WifiMonitor(  547): Event [IFNAME=p2p-dev-wlan0 Control interface command 'P2P_FIND 120']
01-31 17:21:23.610 W/WifiMonitor(  547): couldn't identify event type - Control interface command 'P2P_FIND 120'
01-31 17:21:23.630 I/wpa_supplicant(  771): p2p-dev-wlan0: Control interface command 'SET wifi_display 1'
01-31 17:21:23.630 D/WifiMonitor(  547): Event [IFNAME=p2p-dev-wlan0 Control interface command 'SET wifi_display 1']
01-31 17:21:23.630 W/WifiMonitor(  547): couldn't identify event type - Control interface command 'SET wifi_display 1'
01-31 17:21:23.630 I/wpa_supplicant(  771): wlan0: Control interface command 'SET ps 1'
01-31 17:21:23.630 D/WifiMonitor(  547): Event [IFNAME=wlan0 Control interface command 'SET ps 1']
01-31 17:21:23.630 W/WifiMonitor(  547): couldn't identify event type - Control interface command 'SET ps 1'
01-31 17:21:23.630 I/wpa_supplicant(  771): p2p-dev-wlan0: Control interface command 'WFD_SUBELEM_SET 0 000600111c440032'
01-31 17:21:23.630 D/WifiMonitor(  547): Event [IFNAME=p2p-dev-wlan0 Control interface command 'WFD_SUBELEM_SET 0 000600111c440032']
01-31 17:21:23.630 W/WifiMonitor(  547): couldn't identify event type - Control interface command 'WFD_SUBELEM_SET 0 000600111c440032'
01-31 17:21:23.640 I/wpa_supplicant(  771): wlan0: Control interface command 'DRIVER BTCOEXMODE 2'
01-31 17:21:23.640 D/WifiMonitor(  547): Event [IFNAME=wlan0 Control interface command 'DRIVER BTCOEXMODE 2']
01-31 17:21:23.640 W/WifiMonitor(  547): couldn't identify event type - Control interface command 'DRIVER BTCOEXMODE 2'
01-31 17:21:23.640 D/CommandListener(  167): Clearing all IP addresses on wlan0
01-31 17:21:23.680 D/StatusBar.NetworkController(  635): onReceive WIFI state change.
01-31 17:21:23.680 D/AirtuneService(  841): Receive Broadcast action=android.net.wifi.STATE_CHANGE
01-31 17:21:23.680 W/AirtuneService(  841): No network info in extra data, ignore!
01-31 17:21:23.680 D/ConnectivityService(  547): ConnectivityChange for WIFI: DISCONNECTED/DISCONNECTED
01-31 17:21:23.680 D/ConnectivityService(  547): tryFailover: set mActiveDefaultNetwork=-1, prevNetType=1
01-31 17:21:23.690 I/wpa_supplicant(  771): wlan0: Control interface command 'SET ps 1'
01-31 17:21:23.690 D/WifiMonitor(  547): Event [IFNAME=wlan0 Control interface command 'SET ps 1']
01-31 17:21:23.690 W/WifiMonitor(  547): couldn't identify event type - Control interface command 'SET ps 1'
01-31 17:21:23.700 I/netReceiver7( 3344): netReceiver, action: android.net.wifi.STATE_CHANGE
01-31 17:21:23.700 I/netReceiver7( 3344): intent = Intent { act=android.net.wifi.STATE_CHANGE flg=0x4000010 (has extras) }, state = DISCONNECTED
01-31 17:21:23.700 I/netReceiver7( 3344): wifi disconnect!
01-31 17:21:23.700 I/wpa_supplicant(  771): wlan0: Control interface command 'DRIVER BTCOEXMODE 2'
01-31 17:21:23.700 D/WifiMonitor(  547): Event [IFNAME=wlan0 Control interface command 'DRIVER BTCOEXMODE 2']
01-31 17:21:23.700 W/WifiMonitor(  547): couldn't identify event type - Control interface command 'DRIVER BTCOEXMODE 2'
01-31 17:21:23.710 D/NetworkBroadcastReceiver( 1205): intent = Intent { act=android.net.wifi.STATE_CHANGE flg=0x4000010 cmp=com.xiaomi.mitv.settings/.NetworkBroadcastReceiver (has extras) }, state = DISCONNECTED
01-31 17:21:23.710 D/NetworkBroadcastReceiver( 1205): enter networkChanged: false : true
01-31 17:21:23.710 D/CommandListener(  167): Clearing all IP addresses on wlan0
01-31 17:21:23.710 D/ConnectivityService(  547): Attempting to switch to mobile
01-31 17:21:23.710 I/EthernetStateTracker(  547): >>>reconnect
01-31 17:21:23.710 I/EthernetService(  547): setEthState from 2 to 2
01-31 17:21:23.710 V/EthernetService(  547): Set ethernet mode null -> dhcp
01-31 17:21:23.710 I/EthernetStateTracker(  547): $$reconnect call resetInterface()
01-31 17:21:23.710 E/EthernetStateTracker(  547): Failed to resetInterface for EthernetManager is null
01-31 17:21:23.710 D/ConnectivityService(  547): Attempting to switch to ethernet
01-31 17:21:23.720 I/MiTv-Impl-m8-amlogic-EthernetManagerImpl( 1205): isCableConnected
01-31 17:21:23.720 D/PowerManagerService(  547): checkScreenSaverTimeoutLocked come 720000 reason=KEEP_SCREEN_ON wakelock true
01-31 17:21:23.720 D/MobileDataStateTracker(  547): default: Broadcast received: android.intent.action.ANY_DATA_STATE apnType=default
01-31 17:21:23.720 D/EthernetService(  547): isEthDeviceAdded: trigger scanEthDevice
01-31 17:21:23.720 D/EthernetService(  547): EthernetNative.isEthDeviceAdded: No Device Found
01-31 17:21:23.730 D/AirtuneService(  841): Receive Broadcast action=android.net.wifi.STATE_CHANGE
01-31 17:21:23.730 W/AirtuneService(  841): No network info in extra data, ignore!
01-31 17:21:23.730 D/StatusBar.NetworkController(  635): onReceive WIFI state change.
01-31 17:21:23.730 D/MobileDataStateTracker(  547): default: Received state=DISCONNECTED, old=DISCONNECTED, reason=WIFI_STATE_CHANGED
01-31 17:21:23.740 I/netReceiver7( 3344): netReceiver, action: android.net.wifi.STATE_CHANGE
01-31 17:21:23.740 I/netReceiver7( 3344): intent = Intent { act=android.net.wifi.STATE_CHANGE flg=0x4000010 (has extras) }, state = DISCONNECTED
01-31 17:21:23.740 I/netReceiver7( 3344): wifi disconnect!
01-31 17:21:23.740 D/NetworkBroadcastReceiver( 1205): enter networkChanged 2, wifiConnected: false ethConnected: false
01-31 17:21:23.740 D/NetworkBroadcastReceiver( 1205): enter networkChanged 6
01-31 17:21:23.760 D/MiTVNetworkController(  939): action onReceive is : android.net.wifi.STATE_CHANGE, mitv.network.ethernet.action.ETHERNET_STATE_CHANGED
01-31 17:21:23.760 D/MiTVNetworkController(  939): updateWifiIcons mWifiConnected:false, mWifiLevel:4 mEthernetConnected false
01-31 17:21:23.760 D/NetworkStateManager(  939): changeNetworkState, type:0, flag:0, level:0, lable:null
01-31 17:21:23.770 D/NetworkStateView(  939): changeNetworkState type:0, flag:0, level:0, label:null, last_lable:null
01-31 17:21:23.780 D/dalvikvm(  841): GC_CONCURRENT freed 379K, 16% free 3434K/4084K, paused 5ms+13ms, total 89ms
01-31 17:21:23.780 D/MobileDataStateTracker(  547): default: Broadcast received: android.intent.action.ANY_DATA_STATE apnType=default
01-31 17:21:23.790 I/mediaexplorerdaemon.net.NetBroadcastReceiver( 2657): netReceiver, action: android.net.wifi.STATE_CHANGE
01-31 17:21:23.790 I/M8WfdManager( 3167): discovery success
01-31 17:21:23.790 D/M8WfdManager( 3167): Successfully set WFD info.
01-31 17:21:23.790 D/WfdManager( 3167): handleEvent: action = android.net.wifi.p2p.THIS_DEVICE_CHANGED
01-31 17:21:23.790 I/WfdManager( 3167): this dev name = Sink_ee32dev state3
01-31 17:21:23.790 D/WfdActivity( 3167): onDeviceNameChanged Sink_ee32
01-31 17:21:23.790 I/mediaexplorerdaemon.net.NetBroadcastReceiver( 2657): intent = Intent { act=android.net.wifi.STATE_CHANGE flg=0x4000010 cmp=com.xiaomi.mitv.media/.NetBroadcastReceiver (has extras) }, state = DISCONNECTED
01-31 17:21:23.790 I/mediaexplorerdaemon.net.NetBroadcastReceiver( 2657): wifi disconnect!
01-31 17:21:23.790 I/mediaexplorerdaemon.net.NetBroadcastReceiver( 2657): disconnectFromNetwork: true
01-31 17:21:23.790 I/mediaexplorerdaemon.net.NetBroadcastReceiver( 2657): disconnectFromNetwork, iswifi: true
01-31 17:21:23.790 I/mediaexplorerdaemon.net.ThreadManager( 2657): disconnectFromNetwork
01-31 17:21:23.790 D/MobileDataStateTracker(  547): default: Received state=DISCONNECTED, old=DISCONNECTED, reason=WIFI_STATE_CHANGED
01-31 17:21:23.800 D/NetworkBroadcastReceiver( 1205): intent = Intent { act=android.net.wifi.STATE_CHANGE flg=0x4000010 cmp=com.xiaomi.mitv.settings/.NetworkBroadcastReceiver (has extras) }, state = DISCONNECTED
01-31 17:21:23.800 D/NetworkBroadcastReceiver( 1205): enter networkChanged: false : true
01-31 17:21:23.800 I/MiTv-Impl-m8-amlogic-EthernetManagerImpl( 1205): isCableConnected
01-31 17:21:23.800 D/NetworkBroadcastReceiver( 1205): enter networkChanged 2, wifiConnected: false ethConnected: false
01-31 17:21:23.800 D/EthernetService(  547): isEthDeviceAdded: trigger scanEthDevice
01-31 17:21:23.800 D/EthernetService(  547): EthernetNative.isEthDeviceAdded: No Device Found
01-31 17:21:23.810 D/NetworkBroadcastReceiver( 1205): enter networkChanged 6
01-31 17:21:23.810 D/HorizonDynamicOptionView(  939): addItem, key:{pkg:com.xiaomi.mitv.settings}{id:2147483647}, item:Item{title: ç½‘ç»œå·²æ–­å¼€, count: 0, isChecked: false}, current state:{STATE_NOT_START:0}, current data size:5
01-31 17:21:23.810 D/HorizonDynamicOptionView(  939): put item, data will be updated if existed
01-31 17:21:23.810 D/MiTVNetworkController(  939): action onReceive is : android.net.wifi.STATE_CHANGE, mitv.network.ethernet.action.ETHERNET_STATE_CHANGED
01-31 17:21:23.810 D/MiTVNetworkController(  939): updateWifiIcons mWifiConnected:false, mWifiLevel:4 mEthernetConnected false
01-31 17:21:23.810 D/NetworkStateManager(  939): changeNetworkState, type:0, flag:0, level:0, lable:null
01-31 17:21:23.810 D/NetworkStateView(  939): changeNetworkState type:0, flag:0, level:0, label:null, last_lable:null
01-31 17:21:23.810 I/mediaexplorerdaemon.net.NetBroadcastReceiver( 2657): netReceiver, action: android.net.wifi.STATE_CHANGE
01-31 17:21:23.810 I/mediaexplorerdaemon.net.NetBroadcastReceiver( 2657): intent = Intent { act=android.net.wifi.STATE_CHANGE flg=0x4000010 cmp=com.xiaomi.mitv.media/.NetBroadcastReceiver (has extras) }, state = DISCONNECTED
01-31 17:21:23.810 I/mediaexplorerdaemon.net.NetBroadcastReceiver( 2657): wifi disconnect!
01-31 17:21:23.820 I/mediaexplorerdaemon.net.NetBroadcastReceiver( 2657): disconnectFromNetwork: true
01-31 17:21:23.820 I/mediaexplorerdaemon.net.NetBroadcastReceiver( 2657): disconnectFromNetwork, iswifi: true
01-31 17:21:23.820 I/mediaexplorerdaemon.net.ThreadManager( 2657): disconnectFromNetwork
01-31 17:21:23.920 D/NetUtils(  547): android_net_utils_resetConnections in env=0x6c2fc6c8 clazz=0x8a400001 iface=wlan0 mask=0x3
01-31 17:21:23.920 W/System.err( 2657): java.net.SocketTimeoutException: failed to connect to /192.168.1.1 (port 8300) after 10000ms: isConnected failed: ETIMEDOUT (Connection timed out)
01-31 17:21:23.920 W/System.err( 2657): 	at libcore.io.IoBridge.isConnected(IoBridge.java:221)
01-31 17:21:23.920 D/PowerManagerService(  547): checkScreenSaverTimeoutLocked come 720000 reason=userActivity
01-31 17:21:23.920 D/PowerManagerService(  547): checkScreenSaverTimeoutLocked come 720000 reason=KEEP_SCREEN_ON wakelock false
01-31 17:21:23.920 D/ConnectivityService(  547): resetConnections(wlan0, 3)
01-31 17:21:23.930 W/System.err( 2657): 	at libcore.io.IoBridge.connectErrno(IoBridge.java:161)
01-31 17:21:23.930 W/System.err( 2657): 	at libcore.io.IoBridge.connect(IoBridge.java:112)
01-31 17:21:23.930 W/System.err( 2657): 	at java.net.PlainSocketImpl.connect(PlainSocketImpl.java:192)
01-31 17:21:23.930 W/System.err( 2657): 	at java.net.PlainSocketImpl.connect(PlainSocketImpl.java:459)
01-31 17:21:23.930 E/CommsReceiver( 1366): faf16efe23474bb5825f4b9e8b2adec5:69c786c2187a42448ad70ed6977c8083: Stopping due to IOException
01-31 17:21:23.930 W/System.err( 2657): 	at java.net.Socket.connect(Socket.java:843)
01-31 17:21:23.930 W/System.err( 2657): 	at com.android.okhttp.internal.Platform.connectSocket(Platform.java:131)
01-31 17:21:23.930 W/System.err( 2657): 	at com.android.okhttp.Connection.connect(Connection.java:101)
01-31 17:21:23.930 E/ClientComms( 1366): faf16efe23474bb5825f4b9e8b2adec5:69c786c2187a42448ad70ed6977c8083: state=DISCONNECTING
01-31 17:21:23.930 E/CommsCallback( 1366): faf16efe23474bb5825f4b9e8b2adec5:69c786c2187a42448ad70ed6977c8083: stopping
01-31 17:21:23.930 E/CommsCallback( 1366): faf16efe23474bb5825f4b9e8b2adec5:69c786c2187a42448ad70ed6977c8083: notify workAvailable and wait for run
01-31 17:21:23.930 W/System.err( 2657): 	at com.android.okhttp.internal.http.HttpEngine.connect(HttpEngine.java:294)
01-31 17:21:23.930 E/CommsCallback( 1366): faf16efe23474bb5825f4b9e8b2adec5:69c786c2187a42448ad70ed6977c8083: notify spaceAvailable
01-31 17:21:23.930 W/System.err( 2657): 	at com.android.okhttp.internal.http.HttpEngine.sendSocketRequest(HttpEngine.java:255)
01-31 17:21:23.930 W/System.err( 2657): 	at com.android.okhttp.internal.http.HttpEngine.sendRequest(HttpEngine.java:206)
01-31 17:21:23.930 W/System.err( 2657): 	at com.android.okhttp.internal.http.HttpURLConnectionImpl.execute(HttpURLConnectionImpl.java:345)
01-31 17:21:23.930 W/System.err( 2657): 	at com.android.okhttp.internal.http.HttpURLConnectionImpl.getResponse(HttpURLConnectionImpl.java:296)
01-31 17:21:23.930 W/System.err( 2657): 	at com.android.okhttp.internal.http.HttpURLConnectionImpl.getInputStream(HttpURLConnectionImpl.java:179)
01-31 17:21:23.930 W/System.err( 2657): 	at com.xiaomi.mitv.media.XQDetectorService.getStringFromUrl(XQDetectorService.java:257)
01-31 17:21:23.930 W/System.err( 2657): 	at com.xiaomi.mitv.media.XQDetectorService$1.run(XQDetectorService.java:54)
01-31 17:21:23.930 W/System.err( 2657): 	at android.os.Handler.handleCallback(Handler.java:733)
01-31 17:21:23.930 W/System.err( 2657): 	at android.os.Handler.dispatchMessage(Handler.java:95)
01-31 17:21:23.930 W/System.err( 2657): 	at android.os.Looper.loop(Looper.java:136)
01-31 17:21:23.930 W/System.err( 2657): 	at android.os.HandlerThread.run(HandlerThread.java:61)
01-31 17:21:23.930 W/System.err( 2657): Caused by: libcore.io.ErrnoException: isConnected failed: ETIMEDOUT (Connection timed out)
01-31 17:21:23.930 W/System.err( 2657): 	at libcore.io.IoBridge.isConnected(IoBridge.java:208)
01-31 17:21:23.930 W/System.err( 2657): 	... 19 more
01-31 17:21:23.930 I/mediaexplorerdaemon.net.XQDetectorService( 2657): get jsonString: null
01-31 17:21:23.930 I/mediaexplorerdaemon.net.XQDetectorService( 2657): jsonString is null
01-31 17:21:23.930 I/mediaexplorerdaemon.net.XQDetectorService( 2657): finish check, not find xq
01-31 17:21:23.930 I/mediaexplorerdaemon.net.XQDetectorService( 2657): searchXQInRepeaterMode
01-31 17:21:23.930 D/PinyinIME(  784): onFinishInput.
01-31 17:21:23.930 I/XQDector( 2657): search!
01-31 17:21:23.930 E/CommsCallback( 1366): faf16efe23474bb5825f4b9e8b2adec5:69c786c2187a42448ad70ed6977c8083: stopped
01-31 17:21:23.930 E/CommsReceiver( 1366): faf16efe23474bb5825f4b9e8b2adec5:69c786c2187a42448ad70ed6977c8083: stopping
01-31 17:21:23.930 E/CommsReceiver( 1366): faf16efe23474bb5825f4b9e8b2adec5:69c786c2187a42448ad70ed6977c8083: stopped
01-31 17:21:23.930 E/CommsTokenStore( 1366): faf16efe23474bb5825f4b9e8b2adec5:69c786c2187a42448ad70ed6977c8083: resp=å®¢æˆ·æœºæ­£åœ¨æ–­å¼€è¿žæŽ¥ (32102)
01-31 17:21:23.930 D/PinyinIME(  784): onStartInput  ccontentType: 0 Restarting:false
01-31 17:21:23.930 E/ClientComms( 1366): faf16efe23474bb5825f4b9e8b2adec5:69c786c2187a42448ad70ed6977c8083: >
01-31 17:21:23.940 E/CommsTokenStore( 1366): faf16efe23474bb5825f4b9e8b2adec5:69c786c2187a42448ad70ed6977c8083: key=15 token=org.eclipse.paho.client.mqttv3.MqttToken@419f71b8
01-31 17:21:23.940 E/ClientState( 1366): faf16efe23474bb5825f4b9e8b2adec5:69c786c2187a42448ad70ed6977c8083: reason å·²æ–­å¼€è¿žæŽ¥ (32109) - java.net.SocketException: recvfrom failed: ETIMEDOUT (Connection timed out)
01-31 17:21:23.940 I/XQDector( 2657): There is no activeConnectivity
01-31 17:21:23.940 E/CommsTokenStore( 1366): faf16efe23474bb5825f4b9e8b2adec5:69c786c2187a42448ad70ed6977c8083: >
01-31 17:21:23.940 I/XQDector( 2657): dhcp info is null
01-31 17:21:23.940 I/mediaexplorerdaemon.net.XQDetectorService( 2657): searchXQInRepeaterMode, result is null!!
01-31 17:21:23.940 E/CommsTokenStore( 1366): faf16efe23474bb5825f4b9e8b2adec5:69c786c2187a42448ad70ed6977c8083: key=15
01-31 17:21:23.940 E/CommsCallback( 1366): faf16efe23474bb5825f4b9e8b2adec5:69c786c2187a42448ad70ed6977c8083: callback and notify for key=15
01-31 17:21:23.940 E/Token   ( 1366): faf16efe23474bb5825f4b9e8b2adec5:69c786c2187a42448ad70ed6977c8083: >key=15 response=SUBACK msgId 15 granted Qos 0 excep=null
01-31 17:21:23.940 E/CommsCallback( 1366): faf16efe23474bb5825f4b9e8b2adec5:69c786c2187a42448ad70ed6977c8083: call onSuccess key=15
01-31 17:21:23.940 D/SystemUIAdapter(  635): removeNotification. key:1104097392
01-31 17:21:23.940 I/mediaexplorerdaemon.net.XQDetectorService( 2657): onDestroy!!!
01-31 17:21:23.940 I/mediaexplorerdaemon.net.ThreadManager( 2657): clear
01-31 17:21:23.940 W/ContextImpl( 1366): Calling a method in the system process without a qualified user: android.app.ContextImpl.sendBroadcast:1162 android.content.ContextWrapper.sendBroadcast:365 org.eclipse.paho.android.service.MqttService.callbackToActivity:-1 org.eclipse.paho.android.service.MqttConnection$MqttConnectionListener.onSuccess:-1 org.eclipse.paho.client.mqttv3.internal.CommsCallback.fireActionEvent:-1 
01-31 17:21:23.950 W/PushService(  903): 2016-01-31 17:21:23,944 - [WARN::PushService] - 
01-31 17:21:23.950 W/PushService(  903): 
01-31 17:21:23.950 W/PushService(  903): java.net.SocketException: recvfrom failed: ETIMEDOUT (Connection timed out)
01-31 17:21:23.950 W/PushService(  903): 	at libcore.io.IoBridge.maybeThrowAfterRecvfrom(IoBridge.java:545)
01-31 17:21:23.950 W/PushService(  903): 	at libcore.io.IoBridge.recvfrom(IoBridge.java:509)
01-31 17:21:23.950 W/PushService(  903): 	at java.net.PlainSocketImpl.read(PlainSocketImpl.java:488)
01-31 17:21:23.950 W/PushService(  903): 	at java.net.PlainSocketImpl.access$000(PlainSocketImpl.java:46)
01-31 17:21:23.950 W/PushService(  903): 	at java.net.PlainSocketImpl$PlainSocketInputStream.read(PlainSocketImpl.java:240)
01-31 17:21:23.950 W/PushService(  903): 	at java.io.InputStreamReader.read(InputStreamReader.java:233)
01-31 17:21:23.950 W/PushService(  903): 	at java.io.BufferedReader.read(BufferedReader.java:325)
01-31 17:21:23.950 W/PushService(  903): 	at com.xiaomi.smack.util.ObservableReader.read(Unknown Source)
01-31 17:21:23.950 W/PushService(  903): 	at org.kxml2.io.KXmlParser.fillBuffer(KXmlParser.java:1506)
01-31 17:21:23.950 W/PushService(  903): 	at org.kxml2.io.KXmlParser.peekType(KXmlParser.java:986)
01-31 17:21:23.950 W/PushService(  903): 	at org.kxml2.io.KXmlParser.next(KXmlParser.java:346)
01-31 17:21:23.950 W/PushService(  903): 	at org.kxml2.io.KXmlParser.next(KXmlParser.java:310)
01-31 17:21:23.950 W/PushService(  903): 	at com.xiaomi.smack.PacketReader.parsePackets(Unknown Source)
01-31 17:21:23.950 W/PushService(  903): 	at com.xiaomi.smack.PacketReader.access$000(Unknown Source)
01-31 17:21:23.950 W/PushService(  903): 	at com.xiaomi.smack.PacketReader$1.run(Unknown Source)
01-31 17:21:23.950 W/PushService(  903): Caused by: libcore.io.ErrnoException: recvfrom failed: ETIMEDOUT (Connection timed out)
01-31 17:21:23.950 W/PushService(  903): 	at libcore.io.Posix.recvfromBytes(Native Method)
01-31 17:21:23.950 W/PushService(  903): 	at libcore.io.Posix.recvfrom(Posix.java:141)
01-31 17:21:23.950 W/PushService(  903): 	at libcore.io.BlockGuardOs.recvfrom(BlockGuardOs.java:164)
01-31 17:21:23.950 W/PushService(  903): 	at libcore.io.IoBridge.recvfrom(IoBridge.java:506)
01-31 17:21:23.950 W/PushService(  903): 	... 13 more
01-31 17:21:23.960 W/PushService(  903): 2016-01-31 17:21:23,961 - [WARN::PushService] - [Thread:75] JOB: shutdown the connection. 9, java.net.SocketException: recvfrom failed: ETIMEDOUT (Connection timed out)
01-31 17:21:23.960 W/PushService(  903): 2016-01-31 17:21:23,962 - [WARN::PushService] - [Thread:75] disconnect 1101357544, 1101357928
01-31 17:21:23.960 W/PushService(  903): 2016-01-31 17:21:23,963 - [WARN::PushService] - [Thread:75] update the connection status. connected -> disconnected : ERROR_READ_ERROR 
01-31 17:21:23.970 E/ClientState( 1366): faf16efe23474bb5825f4b9e8b2adec5:69c786c2187a42448ad70ed6977c8083: received key=15 token=org.eclipse.paho.client.mqttv3.MqttToken@419f71b8 message=SUBACK msgId 15 granted Qos 0
01-31 17:21:23.970 E/ClientState( 1366): faf16efe23474bb5825f4b9e8b2adec5:69c786c2187a42448ad70ed6977c8083: disconnected
01-31 17:21:23.970 E/CommsSender( 1366): faf16efe23474bb5825f4b9e8b2adec5:69c786c2187a42448ad70ed6977c8083: stopping sender
01-31 17:21:23.970 E/ClientState( 1366): faf16efe23474bb5825f4b9e8b2adec5:69c786c2187a42448ad70ed6977c8083: notifying queueLock holders
01-31 17:21:23.970 E/ClientState( 1366): faf16efe23474bb5825f4b9e8b2adec5:69c786c2187a42448ad70ed6977c8083: new work or ping arrived 
01-31 17:21:23.970 E/ClientState( 1366): faf16efe23474bb5825f4b9e8b2adec5:69c786c2187a42448ad70ed6977c8083: no outstanding flows and not connected
01-31 17:21:23.970 E/CommsSender( 1366): faf16efe23474bb5825f4b9e8b2adec5:69c786c2187a42448ad70ed6977c8083: get message returned null, stopping}
01-31 17:21:23.970 E/CommsSender( 1366): faf16efe23474bb5825f4b9e8b2adec5:69c786c2187a42448ad70ed6977c8083: <
01-31 17:21:23.970 E/CommsSender( 1366): faf16efe23474bb5825f4b9e8b2adec5:69c786c2187a42448ad70ed6977c8083: stopped
01-31 17:21:23.970 D/Nat464Xlat(  547): requiresClat: netType=1, hasIPv4Address=false
01-31 17:21:23.980 E/ConnectivityService(  547): getConnectivityChangeDelay: 0
01-31 17:21:24.000 D/Tethering(  547): MasterInitialState.processMessage what=3
01-31 17:21:24.000 D/CaptivePortalTracker(  547): Disconnected from active network NetworkInfo: type: WIFI[], state: DISCONNECTED/DISCONNECTED, reason: (unspecified), extra: <unknown ssid>, roaming: false, failover: false, isAvailable: true, isConnectedToProvisioningNetwork: false
01-31 17:21:24.000 D/ConnectivityService(  547): setProvNotificationVisible: E visible=false networkType=1 extraInfo=null url=null
01-31 17:21:24.010 D/UDTDiscoverService(  841): Action: android.net.conn.CONNECTIVITY_CHANGE
01-31 17:21:24.010 I/DlnaDaemon(  830): ACTION: android.net.conn.CONNECTIVITY_CHANGE
01-31 17:21:24.010 D/StatusBar.NetworkController(  635): onReceive CONNECTIVITY_ACTION
01-31 17:21:24.010 D/TVMQTTPushManager( 1366): NetworkStatusReceiver, onReceive: isManagerStarted: true ,isRegistering: false ,isRegistered true ,isRetrivingSSEC: false
01-31 17:21:24.010 D/TVMQTTPushManager( 1366): isNetworkConnected
01-31 17:21:24.010 W/PushService(  903): 2016-01-31 17:21:24,005 - [WARN::PushService] - 
01-31 17:21:24.010 W/PushService(  903): 
01-31 17:21:24.010 W/PushService(  903): java.net.SocketException: sendto failed: EPIPE (Broken pipe)
01-31 17:21:24.010 W/PushService(  903): 	at libcore.io.IoBridge.maybeThrowAfterSendto(IoBridge.java:499)
01-31 17:21:24.010 W/PushService(  903): 	at libcore.io.IoBridge.sendto(IoBridge.java:468)
01-31 17:21:24.010 W/PushService(  903): 	at java.net.PlainSocketImpl.write(PlainSocketImpl.java:507)
01-31 17:21:24.010 W/PushService(  903): 	at java.net.PlainSocketImpl.access$100(PlainSocketImpl.java:46)
01-31 17:21:24.010 W/PushService(  903): 	at java.net.PlainSocketImpl$PlainSocketOutputStream.write(PlainSocketImpl.java:269)
01-31 17:21:24.010 W/PushService(  903): 	at java.io.OutputStreamWriter.flushBytes(OutputStreamWriter.java:167)
01-31 17:21:24.010 W/PushService(  903): 	at java.io.OutputStreamWriter.flush(OutputStreamWriter.java:158)
01-31 17:21:24.010 W/PushService(  903): 	at java.io.BufferedWriter.flush(BufferedWriter.java:124)
01-31 17:21:24.010 W/PushService(  903): 	at com.xiaomi.smack.util.ObservableWriter.flush(Unknown Source)
01-31 17:21:24.010 W/PushService(  903): 	at com.xiaomi.smack.PacketWriter.shutdown(Unknown Source)
01-31 17:21:24.010 W/PushService(  903): 	at com.xiaomi.smack.XMPPConnection.shutdown(Unknown Source)
01-31 17:21:24.010 W/PushService(  903): 	at com.xiaomi.smack.XMPPConnection.disconnect(Unknown Source)
01-31 17:21:24.010 W/PushService(  903): 	at com.xiaomi.push.service.XMPushService.disconnect(Unknown Source)
01-31 17:21:24.010 W/PushService(  903): 	at com.xiaomi.smack.XMPPConnection$2.process(Unknown Source)
01-31 17:21:24.010 W/PushService(  903): 	at com.xiaomi.push.service.XMPushService$Job.run(Unknown Source)
01-31 17:21:24.010 W/PushService(  903): 	at com.xiaomi.push.service.ConnectionJobController$1.handleMessage(Unknown Source)
01-31 17:21:24.010 W/PushService(  903): 	at android.os.Handler.dispatchMessage(Handler.java:102)
01-31 17:21:24.010 W/PushService(  903): 	at android.os.Looper.loop(Looper.java:136)
01-31 17:21:24.010 W/PushService(  903): 	at android.os.HandlerThread.run(HandlerThread.java:61)
01-31 17:21:24.010 W/PushService(  903): Caused by: libcore.io.ErrnoException: sendto failed: EPIPE (Broken pipe)
01-31 17:21:24.010 W/PushService(  903): 	at libcore.io.Posix.sendtoBytes(Native Method)
01-31 17:21:24.010 W/PushService(  903): 	at libcore.io.Posix.sendto(Posix.java:156)
01-31 17:21:24.010 W/PushService(  903): 	at libcore.io.BlockGuardOs.sendto(BlockGuardOs.java:177)
01-31 17:21:24.010 W/PushService(  903): 	at libcore.io.IoBridge.sendto(IoBridge.java:466)
01-31 17:21:24.010 W/PushService(  903): 	... 17 more
01-31 17:21:24.010 D/AlarmPingSender( 1366): Unregister alarmreceiver to MqttServicefaf16efe23474bb5825f4b9e8b2adec5:69c786c2187a42448ad70ed6977c8083
01-31 17:21:24.010 D/AlarmPingSender( 1366): release all lock.
01-31 17:21:24.020 D/dalvikvm(  903): GC_CONCURRENT freed 415K, 16% free 3487K/4128K, paused 3ms+18ms, total 74ms
01-31 17:21:24.020 I/ActivityManager(  547): Displayed com.xiaomi.mitv.wfd/.WfdActivity: +617ms
01-31 17:21:24.020 I/UDTDiscoverManager(  841): Action: android.net.conn.CONNECTIVITY_CHANGE
01-31 17:21:24.030 D/MiTVNetworkController(  939): action onReceive is : android.net.conn.CONNECTIVITY_CHANGE, mitv.network.ethernet.action.ETHERNET_STATE_CHANGED
01-31 17:21:24.030 E/ClientComms( 1366): faf16efe23474bb5825f4b9e8b2adec5:69c786c2187a42448ad70ed6977c8083: state=DISCONNECTED
01-31 17:21:24.030 E/CommsCallback( 1366): faf16efe23474bb5825f4b9e8b2adec5:69c786c2187a42448ad70ed6977c8083: call connectionLost
01-31 17:21:24.030 W/PushService(  903): 2016-01-31 17:21:24,033 - [WARN::PushService] - [Thread:75] update the client 5 status. binded->unbind CLOSE ERROR_READ_ERROR null null
01-31 17:21:24.030 E/MqttAsyncClient( 1366): faf16efe23474bb5825f4b9e8b2adec5:69c786c2187a42448ad70ed6977c8083: > quiesceTimeout=30,000 userContext=null callback=org.eclipse.paho.android.service.MqttConnection$2@41a67870
01-31 17:21:24.030 E/ClientComms( 1366): faf16efe23474bb5825f4b9e8b2adec5:69c786c2187a42448ad70ed6977c8083: failed: already disconnected
01-31 17:21:24.030 E/MqttAsyncClient( 1366): faf16efe23474bb5825f4b9e8b2adec5:69c786c2187a42448ad70ed6977c8083: < exception
01-31 17:21:24.030 E/MqttAsyncClient( 1366): å·²æ–­å¼€å®¢æˆ·æœºè¿žæŽ¥ (32101)
01-31 17:21:24.030 E/MqttAsyncClient( 1366): 	at org.eclipse.paho.client.mqttv3.internal.ExceptionHelper.createMqttException(Unknown Source)
01-31 17:21:24.030 E/MqttAsyncClient( 1366): 	at org.eclipse.paho.client.mqttv3.internal.ClientComms.disconnect(Unknown Source)
01-31 17:21:24.030 E/MqttAsyncClient( 1366): 	at org.eclipse.paho.client.mqttv3.MqttAsyncClient.disconnect(Unknown Source)
01-31 17:21:24.030 E/MqttAsyncClient( 1366): 	at org.eclipse.paho.client.mqttv3.MqttAsyncClient.disconnect(Unknown Source)
01-31 17:21:24.030 E/MqttAsyncClient( 1366): 	at org.eclipse.paho.android.service.MqttConnection.connectionLost(Unknown Source)
01-31 17:21:24.030 E/MqttAsyncClient( 1366): 	at org.eclipse.paho.client.mqttv3.internal.CommsCallback.connectionLost(Unknown Source)
01-31 17:21:24.030 E/MqttAsyncClient( 1366): 	at org.eclipse.paho.client.mqttv3.internal.ClientComms.shutdownConnection(Unknown Source)
01-31 17:21:24.030 E/MqttAsyncClient( 1366): 	at org.eclipse.paho.client.mqttv3.internal.CommsReceiver.run(Unknown Source)
01-31 17:21:24.030 E/MqttAsyncClient( 1366): 	at java.lang.Thread.run(Thread.java:841)
01-31 17:21:24.030 I/Router  (  830): no active network
01-31 17:21:24.030 D/PowerManagerService(  547): checkScreenSaverTimeoutLocked come 720000 reason=KEEP_SCREEN_ON wakelock true
01-31 17:21:24.030 W/ContextImpl( 1366): Calling a method in the system process without a qualified user: android.app.ContextImpl.sendBroadcast:1162 android.content.ContextWrapper.sendBroadcast:365 org.eclipse.paho.android.service.MqttService.callbackToActivity:-1 org.eclipse.paho.android.service.MqttConnection.connectionLost:-1 org.eclipse.paho.client.mqttv3.internal.CommsCallback.connectionLost:-1 
01-31 17:21:24.040 D/TVMQTTPushManager( 1366): network connection is NOT OK.
01-31 17:21:24.050 D/NetworkStateManager(  939): changeNetworkState, type:0, flag:0, level:0, lable:null
01-31 17:21:24.050 I/wpa_supplicant(  771): wlan0: Control interface command 'DRIVER RXFILTER-STOP'
01-31 17:21:24.050 D/WifiMonitor(  547): Event [IFNAME=wlan0 Control interface command 'DRIVER RXFILTER-STOP']
01-31 17:21:24.050 W/WifiMonitor(  547): couldn't identify event type - Control interface command 'DRIVER RXFILTER-STOP'
01-31 17:21:24.050 D/NetworkStateView(  939): changeNetworkState type:0, flag:0, level:0, label:null, last_lable:null
01-31 17:21:24.050 I/wpa_supplicant(  771): wlan0: Control interface command 'DRIVER RXFILTER-REMOVE 2'
01-31 17:21:24.060 D/WifiMonitor(  547): Event [IFNAME=wlan0 Control interface command 'DRIVER RXFILTER-REMOVE 2']
01-31 17:21:24.060 W/WifiMonitor(  547): couldn't identify event type - Control interface command 'DRIVER RXFILTER-REMOVE 2'
01-31 17:21:24.060 I/wpa_supplicant(  771): wlan0: Control interface command 'DRIVER RXFILTER-START'
01-31 17:21:24.060 D/WifiMonitor(  547): Event [IFNAME=wlan0 Control interface command 'DRIVER RXFILTER-START']
01-31 17:21:24.060 W/WifiMonitor(  547): couldn't identify event type - Control interface command 'DRIVER RXFILTER-START'
01-31 17:21:24.070 E/CommsReceiver( 1366): faf16efe23474bb5825f4b9e8b2adec5:69c786c2187a42448ad70ed6977c8083: <
01-31 17:21:24.090 D/dalvikvm( 1366): GC_CONCURRENT freed 409K, 16% free 3676K/4344K, paused 4ms+4ms, total 41ms
01-31 17:21:24.100 D/NetworkBroadcastReceiver( 1205): has noConnectivity extra, isConnected = false
01-31 17:21:24.100 D/TVMQTTPushManager( 1366): MQTTPushReceiverHandler enter handleMessage, thread id: 1
01-31 17:21:24.100 I/TVMQTTPushManager( 1366): connectionLost, cause is å·²æ–­å¼€è¿žæŽ¥ (32109) - java.net.SocketException: recvfrom failed: ETIMEDOUT (Connection timed out) mRetryTimes= 0
