01-31 17:21:30.810 D/WfdPlayerActivity( 3167): play<<
01-31 17:21:30.810 I/WfdPlayerActivity( 3167): onVideoSizeChanged 1280x720
01-31 17:21:30.810 I/MediaPlayer( 3167): start() enter
01-31 17:21:30.810 V/MediaPlayerService(  172): [4] setLooping(0)
01-31 17:21:30.810 V/MediaPlayerService(  172): [4] setVolume(1.000000, 1.000000)
01-31 17:21:30.810 V/MediaPlayerService(  172): Set amlogic player Volume(1.000000, 1.000000)
01-31 17:21:30.810 I/AmSuperPlayer(  172): media.amplayer.startmode is enabled
01-31 17:21:30.810 I/amplayer(  172): [audio_set_lrvolume:enter]pid=1
01-31 17:21:30.810 I/amplayer(  172): codec is not ready!
01-31 17:21:30.810 V/MediaPlayerService(  172): Set android track Volume(1.000000, 1.000000)
01-31 17:21:30.810 V/AudioSink(  172): setVolume(1.000000, 1.000000)
01-31 17:21:30.810 V/MediaPlayerService(  172): [4] setAuxEffectSendLevel(0.000000)
01-31 17:21:30.810 V/AudioSink(  172): setAuxEffectSendLevel(0.000000)
01-31 17:21:30.810 I/MediaPlayerService(  172): [4] start
01-31 17:21:30.810 I/AmlogicPlayer(  172): GetCallingAPKName /proc/3167/comm,name=[xiaomi.mitv.wfd]
01-31 17:21:30.810 I/AmlogicPlayer(  172): GetCallingAPKName calling apk name...[xiaomi.mitv.wfd]
01-31 17:21:30.810 I/AmlogicPlayer(  172): media.amplayer.displast_frame is not setting,use default false
01-31 17:21:30.810 E/SystemWriteService(  547): IO Exception when write: /sys/class/vdec/poweron_clock_level
01-31 17:21:30.810 E/SystemWriteService(  547): java.io.FileNotFoundException: /sys/class/vdec/poweron_clock_level: open failed: EACCES (Permission denied)
01-31 17:21:30.810 E/SystemWriteService(  547): 	at libcore.io.IoBridge.open(IoBridge.java:409)
01-31 17:21:30.810 E/SystemWriteService(  547): 	at java.io.FileOutputStream.<init>(FileOutputStream.java:88)
01-31 17:21:30.810 E/SystemWriteService(  547): 	at java.io.FileOutputStream.<init>(FileOutputStream.java:73)
01-31 17:21:30.810 E/SystemWriteService(  547): 	at java.io.FileWriter.<init>(FileWriter.java:80)
01-31 17:21:30.810 E/SystemWriteService(  547): 	at com.android.server.SystemWriteService.writeSysfs(SystemWriteService.java:138)
01-31 17:21:30.810 E/SystemWriteService(  547): 	at android.app.ISystemWriteService$Stub.onTransact(ISystemWriteService.java:134)
01-31 17:21:30.810 E/SystemWriteService(  547): 	at android.os.Binder.execTransact(Binder.java:404)
01-31 17:21:30.810 E/SystemWriteService(  547): 	at dalvik.system.NativeStart.run(Native Method)
01-31 17:21:30.810 E/SystemWriteService(  547): Caused by: libcore.io.ErrnoException: open failed: EACCES (Permission denied)
01-31 17:21:30.810 E/SystemWriteService(  547): 	at libcore.io.Posix.open(Native Method)
01-31 17:21:30.810 E/SystemWriteService(  547): 	at libcore.io.BlockGuardOs.open(BlockGuardOs.java:110)
01-31 17:21:30.810 E/SystemWriteService(  547): 	at libcore.io.IoBridge.open(IoBridge.java:393)
01-31 17:21:30.810 E/SystemWriteService(  547): 	... 7 more
01-31 17:21:30.820 I/AmlogicPlayer(  172): media.amplayer.v4osd.all is not setting,use default false
01-31 17:21:30.820 I/AmlogicPlayer(  172): calling name=[xiaomi.mitv.wfd]
01-31 17:21:30.820 I/AmlogicPlayer(  172): AmlogicPlayerRender,needosdvideo=0,isHTTPSource=0
01-31 17:21:30.820 I/AmlogicPlayerRender(  172): AmlogicPlayerRender
01-31 17:21:30.820 I/AmlogicPlayerRender(  172): AmlogicPlayerRender::onFirstRef
01-31 17:21:30.820 I/AmlogicPlayerRender(  172): onFirstRef___________amstream_vbuf_______OK
01-31 17:21:30.820 V/AmSuperPlayer(  172): cookie=0xb8008688,msg=5,ext1=500,ext2=2d0
01-31 17:21:30.820 V/MediaPlayerService(  172): [4] notify (0xb8009df0, 5, 1280, 720)
01-31 17:21:30.820 V/AmSuperPlayer(  172): cookie=0xb8008688,msg=c8,ext1=3,ext2=0
01-31 17:21:30.820 V/MediaPlayerService(  172): [4] notify (0xb8009df0, 200, 3, 0)
01-31 17:21:30.820 E/AmlogicPlayer(  172):  exitAllRunningPlayerThreads enter 
01-31 17:21:30.820 E/AmlogicPlayer(  172): found 1 not exit player threads,try exit it now
01-31 17:21:30.820 I/amplayer(  172): [player_start_play:enter]pid=1
01-31 17:21:30.820 I/amplayer(  172): [player_start_play:exit]pid = 1
01-31 17:21:30.820 I/amplayer(  172): [get_message:147]num=1 in_idx=3 out_idx=2 cmd=0
01-31 17:21:30.820 I/amplayer(  172): pid[1]::[check_flag:831]ctrl=0 mode=20000 info=0 param=60
01-31 17:21:30.820 I/amplayer(  172): set freerun_mode 0x3c
01-31 17:21:30.830 I/WfdPlayerActivity( 3167): video resolution=1280.0x720.0, parent=1920.0x1080.0, sr=0.5625, vr=0.5625
01-31 17:21:30.830 I/WfdPlayerActivity( 3167): new video size=1920.0, 1080.0
01-31 17:21:30.830 E/MediaPlayer( 3167): Should have subtitle controller already set
01-31 17:21:30.830 D/WfdPlayerActivity( 3167): onPrepared
01-31 17:21:30.830 I/MediaPlayer( 3167): start() enter
01-31 17:21:30.830 D/WfdPlayerActivity( 3167): isFinishing()=false
01-31 17:21:30.830 D/SystemProperties( 3167): getSystemProperties media.widi=0
01-31 17:21:30.830 D/SystemProperties( 3167): getSystemProperties mstar.media.intel=
01-31 17:21:30.830 I/WfdApplication( 3167): logEvent (1404, 0, 0)
01-31 17:21:30.830 W/MediaPlayer( 3167): info/warning (3, 0)
01-31 17:21:30.830 I/WfdPlayerActivity( 3167): onVideoSizeChanged 1280x720
01-31 17:21:30.830 I/MediaPlayer( 3167): start() enter
01-31 17:21:30.830 I/WfdPlayerActivity( 3167): video resolution=1280.0x720.0, parent=1920.0x1080.0, sr=0.5625, vr=0.5625
01-31 17:21:30.830 I/WfdPlayerActivity( 3167): new video size=1920.0, 1080.0
01-31 17:21:30.830 D/WfdPlayerActivity( 3167): mRemoveCoverRunnable
01-31 17:21:30.920 I/amplayer(  172): [get_message:147]num=0 in_idx=3 out_idx=3 cmd=10
01-31 17:21:30.920 I/amplayer(  172): pid[1]::[check_flag:831]ctrl=10 mode=0 info=0 param=0
01-31 17:21:30.920 I/amplayer(  172): pid[1]::start offset prepare
01-31 17:21:30.920 I/amplayer(  172): pid[1]::decoder prepare
01-31 17:21:30.930 I/WifiDisplaySink(  172): Received msg kWhatRTSPNotify.
01-31 17:21:30.930 I/WifiDisplaySink(  172): reason: kWhatData.
01-31 17:21:30.930 I/WifiDisplaySink(  172): 
01-31 17:21:30.930 I/WifiDisplaySink(  172): Received Request:
01-31 17:21:30.930 I/WifiDisplaySink(  172): SET_PARAMETER rtsp://localhost/wfd1.0 RTSP/1.0
01-31 17:21:30.930 I/WifiDisplaySink(  172): content-length: 30
01-31 17:21:30.930 I/WifiDisplaySink(  172): content-type: text/parameters
01-31 17:21:30.930 I/WifiDisplaySink(  172): cseq: 5
01-31 17:21:30.930 I/WifiDisplaySink(  172): date: Sun, 31 Jan 2016 09:21:29 +0000
01-31 17:21:30.930 I/WifiDisplaySink(  172): server: stagefright/1.2 (Linux;Android 5.1.1)
01-31 17:21:30.930 I/WifiDisplaySink(  172): 
01-31 17:21:30.930 I/WifiDisplaySink(  172): wfd_trigger_method: TEARDOWN
01-31 17:21:30.930 I/WifiDisplaySink(  172): 
01-31 17:21:30.930 I/WifiDisplaySink(  172): Send Response:
01-31 17:21:30.930 I/WifiDisplaySink(  172): RTSP/1.0 200 OK
01-31 17:21:30.930 I/WifiDisplaySink(  172): Date: Sun, 31 Jan 2016 09:21:30 +0000
01-31 17:21:30.930 I/WifiDisplaySink(  172): User-Agent: stagefright/1.1 (Linux;Android 4.1)
01-31 17:21:30.930 I/WifiDisplaySink(  172): CSeq: 5
01-31 17:21:30.930 I/WifiDisplaySink(  172): Content-Type: text/parameters
01-31 17:21:30.930 I/WifiDisplaySink(  172): Content-Length: 0
01-31 17:21:30.930 I/WifiDisplaySink(  172): 
01-31 17:21:30.930 I/WifiDisplaySink(  172): 
01-31 17:21:30.930 I/WifiDisplaySink(  172): Send Request:
01-31 17:21:30.930 I/WifiDisplaySink(  172): TEARDOWN rtsp://192.168.49.56/wfd1.0/streamid=0 RTSP/1.0
01-31 17:21:30.930 I/WifiDisplaySink(  172): Date: Sun, 31 Jan 2016 09:21:30 +0000
01-31 17:21:30.930 I/WifiDisplaySink(  172): User-Agent: stagefright/1.1 (Linux;Android 4.1)
01-31 17:21:30.930 I/WifiDisplaySink(  172): CSeq: 5
01-31 17:21:30.930 I/WifiDisplaySink(  172): Session: 719885386
01-31 17:21:30.930 I/WifiDisplaySink(  172): 
01-31 17:21:30.940 D/dalvikvm(  547): GC_CONCURRENT freed 1680K, 18% free 10786K/13044K, paused 7ms+19ms, total 143ms
01-31 17:21:30.950 I/amplayer(  172): [stream_ts_init:28]codec->noblock=0
01-31 17:21:30.950 I/amplayer(  172): [stream_ts_init:40]Slow media detected for ts
01-31 17:21:30.950 I/amplayer(  172): [stream_ts_init:95]audio bitrate=1 sample_rate=48000 channels=2 codec_id=1001b block_align=0,extra size
01-31 17:21:30.950 I/amcodec (  172): set_audio_info
01-31 17:21:30.950 I/hdmiswitch(  373):  recv n=144
01-31 17:21:30.950 I/amadec  (  172): audiodec_init!
01-31 17:21:30.950 I/amadec  (  172): media.amplayer.audiocodec = ape,flac,dts,ac3,eac3,wma,wmapro,mp3,aac,vorbis,raac,cook,amr,pcm,adpcm,aac_latm,rm,alac, t->type = pcm
01-31 17:21:30.950 I/AmlogicPlayer(  172): media.amplayer.osd2xenable is not setting,use default false
01-31 17:21:30.960 I/amadec  (  172): set_multichs_prop: aud_cap support channel number: 2 ch
01-31 17:21:30.960 I/amadec  (  172): wfd use arm decoder 
01-31 17:21:30.960 I/amadec  (  172): using wfd audio decoder 
01-31 17:21:30.960 I/amadec  (  172): Create adec main thread success! tid = -1207195728
01-31 17:21:30.960 I/amadec  (  172): adec_wfddec_loop in 
01-31 17:21:30.960 I/amadec  (  172): wfd audec->format  22,audec->codec_id 1001b
01-31 17:21:30.960 I/amplayer(  172): [player_decoder_init] set buf_limited_time_ms to 0
01-31 17:21:30.960 D/BluetoothAdapter(  663): stopLeScan()
01-31 17:21:30.960 D/BtGatt.GattService(  663): stopScan() - queue=1
01-31 17:21:30.960 D/BtGatt.GattService(  663): stopScan() - queue empty; stopping scan
01-31 17:21:30.960 D/BtGatt.btif(  663): btif_gattc_scan
01-31 17:21:30.960 D/bt-btif (  663): btif_transfer_context event 1003, len 739
01-31 17:21:30.960 I/amplayer(  172): **[update_state]pid:1 status=START_PLAY(last:INIT_OK) err=0x0 curtime=0 (ms:0) fulltime=-1 lsttime=0
01-31 17:21:30.960 I/amplayer(  172): **[update_state]abuflevel=0.00000000 vbublevel=0.00000000 abufrp=c840000 vbufrp=aa00000 read_end=0
01-31 17:21:30.960 I/amplayer(  172): [audio_set_lrvolume:enter]pid=1
01-31 17:21:30.960 D/bt-btif (  663): btif task fetched event a001
01-31 17:21:30.960 I/amplayer(  172): codec is not ready!
01-31 17:21:30.960 D/bt-btif (  663): btif_context_switched
01-31 17:21:30.960 D/BtGatt.btif(  663): btgattc_handle_event: Event 1003
01-31 17:21:30.960 I/bt-btif (  663): BTA_DmBleObserve:start = 0 
01-31 17:21:30.960 I/amplayer(  172): player mate init ok mate=b80b93c8(40)
01-31 17:21:30.960 I/bt-btif (  663): BTA got event 0x120
01-31 17:21:30.960 I/bt-btif (  663): bta_dm_sm_execute event:0x20
01-31 17:21:30.960 I/bt-btm  (  663): BTM_BleObserve 
01-31 17:21:30.960 I/bt-btm  (  663): btm_ble_stop_scan 
01-31 17:21:30.960 E/GKI_LINUX(  663): ##### ERROR : acquire_wake_lock: got lock success ret=2#####
01-31 17:21:30.960 I/amplayer(  172): pid[1]::playback loop... pb=b804e8d0
01-31 17:21:30.960 D/bt-btm  (  663): BTM Inq Compl Callback: status 0x00, num results 1
01-31 17:21:30.960 I/bt-btm  (  663): btm_update_scanner_filter_policy
01-31 17:21:30.960 D/bt-btm  (  663): btm_acl_update_busy_level
01-31 17:21:30.960 D/bt-btm  (  663): BTM_BLI_INQ_DONE_EVT
01-31 17:21:30.960 E/bt_upio (  663): upio_set : open(/proc/bluetooth/sleep/btwrite) for write failed: No such file or directory (2)
01-31 17:21:30.960 D/BtGatt.GattService(  663): unregisterClient() - clientIf=6
01-31 17:21:30.960 D/BtGatt.btif(  663): btif_gattc_unregister_app
01-31 17:21:30.960 D/bt-btif (  663): btif_transfer_context event 1001, len 739
01-31 17:21:30.960 D/bt-btif (  663): btif task fetched event a001
01-31 17:21:30.960 D/bt-btif (  663): btif_context_switched
01-31 17:21:30.960 D/BtGatt.btif(  663): btgattc_handle_event: Event 1001
01-31 17:21:30.960 I/bt-btif (  663): BTA got event 0x1f17
01-31 17:21:30.960 D/bt-btif (  663): bta_gattc_hdl_event: Event [BTA_GATTC_API_DEREG_EVT]
01-31 17:21:30.960 I/bt-att  (  663): GATT_Deregister gatt_if=6
01-31 17:21:30.960 I/bt-att  (  663): GATT_Listen gatt_if=6
01-31 17:21:30.960 I/bt-btm  (  663): BTM_BleUpdateAdvFilterPolicy
01-31 17:21:30.960 I/LPCMDEC (  172): 
01-31 17:21:30.960 I/LPCMDEC (  172): 
01-31 17:21:30.960 I/LPCMDEC (  172): [audio_dec_init]WFD LPCMDEC BuildDate--Nov 25 2015  BuildTime--21:17:30
01-31 17:21:30.960 I/bt-btm  (  663): BTM_ReadConnectability
01-31 17:21:30.960 I/bt-btm  (  663): BTM_SetConnectability
01-31 17:21:30.960 I/bt-btm  (  663): btm_ble_set_connectability mode=0x0 combined_mode=0x1
01-31 17:21:30.960 I/bt-btm  (  663): always disable adv in non-discoverable non-connectable mode with no scan rsp
01-31 17:21:30.960 I/bt-btm  (  663): BTM_SetConnectability: mode 1 [NonConn-0, Conn-1], window 0x0012, interval 0x0800
01-31 17:21:30.960 D/bt-btif (  663): btif_transfer_context event 1, len 676
01-31 17:21:30.960 D/bt-btif (  663): btif task fetched event a001
01-31 17:21:30.960 D/bt-btif (  663): btif_context_switched
01-31 17:21:30.960 D/BtGatt.btif(  663): btif_gattc_upstreams_evt: Event 1
01-31 17:21:30.960 I/LPCMDEC (  172): add=c1105600, size=00001000, offset=00000600
01-31 17:21:30.960 I/LPCMDEC (  172): memmap = b3aa6000 , pagesize = 1000
01-31 17:21:30.960 I/LPCMDEC (  172): LPCM--- audio_dec_init done 
01-31 17:21:30.960 I/amadec  (  172): wfd audio_codec_init ok 
01-31 17:21:30.960 I/amadec  (  172): audio_wfd_decode_loop start!
01-31 17:21:30.960 I/amadec  (  172): [start_wfd_decode_thread]Create WFD audio decode thread success! tid = -1207179072
01-31 17:21:30.960 I/amadec  (  172): audio_wfd_decode_loop start!
01-31 17:21:30.960 I/amadec  (  172): [start_wfd_decode_thread]Create WFD output thread success! tid = -1207178488
01-31 17:21:30.960 I/amadec  (  172): wait first pts checkin complete !
01-31 17:21:30.960 E/SystemWriteService(  547): File not found: /sys/class/stb/source
01-31 17:21:30.960 E/SystemWriteService(  547): File not found: /sys/class/stb/demux1_source
01-31 17:21:30.960 E/SystemWriteService(  547): IO Exception when write: /sys/class/tsync/vpause_flag
01-31 17:21:30.960 E/SystemWriteService(  547): java.io.FileNotFoundException: /sys/class/tsync/vpause_flag: open failed: EACCES (Permission denied)
01-31 17:21:30.960 E/SystemWriteService(  547): 	at libcore.io.IoBridge.open(IoBridge.java:409)
01-31 17:21:30.960 E/SystemWriteService(  547): 	at java.io.FileOutputStream.<init>(FileOutputStream.java:88)
01-31 17:21:30.960 E/SystemWriteService(  547): 	at java.io.FileOutputStream.<init>(FileOutputStream.java:73)
01-31 17:21:30.960 E/SystemWriteService(  547): 	at java.io.FileWriter.<init>(FileWriter.java:80)
01-31 17:21:30.960 E/SystemWriteService(  547): 	at com.android.server.SystemWriteService.writeSysfs(SystemWriteService.java:138)
01-31 17:21:30.960 E/SystemWriteService(  547): 	at android.app.ISystemWriteService$Stub.onTransact(ISystemWriteService.java:134)
01-31 17:21:30.960 E/SystemWriteService(  547): 	at android.os.Binder.execTransact(Binder.java:404)
01-31 17:21:30.960 E/SystemWriteService(  547): 	at dalvik.system.NativeStart.run(Native Method)
01-31 17:21:30.960 E/SystemWriteService(  547): Caused by: libcore.io.ErrnoException: open failed: EACCES (Permission denied)
01-31 17:21:30.960 E/SystemWriteService(  547): 	at libcore.io.Posix.open(Native Method)
01-31 17:21:30.960 E/SystemWriteService(  547): 	at libcore.io.BlockGuardOs.open(BlockGuardOs.java:110)
01-31 17:21:30.960 E/SystemWriteService(  547): 	at libcore.io.IoBridge.open(IoBridge.java:393)
01-31 17:21:30.960 E/SystemWriteService(  547): 	... 7 more
01-31 17:21:30.970 I/amplayer(  172): [update_playing_info:1688]audio_ready=1
01-31 17:21:30.970 I/amplayer(  172): **[update_state]pid:1 status=PLAYING(last:START_PLAY) err=0x0 curtime=0 (ms:0) fulltime=-1 lsttime=0
01-31 17:21:30.970 I/amplayer(  172): **[update_state]abuflevel=0.00000000 vbublevel=0.00000000 abufrp=c840000 vbufrp=aa00000 read_end=0
01-31 17:21:30.970 V/AmSuperPlayer(  172): cookie=0xb8008688,msg=c8,ext1=2329,ext2=0
01-31 17:21:30.970 V/MediaPlayerService(  172): [4] notify (0xb8009df0, 200, 9001, 0)
01-31 17:21:30.970 W/MediaPlayer( 3167): info/warning (9001, 0)
01-31 17:21:30.980 D/bt_upio (  663): BT_WAKE is asserted already
01-31 17:21:30.980 E/bt_upio (  663): upio_set : open(/proc/bluetooth/sleep/btwrite) for write failed: No such file or directory (2)
01-31 17:21:30.980 I/wfd-output(  172): SPDIF PCM dit-hifi-2 :  : playback 1 : capture 1
01-31 17:21:30.980 I/wfd-output(  172):   
01-31 17:21:30.980 I/wfd-output(  172): 2: SPDIF PCM dit-hifi-2 :  : playback 1 : capture 1
01-31 17:21:30.980 I/wfd-output(  172):   
01-31 17:21:30.980 I/wfd-output(  172): open output device card 0, device 2 
01-31 17:21:30.980 I/wfd-output(  172): pcm_output_init done  wfd : 0xb800b820,
01-31 17:21:30.980 D/bt_upio (  663): BT_WAKE is asserted already
01-31 17:21:30.980 E/bt_upio (  663): upio_set : open(/proc/bluetooth/sleep/btwrite) for write failed: No such file or directory (2)
01-31 17:21:30.990 D/bt-btif (  663): HC lib lpm deassertion return 0
01-31 17:21:30.990 D/bt-btif (  663): HC lib lpm deassertion return 0
01-31 17:21:31.010 I/amplayer(  172): [handle_current_time:553]scr=0x460639e pts=0x4606ea9 diff=0xfffff4f5 
01-31 17:21:31.020 I/WifiDisplaySink(  172): Received msg kWhatRTSPNotify.
01-31 17:21:31.020 I/WifiDisplaySink(  172): reason: kWhatData.
01-31 17:21:31.020 I/WifiDisplaySink(  172): 
01-31 17:21:31.020 I/WifiDisplaySink(  172): Received Response:
01-31 17:21:31.020 I/WifiDisplaySink(  172): RTSP/1.0 200 OK
01-31 17:21:31.020 I/WifiDisplaySink(  172): connection: close
01-31 17:21:31.020 I/WifiDisplaySink(  172): cseq: 5
01-31 17:21:31.020 I/WifiDisplaySink(  172): date: Sun, 31 Jan 2016 09:21:29 +0000
01-31 17:21:31.020 I/WifiDisplaySink(  172): server: stagefright/1.2 (Linux;Android 5.1.1)
01-31 17:21:31.020 I/WifiDisplaySink(  172): session: 719885386;timeout=30
01-31 17:21:31.020 I/WifiDisplaySink(  172): 
01-31 17:21:31.020 I/WifiDisplaySink(  172): onReceiveTeardownResponse
01-31 17:21:31.020 I/WifiDisplaySink(  172): Received msg stop.
01-31 17:21:31.020 I/NetworkSession(  172): Session 1 gone
01-31 17:21:31.020 I/ALooperRoster(  172): ALooperRoster unregisterHandler handlerID=e
01-31 17:21:31.020 I/NetworkSession(  172): Session 3 gone
01-31 17:21:31.020 I/NetworkSession(  172): Session 2 gone
01-31 17:21:31.020 I/amffmpeg(  172): [avio_read:879]retry timeout, fill buffer failed
01-31 17:21:31.030 I/amffmpeg(  172): [avio_read:879]retry timeout, fill buffer failed
01-31 17:21:31.030 I/amffmpeg(  172): [avio_read:896]No data get this times
01-31 17:21:31.030 I/amplayer(  172): raw read: read end!,-541478725,122576,9223372036854775807
01-31 17:21:31.030 I/amplayer(  172): [player_thread]write end!
01-31 17:21:31.030 I/amplayer(  172): wait for play end...(sta:0x20001)
01-31 17:21:31.050 I/amavutils(  169): amvideo_utils_set_virtual_position :: x=0 y=0 w=1920 h=1080
01-31 17:21:31.050 I/amavutils(  169): device resolution 1280x720
01-31 17:21:31.050 I/amavutils(  169): disp resolution 1920x2160
01-31 17:21:31.050 I/amavutils(  169): amvideo_utils_set_virtual_position:: disp_w=1920, disp_h=1080
01-31 17:21:31.060 I/amavutils(  169): video global_offset 0
01-31 17:21:31.060 I/amavutils(  169): set ppmgr angle :0
01-31 17:21:31.060 I/amavutils(  169): /sys/class/graphics/fb0/free_scale_axis axis: 0 0 1919 1079
01-31 17:21:31.060 I/amavutils(  169): after scaled, screen position3: 0 0 1280 720
01-31 17:21:31.070 I/amavutils(  169): amvideo_utils_set_virtual_position (corrected):: x=0 y=0 w=1280 h=720
01-31 17:21:31.070 I/amavutils(  169): /sys/class/graphics/fb0/free_scale_axis axis: 0 0 1919 1079
01-31 17:21:31.070 D/amavutils(  169): amvideo_setscreenmode as 1.778499
01-31 17:21:31.070 I/amadec  (  172): adec_pts_start
01-31 17:21:31.070 I/amadec  (  172): use default av sync threshold!
01-31 17:21:31.070 I/amadec  (  172): unable to open file /sys/class/tsync/firstapts,err: No such file or directory
01-31 17:21:31.070 I/amadec  (  172): ## [adec_pts_start::133] unable to get first_apts! 
01-31 17:21:31.080 I/amplayer(  172): [check_avbuf_end:1018]vbuf=0x28	(limit=0x100) video_low_buffer
01-31 17:21:31.080 I/AmlogicPlayer(  172): media.amplayer.osd2xenable is not setting,use default false
01-31 17:21:31.090 E/GKI_LINUX(  663): ##### ERROR : release_wake_lock: release lock success ret=2#####
01-31 17:21:31.130 I/amplayer(  172): [check_force_end]vrp not move,vrp=vbufrp=0xaa0b100,vlevel=0.000 cnt=40
01-31 17:21:31.130 I/amplayer(  172): [check_force_end]arp not move,arp=abufrp=0xc850000 alevel=0.001 cnt=40
01-31 17:21:31.140 I/wpa_supplicant(  771): p2p-wlan0-3: AP-STA-DISCONNECTED 42:b0:fa:63:4a:b0 p2p_dev_addr=42:b0:fa:63:ca:b0
01-31 17:21:31.140 I/wpa_supplicant(  771): AP-STA-DISCONNECTED 42:b0:fa:63:4a:b0 p2p_dev_addr=42:b0:fa:63:ca:b0
01-31 17:21:31.140 D/WifiMonitor(  547): Event [IFNAME=p2p-wlan0-3 AP-STA-DISCONNECTED 42:b0:fa:63:4a:b0 p2p_dev_addr=42:b0:fa:63:ca:b0]
01-31 17:21:31.140 D/WifiP2pService(  547): Client list empty, remove non-persistent p2p group
01-31 17:21:31.170 I/wpa_supplicant(  771): p2p-wlan0-3: Control interface command 'P2P_GROUP_REMOVE p2p-wlan0-3'
01-31 17:21:31.170 I/wpa_supplicant(  771): P2P-GROUP-REMOVED p2p-wlan0-3 GO reason=REQUESTED
01-31 17:21:31.200 I/AmlogicPlayer(  172): media.amplayer.osd2xenable is not setting,use default false
01-31 17:21:31.260 D/dalvikvm(  547): GC_FOR_ALLOC freed 856K, 19% free 10635K/13044K, paused 90ms, total 90ms
01-31 17:21:31.260 D/WifiMonitor(  547): Event [IFNAME=p2p-wlan0-3 Control interface command 'P2P_GROUP_REMOVE p2p-wlan0-3']
01-31 17:21:31.260 W/WifiMonitor(  547): couldn't identify event type - Control interface command 'P2P_GROUP_REMOVE p2p-wlan0-3'
01-31 17:21:31.260 D/WifiMonitor(  547): Event [P2P-GROUP-REMOVED p2p-wlan0-3 GO reason=REQUESTED]
01-31 17:21:31.260 D/WifiMonitor(  547): Event [IFNAME=p2p-wlan0-3 CTRL-EVENT-STATE-CHANGE id=-1 state=0 BSSID=06:e6:76:cf:6e:32 SSID=]
01-31 17:21:31.280 I/amplayer(  172): [check_force_end]vrp not move,vrp=vbufrp=0xaa0b100,vlevel=0.000 cnt=24
01-31 17:21:31.280 I/amplayer(  172): [check_force_end]arp not move,arp=abufrp=0xc850000 alevel=0.001 cnt=24
01-31 17:21:31.360 I/UDTDiscoverManager(  841): No active network connect
01-31 17:21:31.360 D/TetherController(  167): Stopping tethering services
01-31 17:21:31.360 I/dnsmasq ( 3481): exiting on receipt of SIGTERM
01-31 17:21:31.360 D/TetherController(  167): Tethering services stopped
01-31 17:21:31.360 D/CommandListener(  167): Clearing all IP addresses on p2p-wlan0-3
01-31 17:21:31.360 D/WifiP2pService(  547): Stopped Dhcp server
01-31 17:21:31.410 D/WfdManager( 3167): handleEvent: action = android.net.wifi.p2p.PEERS_CHANGED
01-31 17:21:31.430 I/amplayer(  172): [check_force_end]vrp not move,vrp=vbufrp=0xaa0b100,vlevel=0.000 cnt=8
01-31 17:21:31.430 I/amplayer(  172): [check_force_end]arp not move,arp=abufrp=0xc850000 alevel=0.001 cnt=8
01-31 17:21:31.450 E/ethernet(  547): Unknown ifindex 8 in RTM_DELADDR
01-31 17:21:31.450 W/Netd    (  167): No subsystem found in netlink event
01-31 17:21:31.450 E/NetlinkEvent(  167): Unknown ifindex 8 in RTM_DELADDR
01-31 17:21:31.460 W/Netd    (  167): No subsystem found in netlink event
01-31 17:21:31.460 V/BleRemoteControllerService(  663): requestScan,RC size:0,hasInit:true,isBinded:false,mIsPair:false,Connecting:false
01-31 17:21:31.460 I/hdmiswitch(  373):  recv n=244
01-31 17:21:31.460 D/BluetoothAdapterService(1101120176)(  663): getState(): mAdapterProperties: com.android.bluetooth.btservice.AdapterProperties@41a1d570
01-31 17:21:31.460 I/hdmiswitch(  373):  recv n=244
01-31 17:21:31.460 D/BluetoothAdapterService(1101120176)(  663): Get Bonded Devices being called
01-31 17:21:31.460 D/BluetoothAdapterProperties(  663): getBondedDevices: length=1
01-31 17:21:31.460 D/BluetoothAdapterService(1101120176)(  663): getState(): mAdapterProperties: com.android.bluetooth.btservice.AdapterProperties@41a1d570
01-31 17:21:31.460 I/hdmiswitch(  373):  recv n=262
01-31 17:21:31.460 D/NetlinkEvent(  167): Unexpected netlink message. type=0x11
01-31 17:21:31.470 D/NetUtils(  547): android_net_utils_resetConnections in env=0x6c102f58 clazz=0xbc300001 iface=p2p-wlan0-3 mask=0x3
01-31 17:21:31.470 E/BleRemoteControllerService(  663): compare name failed!
01-31 17:21:31.470 D/BluetoothAdapterService(1101120176)(  663): getState(): mAdapterProperties: com.android.bluetooth.btservice.AdapterProperties@41a1d570
01-31 17:21:31.470 D/BluetoothAdapterService(1101120176)(  663): Get Bonded Devices being called
01-31 17:21:31.470 D/BluetoothAdapterProperties(  663): getBondedDevices: length=1
01-31 17:21:31.470 D/BluetoothAdapterService(1101120176)(  663): getState(): mAdapterProperties: com.android.bluetooth.btservice.AdapterProperties@41a1d570
01-31 17:21:31.470 E/BleRemoteControllerService(  663): compare name failed!
01-31 17:21:31.470 D/BluetoothAdapterService(1101120176)(  663): getState(): mAdapterProperties: com.android.bluetooth.btservice.AdapterProperties@41a1d570
01-31 17:21:31.470 D/BluetoothAdapter(  663): startLeScan(): null
01-31 17:21:31.470 D/BtGatt.GattService(  663): registerClient() - UUID=06010983-7623-40cb-ad67-28f671cd45c4
01-31 17:21:31.470 D/BtGatt.btif(  663): btif_gattc_register_app
01-31 17:21:31.470 D/bt-btif (  663): btif_transfer_context event 1000, len 739
01-31 17:21:31.470 D/bt-btif (  663): btif task fetched event a001
01-31 17:21:31.470 D/bt-btif (  663): btif_context_switched
01-31 17:21:31.470 D/BtGatt.btif(  663): btgattc_handle_event: Event 1000
01-31 17:21:31.470 I/bt-btif (  663): BTA got event 0x1f16
01-31 17:21:31.470 D/bt-btif (  663): bta_gattc_hdl_event: Event [BTA_GATTC_API_REG_EVT]
01-31 17:21:31.470 D/bt-btif (  663): bta_gattc_register state 2
01-31 17:21:31.470 I/bt-att  (  663): GATT_Register
01-31 17:21:31.470 D/bt-att  (  663): UUID=[0x06010983762340cbad6728f671cd45c4]
01-31 17:21:31.470 I/bt-att  (  663): allocated gatt_if=6
01-31 17:21:31.470 D/bt-btif (  663): btif_transfer_context event 0, len 676
01-31 17:21:31.470 I/bt-btif (  663): BTA got event 0x1f15
01-31 17:21:31.470 D/bt-btif (  663): bta_gattc_hdl_event: Event [BTA_GATTC_INT_START_IF_EVT]
01-31 17:21:31.470 I/bt-att  (  663): GATT_StartIf gatt_if=6
01-31 17:21:31.470 D/bt-att  (  663): gatt_find_the_connected_bda start_idx=0
01-31 17:21:31.470 D/bt-att  (  663): gatt_find_the_connected_bda found=0 found_idx=18
01-31 17:21:31.470 D/bt-btif (  663): btif task fetched event a001
01-31 17:21:31.470 D/bt-btif (  663): btif_context_switched
01-31 17:21:31.470 D/BtGatt.btif(  663): btif_gattc_upstreams_evt: Event 0
01-31 17:21:31.470 I/bt-btif (  663): HAL bt_gatt_callbacks->client->register_client_cb
01-31 17:21:31.470 D/BtGatt.GattService(  663): onClientRegistered() - UUID=06010983-7623-40cb-ad67-28f671cd45c4, clientIf=6
01-31 17:21:31.470 D/BluetoothAdapter(  663): onClientRegistered() - status=0 clientIf=6
01-31 17:21:31.470 D/BtGatt.GattService(  663): startScan() - queue=0
01-31 17:21:31.470 D/BtGatt.GattService(  663): startScan() - adding client=6
01-31 17:21:31.470 D/BtGatt.btif(  663): btif_gattc_scan
01-31 17:21:31.470 D/bt-btif (  663): btif_transfer_context event 1002, len 739
01-31 17:21:31.470 D/bt-btif (  663): btif task fetched event a001
01-31 17:21:31.470 D/bt-btif (  663): btif_context_switched
01-31 17:21:31.470 D/BtGatt.btif(  663): btgattc_handle_event: Event 1002
01-31 17:21:31.470 I/bt-btif (  663): BTA_DmBleObserve:start = 1 
01-31 17:21:31.480 I/bt-btif (  663): BTA got event 0x120
01-31 17:21:31.480 I/bt-btif (  663): bta_dm_sm_execute event:0x20
01-31 17:21:31.480 I/bt-btm  (  663): BTM_BleObserve 
01-31 17:21:31.480 V/BleRemoteControllerService(  663): scanLeDevice spend:3
01-31 17:21:31.480 E/GKI_LINUX(  663): ##### ERROR : acquire_wake_lock: got lock success ret=2#####
01-31 17:21:31.480 D/bt_upio (  663): BT_WAKE is asserted already
01-31 17:21:31.480 E/bt_upio (  663): upio_set : open(/proc/bluetooth/sleep/btwrite) for write failed: No such file or directory (2)
01-31 17:21:31.480 D/bt_upio (  663): BT_WAKE is asserted already
01-31 17:21:31.480 E/bt_upio (  663): upio_set : open(/proc/bluetooth/sleep/btwrite) for write failed: No such file or directory (2)
01-31 17:21:31.480 D/bt-btif (  663): HC lib lpm deassertion return 0
01-31 17:21:31.480 D/bt-btif (  663): HC lib lpm deassertion return 0
01-31 17:21:31.480 D/WfdManager( 3167): handleEvent: action = android.net.wifi.p2p.THIS_DEVICE_CHANGED
01-31 17:21:31.480 I/WfdManager( 3167): this dev name = Sink_ee32dev state3
01-31 17:21:31.480 D/WfdActivity( 3167): onDeviceNameChanged Sink_ee32
01-31 17:21:31.480 D/WfdManager( 3167): handleEvent: action = android.net.wifi.p2p.CONNECTION_STATE_CHANGE
01-31 17:21:31.480 D/WfdManager( 3167): WIFI P2P Disonnected mIsWifiP2pConnected=true
01-31 17:21:31.480 I/WfdActivity( 3167): onCloseMiracastPlayer
01-31 17:21:31.480 W/ContextImpl( 3167): Calling a method in the system process without a qualified user: android.app.ContextImpl.sendBroadcast:1162 android.content.ContextWrapper.sendBroadcast:365 com.xiaomi.mitv.wfd.WfdActivity.onCloseMiracastPlayer:306 com.xiaomi.mitv.wfd.WfdManager.disConnectFromMiracastPeer:311 com.xiaomi.mitv.wfd.WfdManager.handleEvent:202 
01-31 17:21:31.490 D/WfdActivity( 3167): onWfdStatusChanged connected = false
01-31 17:21:31.490 D/WfdActivity( 3167): onWfdStatusChanged mIsAutoExit is false
01-31 17:21:31.500 I/WfdManager( 3167): wifiP2p device list count = 1
01-31 17:21:31.500 D/WfdManager( 3167): dev name=Sink_cab0, status=3
01-31 17:21:31.500 I/WfdManager( 3167): scanWifiDisplays mIsWifiP2pConnected=false
01-31 17:21:31.500 D/M8WfdManager( 3167): doScanClients
01-31 17:21:31.500 D/WfdPlayerActivity( 3167): receive COM.DUOKAN.INTENT.ACTION.EXIT_PLAYER, finish()...
01-31 17:21:31.500 I/WfdManager( 3167): Disconnect failed. Reason :2
01-31 17:21:31.500 I/wpa_supplicant(  771): p2p-dev-wlan0: Control interface command 'P2P_FIND 120'
01-31 17:21:31.500 D/WifiMonitor(  547): Event [IFNAME=p2p-dev-wlan0 Control interface command 'P2P_FIND 120']
01-31 17:21:31.500 W/WifiMonitor(  547): couldn't identify event type - Control interface command 'P2P_FIND 120'
01-31 17:21:31.530 I/amplayer(  172): [check_force_end]video force end!v:1 vlen=40 count=-8
01-31 17:21:31.570 D/dalvikvm(  547): GC_FOR_ALLOC freed 729K, 19% free 10636K/13044K, paused 58ms, total 58ms
01-31 17:21:31.580 E/GKI_LINUX(  663): ##### ERROR : release_wake_lock: release lock success ret=2#####
01-31 17:21:31.580 I/amplayer(  172): [check_force_end]vrp not move,vrp=vbufrp=0xaa0b100,vlevel=0.000 cnt=-8
01-31 17:21:31.580 I/amplayer(  172): [check_force_end]arp not move,arp=abufrp=0xc850000 alevel=0.001 cnt=-8
01-31 17:21:31.580 D/WfdPlayerActivity( 3167): onPause
01-31 17:21:31.580 D/DisplayMetrics(  547): densityDpi 320
01-31 17:21:31.580 W/ActivityManager(  547): Duplicate finish request for ActivityRecord{4229d398 u0 com.xiaomi.mitv.wfd/.WfdPlayerActivity t8 f}
01-31 17:21:31.590 I/M8WfdManager( 3167): discovery success
01-31 17:21:31.590 D/ActivityManager(  547): resumeClassName is com.xiaomi.mitv.wfd.WfdActivity
01-31 17:21:31.590 D/ActivityManager(  547): resumePackageName is com.xiaomi.mitv.wfd
01-31 17:21:31.600 I/WfdActivity( 3167): onActivityResult result=0, isconnected=false
01-31 17:21:31.600 I/WfdActivity( 3167): onResume mWaitForResult=false
01-31 17:21:31.680 I/amplayer(  172): [check_force_end]audio force end!a:1 alen=1800 count=-24
01-31 17:21:31.680 I/amplayer(  172): **[update_state]pid:1 status=PLAY_END(last:PLAYING) err=0x0 curtime=0 (ms:0) fulltime=-1 lsttime=0
01-31 17:21:31.680 I/amplayer(  172): **[update_state]abuflevel=0.00114441 vbublevel=0.00000126 abufrp=c850000 vbufrp=aa0b100 read_end=1
01-31 17:21:31.680 V/AmSuperPlayer(  172): cookie=0xb8008688,msg=c8,ext1=232a,ext2=0
01-31 17:21:31.680 V/MediaPlayerService(  172): [4] notify (0xb8009df0, 200, 9002, 0)
01-31 17:21:31.680 V/AmSuperPlayer(  172): cookie=0xb8008688,msg=2,ext1=0,ext2=0
01-31 17:21:31.680 V/MediaPlayerService(  172): [4] notify (0xb8009df0, 2, 0, 0)
01-31 17:21:31.680 W/MediaPlayer( 3167): info/warning (9002, 0)
01-31 17:21:31.680 I/WfdPlayerActivity( 3167): onCompletion, finish()...
01-31 17:21:31.680 I/amplayer(  172): [check_force_end]force end, black=1
01-31 17:21:31.680 I/amplayer(  172): pid[1]::loop=0 search=0 ff=0 fb=0 reset=0 step=0
01-31 17:21:31.680 I/amplayer(  172): 
01-31 17:21:31.680 I/amplayer(  172): pid[1]player_thread release0 begin...(sta:0x30002)
01-31 17:21:31.680 I/amplayer(  172): **[update_state]pid:1 status=PLAY_END(last:PLAY_END) err=0x0 curtime=0 (ms:0) fulltime=-1 lsttime=0
01-31 17:21:31.680 I/amplayer(  172): **[update_state]abuflevel=0.00114441 vbublevel=0.00000126 abufrp=c850000 vbufrp=aa0b100 read_end=1
01-31 17:21:31.680 I/amadec  (  172): Receive STOP Command!
01-31 17:21:31.680 I/amadec  (  172): [stop_adec 437]audec->state/5
01-31 17:21:31.680 I/LPCMDEC (  172): adec decode exit flag set 
01-31 17:21:31.680 I/amadec  (  172): enter stop_wfd_decode_thread 
01-31 17:21:31.680 I/LPCMDEC (  172): exit flag set.exit dec
01-31 17:21:31.680 I/amadec  (  172): exit audio_wfd_decode_loop Thread finished!
01-31 17:21:31.680 I/amadec  (  172): [stop_wfd_decode_thread]wfd decode thread exit success
01-31 17:21:31.680 W/ActivityManager(  547): Duplicate finish request for ActivityRecord{4229d398 u0 com.xiaomi.mitv.wfd/.WfdPlayerActivity t8 f}
01-31 17:21:31.690 I/amadec  (  172): exit audio_wfd_output_loop Thread finished!
01-31 17:21:31.690 I/amadec  (  172): [stop_wfd_decode_thread]wfd otuputthread exit success
01-31 17:21:31.700 I/wfd-output(  172): pcm_output_uninit done 
01-31 17:21:31.700 I/LPCMDEC (  172): audio_dec_release done 
01-31 17:21:31.700 I/amadec  (  172): wfd audio_codec_release done
01-31 17:21:31.700 I/amadec  (  172): Receive STOP Command!
01-31 17:21:31.700 I/amadec  (  172): [stop_adec 437]audec->state/2
01-31 17:21:31.700 I/amadec  (  172): Receive RELEASE Command!
01-31 17:21:31.700 I/amadec  (  172): Exit adec_wfddec_msg_loop!
01-31 17:21:31.700 I/amcodec (  172): [codec_close]audio stop OK!
01-31 17:21:31.710 D/PinyinIME(  784): onFinishInput.
01-31 17:21:31.710 D/PinyinIME(  784): onStartInput  ccontentType: 0 Restarting:false
01-31 17:21:31.730 D/WfdPlayerActivity( 3167): surfaceDestroyed
01-31 17:21:31.730 D/WfdPlayerActivity( 3167): stop>>
01-31 17:21:31.730 I/MediaPlayer( 3167): stop() enter
01-31 17:21:31.730 I/MediaPlayerService(  172): [4] stop
01-31 17:21:31.730 I/amplayer(  172): [player_stop:enter]pid=1
01-31 17:21:31.730 I/amplayer(  172): [player_stop]player_status=30002
01-31 17:21:31.730 I/amplayer(  172): [player_thread_wait_exit:70]pid=[1] thead_id=3087319848
01-31 17:21:31.810 I/hdmiswitch(  373):  recv n=150
01-31 17:21:31.810 I/amffmpeg(  172): av_close_input_file--3881
01-31 17:21:31.810 I/amffmpeg(  172): av_close_input_file--3884
01-31 17:21:31.810 I/amffmpeg(  172): av_close_input_stream--3802 enter 
01-31 17:21:31.810 I/amffmpeg(  172): [av_close_input_stream]format=mpegts
01-31 17:21:31.810 I/amffmpeg(  172): format mpegts read_close
01-31 17:21:31.810 I/amffmpeg(  172): avformat_free_context--3836 enter 
01-31 17:21:31.810 I/amffmpeg(  172): avformat_free_context--3876 
01-31 17:21:31.810 I/amffmpeg(  172): av_close_input_stream--3811 back 
01-31 17:21:31.810 I/amffmpeg(  172): av_close_input_file--3886
01-31 17:21:31.810 I/amffmpeg(  172): avio_close--1339
01-31 17:21:31.810 I/amffmpeg(  172): avio_close--1355
01-31 17:21:31.810 I/amffmpeg(  172): ffurl_close--412
01-31 17:21:31.810 I/amffmpeg(  172): ffurl_close--425
01-31 17:21:31.810 I/amplayer(  172): **[update_state]pid:1 status=EXIT(last:PLAY_END) err=0x0 curtime=0 (ms:0) fulltime=-1 lsttime=0
01-31 17:21:31.810 I/amplayer(  172): **[update_state]abuflevel=0.00114441 vbublevel=0.00000126 abufrp=c850000 vbufrp=aa0b100 read_end=1
01-31 17:21:31.810 I/amplayer(  172): 
01-31 17:21:31.810 I/amplayer(  172): pid[1]::stop play, exit player thead!(sta:0x30004)
01-31 17:21:31.810 I/amplayer(  172): [player_thread_wait_exit:76]thead_id=3087319848 returning
01-31 17:21:31.810 I/amplayer(  172): [player_stop:247]wait player_theadpid[1] r = 0
01-31 17:21:31.810 I/amplayer(  172): [get_message:147]num=0 in_idx=4 out_idx=4 cmd=8
01-31 17:21:31.810 E/amthreadpool(  172): 3087319848 pool data not found!!!
01-31 17:21:31.810 I/amplayer(  172): [player_stop:exit]pid=1
01-31 17:21:31.810 I/amplayer(  172): [tcppool_refresh_link_and_check]pid=1
01-31 17:21:31.810 I/MediaPlayer( 3167): release() enter
01-31 17:21:31.810 V/MediaPlayerService(  172): disconnect(4) from pid 3167
01-31 17:21:31.810 I/amplayer(  172): [player_exit:enter]pid=1
01-31 17:21:31.810 I/amplayer(  172): [player_exit]player_state=0x30004
01-31 17:21:31.810 I/amplayer(  172): [player_thread_wait_exit:70]pid=[1] thead_id=3087319848
01-31 17:21:31.810 I/amplayer(  172): [player_thread_wait_exit:76]thead_id=3087319848 returning
01-31 17:21:31.810 I/amplayer(  172): [player_exit]player thread already exit: 3
01-31 17:21:31.810 E/amthreadpool(  172): 3087319848 pool data not found!!!
01-31 17:21:31.810 I/amplayer(  172): :WARING!player_release_pid:PID is in using!,pid=1,used=2
01-31 17:21:31.810 I/amplayer(  172): [player_release_pid:77]release pid=1
01-31 17:21:31.810 I/amplayer(  172): [player_exit:exit]pid=1
01-31 17:21:31.810 I/amplayer(  172): [player_stop:enter]pid=1
01-31 17:21:31.810 I/amplayer(  172): [player_stop:enter]pid=1
01-31 17:21:31.810 I/amplayer(  172): [player_exit:enter]pid=1
01-31 17:21:31.810 I/amplayer(  172): player_close_pid_data:pid is not valid,pid=1,priv_pid_pool=0
01-31 17:21:31.810 I/amplayer(  172): player_release_pid:pid is not valid,pid=1,priv_pid_pool=0
01-31 17:21:31.810 I/amplayer(  172): [player_exit:exit]pid=1
01-31 17:21:31.810 I/AmlogicPlayer(  172): media.amplayer.displast_frame is not setting,use default false
01-31 17:21:31.810 I/amplayer(  172): ENABLE_FREE_SCALE not define!
01-31 17:21:31.810 D/dalvikvm(  547): GC_FOR_ALLOC freed 717K, 19% free 10625K/13044K, paused 47ms, total 47ms
01-31 17:21:31.820 I/amavutils(  169): amvideo_utils_set_virtual_position :: x=47 y=27 w=1826 h=1026
01-31 17:21:31.820 I/amavutils(  169): device resolution 1280x720
01-31 17:21:31.820 I/amavutils(  169): disp resolution 1920x2160
01-31 17:21:31.820 I/amavutils(  169): amvideo_utils_set_virtual_position:: disp_w=1920, disp_h=1080
01-31 17:21:31.820 I/amavutils(  169): video global_offset 0
01-31 17:21:31.820 I/AmlogicPlayer(  172): media.amplayer.osd2xenable is not setting,use default false
01-31 17:21:31.820 I/AmlogicPlayerRender(  172): ~AmlogicPlayerRender
01-31 17:21:31.820 V/WFDSourceProtocol(  172): L54
01-31 17:21:31.820 E/wfd_client(  172): wfd_client : stop
01-31 17:21:31.820 I/WifiDisplaySink(  172): Received msg stop.
01-31 17:21:31.820 E/wfd_client(  172): wfd_client destory
01-31 17:21:31.820 V/MediaPlayerService(  172): Client(4) destructor pid = 3167
01-31 17:21:31.820 V/AudioSink(  172): close
01-31 17:21:31.820 V/MediaPlayerService(  172): disconnect(4) from pid 3167
01-31 17:21:31.820 I/WfdApplication( 3167): logEvent (1405, 0, 0)
01-31 17:21:31.820 I/amavutils(  169): set ppmgr angle :0
01-31 17:21:31.820 D/WfdPlayerActivity( 3167): stop<<
01-31 17:21:31.820 I/amavutils(  169): /sys/class/graphics/fb0/free_scale_axis axis: 0 0 1919 1079
01-31 17:21:31.820 I/amavutils(  169): after scaled, screen position3: 31 18 1217 684
01-31 17:21:31.820 I/amavutils(  169): amvideo_utils_set_virtual_position (corrected):: x=31 y=18 w=1217 h=684
01-31 17:21:31.820 I/amavutils(  169): /sys/class/graphics/fb0/free_scale_axis axis: 0 0 1919 1079
01-31 17:21:31.820 D/amavutils(  169): amvideo_setscreenmode as 1.778499
01-31 17:21:31.850 I/amavutils(  169): amvideo_utils_set_virtual_position :: x=75 y=42 w=1770 h=996
01-31 17:21:31.850 I/amavutils(  169): device resolution 1280x720
01-31 17:21:31.850 I/amavutils(  169): disp resolution 1920x2160
01-31 17:21:31.850 I/amavutils(  169): amvideo_utils_set_virtual_position:: disp_w=1920, disp_h=1080
01-31 17:21:31.850 I/amavutils(  169): video global_offset 0
01-31 17:21:31.900 D/dalvikvm(  547): GC_FOR_ALLOC freed 716K, 19% free 10624K/13044K, paused 44ms, total 44ms
01-31 17:21:31.900 I/amavutils(  169): set ppmgr angle :0
01-31 17:21:31.900 I/amavutils(  169): /sys/class/graphics/fb0/free_scale_axis axis: 0 0 1919 1079
01-31 17:21:31.900 I/amavutils(  169): after scaled, screen position3: 50 28 1180 664
01-31 17:21:31.900 I/amavutils(  169): amvideo_utils_set_virtual_position (corrected):: x=50 y=28 w=1180 h=664
01-31 17:21:31.900 I/amavutils(  169): /sys/class/graphics/fb0/free_scale_axis axis: 0 0 1919 1079
01-31 17:21:31.900 D/amavutils(  169): amvideo_setscreenmode as 1.778499
01-31 17:21:31.930 I/amavutils(  169): amvideo_utils_set_virtual_position :: x=94 y=53 w=1732 h=974
01-31 17:21:31.930 I/amavutils(  169): device resolution 1280x720
01-31 17:21:31.930 I/amavutils(  169): disp resolution 1920x2160
01-31 17:21:31.930 I/amavutils(  169): amvideo_utils_set_virtual_position:: disp_w=1920, disp_h=1080
01-31 17:21:31.940 I/amavutils(  169): video global_offset 0
01-31 17:21:31.940 I/amavutils(  169): set ppmgr angle :0
01-31 17:21:31.940 I/amavutils(  169): /sys/class/graphics/fb0/free_scale_axis axis: 0 0 1919 1079
01-31 17:21:31.940 I/amavutils(  169): after scaled, screen position3: 62 35 1154 649
01-31 17:21:31.940 I/amavutils(  169): amvideo_utils_set_virtual_position (corrected):: x=62 y=35 w=1154 h=649
01-31 17:21:31.940 I/amavutils(  169): /sys/class/graphics/fb0/free_scale_axis axis: 0 0 1919 1079
01-31 17:21:31.940 D/amavutils(  169): amvideo_setscreenmode as 1.778499
01-31 17:21:31.970 I/amavutils(  169): amvideo_utils_set_virtual_position :: x=164 y=93 w=1592 h=894
01-31 17:21:31.970 I/amavutils(  169): device resolution 1280x720
01-31 17:21:31.970 I/amavutils(  169): disp resolution 1920x2160
01-31 17:21:31.970 I/amavutils(  169): amvideo_utils_set_virtual_position:: disp_w=1920, disp_h=1080
01-31 17:21:32.010 D/dalvikvm(  547): GC_FOR_ALLOC freed 707K, 19% free 10632K/13044K, paused 45ms, total 45ms
01-31 17:21:32.010 I/amavutils(  169): video global_offset 0
01-31 17:21:32.020 I/amavutils(  169): set ppmgr angle :0
01-31 17:21:32.020 I/amavutils(  169): /sys/class/graphics/fb0/free_scale_axis axis: 0 0 1919 1079
01-31 17:21:32.020 I/amavutils(  169): after scaled, screen position3: 109 62 1061 596
01-31 17:21:32.020 I/amavutils(  169): amvideo_utils_set_virtual_position (corrected):: x=109 y=62 w=1061 h=596
01-31 17:21:32.020 I/amavutils(  169): /sys/class/graphics/fb0/free_scale_axis axis: 0 0 1919 1079
01-31 17:21:32.020 D/amavutils(  169): amvideo_setscreenmode as 1.778499
01-31 17:21:32.050 I/amavutils(  169): amvideo_utils_set_virtual_position :: x=189 y=106 w=1542 h=868
01-31 17:21:32.050 I/amavutils(  169): device resolution 1280x720
01-31 17:21:32.050 I/amavutils(  169): disp resolution 1920x2160
01-31 17:21:32.050 I/amavutils(  169): amvideo_utils_set_virtual_position:: disp_w=1920, disp_h=1080
01-31 17:21:32.050 I/amavutils(  169): video global_offset 0
01-31 17:21:32.050 I/amavutils(  169): set ppmgr angle :0
01-31 17:21:32.060 I/amavutils(  169): /sys/class/graphics/fb0/free_scale_axis axis: 0 0 1919 1079
01-31 17:21:32.060 I/amavutils(  169): after scaled, screen position3: 126 70 1028 578
01-31 17:21:32.060 I/amavutils(  169): amvideo_utils_set_virtual_position (corrected):: x=126 y=70 w=1028 h=578
01-31 17:21:32.060 I/amavutils(  169): /sys/class/graphics/fb0/free_scale_axis axis: 0 0 1919 1079
01-31 17:21:32.060 D/amavutils(  169): amvideo_setscreenmode as 1.778499
01-31 17:21:32.130 D/dalvikvm(  547): GC_FOR_ALLOC freed 708K, 19% free 10632K/13044K, paused 44ms, total 45ms
01-31 17:21:32.130 I/amavutils(  169): amvideo_utils_set_virtual_position :: x=192 y=108 w=1536 h=864
01-31 17:21:32.130 I/amavutils(  169): device resolution 1280x720
01-31 17:21:32.130 I/amavutils(  169): disp resolution 1920x2160
01-31 17:21:32.130 I/amavutils(  169): amvideo_utils_set_virtual_position:: disp_w=1920, disp_h=1080
01-31 17:21:32.130 I/amavutils(  169): video global_offset 0
01-31 17:21:32.130 I/amavutils(  169): set ppmgr angle :0
01-31 17:21:32.130 I/amavutils(  169): /sys/class/graphics/fb0/free_scale_axis axis: 0 0 1919 1079
01-31 17:21:32.130 I/amavutils(  169): after scaled, screen position3: 128 72 1024 576
01-31 17:21:32.130 I/amavutils(  169): amvideo_utils_set_virtual_position (corrected):: x=128 y=72 w=1024 h=576
01-31 17:21:32.130 I/amavutils(  169): /sys/class/graphics/fb0/free_scale_axis axis: 0 0 1919 1079
01-31 17:21:32.130 D/amavutils(  169): amvideo_setscreenmode as 1.778499
01-31 17:21:32.150 D/WfdPlayerActivity( 3167): stop>>
01-31 17:21:32.150 D/WfdPlayerActivity( 3167): stop<<
01-31 17:21:32.480 D/bt_upio (  663): btwake deassertion
