--------- beginning of /dev/log/main
01-31 17:20:39.150 D/AddressResolver(  939): name weather.server1 address 42.62.94.110
01-31 17:20:39.160 D/CloudSettingsConnection( 3201): Connection resp : OK, {"status":0,"data":{"url":"\/mfsv2\/download\/s010\/p01ygmGjiGEJ\/cJAN8RNYnQI0Tt.txt","host":"http:\/\/image.box.xiaomi.com","_id":"app_install_blacklist","hash":"a54d8ffd4c575bd5aecfe48626621f49","version":"1445998440"},"encoding":"UTF-8"}
01-31 17:20:39.170 D/PackageListCloudDataDownloader( 3201): lastUpdateVersion:1445998440, downloadInfo:Host = http://image.box.xiaomi.com
01-31 17:20:39.170 D/PackageListCloudDataDownloader( 3201): List = /mfsv2/download/s010/p01ygmGjiGEJ/cJAN8RNYnQI0Tt.txt
01-31 17:20:39.170 D/PackageListCloudDataDownloader( 3201): Hash = a54d8ffd4c575bd5aecfe48626621f49
01-31 17:20:39.170 D/PackageListCloudDataDownloader( 3201): Version = 1445998440
01-31 17:20:39.170 E/PackageListCloudDataDownloader( 3201): didn't download due to no new version or get downloadinfo fail
--------- beginning of /dev/log/system
01-31 17:20:39.190 I/ActivityManager(  547): Killing 3025:com.android.deskclock/u0a17 (adj 15): empty #9
01-31 17:20:39.290 D/ActivityManager(  547): send app_CRASH broadcast, packageName:com.android.deskclock
01-31 17:20:39.290 W/ContextImpl(  547): Calling a method in the system process without a qualified user: android.app.ContextImpl.sendBroadcast:1162 com.android.server.am.ActivityManagerService.onVideoPlayerCrashed:3717 com.android.server.am.ActivityManagerService.handleAppDiedLocked:3747 com.android.server.am.ActivityManagerService.appDiedLocked:3885 com.android.server.am.ActivityManagerService$AppDeathRecipient.binderDied:1052 
01-31 17:20:39.800 D/bt_upio (  663): btwake deassertion
01-31 17:20:39.950 D/dalvikvm(  841): GC_CONCURRENT freed 388K, 17% free 3410K/4084K, paused 3ms+4ms, total 36ms
01-31 17:20:40.460 I/Smb.SmbDevice( 3344): mountAllShareNode starts : //192.168.1.16/
01-31 17:20:40.460 I/Smb.SmbNode( 3344): current status com.xiaomi.mitv.mediaexplorer.smb.SmbNode$NodeInitStatus
01-31 17:20:40.460 I/Smb.SmbNode( 3344): connect
01-31 17:20:40.460 I/Smb.SmbUtils( 3344): getShares (//127.0.0.1/): //192.168.1.16/
01-31 17:20:40.460 I/Smb.SmbUtils( 3344): getSharesByUrl: smb://192.168.1.16/
01-31 17:20:40.470 I/System.out( 3344): localAddr: null
01-31 17:20:40.470 I/Util    ( 3344): get ip
01-31 17:20:40.480 I/Util    ( 3344): find ip: wlan0
01-31 17:20:40.480 I/Util    ( 3344): wifi connect, get ip for wifi
01-31 17:20:40.480 I/System.out( 3344): localAddr by mAndroidHelper: /192.168.1.7
01-31 17:20:40.560 I/Smb.SmbNode( 3344): get auth exception in connect
01-31 17:20:40.560 I/Smb.SmbDeviceInfoManager( 3344): queryAuthInfoByHostName: SIMON
01-31 17:20:40.560 I/Smb.SmbNode( 3344): mAuthInfo is null
01-31 17:20:40.560 I/Smb.SmbNode( 3344): get auth exception in NodeInitStatus,status: -1073741715
01-31 17:20:40.560 I/Smb.SmbDevice( 3344): Smb Connect Fail
01-31 17:20:40.560 I/ScannerManager( 3344): allShareNode: null
01-31 17:20:40.920 D/UDTJmDNSThread(  841): REGISTER DONE: å®¢åŽ…çš„å°ç±³ç›’å­._rc._tcp.local. port:6091 text:protver=16777500prottext=RC Ver 1.0.1.28platform_id=208
01-31 17:20:40.920 D/UDTJmDNSThread(  841): scrnw=1920
01-31 17:20:40.920 D/UDTJmDNSThread(  841): scrnh=1080!server_address=media.ptmi.gitv.tvmac=10:48:b1:db:6e:4bserverport=6088photoport=6089$rid=69c786c2187a42448ad70ed6977c8083apmac=34:cd:be:1f:e5:14
01-31 17:20:40.920 D/UDTJmDNSThread(  841): operator=1miversion=1.3.111wol=1amac=04:e6:76:cf:ee:32CP=[118463]VC=0
01-31 17:20:40.920 D/UDTJmDNSThread(  841): local ip: 192.168.1.7
01-31 17:20:40.920 I/UDTJmDNSThread(  841): Exist: å®¢åŽ…çš„å°ç±³ç›’å­_airkan._tcp.local.6088
01-31 17:20:40.920 I/UDTJmDNSThread(  841): Service already registered
01-31 17:20:40.920 I/UDTJmDNSThread(  841): Exist: å®¢åŽ…çš„å°ç±³ç›’å­_rc._tcp.local.6091
01-31 17:20:40.920 I/UDTJmDNSThread(  841): Service already registered
01-31 17:20:42.930 D/UDTJmDNSThread(  841): REMOVE DONE: å®¢åŽ…çš„å°ç±³ç›’å­._rc._tcp.local. port:6091 text:protver=16777500prottext=RC Ver 1.0.1.28platform_id=208
01-31 17:20:42.930 D/UDTJmDNSThread(  841): scrnw=1920
01-31 17:20:42.930 D/UDTJmDNSThread(  841): scrnh=1080!server_address=media.ptmi.gitv.tvmac=10:48:b1:db:6e:4bserverport=6088photoport=6089$rid=69c786c2187a42448ad70ed6977c8083apmac=34:cd:be:1f:e5:14
01-31 17:20:42.930 D/UDTJmDNSThread(  841): operator=1miversion=1.3.111wol=1amac=04:e6:76:cf:ee:32CP=[118463]VC=0
01-31 17:20:42.930 I/UDTJmDNSThread(  841): Service info key: å®¢åŽ…çš„å°ç±³ç›’å­._rc._tcp.local.
01-31 17:20:43.670 W/System.err( 2657): java.net.SocketTimeoutException: failed to connect to /192.168.1.1 (port 8300) after 10000ms
01-31 17:20:43.670 W/System.err( 2657): 	at libcore.io.IoBridge.connectErrno(IoBridge.java:159)
01-31 17:20:43.670 W/System.err( 2657): 	at libcore.io.IoBridge.connect(IoBridge.java:112)
01-31 17:20:43.670 W/System.err( 2657): 	at java.net.PlainSocketImpl.connect(PlainSocketImpl.java:192)
01-31 17:20:43.680 W/System.err( 2657): 	at java.net.PlainSocketImpl.connect(PlainSocketImpl.java:459)
01-31 17:20:43.680 W/System.err( 2657): 	at java.net.Socket.connect(Socket.java:843)
01-31 17:20:43.680 W/System.err( 2657): 	at com.android.okhttp.internal.Platform.connectSocket(Platform.java:131)
01-31 17:20:43.680 W/System.err( 2657): 	at com.android.okhttp.Connection.connect(Connection.java:101)
01-31 17:20:43.680 W/System.err( 2657): 	at com.android.okhttp.internal.http.HttpEngine.connect(HttpEngine.java:294)
01-31 17:20:43.680 W/System.err( 2657): 	at com.android.okhttp.internal.http.HttpEngine.sendSocketRequest(HttpEngine.java:255)
01-31 17:20:43.680 W/System.err( 2657): 	at com.android.okhttp.internal.http.HttpEngine.sendRequest(HttpEngine.java:206)
01-31 17:20:43.680 W/System.err( 2657): 	at com.android.okhttp.internal.http.HttpURLConnectionImpl.execute(HttpURLConnectionImpl.java:345)
01-31 17:20:43.680 W/System.err( 2657): 	at com.android.okhttp.internal.http.HttpURLConnectionImpl.getResponse(HttpURLConnectionImpl.java:296)
01-31 17:20:43.680 W/System.err( 2657): 	at com.android.okhttp.internal.http.HttpURLConnectionImpl.getInputStream(HttpURLConnectionImpl.java:179)
01-31 17:20:43.680 W/System.err( 2657): 	at com.xiaomi.mitv.media.XQDetectorService.getStringFromUrl(XQDetectorService.java:257)
01-31 17:20:43.690 W/System.err( 2657): 	at com.xiaomi.mitv.media.XQDetectorService$1.run(XQDetectorService.java:54)
01-31 17:20:43.690 W/System.err( 2657): 	at android.os.Handler.handleCallback(Handler.java:733)
01-31 17:20:43.690 W/System.err( 2657): 	at android.os.Handler.dispatchMessage(Handler.java:95)
01-31 17:20:43.690 W/System.err( 2657): 	at android.os.Looper.loop(Looper.java:136)
01-31 17:20:43.690 W/System.err( 2657): 	at android.os.HandlerThread.run(HandlerThread.java:61)
01-31 17:20:43.690 I/mediaexplorerdaemon.net.XQDetectorService( 2657): get jsonString: null
01-31 17:20:43.690 I/mediaexplorerdaemon.net.XQDetectorService( 2657): jsonString is null
01-31 17:20:43.690 I/mediaexplorerdaemon.net.XQDetectorService( 2657): waitTime: 10000
01-31 17:20:44.820 D/dalvikvm(  841): GC_CONCURRENT freed 412K, 17% free 3403K/4084K, paused 3ms+4ms, total 40ms
01-31 17:20:45.560 I/Smb.SmbDevice( 3344): mountAllShareNode starts : //192.168.1.11/
01-31 17:20:45.560 I/Smb.SmbNode( 3344): current status com.xiaomi.mitv.mediaexplorer.smb.SmbNode$NodeInitStatus
01-31 17:20:45.560 I/Smb.SmbNode( 3344): connect
01-31 17:20:45.570 I/Smb.SmbUtils( 3344): getShares (//127.0.0.1/): //192.168.1.11/
01-31 17:20:45.570 I/Smb.SmbUtils( 3344): getSharesByUrl: smb://192.168.1.11/
01-31 17:20:45.570 I/System.out( 3344): localAddr: null
01-31 17:20:45.570 I/Util    ( 3344): get ip
01-31 17:20:45.600 I/Util    ( 3344): find ip: wlan0
01-31 17:20:45.620 I/Util    ( 3344): wifi connect, get ip for wifi
01-31 17:20:45.620 I/System.out( 3344): localAddr by mAndroidHelper: /192.168.1.7
01-31 17:20:45.620 D/UDTJmDNSThread(  841): REGISTER DONE: å®¢åŽ…çš„å°ç±³ç›’å­._rc._tcp.local. port:6091 text:protver=16777500prottext=RC Ver 1.0.1.28platform_id=208
01-31 17:20:45.620 D/UDTJmDNSThread(  841): scrnw=1920
01-31 17:20:45.620 D/UDTJmDNSThread(  841): scrnh=1080!server_address=media.ptmi.gitv.tvmac=10:48:b1:db:6e:4bserverport=6088photoport=6089$rid=69c786c2187a42448ad70ed6977c8083apmac=34:cd:be:1f:e5:10
01-31 17:20:45.620 D/UDTJmDNSThread(  841): operator=1miversion=1.3.111wol=1amac=04:e6:76:cf:ee:32CP=[118463]VC=0
01-31 17:20:45.620 D/UDTJmDNSThread(  841): local ip: 192.168.1.7
01-31 17:20:45.710 D/UDTJmDNSThread(  841): Wifi is active connectivity
01-31 17:20:45.720 D/UDTJmDNSThread(  841): get wifi IP: /192.168.1.7
01-31 17:20:45.720 D/UDTJmDNSThread(  841): JmDNS address:/192.168.1.7
01-31 17:20:45.720 I/UDTDiscoverManager(  841): UDTJmDNSThread now available, no operation
01-31 17:20:46.090 I/Smb.SmbNode( 3344): get auth exception in connect
01-31 17:20:46.090 I/Smb.SmbDeviceInfoManager( 3344): queryAuthInfoByHostName: JING-PC
01-31 17:20:46.090 I/Smb.SmbNode( 3344): mAuthInfo is null
01-31 17:20:46.090 I/Smb.SmbNode( 3344): get auth exception in NodeInitStatus,status: -1073741715
01-31 17:20:46.090 I/Smb.SmbDevice( 3344): Smb Connect Fail
01-31 17:20:46.090 I/ScannerManager( 3344): allShareNode: null
01-31 17:20:46.520 D/HttpLoader(  939): resUrl http://42.62.94.110/tvservice/getweatherforecast2?days=1&weatherver=2&locale=null&deviceid=0a09735235581c2044f48af3e379c41d&apiver=1.8&ver=4.4.2&codever=3&ptf=1000&ts=1454232039&nonce=11&opaque=6f9280bed83021c0c067f426b1a61b1bd1d5bc01
01-31 17:20:46.940 D/WeatherReportUpdater(  939): err occur 13
01-31 17:20:46.940 D/WeatherReportUpdater(  939): Weather dataLoad failed retry
01-31 17:20:47.010 D/NameService(  889): mValidator run
01-31 17:20:47.020 D/NameService(  889): going to refresh address for misc.server1 useDns false aForceUseDns false
01-31 17:20:47.020 D/NameService(  889): going to refresh address for upgrade.ptmi.gitv.tv useDns false aForceUseDns false
01-31 17:20:47.020 D/NameService(  889): have 2 name need to refresh
01-31 17:20:47.030 D/NameService(  889): check after 30000
01-31 17:20:48.200 D/dalvikvm(  889): GC_CONCURRENT freed 475K, 18% free 3274K/3992K, paused 8ms+9ms, total 83ms
01-31 17:20:48.790 D/BluetoothAdapter(  663): stopLeScan()
01-31 17:20:48.790 D/BtGatt.GattService(  663): stopScan() - queue=1
01-31 17:20:48.790 D/BtGatt.GattService(  663): stopScan() - queue empty; stopping scan
01-31 17:20:48.790 D/BtGatt.btif(  663): btif_gattc_scan
01-31 17:20:48.790 D/bt-btif (  663): btif_transfer_context event 1003, len 739
01-31 17:20:48.790 D/bt-btif (  663): btif task fetched event a001
01-31 17:20:48.790 D/bt-btif (  663): btif_context_switched
01-31 17:20:48.790 D/BtGatt.btif(  663): btgattc_handle_event: Event 1003
01-31 17:20:48.790 I/bt-btif (  663): BTA_DmBleObserve:start = 0 
01-31 17:20:48.790 I/bt-btif (  663): BTA got event 0x120
01-31 17:20:48.790 I/bt-btif (  663): bta_dm_sm_execute event:0x20
01-31 17:20:48.790 I/bt-btm  (  663): BTM_BleObserve 
01-31 17:20:48.790 I/bt-btm  (  663): btm_ble_stop_scan 
01-31 17:20:48.790 E/GKI_LINUX(  663): ##### ERROR : acquire_wake_lock: got lock success ret=2#####
01-31 17:20:48.790 D/BtGatt.GattService(  663): unregisterClient() - clientIf=6
01-31 17:20:48.790 D/bt-btm  (  663): BTM Inq Compl Callback: status 0x00, num results 1
01-31 17:20:48.790 I/bt-btm  (  663): btm_update_scanner_filter_policy
01-31 17:20:48.790 D/bt-btm  (  663): btm_acl_update_busy_level
01-31 17:20:48.790 D/bt-btm  (  663): BTM_BLI_INQ_DONE_EVT
01-31 17:20:48.790 E/bt_upio (  663): upio_set : open(/proc/bluetooth/sleep/btwrite) for write failed: No such file or directory (2)
01-31 17:20:48.790 D/BtGatt.btif(  663): btif_gattc_unregister_app
01-31 17:20:48.790 D/bt-btif (  663): btif_transfer_context event 1001, len 739
01-31 17:20:48.790 D/bt-btif (  663): btif task fetched event a001
01-31 17:20:48.790 D/bt-btif (  663): btif_context_switched
01-31 17:20:48.790 D/BtGatt.btif(  663): btgattc_handle_event: Event 1001
01-31 17:20:48.790 I/bt-btif (  663): BTA got event 0x1f17
01-31 17:20:48.790 D/bt-btif (  663): bta_gattc_hdl_event: Event [BTA_GATTC_API_DEREG_EVT]
01-31 17:20:48.790 I/bt-att  (  663): GATT_Deregister gatt_if=6
01-31 17:20:48.790 I/bt-att  (  663): GATT_Listen gatt_if=6
01-31 17:20:48.790 I/bt-btm  (  663): BTM_BleUpdateAdvFilterPolicy
01-31 17:20:48.790 I/bt-btm  (  663): BTM_ReadConnectability
01-31 17:20:48.800 I/bt-btm  (  663): BTM_SetConnectability
01-31 17:20:48.800 I/bt-btm  (  663): btm_ble_set_connectability mode=0x0 combined_mode=0x1
01-31 17:20:48.800 I/bt-btm  (  663): always disable adv in non-discoverable non-connectable mode with no scan rsp
01-31 17:20:48.800 I/bt-btm  (  663): BTM_SetConnectability: mode 1 [NonConn-0, Conn-1], window 0x0012, interval 0x0800
01-31 17:20:48.800 D/bt-btif (  663): btif_transfer_context event 1, len 676
01-31 17:20:48.800 D/bt-btif (  663): btif task fetched event a001
01-31 17:20:48.800 D/bt-btif (  663): btif_context_switched
01-31 17:20:48.800 D/BtGatt.btif(  663): btif_gattc_upstreams_evt: Event 1
01-31 17:20:48.800 D/bt_upio (  663): BT_WAKE is asserted already
01-31 17:20:48.800 E/bt_upio (  663): upio_set : open(/proc/bluetooth/sleep/btwrite) for write failed: No such file or directory (2)
01-31 17:20:48.800 D/bt_upio (  663): BT_WAKE is asserted already
01-31 17:20:48.800 E/bt_upio (  663): upio_set : open(/proc/bluetooth/sleep/btwrite) for write failed: No such file or directory (2)
01-31 17:20:48.800 D/bt-btif (  663): HC lib lpm deassertion return 0
01-31 17:20:48.800 D/bt-btif (  663): HC lib lpm deassertion return 0
01-31 17:20:48.890 E/GKI_LINUX(  663): ##### ERROR : release_wake_lock: release lock success ret=2#####
01-31 17:20:49.290 V/BleRemoteControllerService(  663): requestScan,RC size:0,hasInit:true,isBinded:false,mIsPair:false,Connecting:false
01-31 17:20:49.300 D/BluetoothAdapterService(1101120176)(  663): getState(): mAdapterProperties: com.android.bluetooth.btservice.AdapterProperties@41a1d570
01-31 17:20:49.300 D/BluetoothAdapterService(1101120176)(  663): Get Bonded Devices being called
01-31 17:20:49.300 D/BluetoothAdapterProperties(  663): getBondedDevices: length=1
01-31 17:20:49.300 D/BluetoothAdapterService(1101120176)(  663): getState(): mAdapterProperties: com.android.bluetooth.btservice.AdapterProperties@41a1d570
01-31 17:20:49.320 E/BleRemoteControllerService(  663): compare name failed!
01-31 17:20:49.320 D/BluetoothAdapterService(1101120176)(  663): getState(): mAdapterProperties: com.android.bluetooth.btservice.AdapterProperties@41a1d570
01-31 17:20:49.330 D/BluetoothAdapterService(1101120176)(  663): Get Bonded Devices being called
01-31 17:20:49.330 D/BluetoothAdapterProperties(  663): getBondedDevices: length=1
01-31 17:20:49.330 D/BluetoothAdapterService(1101120176)(  663): getState(): mAdapterProperties: com.android.bluetooth.btservice.AdapterProperties@41a1d570
01-31 17:20:49.350 E/BleRemoteControllerService(  663): compare name failed!
01-31 17:20:49.350 D/BluetoothAdapterService(1101120176)(  663): getState(): mAdapterProperties: com.android.bluetooth.btservice.AdapterProperties@41a1d570
01-31 17:20:49.350 D/BluetoothAdapter(  663): startLeScan(): null
01-31 17:20:49.350 D/BtGatt.GattService(  663): registerClient() - UUID=624a93dc-6721-470b-939f-98edd28470a2
01-31 17:20:49.350 D/BtGatt.btif(  663): btif_gattc_register_app
01-31 17:20:49.350 D/bt-btif (  663): btif_transfer_context event 1000, len 739
01-31 17:20:49.360 D/bt-btif (  663): btif task fetched event a001
01-31 17:20:49.360 D/bt-btif (  663): btif_context_switched
01-31 17:20:49.360 D/BtGatt.btif(  663): btgattc_handle_event: Event 1000
01-31 17:20:49.360 I/bt-btif (  663): BTA got event 0x1f16
01-31 17:20:49.360 D/bt-btif (  663): bta_gattc_hdl_event: Event [BTA_GATTC_API_REG_EVT]
01-31 17:20:49.360 D/bt-btif (  663): bta_gattc_register state 2
01-31 17:20:49.360 I/bt-att  (  663): GATT_Register
01-31 17:20:49.360 D/bt-att  (  663): UUID=[0x624a93dc6721470b939f98edd28470a2]
01-31 17:20:49.360 I/bt-att  (  663): allocated gatt_if=6
01-31 17:20:49.360 D/bt-btif (  663): btif_transfer_context event 0, len 676
01-31 17:20:49.360 I/bt-btif (  663): BTA got event 0x1f15
01-31 17:20:49.360 D/bt-btif (  663): btif task fetched event a001
01-31 17:20:49.360 D/bt-btif (  663): btif task fetched event a001
01-31 17:20:49.360 I/bt-att  (  663): btif_context_switched
01-31 17:20:49.360 D/bt-btif (  663): btif_context_switched
01-31 17:20:49.360 D/bt-att  (  663): gatt_find_the_connected_bda start_idx=0
01-31 17:20:49.360 D/BtGatt.btif(  663): btif_gattc_upstreams_evt: Event 0
01-31 17:20:49.360 I/bt-btif (  663): HAL bt_gatt_callbacks->client->register_client_cb
01-31 17:20:49.360 D/bt-att  (  663): gatt_find_the_connected_bda found=0 found_idx=18
01-31 17:20:49.360 D/BtGatt.GattService(  663): onClientRegistered() - UUID=624a93dc-6721-470b-939f-98edd28470a2, clientIf=6
01-31 17:20:49.360 D/BluetoothAdapter(  663): onClientRegistered() - status=0 clientIf=6
01-31 17:20:49.370 D/BtGatt.GattService(  663): startScan() - queue=0
01-31 17:20:49.370 D/BtGatt.GattService(  663): startScan() - adding client=6
01-31 17:20:49.370 D/BtGatt.btif(  663): btif_gattc_scan
01-31 17:20:49.370 D/bt-btif (  663): btif_transfer_context event 1002, len 739
01-31 17:20:49.370 D/bt-btif (  663): btif task fetched event a001
01-31 17:20:49.370 D/bt-btif (  663): btif_context_switched
01-31 17:20:49.370 D/BtGatt.btif(  663): btgattc_handle_event: Event 1002
01-31 17:20:49.370 I/bt-btif (  663): BTA_DmBleObserve:start = 1 
01-31 17:20:49.370 I/bt-btif (  663): BTA got event 0x120
01-31 17:20:49.370 V/BleRemoteControllerService(  663): scanLeDevice spend:18
01-31 17:20:49.370 I/bt-btif (  663): bta_dm_sm_execute event:0x20
01-31 17:20:49.370 I/bt-btm  (  663): BTM_BleObserve 
01-31 17:20:49.370 E/GKI_LINUX(  663): ##### ERROR : acquire_wake_lock: got lock success ret=2#####
01-31 17:20:49.370 D/bt_upio (  663): BT_WAKE is asserted already
01-31 17:20:49.370 E/bt_upio (  663): upio_set : open(/proc/bluetooth/sleep/btwrite) for write failed: No such file or directory (2)
01-31 17:20:49.370 D/bt_upio (  663): BT_WAKE is asserted already
01-31 17:20:49.370 E/bt_upio (  663): upio_set : open(/proc/bluetooth/sleep/btwrite) for write failed: No such file or directory (2)
01-31 17:20:49.370 D/bt-btif (  663): HC lib lpm deassertion return 0
01-31 17:20:49.370 D/bt-btif (  663): HC lib lpm deassertion return 0
01-31 17:20:49.470 E/GKI_LINUX(  663): ##### ERROR : release_wake_lock: release lock success ret=2#####
01-31 17:20:49.670 D/SingleAddressGetter(  889): onPostExecute mResultStatus 13
01-31 17:20:49.670 D/NameService(  889): going to refresh address for upgrade.ptmi.gitv.tv useDns true aForceUseDns true
01-31 17:20:49.670 W/ContextImpl(  889): Calling a method in the system process without a qualified user: android.app.ContextImpl.startService:1518 android.content.ContextWrapper.startService:494 com.xiaomi.tv.nameservice.SingleAddressGetter.onPostExecute:188 com.xiaomi.tv.nameservice.SingleAddressGetter.onPostExecute:11 android.os.AsyncTask.finish:632 
01-31 17:20:49.690 D/SingleAddressGetterWithDNS(  889): refresh complete
01-31 17:20:50.180 D/dalvikvm(  889): GC_CONCURRENT freed 449K, 18% free 3274K/3992K, paused 3ms+4ms, total 40ms
01-31 17:20:50.380 D/bt_upio (  663): btwake deassertion
01-31 17:20:50.780 W/System.err( 3344): java.net.UnknownHostException: YANCHIN
01-31 17:20:50.780 W/System.err( 3344): 	at xmjcifs.netbios.NameServiceClient.getAllByName(NameServiceClient.java:308)
01-31 17:20:50.780 W/System.err( 3344): 	at xmjcifs.netbios.NbtAddress.getAllByName(NbtAddress.java:464)
01-31 17:20:50.780 W/System.err( 3344): 	at com.xiaomi.mitv.mediaexplorer.smb.SmbSearch.getIpByHostName(SmbSearch.java:184)
01-31 17:20:50.780 W/System.err( 3344): 	at com.xiaomi.mitv.mediaexplorer.model.DeviceManager.tryAddPreloadSmbDevice(DeviceManager.java:433)
01-31 17:20:50.780 W/System.err( 3344): 	at com.xiaomi.mitv.mediaexplorer.model.DeviceManager.preloadSmbDevices(DeviceManager.java:414)
01-31 17:20:50.780 W/System.err( 3344): 	at com.xiaomi.mitv.mediaexplorer.model.DeviceManager$1.run(DeviceManager.java:134)
01-31 17:20:50.780 W/System.err( 3344): 	at android.os.Handler.handleCallback(Handler.java:733)
01-31 17:20:50.780 W/System.err( 3344): 	at android.os.Handler.dispatchMessage(Handler.java:95)
01-31 17:20:50.780 W/System.err( 3344): 	at android.os.Looper.loop(Looper.java:136)
01-31 17:20:50.780 W/System.err( 3344): 	at android.os.HandlerThread.run(HandlerThread.java:61)
01-31 17:20:50.780 I/DeviceManager( 3344): can not find ip for YANCHIN
01-31 17:20:50.780 I/DeviceManager( 3344): failed to tryAddPreloadSmbDevice: YANCHIN
01-31 17:20:50.780 I/Smb.SmbDeviceInfoManager( 3344): moveDownDeviceInfo: YANCHIN
01-31 17:20:50.780 I/Smb.SmbDeviceInfoManager( 3344): saveSmbDeviceInfo
01-31 17:20:50.790 I/Smb.SmbDeviceInfoManager( 3344): 7 number of history saved
01-31 17:20:50.790 I/DeviceManager( 3344): preloadSmbDevices, url(//192.168.1.1/), hostname(VODAFONE), ip(192.168.1.1)
01-31 17:20:50.790 I/DeviceManager( 3344): get info: VODAFONE
01-31 17:20:50.790 I/Smb.SmbSearch( 3344): getIpByHostName: VODAFONE
01-31 17:20:51.030 D/AddressProvider(  889): address refresed upgrade.ptmi.gitv.tv
01-31 17:20:51.040 D/AddressProvider(  889): no change just refresh the expired time for upgrade.ptmi.gitv.tv
01-31 17:20:51.050 D/SingleAddressGetterWithDNS(  889): resolver address upgrade.ptmi.gitv.tv 42.62.94.110
01-31 17:20:51.050 D/AddressProvider(  889): address refresed misc.server1
01-31 17:20:51.060 D/AddressProvider(  889): no change just refresh the expired time for misc.server1
01-31 17:20:51.060 D/SingleAddressGetter(  889): onPostExecute mResultStatus 13
01-31 17:20:51.060 D/NameService(  889): going to refresh address for misc.server1 useDns true aForceUseDns true
01-31 17:20:51.060 W/ContextImpl(  889): Calling a method in the system process without a qualified user: android.app.ContextImpl.startService:1518 android.content.ContextWrapper.startService:494 com.xiaomi.tv.nameservice.SingleAddressGetter.onPostExecute:188 com.xiaomi.tv.nameservice.SingleAddressGetter.onPostExecute:11 android.os.AsyncTask.finish:632 
01-31 17:20:51.540 D/SingleAddressGetterWithDNS(  889): refresh complete
01-31 17:20:51.870 D/AddressProvider(  889): address refresed misc.server1
01-31 17:20:51.950 D/AddressProvider(  889): change for content://com.xiaomi.tv.nameservice/NameAddress/misc.server1
01-31 17:20:51.960 D/SingleAddressGetterWithDNS(  889): resolver address misc.pandora.xiaomi.com 42.62.94.111
01-31 17:20:53.700 I/mediaexplorerdaemon.net.XQDetectorService( 2657): mXQdetector run!! count: 2
01-31 17:20:53.700 I/mediaexplorerdaemon.net.XQDetectorService( 2657): getXQIp
01-31 17:20:53.700 I/mediaexplorerdaemon.net.XQDetectorService( 2657): getGatewayAddress
01-31 17:20:53.710 I/mediaexplorerdaemon.net.XQDetectorService( 2657): getXQIp, return gateway ip: 192.168.1.1
01-31 17:20:53.710 I/mediaexplorerdaemon.net.XQDetectorService( 2657): getStringFromUrl: http://192.168.1.1:8300/change_info
01-31 17:20:54.380 D/dalvikvm(  652): GC_FOR_ALLOC freed 329K, 20% free 3196K/3972K, paused 114ms, total 114ms
01-31 17:20:56.110 I/wpa_supplicant(  771): P2P-DEVICE-LOST p2p_dev_addr=42:b0:fa:63:ca:b0
01-31 17:20:56.110 D/WifiMonitor(  547): Event [P2P-DEVICE-LOST p2p_dev_addr=42:b0:fa:63:ca:b0]
01-31 17:20:58.140 D/dalvikvm(  841): GC_CONCURRENT freed 364K, 17% free 3428K/4084K, paused 13ms+12ms, total 129ms
01-31 17:20:59.360 D/BluetoothAdapter(  663): stopLeScan()
01-31 17:20:59.360 D/BtGatt.GattService(  663): stopScan() - queue=1
01-31 17:20:59.360 D/BtGatt.GattService(  663): stopScan() - queue empty; stopping scan
01-31 17:20:59.360 D/BtGatt.btif(  663): btif_gattc_scan
01-31 17:20:59.360 D/bt-btif (  663): btif_transfer_context event 1003, len 739
01-31 17:20:59.360 D/bt-btif (  663): btif task fetched event a001
01-31 17:20:59.360 D/bt-btif (  663): btif_context_switched
01-31 17:20:59.360 D/BtGatt.btif(  663): btgattc_handle_event: Event 1003
01-31 17:20:59.360 I/bt-btif (  663): BTA_DmBleObserve:start = 0 
01-31 17:20:59.360 I/bt-btif (  663): BTA got event 0x120
01-31 17:20:59.360 I/bt-btif (  663): bta_dm_sm_execute event:0x20
01-31 17:20:59.360 I/bt-btm  (  663): BTM_BleObserve 
01-31 17:20:59.360 I/bt-btm  (  663): btm_ble_stop_scan 
01-31 17:20:59.370 E/GKI_LINUX(  663): ##### ERROR : acquire_wake_lock: got lock success ret=2#####
01-31 17:20:59.370 D/bt-btm  (  663): BTM Inq Compl Callback: status 0x00, num results 1
01-31 17:20:59.370 I/bt-btm  (  663): btm_update_scanner_filter_policy
01-31 17:20:59.370 D/bt-btm  (  663): btm_acl_update_busy_level
01-31 17:20:59.370 D/bt-btm  (  663): BTM_BLI_INQ_DONE_EVT
01-31 17:20:59.370 E/bt_upio (  663): upio_set : open(/proc/bluetooth/sleep/btwrite) for write failed: No such file or directory (2)
01-31 17:20:59.370 D/BtGatt.GattService(  663): unregisterClient() - clientIf=6
01-31 17:20:59.370 D/BtGatt.btif(  663): btif_gattc_unregister_app
01-31 17:20:59.370 D/bt-btif (  663): btif_transfer_context event 1001, len 739
01-31 17:20:59.370 D/bt-btif (  663): btif task fetched event a001
01-31 17:20:59.370 D/bt-btif (  663): btif_context_switched
01-31 17:20:59.370 D/BtGatt.btif(  663): btgattc_handle_event: Event 1001
01-31 17:20:59.370 I/bt-btif (  663): BTA got event 0x1f17
01-31 17:20:59.370 D/bt-btif (  663): bta_gattc_hdl_event: Event [BTA_GATTC_API_DEREG_EVT]
01-31 17:20:59.370 I/bt-att  (  663): GATT_Deregister gatt_if=6
01-31 17:20:59.370 I/bt-att  (  663): GATT_Listen gatt_if=6
01-31 17:20:59.370 I/bt-btm  (  663): BTM_BleUpdateAdvFilterPolicy
01-31 17:20:59.370 I/bt-btm  (  663): BTM_ReadConnectability
01-31 17:20:59.370 I/bt-btm  (  663): BTM_SetConnectability
01-31 17:20:59.370 I/bt-btm  (  663): btm_ble_set_connectability mode=0x0 combined_mode=0x1
01-31 17:20:59.370 I/bt-btm  (  663): always disable adv in non-discoverable non-connectable mode with no scan rsp
01-31 17:20:59.370 I/bt-btm  (  663): BTM_SetConnectability: mode 1 [NonConn-0, Conn-1], window 0x0012, interval 0x0800
01-31 17:20:59.370 D/bt-btif (  663): btif_transfer_context event 1, len 676
01-31 17:20:59.370 D/bt-btif (  663): btif task fetched event a001
01-31 17:20:59.370 D/bt-btif (  663): btif_context_switched
01-31 17:20:59.370 D/bt_upio (  663): BT_WAKE is asserted already
01-31 17:20:59.370 D/BtGatt.btif(  663): btif_gattc_upstreams_evt: Event 1
01-31 17:20:59.370 E/bt_upio (  663): upio_set : open(/proc/bluetooth/sleep/btwrite) for write failed: No such file or directory (2)
01-31 17:20:59.370 D/bt_upio (  663): BT_WAKE is asserted already
01-31 17:20:59.380 E/bt_upio (  663): upio_set : open(/proc/bluetooth/sleep/btwrite) for write failed: No such file or directory (2)
01-31 17:20:59.380 D/bt-btif (  663): HC lib lpm deassertion return 0
01-31 17:20:59.380 D/bt-btif (  663): HC lib lpm deassertion return 0
01-31 17:20:59.480 E/GKI_LINUX(  663): ##### ERROR : release_wake_lock: release lock success ret=2#####
01-31 17:20:59.870 V/BleRemoteControllerService(  663): requestScan,RC size:0,hasInit:true,isBinded:false,mIsPair:false,Connecting:false
01-31 17:20:59.870 D/BluetoothAdapterService(1101120176)(  663): getState(): mAdapterProperties: com.android.bluetooth.btservice.AdapterProperties@41a1d570
01-31 17:20:59.870 D/BluetoothAdapterService(1101120176)(  663): Get Bonded Devices being called
01-31 17:20:59.870 D/BluetoothAdapterProperties(  663): getBondedDevices: length=1
01-31 17:20:59.870 D/BluetoothAdapterService(1101120176)(  663): getState(): mAdapterProperties: com.android.bluetooth.btservice.AdapterProperties@41a1d570
01-31 17:20:59.880 E/BleRemoteControllerService(  663): compare name failed!
01-31 17:20:59.880 D/BluetoothAdapterService(1101120176)(  663): getState(): mAdapterProperties: com.android.bluetooth.btservice.AdapterProperties@41a1d570
01-31 17:20:59.880 D/BluetoothAdapterService(1101120176)(  663): Get Bonded Devices being called
01-31 17:20:59.880 D/BluetoothAdapterProperties(  663): getBondedDevices: length=1
01-31 17:20:59.880 D/BluetoothAdapterService(1101120176)(  663): getState(): mAdapterProperties: com.android.bluetooth.btservice.AdapterProperties@41a1d570
01-31 17:20:59.890 E/BleRemoteControllerService(  663): compare name failed!
01-31 17:20:59.890 D/BluetoothAdapterService(1101120176)(  663): getState(): mAdapterProperties: com.android.bluetooth.btservice.AdapterProperties@41a1d570
01-31 17:20:59.890 D/BluetoothAdapter(  663): startLeScan(): null
01-31 17:20:59.890 D/BtGatt.GattService(  663): registerClient() - UUID=f13b7b1c-be71-470e-ad69-169bb671776e
01-31 17:20:59.890 D/BtGatt.btif(  663): btif_gattc_register_app
01-31 17:20:59.890 D/bt-btif (  663): btif_transfer_context event 1000, len 739
01-31 17:20:59.890 D/bt-btif (  663): btif task fetched event a001
01-31 17:20:59.890 D/bt-btif (  663): btif_context_switched
01-31 17:20:59.890 D/BtGatt.btif(  663): btgattc_handle_event: Event 1000
01-31 17:20:59.890 I/bt-btif (  663): BTA got event 0x1f16
01-31 17:20:59.890 D/bt-btif (  663): bta_gattc_hdl_event: Event [BTA_GATTC_API_REG_EVT]
01-31 17:20:59.890 D/bt-btif (  663): bta_gattc_register state 2
01-31 17:20:59.890 I/bt-att  (  663): GATT_Register
01-31 17:20:59.890 D/bt-att  (  663): UUID=[0xf13b7b1cbe71470ead69169bb671776e]
01-31 17:20:59.890 I/bt-att  (  663): allocated gatt_if=6
01-31 17:20:59.890 D/bt-btif (  663): btif_transfer_context event 0, len 676
01-31 17:20:59.890 I/bt-btif (  663): BTA got event 0x1f15
01-31 17:20:59.890 D/bt-btif (  663): bta_gattc_hdl_event: Event [BTA_GATTC_INT_START_IF_EVT]
01-31 17:20:59.890 I/bt-att  (  663): GATT_StartIf gatt_if=6
01-31 17:20:59.890 D/bt-btif (  663): GATT_StartIf gatt_if=6
01-31 17:20:59.890 D/bt-att  (  663): btif_context_switched
01-31 17:20:59.890 D/bt-btif (  663): btif_context_switched
01-31 17:20:59.890 D/BtGatt.btif(  663): btif_gattc_upstreams_evt: Event 0
01-31 17:20:59.890 D/bt-att  (  663): gatt_find_the_connected_bda found=0 found_idx=18
01-31 17:20:59.890 I/bt-btif (  663): HAL bt_gatt_callbacks->client->register_client_cb
01-31 17:20:59.890 D/BtGatt.GattService(  663): onClientRegistered() - UUID=f13b7b1c-be71-470e-ad69-169bb671776e, clientIf=6
01-31 17:20:59.890 D/BluetoothAdapter(  663): onClientRegistered() - status=0 clientIf=6
01-31 17:20:59.900 D/BtGatt.GattService(  663): startScan() - queue=0
01-31 17:20:59.900 D/BtGatt.GattService(  663): startScan() - adding client=6
01-31 17:20:59.900 D/BtGatt.btif(  663): btif_gattc_scan
01-31 17:20:59.900 D/bt-btif (  663): btif_transfer_context event 1002, len 739
01-31 17:20:59.900 D/bt-btif (  663): btif task fetched event a001
01-31 17:20:59.900 D/bt-btif (  663): btif_context_switched
01-31 17:20:59.900 D/BtGatt.btif(  663): btgattc_handle_event: Event 1002
01-31 17:20:59.900 I/bt-btif (  663): BTA_DmBleObserve:start = 1 
01-31 17:20:59.900 I/bt-btif (  663): BTA got event 0x120
01-31 17:20:59.900 I/bt-btif (  663): bta_dm_sm_execute event:0x20
01-31 17:20:59.900 I/bt-btm  (  663): BTM_BleObserve 
01-31 17:20:59.900 V/BleRemoteControllerService(  663): scanLeDevice spend:7
01-31 17:20:59.900 E/GKI_LINUX(  663): ##### ERROR : acquire_wake_lock: got lock success ret=2#####
01-31 17:20:59.900 D/bt_upio (  663): BT_WAKE is asserted already
01-31 17:20:59.900 E/bt_upio (  663): upio_set : open(/proc/bluetooth/sleep/btwrite) for write failed: No such file or directory (2)
01-31 17:20:59.900 D/bt_upio (  663): BT_WAKE is asserted already
01-31 17:20:59.900 E/bt_upio (  663): upio_set : open(/proc/bluetooth/sleep/btwrite) for write failed: No such file or directory (2)
01-31 17:20:59.900 D/bt-btif (  663): HC lib lpm deassertion return 0
01-31 17:20:59.900 D/bt-btif (  663): HC lib lpm deassertion return 0
01-31 17:21:00.000 E/GKI_LINUX(  663): ##### ERROR : release_wake_lock: release lock success ret=2#####
01-31 17:21:00.900 D/bt_upio (  663): btwake deassertion
01-31 17:21:03.730 W/System.err( 2657): java.net.SocketTimeoutException: failed to connect to /192.168.1.1 (port 8300) after 10000ms
01-31 17:21:03.730 W/System.err( 2657): 	at libcore.io.IoBridge.connectErrno(IoBridge.java:159)
01-31 17:21:03.730 W/System.err( 2657): 	at libcore.io.IoBridge.connect(IoBridge.java:112)
01-31 17:21:03.730 W/System.err( 2657): 	at java.net.PlainSocketImpl.connect(PlainSocketImpl.java:192)
01-31 17:21:03.730 W/System.err( 2657): 	at java.net.PlainSocketImpl.connect(PlainSocketImpl.java:459)
01-31 17:21:03.730 W/System.err( 2657): 	at java.net.Socket.connect(Socket.java:843)
01-31 17:21:03.730 W/System.err( 2657): 	at com.android.okhttp.internal.Platform.connectSocket(Platform.java:131)
01-31 17:21:03.730 W/System.err( 2657): 	at com.android.okhttp.Connection.connect(Connection.java:101)
01-31 17:21:03.740 W/System.err( 2657): 	at com.android.okhttp.internal.http.HttpEngine.connect(HttpEngine.java:294)
01-31 17:21:03.740 W/System.err( 2657): 	at com.android.okhttp.internal.http.HttpEngine.sendSocketRequest(HttpEngine.java:255)
01-31 17:21:03.740 W/System.err( 2657): 	at com.android.okhttp.internal.http.HttpEngine.sendRequest(HttpEngine.java:206)
01-31 17:21:03.740 W/System.err( 2657): 	at com.android.okhttp.internal.http.HttpURLConnectionImpl.execute(HttpURLConnectionImpl.java:345)
01-31 17:21:03.740 W/System.err( 2657): 	at com.android.okhttp.internal.http.HttpURLConnectionImpl.getResponse(HttpURLConnectionImpl.java:296)
01-31 17:21:03.740 W/System.err( 2657): 	at com.android.okhttp.internal.http.HttpURLConnectionImpl.getInputStream(HttpURLConnectionImpl.java:179)
01-31 17:21:03.740 W/System.err( 2657): 	at com.xiaomi.mitv.media.XQDetectorService.getStringFromUrl(XQDetectorService.java:257)
01-31 17:21:03.740 W/System.err( 2657): 	at com.xiaomi.mitv.media.XQDetectorService$1.run(XQDetectorService.java:54)
01-31 17:21:03.740 W/System.err( 2657): 	at android.os.Handler.handleCallback(Handler.java:733)
01-31 17:21:03.740 W/System.err( 2657): 	at android.os.Handler.dispatchMessage(Handler.java:95)
01-31 17:21:03.740 W/System.err( 2657): 	at android.os.Looper.loop(Looper.java:136)
01-31 17:21:03.740 W/System.err( 2657): 	at android.os.HandlerThread.run(HandlerThread.java:61)
01-31 17:21:03.740 I/mediaexplorerdaemon.net.XQDetectorService( 2657): get jsonString: null
01-31 17:21:03.740 I/mediaexplorerdaemon.net.XQDetectorService( 2657): jsonString is null
01-31 17:21:03.740 I/mediaexplorerdaemon.net.XQDetectorService( 2657): waitTime: 15000
01-31 17:21:04.590 D/StatusBar.NetworkController(  635): onReceive WIFI state change.
01-31 17:21:04.600 D/MiTVNetworkController(  939): action onReceive is : android.net.wifi.RSSI_CHANGED, mitv.network.ethernet.action.ETHERNET_STATE_CHANGED
01-31 17:21:04.600 D/MiTVNetworkController(  939): updateWifiIcons mWifiConnected:true, mWifiLevel:3 mEthernetConnected false
01-31 17:21:04.600 D/NetworkStateManager(  939): changeNetworkState, type:2, flag:0, level:3, lable:vodafoneE509
01-31 17:21:04.600 D/NetworkStateView(  939): changeNetworkState type:2, flag:0, level:3, label:vodafoneE509, last_lable:null
01-31 17:21:09.480 D/dalvikvm(  841): GC_CONCURRENT freed 395K, 17% free 3422K/4084K, paused 13ms+12ms, total 128ms
01-31 17:21:09.900 D/BluetoothAdapter(  663): stopLeScan()
01-31 17:21:09.900 D/BtGatt.GattService(  663): stopScan() - queue=1
01-31 17:21:09.900 D/BtGatt.GattService(  663): stopScan() - queue empty; stopping scan
01-31 17:21:09.900 D/BtGatt.btif(  663): btif_gattc_scan
01-31 17:21:09.900 D/bt-btif (  663): btif_transfer_context event 1003, len 739
01-31 17:21:09.900 D/bt-btif (  663): btif task fetched event a001
01-31 17:21:09.900 D/bt-btif (  663): btif_context_switched
01-31 17:21:09.900 D/BtGatt.btif(  663): btgattc_handle_event: Event 1003
01-31 17:21:09.900 I/bt-btif (  663): BTA_DmBleObserve:start = 0 
01-31 17:21:09.900 I/bt-btif (  663): BTA got event 0x120
01-31 17:21:09.900 I/bt-btif (  663): bta_dm_sm_execute event:0x20
01-31 17:21:09.900 I/bt-btm  (  663): BTM_BleObserve 
01-31 17:21:09.900 I/bt-btm  (  663): btm_ble_stop_scan 
01-31 17:21:09.900 D/BtGatt.GattService(  663): unregisterClient() - clientIf=6
01-31 17:21:09.900 D/BtGatt.btif(  663): btif_gattc_unregister_app
01-31 17:21:09.900 D/bt-btif (  663): btif_transfer_context event 1001, len 739
01-31 17:21:09.900 E/GKI_LINUX(  663): ##### ERROR : acquire_wake_lock: got lock success ret=2#####
01-31 17:21:09.900 D/bt-btm  (  663): BTM Inq Compl Callback: status 0x00, num results 1
01-31 17:21:09.900 I/bt-btm  (  663): btm_update_scanner_filter_policy
01-31 17:21:09.900 D/bt-btm  (  663): btm_acl_update_busy_level
01-31 17:21:09.900 D/bt-btm  (  663): BTM_BLI_INQ_DONE_EVT
01-31 17:21:09.900 D/bt-btif (  663): btif task fetched event a001
01-31 17:21:09.900 D/bt-btif (  663): btif_context_switched
01-31 17:21:09.900 D/BtGatt.btif(  663): btgattc_handle_event: Event 1001
01-31 17:21:09.900 I/bt-btif (  663): BTA got event 0x1f17
01-31 17:21:09.900 D/bt-btif (  663): bta_gattc_hdl_event: Event [BTA_GATTC_API_DEREG_EVT]
01-31 17:21:09.900 E/bt_upio (  663): upio_set : open(/proc/bluetooth/sleep/btwrite) for write failed: No such file or directory (2)
01-31 17:21:09.900 I/bt-att  (  663): GATT_Deregister gatt_if=6
01-31 17:21:09.900 I/bt-att  (  663): GATT_Listen gatt_if=6
01-31 17:21:09.900 I/bt-btm  (  663): BTM_BleUpdateAdvFilterPolicy
01-31 17:21:09.900 I/bt-btm  (  663): BTM_ReadConnectability
01-31 17:21:09.900 I/bt-btm  (  663): BTM_SetConnectability
01-31 17:21:09.900 I/bt-btm  (  663): btm_ble_set_connectability mode=0x0 combined_mode=0x1
01-31 17:21:09.900 I/bt-btm  (  663): always disable adv in non-discoverable non-connectable mode with no scan rsp
01-31 17:21:09.900 I/bt-btm  (  663): BTM_SetConnectability: mode 1 [NonConn-0, Conn-1], window 0x0012, interval 0x0800
01-31 17:21:09.900 D/bt-btif (  663): btif_transfer_context event 1, len 676
01-31 17:21:09.900 D/bt-btif (  663): btif task fetched event a001
01-31 17:21:09.900 D/bt-btif (  663): btif_context_switched
01-31 17:21:09.900 D/BtGatt.btif(  663): btif_gattc_upstreams_evt: Event 1
01-31 17:21:09.900 D/bt_upio (  663): BT_WAKE is asserted already
01-31 17:21:09.900 E/bt_upio (  663): upio_set : open(/proc/bluetooth/sleep/btwrite) for write failed: No such file or directory (2)
01-31 17:21:09.910 D/bt_upio (  663): BT_WAKE is asserted already
01-31 17:21:09.910 E/bt_upio (  663): upio_set : open(/proc/bluetooth/sleep/btwrite) for write failed: No such file or directory (2)
01-31 17:21:09.910 D/bt-btif (  663): HC lib lpm deassertion return 0
01-31 17:21:09.910 D/bt-btif (  663): HC lib lpm deassertion return 0
01-31 17:21:10.000 E/GKI_LINUX(  663): ##### ERROR : release_wake_lock: release lock success ret=2#####
01-31 17:21:10.400 V/BleRemoteControllerService(  663): requestScan,RC size:0,hasInit:true,isBinded:false,mIsPair:false,Connecting:false
01-31 17:21:10.400 D/BluetoothAdapterService(1101120176)(  663): getState(): mAdapterProperties: com.android.bluetooth.btservice.AdapterProperties@41a1d570
01-31 17:21:10.400 D/BluetoothAdapterService(1101120176)(  663): Get Bonded Devices being called
01-31 17:21:10.400 D/BluetoothAdapterProperties(  663): getBondedDevices: length=1
01-31 17:21:10.400 D/BluetoothAdapterService(1101120176)(  663): getState(): mAdapterProperties: com.android.bluetooth.btservice.AdapterProperties@41a1d570
01-31 17:21:10.410 E/BleRemoteControllerService(  663): compare name failed!
01-31 17:21:10.410 D/BluetoothAdapterService(1101120176)(  663): getState(): mAdapterProperties: com.android.bluetooth.btservice.AdapterProperties@41a1d570
01-31 17:21:10.420 D/BluetoothAdapterService(1101120176)(  663): Get Bonded Devices being called
01-31 17:21:10.420 D/BluetoothAdapterProperties(  663): getBondedDevices: length=1
01-31 17:21:10.420 D/BluetoothAdapterService(1101120176)(  663): getState(): mAdapterProperties: com.android.bluetooth.btservice.AdapterProperties@41a1d570
01-31 17:21:10.430 E/BleRemoteControllerService(  663): compare name failed!
01-31 17:21:10.430 D/BluetoothAdapterService(1101120176)(  663): getState(): mAdapterProperties: com.android.bluetooth.btservice.AdapterProperties@41a1d570
01-31 17:21:10.430 D/BluetoothAdapter(  663): startLeScan(): null
01-31 17:21:10.430 D/BtGatt.GattService(  663): registerClient() - UUID=40c23301-6a37-41f4-855f-f0b4ef91e22b
01-31 17:21:10.430 D/BtGatt.btif(  663): btif_gattc_register_app
01-31 17:21:10.430 D/bt-btif (  663): btif_transfer_context event 1000, len 739
01-31 17:21:10.430 D/bt-btif (  663): btif task fetched event a001
01-31 17:21:10.430 D/bt-btif (  663): btif_context_switched
01-31 17:21:10.430 D/BtGatt.btif(  663): btgattc_handle_event: Event 1000
01-31 17:21:10.430 I/bt-btif (  663): BTA got event 0x1f16
01-31 17:21:10.430 D/bt-btif (  663): bta_gattc_hdl_event: Event [BTA_GATTC_API_REG_EVT]
01-31 17:21:10.430 D/bt-btif (  663): bta_gattc_register state 2
01-31 17:21:10.430 I/bt-att  (  663): GATT_Register
01-31 17:21:10.430 D/bt-att  (  663): UUID=[0x40c233016a3741f4855ff0b4ef91e22b]
01-31 17:21:10.430 I/bt-att  (  663): allocated gatt_if=6
01-31 17:21:10.430 D/bt-btif (  663): btif_transfer_context event 0, len 676
01-31 17:21:10.430 I/bt-btif (  663): BTA got event 0x1f15
01-31 17:21:10.430 D/bt-btif (  663): bta_gattc_hdl_event: Event [BTA_GATTC_INT_START_IF_EVT]
01-31 17:21:10.430 I/bt-att  (  663): GATT_StartIf gatt_if=6
01-31 17:21:10.430 D/bt-att  (  663): gatt_find_the_connected_bda start_idx=0
01-31 17:21:10.430 D/bt-att  (  663): gatt_find_the_connected_bda found=0 found_idx=18
01-31 17:21:10.430 D/bt-btif (  663): btif task fetched event a001
01-31 17:21:10.430 D/bt-btif (  663): btif_context_switched
01-31 17:21:10.430 D/BtGatt.btif(  663): btif_gattc_upstreams_evt: Event 0
01-31 17:21:10.430 I/bt-btif (  663): HAL bt_gatt_callbacks->client->register_client_cb
01-31 17:21:10.430 D/BtGatt.GattService(  663): onClientRegistered() - UUID=40c23301-6a37-41f4-855f-f0b4ef91e22b, clientIf=6
01-31 17:21:10.440 D/BluetoothAdapter(  663): onClientRegistered() - status=0 clientIf=6
01-31 17:21:10.440 D/BtGatt.GattService(  663): startScan() - queue=0
01-31 17:21:10.440 D/BtGatt.GattService(  663): startScan() - adding client=6
01-31 17:21:10.440 D/BtGatt.btif(  663): btif_gattc_scan
01-31 17:21:10.440 D/bt-btif (  663): btif_transfer_context event 1002, len 739
01-31 17:21:10.440 D/bt-btif (  663): btif task fetched event a001
01-31 17:21:10.440 D/bt-btif (  663): btif_context_switched
01-31 17:21:10.440 D/BtGatt.btif(  663): btgattc_handle_event: Event 1002
01-31 17:21:10.440 I/bt-btif (  663): BTA_DmBleObserve:start = 1 
01-31 17:21:10.440 V/BleRemoteControllerService(  663): scanLeDevice spend:9
01-31 17:21:10.440 I/bt-btif (  663): BTA got event 0x120
01-31 17:21:10.440 I/bt-btif (  663): bta_dm_sm_execute event:0x20
01-31 17:21:10.440 I/bt-btm  (  663): BTM_BleObserve 
01-31 17:21:10.440 E/GKI_LINUX(  663): ##### ERROR : acquire_wake_lock: got lock success ret=2#####
01-31 17:21:10.440 D/bt_upio (  663): BT_WAKE is asserted already
01-31 17:21:10.440 E/bt_upio (  663): upio_set : open(/proc/bluetooth/sleep/btwrite) for write failed: No such file or directory (2)
01-31 17:21:10.440 D/bt_upio (  663): BT_WAKE is asserted already
01-31 17:21:10.440 E/bt_upio (  663): upio_set : open(/proc/bluetooth/sleep/btwrite) for write failed: No such file or directory (2)
01-31 17:21:10.440 D/bt-btif (  663): HC lib lpm deassertion return 0
01-31 17:21:10.440 D/bt-btif (  663): HC lib lpm deassertion return 0
01-31 17:21:10.540 E/GKI_LINUX(  663): ##### ERROR : release_wake_lock: release lock success ret=2#####
01-31 17:21:11.450 D/bt_upio (  663): btwake deassertion
01-31 17:21:15.500 W/ContextImpl(  903): Calling a method in the system process without a qualified user: android.app.ContextImpl.startService:1518 android.content.ContextWrapper.startService:494 android.content.ContextWrapper.startService:494 com.xiaomi.push.service.receivers.PingReceiver.onReceive:-1 android.app.ActivityThread.handleReceiver:2419 
01-31 17:21:15.510 W/PushService(  903): 2016-01-31 17:21:15,513 - [WARN::PushService] - [Thread:1] Service called on timer
01-31 17:21:15.810 W/System.err( 3344): java.net.UnknownHostException: VODAFONE
01-31 17:21:15.810 W/System.err( 3344): 	at xmjcifs.netbios.NameServiceClient.getAllByName(NameServiceClient.java:308)
01-31 17:21:15.810 W/System.err( 3344): 	at xmjcifs.netbios.NbtAddress.getAllByName(NbtAddress.java:464)
01-31 17:21:15.810 W/System.err( 3344): 	at com.xiaomi.mitv.mediaexplorer.smb.SmbSearch.getIpByHostName(SmbSearch.java:184)
01-31 17:21:15.810 W/System.err( 3344): 	at com.xiaomi.mitv.mediaexplorer.model.DeviceManager.tryAddPreloadSmbDevice(DeviceManager.java:433)
01-31 17:21:15.820 W/System.err( 3344): 	at com.xiaomi.mitv.mediaexplorer.model.DeviceManager.preloadSmbDevices(DeviceManager.java:414)
01-31 17:21:15.820 W/System.err( 3344): 	at com.xiaomi.mitv.mediaexplorer.model.DeviceManager$1.run(DeviceManager.java:134)
01-31 17:21:15.820 W/System.err( 3344): 	at android.os.Handler.handleCallback(Handler.java:733)
01-31 17:21:15.820 W/System.err( 3344): 	at android.os.Handler.dispatchMessage(Handler.java:95)
01-31 17:21:15.820 W/System.err( 3344): 	at android.os.Looper.loop(Looper.java:136)
01-31 17:21:15.820 W/System.err( 3344): 	at android.os.HandlerThread.run(HandlerThread.java:61)
01-31 17:21:15.820 I/DeviceManager( 3344): can not find ip for VODAFONE
01-31 17:21:15.820 I/DeviceManager( 3344): failed to tryAddPreloadSmbDevice: VODAFONE
01-31 17:21:15.820 I/Smb.SmbDeviceInfoManager( 3344): moveDownDeviceInfo: VODAFONE
01-31 17:21:15.820 I/Smb.SmbDeviceInfoManager( 3344): saveSmbDeviceInfo
01-31 17:21:15.890 I/Smb.SmbDeviceInfoManager( 3344): 7 number of history saved
01-31 17:21:15.900 I/DeviceManager( 3344): preloadSmbDevices, url(//192.168.1.7/), hostname(EVA-PC), ip(192.168.1.7)
01-31 17:21:15.900 I/DeviceManager( 3344): get info: EVA-PC
01-31 17:21:15.900 I/Smb.SmbSearch( 3344): getIpByHostName: EVA-PC
01-31 17:21:15.990 D/dalvikvm( 3344): GC_CONCURRENT freed 378K, 15% free 3572K/4196K, paused 14ms+16ms, total 144ms
01-31 17:21:17.050 D/NameService(  889): mValidator run
01-31 17:21:17.060 D/NameService(  889): going to refresh address for appstore.server1 useDns false aForceUseDns false
01-31 17:21:17.060 D/NameService(  889): going to refresh address for pandora.server1 useDns false aForceUseDns false
01-31 17:21:17.060 D/NameService(  889): have 2 name need to refresh
01-31 17:21:17.070 D/NameService(  889): check after 30000
01-31 17:21:17.600 D/dalvikvm(  889): GC_CONCURRENT freed 396K, 18% free 3285K/3992K, paused 13ms+16ms, total 139ms
01-31 17:21:17.880 D/AddressProvider(  889): address refresed appstore.server1
01-31 17:21:17.920 D/AddressProvider(  889): no change just refresh the expired time for appstore.server1
01-31 17:21:18.760 I/mediaexplorerdaemon.net.XQDetectorService( 2657): mXQdetector run!! count: 3
01-31 17:21:18.760 I/mediaexplorerdaemon.net.XQDetectorService( 2657): getXQIp
01-31 17:21:18.760 I/mediaexplorerdaemon.net.XQDetectorService( 2657): getGatewayAddress
01-31 17:21:18.760 I/mediaexplorerdaemon.net.XQDetectorService( 2657): getXQIp, return gateway ip: 192.168.1.1
01-31 17:21:18.760 I/mediaexplorerdaemon.net.XQDetectorService( 2657): getStringFromUrl: http://192.168.1.1:8300/change_info
01-31 17:21:18.950 D/dalvikvm(  889): GC_CONCURRENT freed 429K, 19% free 3271K/3992K, paused 8ms+8ms, total 90ms
01-31 17:21:19.320 D/AddressProvider(  889): address refresed pandora.server1
01-31 17:21:19.350 D/AddressProvider(  889): change for content://com.xiaomi.tv.nameservice/NameAddress/pandora.server1
01-31 17:21:19.710 D/StatusBar.NetworkController(  635): onReceive WIFI state change.
01-31 17:21:19.710 D/MiTVNetworkController(  939): action onReceive is : android.net.wifi.RSSI_CHANGED, mitv.network.ethernet.action.ETHERNET_STATE_CHANGED
01-31 17:21:19.710 D/MiTVNetworkController(  939): updateWifiIcons mWifiConnected:true, mWifiLevel:4 mEthernetConnected false
01-31 17:21:19.710 D/NetworkStateManager(  939): changeNetworkState, type:2, flag:0, level:4, lable:vodafoneE509
01-31 17:21:19.710 D/NetworkStateView(  939): changeNetworkState type:2, flag:0, level:4, label:vodafoneE509, last_lable:null
01-31 17:21:20.440 D/BluetoothAdapter(  663): stopLeScan()
01-31 17:21:20.440 D/BtGatt.GattService(  663): stopScan() - queue=1
01-31 17:21:20.440 D/BtGatt.GattService(  663): stopScan() - queue empty; stopping scan
01-31 17:21:20.440 D/BtGatt.btif(  663): btif_gattc_scan
01-31 17:21:20.440 D/bt-btif (  663): btif_transfer_context event 1003, len 739
01-31 17:21:20.440 D/bt-btif (  663): btif task fetched event a001
01-31 17:21:20.440 D/bt-btif (  663): btif_context_switched
01-31 17:21:20.440 D/BtGatt.btif(  663): btgattc_handle_event: Event 1003
01-31 17:21:20.440 I/bt-btif (  663): BTA_DmBleObserve:start = 0 
01-31 17:21:20.440 I/bt-btif (  663): BTA got event 0x120
01-31 17:21:20.440 I/bt-btif (  663): bta_dm_sm_execute event:0x20
01-31 17:21:20.440 I/bt-btm  (  663): BTM_BleObserve 
01-31 17:21:20.440 I/bt-btm  (  663): btm_ble_stop_scan 
01-31 17:21:20.440 E/GKI_LINUX(  663): ##### ERROR : acquire_wake_lock: got lock success ret=2#####
01-31 17:21:20.440 D/bt-btm  (  663): BTM Inq Compl Callback: status 0x00, num results 1
01-31 17:21:20.440 I/bt-btm  (  663): btm_update_scanner_filter_policy
01-31 17:21:20.440 D/bt-btm  (  663): btm_acl_update_busy_level
01-31 17:21:20.440 D/bt-btm  (  663): BTM_BLI_INQ_DONE_EVT
