01-31 17:21:24.100 D/BroadcastRecv( 3187): onReceive android.net.conn.CONNECTIVITY_CHANGE
01-31 17:21:24.110 W/ContextImpl( 1999): Calling a method in the system process without a qualified user: android.app.ContextImpl.startService:1518 android.content.ContextWrapper.startService:494 android.content.ContextWrapper.startService:494 com.xiaomi.gamecenter.sdk.service.GlobalReceiver.onReceive:-1 android.app.ActivityThread.handleReceiver:2419 
01-31 17:21:24.120 E/ConnectChangeCheckUpgrade( 1999): å¼€å§‹æ£€æµ‹å‡çº§
01-31 17:21:24.120 E/ConnectChangeCheckUpgrade( 1999): NET WORK ERROR
01-31 17:21:24.120 D/com.xiaomi.mitv.appstore.data.StartupReceiver( 1793): onReceiveintent: Intent { act=android.net.conn.CONNECTIVITY_CHANGE flg=0x4000010 cmp=com.xiaomi.mitv.appstore/.data.StartupReceiver (has extras) } extra: Bundle[mParcelledData.dataSize=444]
01-31 17:21:24.120 D/com.xiaomi.mitv.appstore.data.StartupReceiver( 1793): receive CONNECTIVITY_ACTION intent!!!
01-31 17:21:24.120 D/LaunchReceiver( 1793): onReceive() action == android.net.conn.CONNECTIVITY_CHANGE
01-31 17:21:24.130 I/mediaexplorerdaemon.net.NetBroadcastReceiver( 2657): netReceiver, action: android.net.conn.CONNECTIVITY_CHANGE
01-31 17:21:24.140 D/SyncAndBootReceiver( 3201): onReceive action:android.net.conn.CONNECTIVITY_CHANGE
01-31 17:21:24.140 D/SyncAndBootReceiver( 3201): onConnectivityChange
01-31 17:21:24.140 W/PackageListSyncer( 3201): isTimeToSync networkConnected:false, timeIsUP:false
01-31 17:21:24.140 D/PackageListSyncer( 3201): is NOT time to sync(onConnectivityChange), dropp this sync request.
01-31 17:21:24.140 W/PackageListSyncer( 3201): isTimeToSync networkConnected:false, timeIsUP:false
01-31 17:21:24.140 D/PackageListSyncer( 3201): is NOT time to sync(onConnectivityChange), dropp this sync request.
01-31 17:21:24.140 D/ConnectChangedReceiver(  876): intent: Intent { act=android.net.conn.CONNECTIVITY_CHANGE flg=0x4000010 cmp=com.xiaomi.mitv.remotecontroller.service/.receiver.ConnectChangedReceiver (has extras) } extra: Bundle[mParcelledData.dataSize=444]
01-31 17:21:24.140 D/ConnectChangedReceiver(  876): broadcast has been handle, return
01-31 17:21:24.150 D/BroadcastRecv(  876): onReceive android.net.conn.CONNECTIVITY_CHANGE
01-31 17:21:24.160 D/MIUIADSPUSH(  903):  NetworkStatusReceiver start service with return ComponentInfo{com.xiaomi.xmsf/com.xiaomi.push.service.XMPushService}
01-31 17:21:24.160 W/PushService(  903): 2016-01-31 17:21:24,166 - [WARN::PushService] - [Thread:1] network changed, no active network
01-31 17:21:24.160 W/PushService(  903): 2016-01-31 17:21:24,167 - [WARN::PushService] - [Thread:75] JOB: disconnect the connection.
01-31 17:21:24.160 W/PushService(  903): 2016-01-31 17:21:24,168 - [WARN::PushService] - [Thread:75] disconnect 1101357544, null
01-31 17:21:24.160 W/ContextImpl(  903): Calling a method in the system process without a qualified user: android.app.ContextImpl.startService:1518 android.content.ContextWrapper.startService:494 android.content.ContextWrapper.startService:494 com.xiaomi.xmsf.push.service.receivers.NetworkStatusReceiver.onReceive:-1 android.app.ActivityThread.handleReceiver:2419 
01-31 17:21:24.170 V/DuokanBroadcastReceiver( 3215): onReceive, intent = Intent { act=android.net.conn.CONNECTIVITY_CHANGE flg=0x4000010 cmp=com.xiaomi.mitv.player/.DuokanBroadcastReceiver (has extras) }
01-31 17:21:24.170 D/DuokanBroadcastReceiver( 3215): has noConnectivity extra, isConnected = false, sPrevConnectivity = true
01-31 17:21:24.290 W/SocketClient(  167): write error (Broken pipe)
01-31 17:21:24.390 V/AudioFlinger(  172): removeTracks_l removing track on session 58,mId 8 
01-31 17:21:24.390 V/AudioFlinger(  172): acquireWakeLock_l() AudioOut_8 status 0
01-31 17:21:24.480 V/AudioFlinger(  172): removeTracks_l removing track on session 0,mId 7 
01-31 17:21:24.480 V/AudioFlinger(  172): acquireWakeLock_l() AudioOut_7 status 0
01-31 17:21:24.490 V/AudioFlinger(  172): removeTracks_l removing track on session 0,mId 2 
01-31 17:21:24.490 V/AudioFlinger(  172): acquireWakeLock_l() AudioOut_2 status 0
01-31 17:21:25.910 W/System.err( 3344): java.net.UnknownHostException: EVA-PC
01-31 17:21:25.910 W/System.err( 3344): 	at xmjcifs.netbios.NameServiceClient.getAllByName(NameServiceClient.java:300)
01-31 17:21:25.910 W/System.err( 3344): 	at xmjcifs.netbios.NbtAddress.getAllByName(NbtAddress.java:464)
01-31 17:21:25.910 W/System.err( 3344): 	at com.xiaomi.mitv.mediaexplorer.smb.SmbSearch.getIpByHostName(SmbSearch.java:184)
01-31 17:21:25.910 W/System.err( 3344): 	at com.xiaomi.mitv.mediaexplorer.model.DeviceManager.tryAddPreloadSmbDevice(DeviceManager.java:433)
01-31 17:21:25.910 W/System.err( 3344): 	at com.xiaomi.mitv.mediaexplorer.model.DeviceManager.preloadSmbDevices(DeviceManager.java:414)
01-31 17:21:25.910 W/System.err( 3344): 	at com.xiaomi.mitv.mediaexplorer.model.DeviceManager$1.run(DeviceManager.java:134)
01-31 17:21:25.910 W/System.err( 3344): 	at android.os.Handler.handleCallback(Handler.java:733)
01-31 17:21:25.910 W/System.err( 3344): 	at android.os.Handler.dispatchMessage(Handler.java:95)
01-31 17:21:25.910 W/System.err( 3344): 	at android.os.Looper.loop(Looper.java:136)
01-31 17:21:25.910 W/System.err( 3344): 	at android.os.HandlerThread.run(HandlerThread.java:61)
01-31 17:21:25.910 I/DeviceManager( 3344): can not find ip for EVA-PC
01-31 17:21:25.910 I/DeviceManager( 3344): failed to tryAddPreloadSmbDevice: EVA-PC
01-31 17:21:25.910 I/Smb.SmbDeviceInfoManager( 3344): moveDownDeviceInfo: EVA-PC
01-31 17:21:25.910 I/Smb.SmbDeviceInfoManager( 3344): saveSmbDeviceInfo
01-31 17:21:25.930 I/Smb.SmbDeviceInfoManager( 3344): 7 number of history saved
01-31 17:21:25.930 I/Smb.SmbSearch( 3344): startSearch!
01-31 17:21:25.930 I/Smb.SmbSearch( 3344): start
01-31 17:21:25.930 I/Util    ( 3344): get ip
01-31 17:21:25.930 I/Smb.SmbSearch( 3344): localIP: null
01-31 17:21:25.930 I/Smb.SmbSearch( 3344): begin to search!
01-31 17:21:25.930 W/System.err( 3344): java.net.UnknownHostException: WORKGROUP
01-31 17:21:25.930 W/System.err( 3344): 	at xmjcifs.netbios.NameServiceClient.getAllByName(NameServiceClient.java:300)
01-31 17:21:25.930 W/System.err( 3344): 	at xmjcifs.netbios.NbtAddress.getAllByName(NbtAddress.java:464)
01-31 17:21:25.930 W/System.err( 3344): 	at com.xiaomi.mitv.mediaexplorer.smb.SmbSearch.getWorkgroupByName(SmbSearch.java:152)
01-31 17:21:25.930 W/System.err( 3344): 	at com.xiaomi.mitv.mediaexplorer.smb.SmbSearch.start(SmbSearch.java:61)
01-31 17:21:25.930 W/System.err( 3344): 	at com.xiaomi.mitv.mediaexplorer.smb.SmbSearch.startSearch(SmbSearch.java:40)
01-31 17:21:25.930 W/System.err( 3344): 	at com.xiaomi.mitv.mediaexplorer.model.DeviceManager$1.run(DeviceManager.java:135)
01-31 17:21:25.940 W/System.err( 3344): 	at android.os.Handler.handleCallback(Handler.java:733)
01-31 17:21:25.940 W/System.err( 3344): 	at android.os.Handler.dispatchMessage(Handler.java:95)
01-31 17:21:25.940 W/System.err( 3344): 	at android.os.Looper.loop(Looper.java:136)
01-31 17:21:25.940 W/System.err( 3344): 	at android.os.HandlerThread.run(HandlerThread.java:61)
01-31 17:21:25.940 I/Smb.SmbSearch( 3344): Fail to find workgroup WORKGROUP
01-31 17:21:25.940 W/System.err( 3344): java.net.UnknownHostException: MSHOME
01-31 17:21:25.940 W/System.err( 3344): 	at xmjcifs.netbios.NameServiceClient.getAllByName(NameServiceClient.java:300)
01-31 17:21:25.940 W/System.err( 3344): 	at xmjcifs.netbios.NbtAddress.getAllByName(NbtAddress.java:464)
01-31 17:21:25.940 W/System.err( 3344): 	at com.xiaomi.mitv.mediaexplorer.smb.SmbSearch.getWorkgroupByName(SmbSearch.java:152)
01-31 17:21:25.940 W/System.err( 3344): 	at com.xiaomi.mitv.mediaexplorer.smb.SmbSearch.start(SmbSearch.java:65)
01-31 17:21:25.940 W/System.err( 3344): 	at com.xiaomi.mitv.mediaexplorer.smb.SmbSearch.startSearch(SmbSearch.java:40)
01-31 17:21:25.940 W/System.err( 3344): 	at com.xiaomi.mitv.mediaexplorer.model.DeviceManager$1.run(DeviceManager.java:135)
01-31 17:21:25.940 W/System.err( 3344): 	at android.os.Handler.handleCallback(Handler.java:733)
01-31 17:21:25.940 W/System.err( 3344): 	at android.os.Handler.dispatchMessage(Handler.java:95)
01-31 17:21:25.940 W/System.err( 3344): 	at android.os.Looper.loop(Looper.java:136)
01-31 17:21:25.940 W/System.err( 3344): 	at android.os.HandlerThread.run(HandlerThread.java:61)
01-31 17:21:25.940 I/Smb.SmbSearch( 3344): Fail to find workgroup MSHOME
01-31 17:21:26.000 I/wpa_supplicant(  771): P2P-DEVICE-FOUND 42:b0:fa:63:ca:b0 p2p_dev_addr=42:b0:fa:63:ca:b0 pri_dev_type=10-0050F204-5 name='Sink_cab0' config_methods=0x188 dev_capab=0x25 group_capab=0x0 wfd_dev_info=0x00000600101c440032
01-31 17:21:26.010 D/WifiMonitor(  547): Event [P2P-DEVICE-FOUND 42:b0:fa:63:ca:b0 p2p_dev_addr=42:b0:fa:63:ca:b0 pri_dev_type=10-0050F204-5 name='Sink_cab0' config_methods=0x188 dev_capab=0x25 group_capab=0x0 wfd_dev_info=0x00000600101c440032]
01-31 17:21:26.020 D/WfdManager( 3167): handleEvent: action = android.net.wifi.p2p.PEERS_CHANGED
01-31 17:21:26.030 I/WfdManager( 3167): wifiP2p device list count = 1
01-31 17:21:26.030 D/WfdManager( 3167): dev name=Sink_cab0, status=3
01-31 17:21:26.100 D/TVMQTTPushManager( 1366): isNetworkConnected
01-31 17:21:26.100 D/TVMQTTPushManager( 1366): network connection is NOT OK.
01-31 17:21:27.310 V/AudioFlinger(  172): releaseWakeLock_l() AudioOut_8
01-31 17:21:27.310 V/AudioFlinger(  172): thread 0xb31b3008 type 2 TID 621 going to sleep
01-31 17:21:27.380 V/AudioFlinger(  172): Audio hardware entering standby, mixer 0xb32f4008, suspend count 0,mid 7
01-31 17:21:27.380 D/audio_hw_hdmi(  172): out_standby(0xb7ff8578)
01-31 17:21:27.380 I/audio_hw_hdmi(  172): [do_output_standby 855]Clear LastStream/0xb7ff8578 
01-31 17:21:27.380 V/AudioFlinger(  172): releaseWakeLock_l() AudioOut_7
01-31 17:21:27.380 V/AudioFlinger(  172): thread 0xb32f4008 type 0 TID 620 going to sleep
01-31 17:21:27.400 V/AudioFlinger(  172): Audio hardware entering standby, mixer 0xb34cf008, suspend count 0,mid 2
01-31 17:21:27.400 D/audio_hw_primary(  172): do_output_standby(0xb7ff26a8)
01-31 17:21:27.400 D/audio_hw_primary(  172): do_output_standby : output_standby=1,input_standby=1
01-31 17:21:27.400 V/AudioFlinger(  172): releaseWakeLock_l() AudioOut_2
01-31 17:21:27.400 V/AudioFlinger(  172): thread 0xb34cf008 type 0 TID 619 going to sleep
01-31 17:21:28.160 I/wpa_supplicant(  771): P2P-DEVICE-FOUND 42:b0:fa:63:ca:b0 p2p_dev_addr=42:b0:fa:63:ca:b0 pri_dev_type=10-0050F204-5 name='Sink_cab0' config_methods=0x188 dev_capab=0x25 group_capab=0x0 wfd_dev_info=0x00000600101c440032
01-31 17:21:28.160 D/WifiMonitor(  547): Event [P2P-DEVICE-FOUND 42:b0:fa:63:ca:b0 p2p_dev_addr=42:b0:fa:63:ca:b0 pri_dev_type=10-0050F204-5 name='Sink_cab0' config_methods=0x188 dev_capab=0x25 group_capab=0x0 wfd_dev_info=0x00000600101c440032]
01-31 17:21:28.180 D/WfdManager( 3167): handleEvent: action = android.net.wifi.p2p.PEERS_CHANGED
01-31 17:21:28.190 I/hdmiswitch(  373):  recv n=256
01-31 17:21:28.190 I/hdmiswitch(  373):  recv n=238
01-31 17:21:28.190 I/hdmiswitch(  373):  recv n=238
01-31 17:21:28.200 I/WfdManager( 3167): wifiP2p device list count = 1
01-31 17:21:28.200 D/WfdManager( 3167): dev name=Sink_cab0, status=3
01-31 17:21:28.310 I/wpa_supplicant(  771): P2P-FIND-STOPPED 
01-31 17:21:28.320 D/WifiMonitor(  547): Event [P2P-FIND-STOPPED ]
01-31 17:21:28.320 I/wpa_supplicant(  771): rfkill: Cannot open RFKILL control device
01-31 17:21:28.370 D/WifiMonitor(  547): Event [IFNAME=p2p-wlan0-3 CTRL-EVENT-STATE-CHANGE id=-1 state=2 BSSID=00:00:00:00:00:00 SSID=]
01-31 17:21:28.430 D/WifiMonitor(  547): Event [IFNAME=p2p-wlan0-3 CTRL-EVENT-STATE-CHANGE id=-1 state=0 BSSID=00:00:00:00:00:00 SSID=]
01-31 17:21:28.430 D/WifiMonitor(  547): Event [IFNAME=p2p-wlan0-3 CTRL-EVENT-STATE-CHANGE id=-1 state=3 BSSID=00:00:00:00:00:00 SSID=]
01-31 17:21:28.440 E/wpa_supplicant(  771): Using interface p2p-wlan0-3 with hwaddr 06:e6:76:cf:6e:32 and ssid "DIRECT-EK-Sink_ee32"
01-31 17:21:28.530 I/wpa_supplicant(  771): p2p-wlan0-3: CTRL-EVENT-CONNECTED - Connection to 06:e6:76:cf:6e:32 completed (auth) [id=0 id_str=]
01-31 17:21:28.530 D/WifiMonitor(  547): Event [IFNAME=p2p-wlan0-3 CTRL-EVENT-CONNECTED - Connection to 06:e6:76:cf:6e:32 completed (auth) [id=0 id_str=]]
01-31 17:21:28.530 E/WifiMonitor(  547): received CONNECTED handleNetworkStateChange 
01-31 17:21:28.530 D/wifi_gbk2utf(  547): constructEventSsid, SSID = DIRECT-EK-Sink_ee32
01-31 17:21:28.530 D/WifiMonitor(  547): Event [IFNAME=p2p-wlan0-3 CTRL-EVENT-STATE-CHANGE id=0 state=9 BSSID=06:e6:76:cf:6e:32 SSID=DIRECT-EK-Sink_ee32]
01-31 17:21:28.530 I/wpa_supplicant(  771): P2P-GROUP-STARTED p2p-wlan0-3 GO ssid="DIRECT-EK-Sink_ee32" freq=2427 passphrase="qYiGL58S" go_dev_addr=06:e6:76:cf:ee:32 [PERSISTENT]
01-31 17:21:28.540 D/WifiMonitor(  547): Event [P2P-GROUP-STARTED p2p-wlan0-3 GO ssid="DIRECT-EK-Sink_ee32" freq=2427 passphrase="qYiGL58S" go_dev_addr=06:e6:76:cf:ee:32 [PERSISTENT]]
01-31 17:21:28.540 I/wpa_supplicant(  771): p2p-dev-wlan0: Control interface command 'LIST_NETWORKS'
01-31 17:21:28.540 D/WifiMonitor(  547): Event [IFNAME=p2p-dev-wlan0 Control interface command 'LIST_NETWORKS']
01-31 17:21:28.540 W/WifiMonitor(  547): couldn't identify event type - Control interface command 'LIST_NETWORKS'
01-31 17:21:28.540 I/wpa_supplicant(  771): p2p-wlan0-3: Control interface command 'SET p2p_group_idle 10'
01-31 17:21:28.540 D/WifiMonitor(  547): Event [IFNAME=p2p-wlan0-3 Control interface command 'SET p2p_group_idle 10']
01-31 17:21:28.540 W/WifiMonitor(  547): couldn't identify event type - Control interface command 'SET p2p_group_idle 10'
01-31 17:21:28.550 D/CommandListener(  167): Setting iface cfg
01-31 17:21:28.550 D/CommandListener(  167): Trying to bring up p2p-wlan0-3
01-31 17:21:28.560 D/TetherController(  167): Starting tethering services
01-31 17:21:28.560 D/TetherController(  167): Tethering services running
01-31 17:21:28.560 D/WifiP2pService(  547): Started Dhcp server on p2p-wlan0-3
01-31 17:21:28.570 D/WfdManager( 3167): handleEvent: action = android.net.wifi.p2p.THIS_DEVICE_CHANGED
01-31 17:21:28.570 I/WfdManager( 3167): this dev name = Sink_ee32dev state0
01-31 17:21:28.570 D/WfdActivity( 3167): onDeviceNameChanged Sink_ee32
01-31 17:21:28.570 D/WifiDisplayController(  547): WFD : File changed : path=dnsmasq.txt event=2
01-31 17:21:28.580 I/dnsmasq ( 3481): started, version 2.51 cachesize 150
01-31 17:21:28.580 I/dnsmasq ( 3481): compile time options: no-IPv6 GNU-getopt no-DBus no-I18N DHCP no-scripts no-TFTP
01-31 17:21:28.580 W/dnsmasq ( 3481): warning: no upstream servers configured
01-31 17:21:28.580 I/dnsmasq ( 3481): DHCP, IP range 192.168.49.2 -- 192.168.49.254, lease time 1h
01-31 17:21:28.580 I/dnsmasq ( 3481): read /etc/hosts - 1 addresses
01-31 17:21:28.820 I/wpa_supplicant(  771): p2p-wlan0-3: AP-STA-CONNECTED 42:b0:fa:63:4a:b0 p2p_dev_addr=42:b0:fa:63:ca:b0
01-31 17:21:28.820 D/WifiMonitor(  547): Event [IFNAME=p2p-wlan0-3 AP-STA-CONNECTED 42:b0:fa:63:4a:b0 p2p_dev_addr=42:b0:fa:63:ca:b0]
01-31 17:21:28.820 I/wpa_supplicant(  771): AP-STA-CONNECTED 42:b0:fa:63:4a:b0 p2p_dev_addr=42:b0:fa:63:ca:b0
01-31 17:21:28.820 I/wpa_supplicant(  771): p2p-wlan0-3: Control interface command 'SET p2p_group_idle 0'
01-31 17:21:28.820 D/WifiMonitor(  547): Event [IFNAME=p2p-wlan0-3 Control interface command 'SET p2p_group_idle 0']
01-31 17:21:28.820 W/WifiMonitor(  547): couldn't identify event type - Control interface command 'SET p2p_group_idle 0'
01-31 17:21:28.820 D/WifiDisplayController(  547): WFD : I am GO
01-31 17:21:28.830 I/wpa_supplicant(  771): wlan0: Control interface command 'SCAN_INTERVAL 60'
01-31 17:21:28.830 D/WifiMonitor(  547): Event [IFNAME=wlan0 Control interface command 'SCAN_INTERVAL 60']
01-31 17:21:28.830 W/WifiMonitor(  547): couldn't identify event type - Control interface command 'SCAN_INTERVAL 60'
01-31 17:21:28.830 D/WfdManager( 3167): handleEvent: action = android.net.wifi.p2p.PEERS_CHANGED
01-31 17:21:28.830 D/WfdManager( 3167): handleEvent: action = android.net.wifi.p2p.CONNECTION_STATE_CHANGE
01-31 17:21:28.830 D/WfdManager( 3167): WIFI P2P Connected
01-31 17:21:28.850 I/WfdManager( 3167): wifiP2p device list count = 1
01-31 17:21:28.850 D/WfdManager( 3167): dev name=Sink_cab0, status=0
01-31 17:21:28.850 D/WfdActivity( 3167): onWfdClientConnected Sink_cab0
01-31 17:21:28.850 I/WfdApplication( 3167): logEvent (1403, 0, 0)
01-31 17:21:29.180 I/dnsmasq ( 3481): DHCPDISCOVER(p2p-wlan0-3) 42:b0:fa:63:4a:b0 
01-31 17:21:29.180 I/dnsmasq ( 3481): DHCPOFFER(p2p-wlan0-3) 192.168.49.56 42:b0:fa:63:4a:b0 
01-31 17:21:29.180 I/dnsmasq ( 3481): DHCPREQUEST(p2p-wlan0-3) 192.168.49.56 42:b0:fa:63:4a:b0 
01-31 17:21:29.180 I/dnsmasq ( 3481): DHCPACK(p2p-wlan0-3) 192.168.49.56 42:b0:fa:63:4a:b0 android-1466a4983a9f4d41
01-31 17:21:29.180 I/dnsmasq ( 3481): EXTRA : mac=42:b0:fa:63:4a:b0, ip=192.168.49.56
01-31 17:21:29.180 D/WifiDisplayController(  547): WFD : File changed : path=dnsmasq.txt event=2
01-31 17:21:29.180 D/WifiDisplayController(  547): Sending DNSMASQ_IP_ADDR_ACTION broadcast : mac=xx.xx.xx.xx.xx.xx ip=192.168.49.56 port=7236
01-31 17:21:29.190 D/WifiDisplayController(  547): Received DNSMASQ_IP_ADDR_ACTION : mac=xx.xx.xx.xx.xx.xx ip=192.168.49.56 port=7236
01-31 17:21:29.200 D/WfdManager( 3167): handleEvent: action = android.net.dnsmasq.IP_ADDR
01-31 17:21:29.200 D/WfdManager( 3167): android.net.dnsmasq.IP_ADDR: ip:192.168.49.56 port=7236
01-31 17:21:29.200 I/WfdManager( 3167): ip  port = 192.168.49.56:7236
01-31 17:21:30.220 D/WfdActivity( 3167): onWfdStatusChanged connected = true
01-31 17:21:30.220 D/WfdActivity( 3167): onWfdStatusChanged mIsAutoExit is false
01-31 17:21:30.220 I/WfdActivity( 3167): onLaunchMiracastPlayer wfd://192.168.49.56:7236
01-31 17:21:30.220 I/ActivityManager(  547): START u0 {cmp=com.xiaomi.mitv.wfd/.WfdPlayerActivity (has extras)} from pid 3167
01-31 17:21:30.220 I/ActivityManager(  547): start package name is com.xiaomi.mitv.wfd, class name is com.xiaomi.mitv.wfd.WfdPlayerActivity, error code is 0
01-31 17:21:30.230 I/WfdActivity( 3167): onPause mWaitForResult = true
01-31 17:21:30.230 D/DisplayMetrics(  547): densityDpi 320
01-31 17:21:30.240 D/ScrollView(  927): onSaveInstanceState
01-31 17:21:30.310 D/dalvikvm( 3167): GC_CONCURRENT freed 156K, 11% free 3526K/3928K, paused 5ms+4ms, total 34ms
01-31 17:21:30.330 D/WfdPlayerActivity( 3167): surfaceCreated
01-31 17:21:30.340 D/WfdPlayerActivity( 3167): play>>
01-31 17:21:30.340 I/MediaPlayer( 3167): MediaPlayer enter
01-31 17:21:30.340 D/WfdPlayerActivity( 3167): setDataSource wfd://192.168.49.56:7236
01-31 17:21:30.340 I/MediaPlayer( 3167): setDisplay enter
01-31 17:21:30.340 I/MediaPlayer( 3167): setDataSource(String path) enter wfd://192.168.49.56:7236
01-31 17:21:30.340 V/MediaPlayerService(  172): Client(4) constructor
01-31 17:21:30.340 V/MediaPlayerService(  172): Create new client(4) from pid 3167, uid 1000, 
01-31 17:21:30.340 V/MediaPlayerService(  172): player type = 111
01-31 17:21:30.340 V/MediaPlayerService(  172): createPlayer:968 
01-31 17:21:30.340 V/MediaPlayerService(  172): Create AmSuperPlayer
01-31 17:21:30.340 V/AmSuperPlayer(  172): AmSuperPlayer init now
01-31 17:21:30.340 V/AudioSink(  172): AudioOutput(59)
01-31 17:21:30.340 V/MediaPlayerService(  172):  setDataSource
01-31 17:21:30.340 V/MediaPlayerService(  172): [4] setVideoSurfaceTexture(0xb801bbb0)
01-31 17:21:30.340 E/MediaPlayerService(  172): [4] setVideoSurfaceTexture(0xb801bbb0), binder(0xb800ba18)
01-31 17:21:30.340 V/MediaPlayerService(  172): [4] setAudioStreamType(3)
01-31 17:21:30.340 V/MediaPlayerService(  172): [4] prepareAsync
01-31 17:21:30.340 V/AmSuperPlayer(  172): createPlayer
01-31 17:21:30.340 V/AmSuperPlayer(  172): Create Amlogic Player
01-31 17:21:30.340 I/AmlogicPlayer(  172): media.amplayer.stopbuftime is not set used def=0.000000
01-31 17:21:30.340 I/AmlogicPlayer(  172): media.amplayer.streamtimeadd is not set used def=0.000000
01-31 17:21:30.340 I/AmlogicPlayer(  172): media.amplayer.droptinyseek.ms is not set used def=-1.000000
01-31 17:21:30.340 I/AmlogicPlayer(  172): media.amplayer.delaybuffering.s is not set used def=0.000000
01-31 17:21:30.340 I/AmlogicPlayer(  172): found 0 not exit player threads,try exit it now
01-31 17:21:30.340 I/AmlogicPlayer(  172): media.amplayer.useandroidhttp is not setting,use default false
01-31 17:21:30.340 I/AmlogicPlayer(  172): media.amplayer.widevineenable is disabled
01-31 17:21:30.340 I/AmlogicPlayer(  172): media.amplayer.dsource4local is enabled
01-31 17:21:30.340 E/wfd_client(  172): wfd_client create
01-31 17:21:30.340 E/wfd_client(  172): wfd_client : start
01-31 17:21:30.340 W/ALooperRoster(  172): ALooper::handler_id ALooperRoster::registerHandler 13
01-31 17:21:30.340 E/wfd_client(  172): start sink
01-31 17:21:30.340 I/HDCPModuleAmlogic(  172): HDCP2LIB build time: Aug 25 2015 11:57:15
01-31 17:21:30.340 I/HDCPModuleAmlogic(  172): HDCPModule loaded (1454232090)
01-31 17:21:30.340 I/HDCPLIB (  172): Using software AES
01-31 17:21:30.350 E/HDCPLIB_RX(  172): rx_load_keys, err: -27
01-31 17:21:30.350 E/HDCPLIB_RX(  172): rx_setup_private_data, err: -27
01-31 17:21:30.350 E/HDCPLIB (  172): hdcp_init, err: -27
01-31 17:21:30.350 E/HDCPModuleAmlogic(  172): module init failed (1454232090)
01-31 17:21:30.350 I/HDCPModuleAmlogic(  172): HDCP2LIB unloaded (1454232090)
01-31 17:21:30.350 E/HDCP    (  172): createHDCPModule failed.
01-31 17:21:30.350 E/WifiDisplaySink(  172): Failed to set HDCP observer.
01-31 17:21:30.350 E/WifiDisplaySink(  172): Unable to instantiate HDCP component. Not using HDCP after all.
01-31 17:21:30.350 I/WifiDisplaySink(  172): post msg kWhatStart.
01-31 17:21:30.350 E/wfd_client(  172): start looper
01-31 17:21:30.350 E/wfd_client(  172): start looper finish
01-31 17:21:30.350 E/wfd_client(  172): wfd_client : getStreamSource
01-31 17:21:30.350 I/WifiDisplaySink(  172): Received msg kWhatStart.
01-31 17:21:30.350 I/WifiDisplaySink(  172): Create RTSPClient.
01-31 17:21:30.350 I/NetworkSession(  172): connecting to 192.168.49.56:7236
01-31 17:21:30.360 I/WifiDisplaySink(  172): Received msg kWhatRTSPNotify.
01-31 17:21:30.360 I/WifiDisplaySink(  172): reason: kWhatConnected.
01-31 17:21:30.360 I/WifiDisplaySink(  172): We're now connected.
01-31 17:21:30.360 I/WifiDisplaySink(  172): Received msg kWhatRTSPNotify.
01-31 17:21:30.360 I/WifiDisplaySink(  172): reason: kWhatData.
01-31 17:21:30.360 I/WifiDisplaySink(  172): 
01-31 17:21:30.360 I/WifiDisplaySink(  172): Received Request:
01-31 17:21:30.360 I/WifiDisplaySink(  172): OPTIONS * RTSP/1.0
01-31 17:21:30.360 I/WifiDisplaySink(  172): cseq: 1
01-31 17:21:30.360 I/WifiDisplaySink(  172): date: Sun, 31 Jan 2016 09:21:29 +0000
01-31 17:21:30.360 I/WifiDisplaySink(  172): require: org.wfa.wfd1.0
01-31 17:21:30.360 I/WifiDisplaySink(  172): server: stagefright/1.2 (Linux;Android 5.1.1)
01-31 17:21:30.360 I/WifiDisplaySink(  172): 
01-31 17:21:30.360 I/WifiDisplaySink(  172): 
01-31 17:21:30.360 I/WifiDisplaySink(  172): Send Response:
01-31 17:21:30.360 I/WifiDisplaySink(  172): RTSP/1.0 200 OK
01-31 17:21:30.360 I/WifiDisplaySink(  172): Date: Sun, 31 Jan 2016 09:21:30 +0000
01-31 17:21:30.360 I/WifiDisplaySink(  172): User-Agent: stagefright/1.1 (Linux;Android 4.1)
01-31 17:21:30.360 I/WifiDisplaySink(  172): CSeq: 1
01-31 17:21:30.360 I/WifiDisplaySink(  172): Public: org.wfa.wfd1.0, GET_PARAMETER, SET_PARAMETER
01-31 17:21:30.360 I/WifiDisplaySink(  172): 
01-31 17:21:30.360 I/WifiDisplaySink(  172): 
01-31 17:21:30.360 I/WifiDisplaySink(  172): Send Request:
01-31 17:21:30.360 I/WifiDisplaySink(  172): OPTIONS * RTSP/1.0
01-31 17:21:30.360 I/WifiDisplaySink(  172): Date: Sun, 31 Jan 2016 09:21:30 +0000
01-31 17:21:30.360 I/WifiDisplaySink(  172): User-Agent: stagefright/1.1 (Linux;Android 4.1)
01-31 17:21:30.360 I/WifiDisplaySink(  172): CSeq: 1
01-31 17:21:30.360 I/WifiDisplaySink(  172): Require: org.wfa.wfd1.0
01-31 17:21:30.360 I/WifiDisplaySink(  172): 
01-31 17:21:30.360 I/WifiDisplaySink(  172): registerResponseHandler:id = 1, onReceiveM2Response
01-31 17:21:30.370 I/WifiDisplaySink(  172): Received msg kWhatRTSPNotify.
01-31 17:21:30.370 I/WifiDisplaySink(  172): reason: kWhatData.
01-31 17:21:30.370 I/WifiDisplaySink(  172): 
01-31 17:21:30.370 I/WifiDisplaySink(  172): Received Response:
01-31 17:21:30.370 I/WifiDisplaySink(  172): RTSP/1.0 200 OK
01-31 17:21:30.370 I/WifiDisplaySink(  172): cseq: 1
01-31 17:21:30.370 I/WifiDisplaySink(  172): date: Sun, 31 Jan 2016 09:21:29 +0000
01-31 17:21:30.370 I/WifiDisplaySink(  172): public: org.wfa.wfd1.0, SETUP, TEARDOWN, PLAY, PAUSE, GET_PARAMETER, SET_PARAMETER
01-31 17:21:30.370 I/WifiDisplaySink(  172): server: stagefright/1.2 (Linux;Android 5.1.1)
01-31 17:21:30.370 I/WifiDisplaySink(  172): 
01-31 17:21:30.370 I/WifiDisplaySink(  172): onReceiveM2Response
01-31 17:21:30.380 I/ActivityManager(  547): Displayed com.xiaomi.mitv.wfd/.WfdPlayerActivity: +141ms
01-31 17:21:30.380 D/PinyinIME(  784): onFinishInput.
01-31 17:21:30.380 D/PinyinIME(  784): onStartInput  ccontentType: 0 Restarting:false
01-31 17:21:30.410 I/WifiDisplaySink(  172): Received msg kWhatRTSPNotify.
01-31 17:21:30.410 I/WifiDisplaySink(  172): reason: kWhatData.
01-31 17:21:30.410 I/WifiDisplaySink(  172): 
01-31 17:21:30.410 I/WifiDisplaySink(  172): Received Request:
01-31 17:21:30.410 I/WifiDisplaySink(  172): GET_PARAMETER rtsp://localhost/wfd1.0 RTSP/1.0
01-31 17:21:30.410 I/WifiDisplaySink(  172): content-length: 83
01-31 17:21:30.410 I/WifiDisplaySink(  172): content-type: text/parameters
01-31 17:21:30.410 I/WifiDisplaySink(  172): cseq: 2
01-31 17:21:30.410 I/WifiDisplaySink(  172): date: Sun, 31 Jan 2016 09:21:29 +0000
01-31 17:21:30.410 I/WifiDisplaySink(  172): server: stagefright/1.2 (Linux;Android 5.1.1)
01-31 17:21:30.410 I/WifiDisplaySink(  172): 
01-31 17:21:30.410 I/WifiDisplaySink(  172): wfd_content_protection
01-31 17:21:30.410 I/WifiDisplaySink(  172): wfd_video_formats
01-31 17:21:30.410 I/WifiDisplaySink(  172): wfd_audio_codecs
01-31 17:21:30.410 I/WifiDisplaySink(  172): wfd_client_rtp_ports
01-31 17:21:30.410 W/ALooperRoster(  172): ALooper::handler_id ALooperRoster::registerHandler 14
01-31 17:21:30.410 I/WifiDisplaySink(  172): !!! FIXME: HARD CODE with video_formats, audio_codecs and client_rtp_ports
01-31 17:21:30.410 I/WifiDisplaySink(  172): 
01-31 17:21:30.410 I/WifiDisplaySink(  172): Send Response:
01-31 17:21:30.410 I/WifiDisplaySink(  172): RTSP/1.0 200 OK
01-31 17:21:30.410 I/WifiDisplaySink(  172): Date: Sun, 31 Jan 2016 09:21:30 +0000
01-31 17:21:30.410 I/WifiDisplaySink(  172): User-Agent: stagefright/1.1 (Linux;Android 4.1)
01-31 17:21:30.410 I/WifiDisplaySink(  172): CSeq: 2
01-31 17:21:30.410 I/WifiDisplaySink(  172): Content-Type: text/parameters
01-31 17:21:30.410 I/WifiDisplaySink(  172): Content-Length: 212
01-31 17:21:30.410 I/WifiDisplaySink(  172): 
01-31 17:21:30.410 I/WifiDisplaySink(  172): wfd_audio_codecs: LPCM 00000003 00
01-31 17:21:30.410 I/WifiDisplaySink(  172): wfd_video_formats: 00 00 02 0F 00019CFF 05557FFF 00000FFF 00 0001 0000 11 none none
01-31 17:21:30.410 I/WifiDisplaySink(  172): wfd_client_rtp_ports: RTP/AVP/UDP;unicast 15550 0 mode=play
01-31 17:21:30.410 I/WifiDisplaySink(  172): wfd_content_protection: none
01-31 17:21:30.410 I/WifiDisplaySink(  172): 
01-31 17:21:30.410 I/WifiDisplaySink(  172): Send Request:
01-31 17:21:30.410 I/WifiDisplaySink(  172): SET_PARAMETER rtsp://192.168.49.56/wfd1.0/streamid=0 RTSP/1.0
01-31 17:21:30.410 I/WifiDisplaySink(  172): Date: Sun, 31 Jan 2016 09:21:30 +0000
01-31 17:21:30.410 I/WifiDisplaySink(  172): User-Agent: stagefright/1.1 (Linux;Android 4.1)
01-31 17:21:30.410 I/WifiDisplaySink(  172): CSeq: 2
01-31 17:21:30.410 I/WifiDisplaySink(  172): Session: 
01-31 17:21:30.410 I/WifiDisplaySink(  172): Content-Type: text/parameters
01-31 17:21:30.410 I/WifiDisplaySink(  172): Content-Length: 229
01-31 17:21:30.410 I/WifiDisplaySink(  172): 
01-31 17:21:30.410 I/WifiDisplaySink(  172): wfd_audio_codecs: LPCM 00000003 00
01-31 17:21:30.410 I/WifiDisplaySink(  172): wfd_video_formats: 00 00 02 0F 00019CFF 05557FFF 00000FFF 00 0001 0000 11 none none
01-31 17:21:30.410 I/WifiDisplaySink(  172): wfd_client_rtp_ports: RTP/AVP/UDP;unicast 15550 0 mode=play
01-31 17:21:30.410 I/WifiDisplaySink(  172): wfd_content_protection: none
01-31 17:21:30.410 I/WifiDisplaySink(  172): wfd_idr_request
01-31 17:21:30.420 I/WifiDisplaySink(  172): Received msg kWhatRTSPNotify.
01-31 17:21:30.420 I/WifiDisplaySink(  172): reason: kWhatData.
01-31 17:21:30.420 I/WifiDisplaySink(  172): 
01-31 17:21:30.420 I/WifiDisplaySink(  172): Received Request:
01-31 17:21:30.420 I/WifiDisplaySink(  172): SET_PARAMETER rtsp://localhost/wfd1.0 RTSP/1.0
01-31 17:21:30.420 I/WifiDisplaySink(  172): content-length: 249
01-31 17:21:30.420 I/WifiDisplaySink(  172): content-type: text/parameters
01-31 17:21:30.420 I/WifiDisplaySink(  172): cseq: 3
01-31 17:21:30.420 I/WifiDisplaySink(  172): date: Sun, 31 Jan 2016 09:21:29 +0000
01-31 17:21:30.420 I/WifiDisplaySink(  172): server: stagefright/1.2 (Linux;Android 5.1.1)
01-31 17:21:30.420 I/WifiDisplaySink(  172): 
01-31 17:21:30.420 I/WifiDisplaySink(  172): wfd_video_formats: 00 00 02 02 00000020 00000000 00000000 00 0000 0000 00 none none
01-31 17:21:30.420 I/WifiDisplaySink(  172): wfd_audio_codecs: LPCM 00000002 00
01-31 17:21:30.420 I/WifiDisplaySink(  172): wfd_presentation_URL: rtsp://192.168.49.56/wfd1.0/streamid=0 none
01-31 17:21:30.420 I/WifiDisplaySink(  172): wfd_client_rtp_ports: RTP/AVP/UDP;unicast 15550 0 mode=play
01-31 17:21:30.420 I/WifiDisplaySink(  172): 
01-31 17:21:30.420 I/WifiDisplaySink(  172): Send Response:
01-31 17:21:30.420 I/WifiDisplaySink(  172): RTSP/1.0 200 OK
01-31 17:21:30.420 I/WifiDisplaySink(  172): Date: Sun, 31 Jan 2016 09:21:30 +0000
01-31 17:21:30.420 I/WifiDisplaySink(  172): User-Agent: stagefright/1.1 (Linux;Android 4.1)
01-31 17:21:30.420 I/WifiDisplaySink(  172): CSeq: 3
01-31 17:21:30.420 I/WifiDisplaySink(  172): Content-Type: text/parameters
01-31 17:21:30.420 I/WifiDisplaySink(  172): Content-Length: 0
01-31 17:21:30.420 I/WifiDisplaySink(  172): 
01-31 17:21:30.420 I/WifiDisplaySink(  172): Received msg kWhatRTSPNotify.
01-31 17:21:30.420 I/WifiDisplaySink(  172): reason: kWhatData.
01-31 17:21:30.420 I/WifiDisplaySink(  172): 
01-31 17:21:30.420 I/WifiDisplaySink(  172): Received Response:
01-31 17:21:30.420 I/WifiDisplaySink(  172): RTSP/1.0 454 Session Not Found
01-31 17:21:30.420 I/WifiDisplaySink(  172): cseq: 2
01-31 17:21:30.420 I/WifiDisplaySink(  172): date: Sun, 31 Jan 2016 09:21:29 +0000
01-31 17:21:30.420 I/WifiDisplaySink(  172): server: stagefright/1.2 (Linux;Android 5.1.1)
01-31 17:21:30.420 I/WifiDisplaySink(  172): 
01-31 17:21:30.420 W/WifiDisplaySink(  172): Received unsolicited server response, cseq 2
01-31 17:21:30.420 I/WifiDisplaySink(  172): Received msg kWhatRTSPNotify.
01-31 17:21:30.420 I/WifiDisplaySink(  172): reason: kWhatData.
01-31 17:21:30.420 I/WifiDisplaySink(  172): 
01-31 17:21:30.420 I/WifiDisplaySink(  172): Received Request:
01-31 17:21:30.420 I/WifiDisplaySink(  172): SET_PARAMETER rtsp://localhost/wfd1.0 RTSP/1.0
01-31 17:21:30.420 I/WifiDisplaySink(  172): content-length: 27
01-31 17:21:30.420 I/WifiDisplaySink(  172): content-type: text/parameters
01-31 17:21:30.420 I/WifiDisplaySink(  172): cseq: 4
01-31 17:21:30.420 I/WifiDisplaySink(  172): date: Sun, 31 Jan 2016 09:21:29 +0000
01-31 17:21:30.420 I/WifiDisplaySink(  172): server: stagefright/1.2 (Linux;Android 5.1.1)
01-31 17:21:30.420 I/WifiDisplaySink(  172): 
01-31 17:21:30.420 I/WifiDisplaySink(  172): wfd_trigger_method: SETUP
01-31 17:21:30.420 I/WifiDisplaySink(  172): 
01-31 17:21:30.420 I/WifiDisplaySink(  172): Send Response:
01-31 17:21:30.420 I/WifiDisplaySink(  172): RTSP/1.0 200 OK
01-31 17:21:30.420 I/WifiDisplaySink(  172): Date: Sun, 31 Jan 2016 09:21:30 +0000
01-31 17:21:30.420 I/WifiDisplaySink(  172): User-Agent: stagefright/1.1 (Linux;Android 4.1)
01-31 17:21:30.420 I/WifiDisplaySink(  172): CSeq: 4
01-31 17:21:30.420 I/WifiDisplaySink(  172): Content-Type: text/parameters
01-31 17:21:30.420 I/WifiDisplaySink(  172): Content-Length: 0
01-31 17:21:30.420 I/WifiDisplaySink(  172): 
01-31 17:21:30.420 I/WifiDisplaySink(  172): 
01-31 17:21:30.420 I/WifiDisplaySink(  172): Send Request:
01-31 17:21:30.420 I/WifiDisplaySink(  172): SETUP rtsp://192.168.49.56/wfd1.0/streamid=0 RTSP/1.0
01-31 17:21:30.420 I/WifiDisplaySink(  172): Date: Sun, 31 Jan 2016 09:21:30 +0000
01-31 17:21:30.420 I/WifiDisplaySink(  172): User-Agent: stagefright/1.1 (Linux;Android 4.1)
01-31 17:21:30.420 I/WifiDisplaySink(  172): CSeq: 3
01-31 17:21:30.420 I/WifiDisplaySink(  172): Transport: RTP/AVP/UDP;unicast;client_port=15550-15551
01-31 17:21:30.420 I/WifiDisplaySink(  172): 
01-31 17:21:30.430 I/WifiDisplaySink(  172): registerResponseHandler:id = 3, onReceiveSetupResponse
01-31 17:21:30.510 I/WifiDisplaySink(  172): Received msg kWhatRTSPNotify.
01-31 17:21:30.510 I/WifiDisplaySink(  172): reason: kWhatData.
01-31 17:21:30.510 I/WifiDisplaySink(  172): 
01-31 17:21:30.510 I/WifiDisplaySink(  172): Received Response:
01-31 17:21:30.510 I/WifiDisplaySink(  172): RTSP/1.0 200 OK
01-31 17:21:30.510 I/WifiDisplaySink(  172): cseq: 3
01-31 17:21:30.510 I/WifiDisplaySink(  172): date: Sun, 31 Jan 2016 09:21:29 +0000
01-31 17:21:30.510 I/WifiDisplaySink(  172): server: stagefright/1.2 (Linux;Android 5.1.1)
01-31 17:21:30.510 I/WifiDisplaySink(  172): session: 719885386;timeout=30
01-31 17:21:30.510 I/WifiDisplaySink(  172): transport: RTP/AVP/UDP;unicast;client_port=15550-15551;server_port=50584-50585
01-31 17:21:30.510 I/WifiDisplaySink(  172): 
01-31 17:21:30.510 I/WifiDisplaySink(  172): onReceiveSetupResponse
01-31 17:21:30.510 I/WifiDisplaySink(  172): onReceiveSetupResponse: send PLAY Request
01-31 17:21:30.510 I/WifiDisplaySink(  172): 
01-31 17:21:30.510 I/WifiDisplaySink(  172): Send Request:
01-31 17:21:30.510 I/WifiDisplaySink(  172): PLAY rtsp://192.168.49.56/wfd1.0/streamid=0 RTSP/1.0
01-31 17:21:30.510 I/WifiDisplaySink(  172): Date: Sun, 31 Jan 2016 09:21:30 +0000
01-31 17:21:30.510 I/WifiDisplaySink(  172): User-Agent: stagefright/1.1 (Linux;Android 4.1)
01-31 17:21:30.510 I/WifiDisplaySink(  172): CSeq: 4
01-31 17:21:30.510 I/WifiDisplaySink(  172): Session: 719885386
01-31 17:21:30.510 I/WifiDisplaySink(  172): 
01-31 17:21:30.510 I/WifiDisplaySink(  172): registerResponseHandler:id = 4, onReceivePlayResponse
01-31 17:21:30.520 W/PushService(  903): 2016-01-31 17:21:30,525 - [WARN::PushService] - [Thread:75] JOB: check the ping-pong.
01-31 17:21:30.540 I/WifiDisplaySink(  172): Received msg kWhatRTSPNotify.
01-31 17:21:30.540 I/WifiDisplaySink(  172): reason: kWhatData.
01-31 17:21:30.540 I/WifiDisplaySink(  172): 
01-31 17:21:30.540 I/WifiDisplaySink(  172): Received Response:
01-31 17:21:30.540 I/WifiDisplaySink(  172): RTSP/1.0 200 OK
01-31 17:21:30.540 I/WifiDisplaySink(  172): cseq: 4
01-31 17:21:30.540 I/WifiDisplaySink(  172): date: Sun, 31 Jan 2016 09:21:29 +0000
01-31 17:21:30.540 I/WifiDisplaySink(  172): range: npt=now-
01-31 17:21:30.540 I/WifiDisplaySink(  172): server: stagefright/1.2 (Linux;Android 5.1.1)
01-31 17:21:30.540 I/WifiDisplaySink(  172): session: 719885386;timeout=30
01-31 17:21:30.540 I/WifiDisplaySink(  172): 
01-31 17:21:30.540 I/WifiDisplaySink(  172): onReceivePlayResponse
01-31 17:21:30.640 I/RTPSink (  172): kWhatRTPConnect: 192.168.49.56
01-31 17:21:30.640 I/RTPSink (  172): kWhatRTPConnect: 50584
01-31 17:21:30.640 I/RTPSink (  172):  lost seqNo: 1   current seqNo: 0
01-31 17:21:30.640 E/TunnelRenderer(  172): Miracast debug info enable? d=0, mDebugEnable =0
01-31 17:21:30.650 W/ALooperRoster(  172): ALooper::handler_id ALooperRoster::registerHandler 15
01-31 17:21:30.750 E/wfd_client(  172): wfd_client : getStreamSource return
01-31 17:21:30.750 E/wfd_client(  172): wfd_client : isHDCP
01-31 17:21:30.750 I/AmlogicPlayer(  172): not use hdcp
01-31 17:21:30.750 V/WFDSourceProtocol(  172): GetPathString =[WFDSource:WFDSourceProtocol=[b803fcb8:47fc0347]]
01-31 17:21:30.750 E/AmlogicPlayer(  172): mFdPath /proc/self/fd/-1 mFileName  
01-31 17:21:30.750 I/AmlogicPlayer(  172): media.amplayer.disp_url is not setting,use default true
01-31 17:21:30.750 I/AmlogicPlayer(  172): media.amplayer.lpbufferlevel is set to 0.200000
01-31 17:21:30.750 I/AmlogicPlayer(  172): media.amplayer.buffertime is not set used def=5.000000
01-31 17:21:30.750 I/AmlogicPlayer(  172): media.amplayer.delaybuffering is not set used def=0.000000
01-31 17:21:30.750 I/AmlogicPlayer(  172): media.amplayer.noaudio is not setting,use default false
01-31 17:21:30.750 I/AmlogicPlayer(  172): media.amplayer.novideo is not setting,use default false
01-31 17:21:30.750 I/AmlogicPlayer(  172): media.amplayer.displast_frame is not setting,use default false
01-31 17:21:30.750 I/AmlogicPlayer(  172): buffer level setting is:0.001000-0.200000-0.800000
01-31 17:21:30.750 I/AmlogicPlayer(  172): media.amplayer.disp_url is not setting,use default true
01-31 17:21:30.750 I/amplayer(  172): loglevel changed to 35
01-31 17:21:30.750 I/amplayer(  172): LibPlayer version:Version:2.1.0.594ac7e0
01-31 17:21:30.750 I/amplayer(  172): LibPlayer git version:594ac7e0830786cc1f3bb5eaec7647b24e58a744
01-31 17:21:30.750 I/amplayer(  172): LibPlayer version serial:2010000594ac7e0
01-31 17:21:30.750 I/amplayer(  172): LibPlayer Last Changed:Date:   Fri Aug 21 12:39:46 2015 +0800
01-31 17:21:30.750 I/amplayer(  172): LibPlayer Last Build: Wed Nov 25 20:59:06 CST 2015
01-31 17:21:30.750 I/amplayer(  172): LibPlayer Builer Name: jenkins
01-31 17:21:30.760 I/amplayer(  172): [player_start:enter]p=0xb800c0f8 black=1
01-31 17:21:30.760 I/amplayer(  172): ***player_para=0xb804bcb8,start_param=0xb800c0f8
01-31 17:21:30.760 I/amplayer(  172): [player_thread_create:59]creat thread success,tid=3087319848
01-31 17:21:30.760 I/amplayer(  172): [player_start:exit]pid = 1 
01-31 17:21:30.760 E/AmlogicPlayer(  172):  buffing_min  1 buffing_middle 200 buffing_max 800 
01-31 17:21:30.760 I/amplayer(  172): [player_set_autobuffer_level:enter]pid=1 min=0.001 middle=0.200 max=0.800
01-31 17:21:30.760 I/amplayer(  172): [player_send_message]cmd = SET_AUTOBUF_LEVEL:0.001:0.200:0.800
01-31 17:21:30.760 I/amplayer(  172): [player_set_autobuffer_level:exit]pid=1 min=0.001 middle=0.200 max=0.800
01-31 17:21:30.760 I/amplayer(  172): [player_send_message]cmd = UNKNOW_SETMODE_COMMAND
01-31 17:21:30.770 I/amplayer(  172): 
01-31 17:21:30.770 I/amplayer(  172): pid[1]::enter into player_thread
01-31 17:21:30.770 I/amplayer(  172):  media.debug.xldrm  
01-31 17:21:30.770 I/amplayer(  172):  media.debug.xldrm  
01-31 17:21:30.770 I/amplayer(  172): hassub 1
01-31 17:21:30.770 I/amplayer(  172): [player_update_vdec_profile]str=mpeg12:;
01-31 17:21:30.770 I/amplayer(  172): mpeg4:;
01-31 17:21:30.770 I/amplayer(  172): vc1:progressive, interlace, wmv3;
01-31 17:21:30.770 I/amplayer(  172): h264:;
01-31 17:21:30.770 I/amplayer(  172): h264_4k2k:;
01-31 17:21:30.770 I/amplayer(  172): hevc:4k;
01-31 17:21:30.770 I/amplayer(  172): mjpeg:;
01-31 17:21:30.770 I/amplayer(  172): real:rmvb,;
01-31 17:21:30.770 I/amplayer(  172): 
01-31 17:21:30.770 I/amplayer(  172): [parse_sysparam_str]j=0 vc1: start:17 end:50
01-31 17:21:30.770 I/amplayer(  172): [vc1 profile] progress:1; interlace:1; wmv1:0; wmv2:0; wmv3:1
01-31 17:21:30.770 I/amplayer(  172): [parse_sysparam_str]j=1 h264: start:51 end:57
01-31 17:21:30.770 I/amplayer(  172): h264 decoder exist.
01-31 17:21:30.770 I/amplayer(  172): [parse_sysparam_str]j=2 real: start:87 end:98
01-31 17:21:30.770 I/amplayer(  172): [parse_sysparam_str]j=3 mpeg12: start:0 end:8
01-31 17:21:30.770 I/amplayer(  172): [parse_sysparam_str]j=4 mpeg4: start:9 end:16
01-31 17:21:30.770 I/amplayer(  172): [parse_sysparam_str]j=5 mjpeg: start:79 end:86
01-31 17:21:30.770 I/amplayer(  172): [parse_sysparam_str]j=6 h264_4k2k: start:58 end:69
01-31 17:21:30.770 I/amplayer(  172): [h264_4k2k profile] decoder exist.
01-31 17:21:30.770 I/amplayer(  172): [parse_sysparam_str]j=8 hevc: start:70 end:78
01-31 17:21:30.770 I/amplayer(  172): hevc decoder exist.
01-31 17:21:30.770 I/amplayer(  172): pid[1]::Init State: mute_on=0 black=1 t_pos:0s read_max_cnt=0
01-31 17:21:30.770 E/Parcel  (  172): Reading a NULL string not supported here.
01-31 17:21:30.770 I/amplayer(  172): **[update_state]pid:1 status=BEGIN_INIT(last:UNKNOW_STATE) err=0x0 curtime=0 (ms:0) fulltime=0 lsttime=0
01-31 17:21:30.770 I/amplayer(  172): **[update_state]abuflevel=0.00000000 vbublevel=0.00000000 abufrp=0 vbufrp=0 read_end=0
01-31 17:21:30.770 V/AmlogicPlayerStreamSource(  172): confidence=0.00
01-31 17:21:30.770 V/AmlogicPlayerExtractorDemux(  172): gettype=0 mimeType.string=
01-31 17:21:30.770 I/WFDSourceProtocol(  172): WFDSourceProtocol::open =[WFDSource:WFDSourceProtocol=[b803fcb8:47fc0347]]
01-31 17:21:30.770 I/amffmpeg(  172): getloopbuf size=0
01-31 17:21:30.770 I/amffmpeg(  172): ffio_fdopen (h->is_slowmedia=1,flags=40000001
01-31 17:21:30.770 I/amffmpeg(  172): auto_switch_protol_t:list::
01-31 17:21:30.770 I/amffmpeg(  172): auto_switch_protol_t:nsc::
01-31 17:21:30.770 I/amffmpeg(  172): is_ncs_file=0
01-31 17:21:30.770 I/amffmpeg(  172): auto_switch_protol_t:mmsh::
01-31 17:21:30.770 I/amffmpeg(  172): is_mmsh_file=0
01-31 17:21:30.770 I/WFDSourceProtocol(  172): WFDSource Source_seek=0,whence=65536
01-31 17:21:30.770 I/WFDSourceProtocol(  172): WFDSource Source_seek=-1,whence=2
01-31 17:21:30.770 I/amffmpeg(  172): WFDSource:WFDSourceProtocol=[b803fcb8:47fc0347]:size=-1
01-31 17:21:30.770 I/amffmpeg(  172): [av_probe_input_buffer]read 2048 bytes for probe format
01-31 17:21:30.770 I/amffmpeg(  172): ---------------------mp2_read_probe
01-31 17:21:30.770 I/amffmpeg(  172): ---------------------mp3_read_probe
01-31 17:21:30.770 V/AmlogicPlayerStreamSource(  172): confidence=0.00
01-31 17:21:30.770 V/AmlogicPlayerExtractorDemux(  172): gettype=0 mimeType.string=
01-31 17:21:30.770 I/amffmpeg(  172): Format mpegts probed with size=2048 and score=100
01-31 17:21:30.770 I/amffmpeg(  172): livingstream ts->pownon_recalcpts[0]
01-31 17:21:30.770 E/SystemWriteService(  547): File not found: /sys/class/amstream/karaok
01-31 17:21:30.780 I/amffmpeg(  172): [mpegts @ 0xb804e1e0] stream=0 stream_type=1b pid=1011 prog_reg_desc=
01-31 17:21:30.780 I/amffmpeg(  172): [mpegts @ 0xb804e1e0] stream=1 stream_type=83 pid=1100 prog_reg_desc=
01-31 17:21:30.780 I/amffmpeg(  172): stream 1 request probe -1
01-31 17:21:30.780 I/amplayer(  172): wfd dones't set LESS_BUFF_DATA
01-31 17:21:30.780 I/amplayer(  172): [video_type_convert]video codec_id=0x1c format=2
01-31 17:21:30.780 I/AmlogicPlayer(  172): media.amplayer.hdmicloseauthen is not setting,use default false
01-31 17:21:30.780 V/AmSuperPlayer(  172): cookie=0xb8008688,msg=11000,ext1=0,ext2=0
01-31 17:21:30.780 V/AmSuperPlayer(  172): SuperGetPlayerType:type=mpegts,videos=1,audios=1
01-31 17:21:30.780 I/AmSuperPlayer(  172): media.amplayer.enable is enabled
01-31 17:21:30.780 I/AmSuperPlayer(  172): sys.cts.running is disabled
01-31 17:21:30.780 I/AmSuperPlayer(  172): media.miplayer.enable is disabled
01-31 17:21:30.780 V/AmSuperPlayer(  172): GET New type =110
01-31 17:21:30.780 V/AmSuperPlayer(  172): Start new player now=110
01-31 17:21:30.790 I/amplayer(  172): [peek_message_locked:164]num=2 in_idx=2 out_idx=0 cmd=0
01-31 17:21:30.790 I/amplayer(  172): pid[1]::parse ok , prepare parameters
01-31 17:21:30.790 I/amffmpeg(  172): [av_find_stream_info]iformat->name[mpegts]fast_switch=2 streamtype=-1
01-31 17:21:30.790 I/amffmpeg(  172): [av_find_stream_info:3369]fast_switch=2, seekkeyframe=1,
01-31 17:21:30.800 I/amffmpeg(  172): [pcm_wifi-display @ 0xb8033020] audio_emphasis=0, bps=16, pcm_samplerate=48000, pcm_channels=2, frame_size=1920
01-31 17:21:30.800 I/amffmpeg(  172): [h264 @ 0xb800cfd0] get size from SPS width=1280 height =720
01-31 17:21:30.800 I/amffmpeg(  172): [mpegts @ 0xb804e1e0] All info found at pos=23876
01-31 17:21:30.800 I/amffmpeg(  172): [av_find_stream_info:3604] st 0, para: 1, codec_info_nb_frames: 1,
01-31 17:21:30.800 I/amffmpeg(  172): [av_find_stream_info:3604] st 1, para: 1, codec_info_nb_frames: 5,
01-31 17:21:30.800 I/WFDSourceProtocol(  172): WFDSource Source_seek=0,whence=65536
01-31 17:21:30.800 I/WFDSourceProtocol(  172): WFDSource Source_seek=-1,whence=2
01-31 17:21:30.800 I/amffmpeg(  172): [av_estimate_timings:3010]file_size=0 valid_offset=7fffffffffffffff
01-31 17:21:30.800 I/amffmpeg(  172): [mpegts @ 0xb804e1e0] Estimating duration from bitrate, this may be inaccurate
01-31 17:21:30.800 I/amffmpeg(  172): [mpegts @ 0xb804e1e0] FindStream info end at pos=23876
01-31 17:21:30.800 I/amffmpeg(  172): [av_find_stream_info]return
01-31 17:21:30.800 I/amffmpeg(  172): Input #0, mpegts, from 'WFDSource:WFDSourceProtocol=[b803fcb8:47fc0347]':
01-31 17:21:30.800 I/amffmpeg(  172):   Duration: 
01-31 17:21:30.800 I/amffmpeg(  172): N/A
01-31 17:21:30.800 I/amffmpeg(  172): , start: 
01-31 17:21:30.800 I/amffmpeg(  172): 815.793878
01-31 17:21:30.800 I/amffmpeg(  172): , bitrate: 
01-31 17:21:30.800 I/amffmpeg(  172): N/A
01-31 17:21:30.800 I/amffmpeg(  172): 
01-31 17:21:30.800 I/amffmpeg(  172):   Program 1 
01-31 17:21:30.800 I/amffmpeg(  172):     Stream #0.0
01-31 17:21:30.800 I/amffmpeg(  172): [0x1011]
01-31 17:21:30.800 I/amffmpeg(  172): : Video: h264 (Constrained Baseline), 1280x720
01-31 17:21:30.800 I/amffmpeg(  172): , 90k tbr
01-31 17:21:30.800 I/amffmpeg(  172): , 90k tbn
01-31 17:21:30.800 I/amffmpeg(  172): , 180k tbc
01-31 17:21:30.800 I/amffmpeg(  172): 
01-31 17:21:30.800 I/amffmpeg(  172):     Stream #0.1
01-31 17:21:30.800 I/amffmpeg(  172): [0x1100]
01-31 17:21:30.800 I/amffmpeg(  172): : Audio: pcm_wifi-display, 48000 Hz, 2 channels, s16, 1536 kb/s
01-31 17:21:30.800 I/amffmpeg(  172): 
01-31 17:21:30.800 I/amplayer(  172): [set_file_type]file_type=2 stream_type=1
01-31 17:21:30.800 I/amplayer(  172): [player_dec_init:1549]fsize=0 full_time=-2077252342 bitrate=0
01-31 17:21:30.800 I/amplayer(  172): [PlayerGetAFilterFormat:253]filter_afmt=0
01-31 17:21:30.800 I/amplayer(  172): [audio_type_convert]audio codec_id=0x1001b format=22
01-31 17:21:30.800 I/amplayer(  172): Video index 0 and Audio index 1 sub index -1 to be played (index -1 means no stream)
01-31 17:21:30.800 I/amplayer(  172): [get_av_codec_type:166]vidx=0 aidx=1 sidx=-1
01-31 17:21:30.800 I/amplayer(  172): [video_type_convert]video codec_id=0x1c format=2
01-31 17:21:30.800 I/amplayer(  172): [video_codec_type_convert]id=(0x1c) 
01-31 17:21:30.800 I/amplayer(  172): [video_codec_type_convert]VIDEO_DEC_FORMAT_H264(0x1c)
01-31 17:21:30.800 I/amplayer(  172): [get_av_codec_type:264]vpid=0x1011,time_base=1/180000,r_frame_rate=2/180000 ratio=0/1 video_pts=1.000
01-31 17:21:30.800 I/amplayer(  172): [get_av_codec_type:273]video_codec_rate=0,video_rate=1
01-31 17:21:30.800 I/amplayer(  172): [audio_type_convert]audio codec_id=0x1001b format=22
01-31 17:21:30.800 I/amplayer(  172): [get_av_codec_type:321]afmt=22 apid=4352 asr=48000 ach=2 aidx=1
01-31 17:21:30.800 I/amplayer(  172): [get_stream_info:759]data start offset 0
01-31 17:21:30.800 I/amplayer(  172): [set_decode_para:843]has_video=1 vformat=2 has_audio=1 aformat=22
01-31 17:21:30.800 I/amplayer(  172): [PlayerGetVFilterFormat:132]filter_vfmt=0
01-31 17:21:30.800 I/amplayer(  172): [PlayerGetAFilterFormat:253]filter_afmt=0
01-31 17:21:30.810 I/amplayer(  172): [check_ctx_bitrate:1330]bit_rate=1536000 ic->bit_rate=0
01-31 17:21:30.810 I/amplayer(  172): [check_ctx_bitrate:1340]bit_rate=1536000 ic->bit_rate=1536000
01-31 17:21:30.810 I/amplayer(  172): [player_dec_init:1619]bit_rate=1536000 file_size=0 file_type=2 stream_type=1 full_time=-1
01-31 17:21:30.810 I/amplayer(  172): ====bitrate=1536000 max_raw_size=32768
01-31 17:21:30.810 I/amplayer(  172): set stream info,current audio id:1
01-31 17:21:30.810 I/amplayer(  172): [audio_type_convert]audio codec_id=0x1001b format=22
01-31 17:21:30.810 I/amplayer(  172): **[update_state]pid:1 status=INIT_OK(last:BEGIN_INIT) err=0x0 curtime=0 (ms:0) fulltime=-1 lsttime=0
01-31 17:21:30.810 I/amplayer(  172): **[update_state]abuflevel=0.00000000 vbublevel=0.00000000 abufrp=0 vbufrp=0 read_end=0
01-31 17:21:30.810 I/amplayer(  172): [player_get_media_info]video_num=1 vidx=0
01-31 17:21:30.810 I/AmlogicPlayer(  172): player current video info:w:1280,h:720
01-31 17:21:30.810 I/AmlogicPlayer(  172): player current video info:codec:H264
01-31 17:21:30.810 V/AmSuperPlayer(  172): cookie=0xb8008688,msg=5,ext1=500,ext2=2d0
01-31 17:21:30.810 V/MediaPlayerService(  172): [4] notify (0xb8009df0, 5, 1280, 720)
01-31 17:21:30.810 V/AmSuperPlayer(  172): cookie=0xb8008688,msg=1,ext1=0,ext2=0
01-31 17:21:30.810 V/MediaPlayerService(  172): [4] notify (0xb8009df0, 1, 0, 0)
01-31 17:21:30.810 V/AmSuperPlayer(  172): cookie=0xb8008688,msg=3,ext1=0,ext2=0
01-31 17:21:30.810 V/MediaPlayerService(  172): [4] notify (0xb8009df0, 3, 0, 0)
01-31 17:21:30.810 I/amplayer(  172): [get_message:147]num=1 in_idx=2 out_idx=1 cmd=0
01-31 17:21:30.810 I/amplayer(  172): pid[1]::[check_flag:831]ctrl=0 mode=10000 info=0 param=981668463
