01-31 17:22:26.920 D/MiTVNetworkController(  939): action onReceive is : android.net.conn.CONNECTIVITY_CHANGE, mitv.network.ethernet.action.ETHERNET_STATE_CHANGED
01-31 17:22:26.920 I/UDTDiscoverManager(  841): Action: android.net.conn.CONNECTIVITY_CHANGE
01-31 17:22:26.920 E/MqttAsyncClient( 1366): faf16efe23474bb5825f4b9e8b2adec5:69c786c2187a42448ad70ed6977c8083: > quiesceTimeout=30,000 userContext=null callback=org.eclipse.paho.android.service.MqttConnection$2@41a6be20
01-31 17:22:26.920 E/ClientComms( 1366): faf16efe23474bb5825f4b9e8b2adec5:69c786c2187a42448ad70ed6977c8083: failed: already disconnected
01-31 17:22:26.920 I/Router  (  830): no active network
01-31 17:22:26.930 E/MqttAsyncClient( 1366): faf16efe23474bb5825f4b9e8b2adec5:69c786c2187a42448ad70ed6977c8083: < exception
01-31 17:22:26.930 E/MqttAsyncClient( 1366): å·²æ–­å¼€å®¢æˆ·æœºè¿žæŽ¥ (32101)
01-31 17:22:26.930 E/MqttAsyncClient( 1366): 	at org.eclipse.paho.client.mqttv3.internal.ExceptionHelper.createMqttException(Unknown Source)
01-31 17:22:26.930 E/MqttAsyncClient( 1366): 	at org.eclipse.paho.client.mqttv3.internal.ClientComms.disconnect(Unknown Source)
01-31 17:22:26.930 E/MqttAsyncClient( 1366): 	at org.eclipse.paho.client.mqttv3.MqttAsyncClient.disconnect(Unknown Source)
01-31 17:22:26.930 E/MqttAsyncClient( 1366): 	at org.eclipse.paho.client.mqttv3.MqttAsyncClient.disconnect(Unknown Source)
01-31 17:22:26.930 E/MqttAsyncClient( 1366): 	at org.eclipse.paho.android.service.MqttConnection.connectionLost(Unknown Source)
01-31 17:22:26.930 E/MqttAsyncClient( 1366): 	at org.eclipse.paho.client.mqttv3.internal.CommsCallback.connectionLost(Unknown Source)
01-31 17:22:26.930 E/MqttAsyncClient( 1366): 	at org.eclipse.paho.client.mqttv3.internal.ClientComms.shutdownConnection(Unknown Source)
01-31 17:22:26.930 E/MqttAsyncClient( 1366): 	at org.eclipse.paho.client.mqttv3.internal.CommsReceiver.run(Unknown Source)
01-31 17:22:26.930 E/MqttAsyncClient( 1366): 	at java.lang.Thread.run(Thread.java:841)
01-31 17:22:26.930 D/TVMQTTPushManager( 1366): network connection is NOT OK.
01-31 17:22:26.930 W/PushService(  903): 2016-01-31 17:22:26,899 - [WARN::PushService] - 
01-31 17:22:26.930 W/PushService(  903): 
01-31 17:22:26.930 W/PushService(  903): java.net.SocketException: sendto failed: EPIPE (Broken pipe)
01-31 17:22:26.930 W/PushService(  903): 	at libcore.io.IoBridge.maybeThrowAfterSendto(IoBridge.java:499)
01-31 17:22:26.930 W/PushService(  903): 	at libcore.io.IoBridge.sendto(IoBridge.java:468)
01-31 17:22:26.930 W/PushService(  903): 	at java.net.PlainSocketImpl.write(PlainSocketImpl.java:507)
01-31 17:22:26.930 W/PushService(  903): 	at java.net.PlainSocketImpl.access$100(PlainSocketImpl.java:46)
01-31 17:22:26.930 W/PushService(  903): 	at java.net.PlainSocketImpl$PlainSocketOutputStream.write(PlainSocketImpl.java:269)
01-31 17:22:26.930 W/PushService(  903): 	at java.io.OutputStreamWriter.flushBytes(OutputStreamWriter.java:167)
01-31 17:22:26.930 W/PushService(  903): 	at java.io.OutputStreamWriter.flush(OutputStreamWriter.java:158)
01-31 17:22:26.930 W/PushService(  903): 	at java.io.BufferedWriter.flush(BufferedWriter.java:124)
01-31 17:22:26.930 W/PushService(  903): 	at com.xiaomi.smack.util.ObservableWriter.flush(Unknown Source)
01-31 17:22:26.930 W/PushService(  903): 	at com.xiaomi.smack.PacketWriter.shutdown(Unknown Source)
01-31 17:22:26.930 W/PushService(  903): 	at com.xiaomi.smack.XMPPConnection.shutdown(Unknown Source)
01-31 17:22:26.930 W/PushService(  903): 	at com.xiaomi.smack.XMPPConnection.disconnect(Unknown Source)
01-31 17:22:26.930 W/PushService(  903): 	at com.xiaomi.push.service.XMPushService.disconnect(Unknown Source)
01-31 17:22:26.930 W/PushService(  903): 	at com.xiaomi.smack.XMPPConnection$2.process(Unknown Source)
01-31 17:22:26.930 W/PushService(  903): 	at com.xiaomi.push.service.XMPushService$Job.run(Unknown Source)
01-31 17:22:26.930 W/PushService(  903): 	at com.xiaomi.push.service.ConnectionJobController$1.handleMessage(Unknown Source)
01-31 17:22:26.930 W/PushService(  903): 	at android.os.Handler.dispatchMessage(Handler.java:102)
01-31 17:22:26.930 W/PushService(  903): 	at android.os.Looper.loop(Looper.java:136)
01-31 17:22:26.930 W/PushService(  903): 	at android.os.HandlerThread.run(HandlerThread.java:61)
01-31 17:22:26.930 W/PushService(  903): Caused by: libcore.io.ErrnoException: sendto failed: EPIPE (Broken pipe)
01-31 17:22:26.930 W/PushService(  903): 	at libcore.io.Posix.sendtoBytes(Native Method)
01-31 17:22:26.930 W/PushService(  903): 	at libcore.io.Posix.sendto(Posix.java:156)
01-31 17:22:26.930 W/PushService(  903): 	at libcore.io.BlockGuardOs.sendto(BlockGuardOs.java:177)
01-31 17:22:26.930 W/PushService(  903): 	at libcore.io.IoBridge.sendto(IoBridge.java:466)
01-31 17:22:26.930 W/PushService(  903): 	... 17 more
01-31 17:22:26.930 D/NetworkStateManager(  939): changeNetworkState, type:0, flag:0, level:0, lable:null
01-31 17:22:26.930 D/NetworkStateView(  939): changeNetworkState type:0, flag:0, level:0, label:null, last_lable:null
01-31 17:22:26.930 I/wpa_supplicant(  771): wlan0: Control interface command 'DRIVER RXFILTER-STOP'
01-31 17:22:26.930 W/ContextImpl( 1366): Calling a method in the system process without a qualified user: android.app.ContextImpl.sendBroadcast:1162 android.content.ContextWrapper.sendBroadcast:365 org.eclipse.paho.android.service.MqttService.callbackToActivity:-1 org.eclipse.paho.android.service.MqttConnection.connectionLost:-1 org.eclipse.paho.client.mqttv3.internal.CommsCallback.connectionLost:-1 
01-31 17:22:26.940 D/WifiMonitor(  547): Event [IFNAME=wlan0 Control interface command 'DRIVER RXFILTER-STOP']
01-31 17:22:26.940 W/WifiMonitor(  547): couldn't identify event type - Control interface command 'DRIVER RXFILTER-STOP'
01-31 17:22:26.950 I/wpa_supplicant(  771): wlan0: Control interface command 'DRIVER RXFILTER-REMOVE 2'
01-31 17:22:26.950 D/WifiMonitor(  547): Event [IFNAME=wlan0 Control interface command 'DRIVER RXFILTER-REMOVE 2']
01-31 17:22:26.950 W/WifiMonitor(  547): couldn't identify event type - Control interface command 'DRIVER RXFILTER-REMOVE 2'
01-31 17:22:26.950 W/PushService(  903): 2016-01-31 17:22:26,957 - [WARN::PushService] - [Thread:75] update the client 5 status. binded->unbind CLOSE ERROR_READ_ERROR null null
01-31 17:22:26.960 I/wpa_supplicant(  771): wlan0: Control interface command 'DRIVER RXFILTER-START'
01-31 17:22:26.960 D/WifiMonitor(  547): Event [IFNAME=wlan0 Control interface command 'DRIVER RXFILTER-START']
01-31 17:22:26.960 W/WifiMonitor(  547): couldn't identify event type - Control interface command 'DRIVER RXFILTER-START'
01-31 17:22:26.980 D/NetworkBroadcastReceiver( 1205): has noConnectivity extra, isConnected = false
01-31 17:22:26.980 E/CommsReceiver( 1366): faf16efe23474bb5825f4b9e8b2adec5:69c786c2187a42448ad70ed6977c8083: <
01-31 17:22:26.990 D/BroadcastRecv( 3187): onReceive android.net.conn.CONNECTIVITY_CHANGE
01-31 17:22:27.000 D/TVMQTTPushManager( 1366): MQTTPushReceiverHandler enter handleMessage, thread id: 1
01-31 17:22:27.000 I/TVMQTTPushManager( 1366): connectionLost, cause is å·²æ–­å¼€è¿žæŽ¥ (32109) - java.net.SocketException: recvfrom failed: ETIMEDOUT (Connection timed out) mRetryTimes= 0
01-31 17:22:27.010 D/com.xiaomi.mitv.appstore.data.StartupReceiver( 1793): onReceiveintent: Intent { act=android.net.conn.CONNECTIVITY_CHANGE flg=0x4000010 cmp=com.xiaomi.mitv.appstore/.data.StartupReceiver (has extras) } extra: Bundle[mParcelledData.dataSize=444]
01-31 17:22:27.010 D/com.xiaomi.mitv.appstore.data.StartupReceiver( 1793): receive CONNECTIVITY_ACTION intent!!!
01-31 17:22:27.010 W/ContextImpl( 1999): Calling a method in the system process without a qualified user: android.app.ContextImpl.startService:1518 android.content.ContextWrapper.startService:494 android.content.ContextWrapper.startService:494 com.xiaomi.gamecenter.sdk.service.GlobalReceiver.onReceive:-1 android.app.ActivityThread.handleReceiver:2419 
01-31 17:22:27.020 E/ConnectChangeCheckUpgrade( 1999): å¼€å§‹æ£€æµ‹å‡çº§
01-31 17:22:27.020 E/ConnectChangeCheckUpgrade( 1999): NET WORK ERROR
01-31 17:22:27.020 D/LaunchReceiver( 1793): onReceive() action == android.net.conn.CONNECTIVITY_CHANGE
01-31 17:22:27.030 I/mediaexplorerdaemon.net.NetBroadcastReceiver( 2657): netReceiver, action: android.net.conn.CONNECTIVITY_CHANGE
01-31 17:22:27.030 D/SyncAndBootReceiver( 3201): onReceive action:android.net.conn.CONNECTIVITY_CHANGE
01-31 17:22:27.030 D/SyncAndBootReceiver( 3201): onConnectivityChange
01-31 17:22:27.040 W/PackageListSyncer( 3201): isTimeToSync networkConnected:false, timeIsUP:false
01-31 17:22:27.040 D/PackageListSyncer( 3201): is NOT time to sync(onConnectivityChange), dropp this sync request.
01-31 17:22:27.040 W/PackageListSyncer( 3201): isTimeToSync networkConnected:false, timeIsUP:false
01-31 17:22:27.040 D/PackageListSyncer( 3201): is NOT time to sync(onConnectivityChange), dropp this sync request.
01-31 17:22:27.040 D/dalvikvm( 1366): GC_CONCURRENT freed 399K, 17% free 3631K/4344K, paused 3ms+3ms, total 38ms
01-31 17:22:27.040 D/ConnectChangedReceiver(  876): intent: Intent { act=android.net.conn.CONNECTIVITY_CHANGE flg=0x4000010 cmp=com.xiaomi.mitv.remotecontroller.service/.receiver.ConnectChangedReceiver (has extras) } extra: Bundle[mParcelledData.dataSize=444]
01-31 17:22:27.040 D/ConnectChangedReceiver(  876): broadcast has been handle, return
01-31 17:22:27.040 D/BroadcastRecv(  876): onReceive android.net.conn.CONNECTIVITY_CHANGE
01-31 17:22:27.050 D/MIUIADSPUSH(  903):  NetworkStatusReceiver start service with return ComponentInfo{com.xiaomi.xmsf/com.xiaomi.push.service.XMPushService}
01-31 17:22:27.050 W/PushService(  903): 2016-01-31 17:22:27,059 - [WARN::PushService] - [Thread:1] network changed, no active network
01-31 17:22:27.050 W/PushService(  903): 2016-01-31 17:22:27,060 - [WARN::PushService] - [Thread:75] JOB: disconnect the connection.
01-31 17:22:27.050 W/PushService(  903): 2016-01-31 17:22:27,060 - [WARN::PushService] - [Thread:75] disconnect 1101357544, null
01-31 17:22:27.050 W/ContextImpl(  903): Calling a method in the system process without a qualified user: android.app.ContextImpl.startService:1518 android.content.ContextWrapper.startService:494 android.content.ContextWrapper.startService:494 com.xiaomi.xmsf.push.service.receivers.NetworkStatusReceiver.onReceive:-1 android.app.ActivityThread.handleReceiver:2419 
01-31 17:22:27.070 V/DuokanBroadcastReceiver( 3215): onReceive, intent = Intent { act=android.net.conn.CONNECTIVITY_CHANGE flg=0x4000010 cmp=com.xiaomi.mitv.player/.DuokanBroadcastReceiver (has extras) }
01-31 17:22:27.070 D/DuokanBroadcastReceiver( 3215): has noConnectivity extra, isConnected = false, sPrevConnectivity = true
01-31 17:22:27.290 V/AudioFlinger(  172): removeTracks_l removing track on session 61,mId 8 
01-31 17:22:27.290 V/AudioFlinger(  172): acquireWakeLock_l() AudioOut_8 status 0
01-31 17:22:27.390 V/AudioFlinger(  172): removeTracks_l removing track on session 0,mId 7 
01-31 17:22:27.390 V/AudioFlinger(  172): acquireWakeLock_l() AudioOut_7 status 0
01-31 17:22:27.410 V/AudioFlinger(  172): removeTracks_l removing track on session 0,mId 2 
01-31 17:22:27.410 V/AudioFlinger(  172): acquireWakeLock_l() AudioOut_2 status 0
01-31 17:22:29.000 D/TVMQTTPushManager( 1366): isNetworkConnected
01-31 17:22:29.010 D/TVMQTTPushManager( 1366): network connection is NOT OK.
01-31 17:22:30.220 V/AudioFlinger(  172): releaseWakeLock_l() AudioOut_8
01-31 17:22:30.220 V/AudioFlinger(  172): thread 0xb31b3008 type 2 TID 621 going to sleep
01-31 17:22:30.290 W/System.err( 3344): java.net.UnknownHostException: CYNTHIA
01-31 17:22:30.290 W/System.err( 3344): 	at xmjcifs.netbios.NameServiceClient.getAllByName(NameServiceClient.java:300)
01-31 17:22:30.290 W/System.err( 3344): 	at xmjcifs.netbios.NbtAddress.getAllByName(NbtAddress.java:464)
01-31 17:22:30.290 W/System.err( 3344): 	at com.xiaomi.mitv.mediaexplorer.smb.SmbSearch.getIpByHostName(SmbSearch.java:184)
01-31 17:22:30.290 W/System.err( 3344): 	at com.xiaomi.mitv.mediaexplorer.model.DeviceManager.tryAddPreloadSmbDevice(DeviceManager.java:433)
01-31 17:22:30.290 W/System.err( 3344): 	at com.xiaomi.mitv.mediaexplorer.model.DeviceManager.preloadSmbDevices(DeviceManager.java:414)
01-31 17:22:30.290 W/System.err( 3344): 	at com.xiaomi.mitv.mediaexplorer.model.DeviceManager$1.run(DeviceManager.java:134)
01-31 17:22:30.290 W/System.err( 3344): 	at android.os.Handler.handleCallback(Handler.java:733)
01-31 17:22:30.290 W/System.err( 3344): 	at android.os.Handler.dispatchMessage(Handler.java:95)
01-31 17:22:30.290 W/System.err( 3344): 	at android.os.Looper.loop(Looper.java:136)
01-31 17:22:30.290 W/System.err( 3344): 	at android.os.HandlerThread.run(HandlerThread.java:61)
01-31 17:22:30.290 I/DeviceManager( 3344): can not find ip for CYNTHIA
01-31 17:22:30.290 I/DeviceManager( 3344): failed to tryAddPreloadSmbDevice: CYNTHIA
01-31 17:22:30.290 I/Smb.SmbDeviceInfoManager( 3344): moveDownDeviceInfo: CYNTHIA
01-31 17:22:30.290 I/Smb.SmbDeviceInfoManager( 3344): saveSmbDeviceInfo
01-31 17:22:30.300 V/AudioFlinger(  172): Audio hardware entering standby, mixer 0xb32f4008, suspend count 0,mid 7
01-31 17:22:30.300 D/audio_hw_hdmi(  172): out_standby(0xb7ff8578)
01-31 17:22:30.300 I/audio_hw_hdmi(  172): [do_output_standby 855]Clear LastStream/0xb7ff8578 
01-31 17:22:30.300 V/AudioFlinger(  172): Audio hardware entering standby, mixer 0xb34cf008, suspend count 0,mid 2
01-31 17:22:30.300 D/audio_hw_primary(  172): do_output_standby(0xb7ff26a8)
01-31 17:22:30.300 D/audio_hw_primary(  172): do_output_standby : output_standby=1,input_standby=1
01-31 17:22:30.300 V/AudioFlinger(  172): releaseWakeLock_l() AudioOut_2
01-31 17:22:30.300 V/AudioFlinger(  172): thread 0xb34cf008 type 0 TID 619 going to sleep
01-31 17:22:30.300 I/Smb.SmbDeviceInfoManager( 3344): 7 number of history saved
01-31 17:22:30.300 I/DeviceManager( 3344): preloadSmbDevices, url(//192.168.1.16/), hostname(SIMON), ip(192.168.1.16)
01-31 17:22:30.300 I/DeviceManager( 3344): get info: SIMON
01-31 17:22:30.300 I/Smb.SmbSearch( 3344): getIpByHostName: SIMON
01-31 17:22:30.310 W/System.err( 3344): java.net.UnknownHostException: SIMON
01-31 17:22:30.310 W/System.err( 3344): 	at xmjcifs.netbios.NameServiceClient.getAllByName(NameServiceClient.java:300)
01-31 17:22:30.310 W/System.err( 3344): 	at xmjcifs.netbios.NbtAddress.getAllByName(NbtAddress.java:464)
01-31 17:22:30.310 W/System.err( 3344): 	at com.xiaomi.mitv.mediaexplorer.smb.SmbSearch.getIpByHostName(SmbSearch.java:184)
01-31 17:22:30.310 W/System.err( 3344): 	at com.xiaomi.mitv.mediaexplorer.model.DeviceManager.tryAddPreloadSmbDevice(DeviceManager.java:433)
01-31 17:22:30.310 W/System.err( 3344): 	at com.xiaomi.mitv.mediaexplorer.model.DeviceManager.preloadSmbDevices(DeviceManager.java:414)
01-31 17:22:30.310 W/System.err( 3344): 	at com.xiaomi.mitv.mediaexplorer.model.DeviceManager$1.run(DeviceManager.java:134)
01-31 17:22:30.310 W/System.err( 3344): 	at android.os.Handler.handleCallback(Handler.java:733)
01-31 17:22:30.310 W/System.err( 3344): 	at android.os.Handler.dispatchMessage(Handler.java:95)
01-31 17:22:30.310 W/System.err( 3344): 	at android.os.Looper.loop(Looper.java:136)
01-31 17:22:30.310 W/System.err( 3344): 	at android.os.HandlerThread.run(HandlerThread.java:61)
01-31 17:22:30.310 I/DeviceManager( 3344): can not find ip for SIMON
01-31 17:22:30.310 I/DeviceManager( 3344): failed to tryAddPreloadSmbDevice: SIMON
01-31 17:22:30.310 I/Smb.SmbDeviceInfoManager( 3344): moveDownDeviceInfo: SIMON
01-31 17:22:30.310 I/Smb.SmbDeviceInfoManager( 3344): saveSmbDeviceInfo
01-31 17:22:30.310 V/AudioFlinger(  172): releaseWakeLock_l() AudioOut_7
01-31 17:22:30.310 V/AudioFlinger(  172): thread 0xb32f4008 type 0 TID 620 going to sleep
01-31 17:22:30.320 I/Smb.SmbDeviceInfoManager( 3344): 7 number of history saved
01-31 17:22:30.320 I/DeviceManager( 3344): preloadSmbDevices, url(//192.168.1.11/), hostname(JING-PC), ip(192.168.1.11)
01-31 17:22:30.320 I/DeviceManager( 3344): get info: JING-PC
01-31 17:22:30.320 I/Smb.SmbSearch( 3344): getIpByHostName: JING-PC
01-31 17:22:30.320 W/System.err( 3344): java.net.UnknownHostException: JING-PC
01-31 17:22:30.320 W/System.err( 3344): 	at xmjcifs.netbios.NameServiceClient.getAllByName(NameServiceClient.java:300)
01-31 17:22:30.320 W/System.err( 3344): 	at xmjcifs.netbios.NbtAddress.getAllByName(NbtAddress.java:464)
01-31 17:22:30.320 W/System.err( 3344): 	at com.xiaomi.mitv.mediaexplorer.smb.SmbSearch.getIpByHostName(SmbSearch.java:184)
01-31 17:22:30.320 W/System.err( 3344): 	at com.xiaomi.mitv.mediaexplorer.model.DeviceManager.tryAddPreloadSmbDevice(DeviceManager.java:433)
01-31 17:22:30.320 W/System.err( 3344): 	at com.xiaomi.mitv.mediaexplorer.model.DeviceManager.preloadSmbDevices(DeviceManager.java:414)
01-31 17:22:30.320 W/System.err( 3344): 	at com.xiaomi.mitv.mediaexplorer.model.DeviceManager$1.run(DeviceManager.java:134)
01-31 17:22:30.320 W/System.err( 3344): 	at android.os.Handler.handleCallback(Handler.java:733)
01-31 17:22:30.320 W/System.err( 3344): 	at android.os.Handler.dispatchMessage(Handler.java:95)
01-31 17:22:30.320 W/System.err( 3344): 	at android.os.Looper.loop(Looper.java:136)
01-31 17:22:30.320 W/System.err( 3344): 	at android.os.HandlerThread.run(HandlerThread.java:61)
01-31 17:22:30.320 I/DeviceManager( 3344): can not find ip for JING-PC
01-31 17:22:30.320 I/DeviceManager( 3344): failed to tryAddPreloadSmbDevice: JING-PC
01-31 17:22:30.320 I/Smb.SmbDeviceInfoManager( 3344): moveDownDeviceInfo: JING-PC
01-31 17:22:30.320 I/Smb.SmbDeviceInfoManager( 3344): saveSmbDeviceInfo
01-31 17:22:30.340 I/Smb.SmbDeviceInfoManager( 3344): 7 number of history saved
01-31 17:22:30.340 I/DeviceManager( 3344): preloadSmbDevices, url(//192.168.1.9/), hostname(YANCHIN), ip(192.168.1.9)
01-31 17:22:30.340 I/DeviceManager( 3344): get info: YANCHIN
01-31 17:22:30.340 I/Smb.SmbSearch( 3344): getIpByHostName: YANCHIN
01-31 17:22:30.340 W/System.err( 3344): java.net.UnknownHostException: YANCHIN
01-31 17:22:30.340 W/System.err( 3344): 	at xmjcifs.netbios.NameServiceClient.getAllByName(NameServiceClient.java:300)
01-31 17:22:30.340 W/System.err( 3344): 	at xmjcifs.netbios.NbtAddress.getAllByName(NbtAddress.java:464)
01-31 17:22:30.340 W/System.err( 3344): 	at com.xiaomi.mitv.mediaexplorer.smb.SmbSearch.getIpByHostName(SmbSearch.java:184)
01-31 17:22:30.340 W/System.err( 3344): 	at com.xiaomi.mitv.mediaexplorer.model.DeviceManager.tryAddPreloadSmbDevice(DeviceManager.java:433)
01-31 17:22:30.340 W/System.err( 3344): 	at com.xiaomi.mitv.mediaexplorer.model.DeviceManager.preloadSmbDevices(DeviceManager.java:414)
01-31 17:22:30.340 W/System.err( 3344): 	at com.xiaomi.mitv.mediaexplorer.model.DeviceManager$1.run(DeviceManager.java:134)
01-31 17:22:30.340 W/System.err( 3344): 	at android.os.Handler.handleCallback(Handler.java:733)
01-31 17:22:30.340 W/System.err( 3344): 	at android.os.Handler.dispatchMessage(Handler.java:95)
01-31 17:22:30.340 W/System.err( 3344): 	at android.os.Looper.loop(Looper.java:136)
01-31 17:22:30.340 W/System.err( 3344): 	at android.os.HandlerThread.run(HandlerThread.java:61)
01-31 17:22:30.340 I/DeviceManager( 3344): can not find ip for YANCHIN
01-31 17:22:30.340 I/DeviceManager( 3344): failed to tryAddPreloadSmbDevice: YANCHIN
01-31 17:22:30.340 I/Smb.SmbDeviceInfoManager( 3344): moveDownDeviceInfo: YANCHIN
01-31 17:22:30.340 I/Smb.SmbDeviceInfoManager( 3344): saveSmbDeviceInfo
01-31 17:22:30.350 I/Smb.SmbDeviceInfoManager( 3344): 7 number of history saved
01-31 17:22:30.350 I/DeviceManager( 3344): preloadSmbDevices, url(//192.168.1.1/), hostname(VODAFONE), ip(192.168.1.1)
01-31 17:22:30.350 I/DeviceManager( 3344): get info: VODAFONE
01-31 17:22:30.350 I/Smb.SmbSearch( 3344): getIpByHostName: VODAFONE
01-31 17:22:30.350 W/System.err( 3344): java.net.UnknownHostException: VODAFONE
01-31 17:22:30.350 W/System.err( 3344): 	at xmjcifs.netbios.NameServiceClient.getAllByName(NameServiceClient.java:300)
01-31 17:22:30.350 W/System.err( 3344): 	at xmjcifs.netbios.NbtAddress.getAllByName(NbtAddress.java:464)
01-31 17:22:30.350 W/System.err( 3344): 	at com.xiaomi.mitv.mediaexplorer.smb.SmbSearch.getIpByHostName(SmbSearch.java:184)
01-31 17:22:30.350 W/System.err( 3344): 	at com.xiaomi.mitv.mediaexplorer.model.DeviceManager.tryAddPreloadSmbDevice(DeviceManager.java:433)
01-31 17:22:30.350 W/System.err( 3344): 	at com.xiaomi.mitv.mediaexplorer.model.DeviceManager.preloadSmbDevices(DeviceManager.java:414)
01-31 17:22:30.350 W/System.err( 3344): 	at com.xiaomi.mitv.mediaexplorer.model.DeviceManager$1.run(DeviceManager.java:134)
01-31 17:22:30.350 W/System.err( 3344): 	at android.os.Handler.handleCallback(Handler.java:733)
01-31 17:22:30.350 W/System.err( 3344): 	at android.os.Handler.dispatchMessage(Handler.java:95)
01-31 17:22:30.350 W/System.err( 3344): 	at android.os.Looper.loop(Looper.java:136)
01-31 17:22:30.350 W/System.err( 3344): 	at android.os.HandlerThread.run(HandlerThread.java:61)
01-31 17:22:30.350 I/DeviceManager( 3344): can not find ip for VODAFONE
01-31 17:22:30.350 I/DeviceManager( 3344): failed to tryAddPreloadSmbDevice: VODAFONE
01-31 17:22:30.350 I/Smb.SmbDeviceInfoManager( 3344): moveDownDeviceInfo: VODAFONE
01-31 17:22:30.350 I/Smb.SmbDeviceInfoManager( 3344): saveSmbDeviceInfo
01-31 17:22:30.370 I/Smb.SmbDeviceInfoManager( 3344): 7 number of history saved
01-31 17:22:30.370 I/DeviceManager( 3344): preloadSmbDevices, url(//192.168.1.7/), hostname(EVA-PC), ip(192.168.1.7)
01-31 17:22:30.370 I/DeviceManager( 3344): get info: EVA-PC
01-31 17:22:30.370 I/Smb.SmbSearch( 3344): getIpByHostName: EVA-PC
01-31 17:22:30.370 W/System.err( 3344): java.net.UnknownHostException: EVA-PC
01-31 17:22:30.370 W/System.err( 3344): 	at xmjcifs.netbios.NameServiceClient.getAllByName(NameServiceClient.java:300)
01-31 17:22:30.370 W/System.err( 3344): 	at xmjcifs.netbios.NbtAddress.getAllByName(NbtAddress.java:464)
01-31 17:22:30.370 W/System.err( 3344): 	at com.xiaomi.mitv.mediaexplorer.smb.SmbSearch.getIpByHostName(SmbSearch.java:184)
01-31 17:22:30.370 W/System.err( 3344): 	at com.xiaomi.mitv.mediaexplorer.model.DeviceManager.tryAddPreloadSmbDevice(DeviceManager.java:433)
01-31 17:22:30.370 W/System.err( 3344): 	at com.xiaomi.mitv.mediaexplorer.model.DeviceManager.preloadSmbDevices(DeviceManager.java:414)
01-31 17:22:30.370 W/System.err( 3344): 	at com.xiaomi.mitv.mediaexplorer.model.DeviceManager$1.run(DeviceManager.java:134)
01-31 17:22:30.370 W/System.err( 3344): 	at android.os.Handler.handleCallback(Handler.java:733)
01-31 17:22:30.370 W/System.err( 3344): 	at android.os.Handler.dispatchMessage(Handler.java:95)
01-31 17:22:30.370 W/System.err( 3344): 	at android.os.Looper.loop(Looper.java:136)
01-31 17:22:30.370 W/System.err( 3344): 	at android.os.HandlerThread.run(HandlerThread.java:61)
01-31 17:22:30.370 I/DeviceManager( 3344): can not find ip for EVA-PC
01-31 17:22:30.370 I/DeviceManager( 3344): failed to tryAddPreloadSmbDevice: EVA-PC
01-31 17:22:30.370 I/Smb.SmbDeviceInfoManager( 3344): moveDownDeviceInfo: EVA-PC
01-31 17:22:30.370 I/Smb.SmbDeviceInfoManager( 3344): saveSmbDeviceInfo
01-31 17:22:30.380 I/Smb.SmbDeviceInfoManager( 3344): 7 number of history saved
01-31 17:22:30.380 I/Smb.SmbSearch( 3344): startSearch!
01-31 17:22:30.380 I/Smb.SmbSearch( 3344): start
01-31 17:22:30.380 I/Util    ( 3344): get ip
01-31 17:22:30.390 I/Smb.SmbSearch( 3344): localIP: null
01-31 17:22:30.390 I/Smb.SmbSearch( 3344): begin to search!
01-31 17:22:30.390 W/System.err( 3344): java.net.UnknownHostException: WORKGROUP
01-31 17:22:30.390 W/System.err( 3344): 	at xmjcifs.netbios.NameServiceClient.getAllByName(NameServiceClient.java:300)
01-31 17:22:30.390 W/System.err( 3344): 	at xmjcifs.netbios.NbtAddress.getAllByName(NbtAddress.java:464)
01-31 17:22:30.390 W/System.err( 3344): 	at com.xiaomi.mitv.mediaexplorer.smb.SmbSearch.getWorkgroupByName(SmbSearch.java:152)
01-31 17:22:30.390 W/System.err( 3344): 	at com.xiaomi.mitv.mediaexplorer.smb.SmbSearch.start(SmbSearch.java:61)
01-31 17:22:30.390 W/System.err( 3344): 	at com.xiaomi.mitv.mediaexplorer.smb.SmbSearch.startSearch(SmbSearch.java:40)
01-31 17:22:30.390 W/System.err( 3344): 	at com.xiaomi.mitv.mediaexplorer.model.DeviceManager$1.run(DeviceManager.java:135)
01-31 17:22:30.390 W/System.err( 3344): 	at android.os.Handler.handleCallback(Handler.java:733)
01-31 17:22:30.390 W/System.err( 3344): 	at android.os.Handler.dispatchMessage(Handler.java:95)
01-31 17:22:30.390 W/System.err( 3344): 	at android.os.Looper.loop(Looper.java:136)
01-31 17:22:30.400 W/System.err( 3344): 	at android.os.HandlerThread.run(HandlerThread.java:61)
01-31 17:22:30.400 I/Smb.SmbSearch( 3344): Fail to find workgroup WORKGROUP
01-31 17:22:30.400 W/System.err( 3344): java.net.UnknownHostException: MSHOME
01-31 17:22:30.400 W/System.err( 3344): 	at xmjcifs.netbios.NameServiceClient.getAllByName(NameServiceClient.java:300)
01-31 17:22:30.400 W/System.err( 3344): 	at xmjcifs.netbios.NbtAddress.getAllByName(NbtAddress.java:464)
01-31 17:22:30.400 W/System.err( 3344): 	at com.xiaomi.mitv.mediaexplorer.smb.SmbSearch.getWorkgroupByName(SmbSearch.java:152)
01-31 17:22:30.400 W/System.err( 3344): 	at com.xiaomi.mitv.mediaexplorer.smb.SmbSearch.start(SmbSearch.java:65)
01-31 17:22:30.400 W/System.err( 3344): 	at com.xiaomi.mitv.mediaexplorer.smb.SmbSearch.startSearch(SmbSearch.java:40)
01-31 17:22:30.400 W/System.err( 3344): 	at com.xiaomi.mitv.mediaexplorer.model.DeviceManager$1.run(DeviceManager.java:135)
01-31 17:22:30.400 W/System.err( 3344): 	at android.os.Handler.handleCallback(Handler.java:733)
01-31 17:22:30.400 W/System.err( 3344): 	at android.os.Handler.dispatchMessage(Handler.java:95)
01-31 17:22:30.400 W/System.err( 3344): 	at android.os.Looper.loop(Looper.java:136)
01-31 17:22:30.400 W/System.err( 3344): 	at android.os.HandlerThread.run(HandlerThread.java:61)
01-31 17:22:30.400 I/Smb.SmbSearch( 3344): Fail to find workgroup MSHOME
01-31 17:22:30.420 D/dalvikvm( 3344): GC_CONCURRENT freed 437K, 17% free 3555K/4240K, paused 4ms+3ms, total 33ms
01-31 17:22:30.630 D/dalvikvm(  841): GC_CONCURRENT freed 390K, 17% free 3415K/4084K, paused 3ms+3ms, total 33ms
01-31 17:22:31.360 I/UDTDiscoverManager(  841): No active network connect
01-31 17:22:34.150 D/BluetoothAdapter(  663): stopLeScan()
01-31 17:22:34.150 D/BtGatt.GattService(  663): stopScan() - queue=1
01-31 17:22:34.150 D/BtGatt.GattService(  663): stopScan() - queue empty; stopping scan
01-31 17:22:34.150 D/BtGatt.btif(  663): btif_gattc_scan
01-31 17:22:34.150 D/bt-btif (  663): btif_transfer_context event 1003, len 739
01-31 17:22:34.150 D/bt-btif (  663): btif task fetched event a001
01-31 17:22:34.150 D/bt-btif (  663): btif_context_switched
01-31 17:22:34.150 D/BtGatt.btif(  663): btgattc_handle_event: Event 1003
01-31 17:22:34.150 I/bt-btif (  663): BTA_DmBleObserve:start = 0 
01-31 17:22:34.150 I/bt-btif (  663): BTA got event 0x120
01-31 17:22:34.150 I/bt-btif (  663): bta_dm_sm_execute event:0x20
01-31 17:22:34.150 I/bt-btm  (  663): BTM_BleObserve 
01-31 17:22:34.150 I/bt-btm  (  663): btm_ble_stop_scan 
01-31 17:22:34.160 E/GKI_LINUX(  663): ##### ERROR : acquire_wake_lock: got lock success ret=2#####
01-31 17:22:34.160 D/bt-btm  (  663): BTM Inq Compl Callback: status 0x00, num results 1
01-31 17:22:34.160 I/bt-btm  (  663): btm_update_scanner_filter_policy
01-31 17:22:34.160 D/bt-btm  (  663): btm_acl_update_busy_level
01-31 17:22:34.160 D/bt-btm  (  663): BTM_BLI_INQ_DONE_EVT
01-31 17:22:34.160 E/bt_upio (  663): upio_set : open(/proc/bluetooth/sleep/btwrite) for write failed: No such file or directory (2)
01-31 17:22:34.160 D/BtGatt.GattService(  663): unregisterClient() - clientIf=6
01-31 17:22:34.160 D/BtGatt.btif(  663): btif_gattc_unregister_app
01-31 17:22:34.160 D/bt-btif (  663): btif_transfer_context event 1001, len 739
01-31 17:22:34.160 D/bt-btif (  663): btif task fetched event a001
01-31 17:22:34.160 D/bt-btif (  663): btif_context_switched
01-31 17:22:34.160 D/BtGatt.btif(  663): btgattc_handle_event: Event 1001
01-31 17:22:34.160 I/bt-btif (  663): BTA got event 0x1f17
01-31 17:22:34.160 D/bt-btif (  663): bta_gattc_hdl_event: Event [BTA_GATTC_API_DEREG_EVT]
01-31 17:22:34.160 I/bt-att  (  663): GATT_Deregister gatt_if=6
01-31 17:22:34.160 I/bt-att  (  663): GATT_Listen gatt_if=6
01-31 17:22:34.160 I/bt-btm  (  663): BTM_BleUpdateAdvFilterPolicy
01-31 17:22:34.160 I/bt-btm  (  663): BTM_ReadConnectability
01-31 17:22:34.160 I/bt-btm  (  663): BTM_SetConnectability
01-31 17:22:34.160 I/bt-btm  (  663): btm_ble_set_connectability mode=0x0 combined_mode=0x1
01-31 17:22:34.160 I/bt-btm  (  663): always disable adv in non-discoverable non-connectable mode with no scan rsp
01-31 17:22:34.160 I/bt-btm  (  663): BTM_SetConnectability: mode 1 [NonConn-0, Conn-1], window 0x0012, interval 0x0800
01-31 17:22:34.160 D/bt-btif (  663): btif_transfer_context event 1, len 676
01-31 17:22:34.160 D/bt-btif (  663): btif task fetched event a001
01-31 17:22:34.160 D/bt-btif (  663): btif_context_switched
01-31 17:22:34.160 D/BtGatt.btif(  663): btif_gattc_upstreams_evt: Event 1
01-31 17:22:34.160 D/bt_upio (  663): BT_WAKE is asserted already
01-31 17:22:34.160 E/bt_upio (  663): upio_set : open(/proc/bluetooth/sleep/btwrite) for write failed: No such file or directory (2)
01-31 17:22:34.160 D/bt_upio (  663): BT_WAKE is asserted already
01-31 17:22:34.160 E/bt_upio (  663): upio_set : open(/proc/bluetooth/sleep/btwrite) for write failed: No such file or directory (2)
01-31 17:22:34.160 D/bt-btif (  663): HC lib lpm deassertion return 0
01-31 17:22:34.160 D/bt-btif (  663): HC lib lpm deassertion return 0
01-31 17:22:34.260 E/GKI_LINUX(  663): ##### ERROR : release_wake_lock: release lock success ret=2#####
01-31 17:22:34.660 V/BleRemoteControllerService(  663): requestScan,RC size:0,hasInit:true,isBinded:false,mIsPair:false,Connecting:false
01-31 17:22:34.660 D/BluetoothAdapterService(1101120176)(  663): getState(): mAdapterProperties: com.android.bluetooth.btservice.AdapterProperties@41a1d570
01-31 17:22:34.660 D/BluetoothAdapterService(1101120176)(  663): Get Bonded Devices being called
01-31 17:22:34.660 D/BluetoothAdapterProperties(  663): getBondedDevices: length=1
01-31 17:22:34.660 D/BluetoothAdapterService(1101120176)(  663): getState(): mAdapterProperties: com.android.bluetooth.btservice.AdapterProperties@41a1d570
01-31 17:22:34.670 E/BleRemoteControllerService(  663): compare name failed!
01-31 17:22:34.670 D/BluetoothAdapterService(1101120176)(  663): getState(): mAdapterProperties: com.android.bluetooth.btservice.AdapterProperties@41a1d570
01-31 17:22:34.670 D/BluetoothAdapterService(1101120176)(  663): Get Bonded Devices being called
01-31 17:22:34.670 D/BluetoothAdapterProperties(  663): getBondedDevices: length=1
01-31 17:22:34.670 D/BluetoothAdapterService(1101120176)(  663): getState(): mAdapterProperties: com.android.bluetooth.btservice.AdapterProperties@41a1d570
01-31 17:22:34.680 E/BleRemoteControllerService(  663): compare name failed!
01-31 17:22:34.680 D/BluetoothAdapterService(1101120176)(  663): getState(): mAdapterProperties: com.android.bluetooth.btservice.AdapterProperties@41a1d570
01-31 17:22:34.680 D/BluetoothAdapter(  663): startLeScan(): null
01-31 17:22:34.680 D/BtGatt.GattService(  663): registerClient() - UUID=a0985c85-59b0-45a0-b72b-adfd2466f15a
01-31 17:22:34.680 D/BtGatt.btif(  663): btif_gattc_register_app
01-31 17:22:34.680 D/bt-btif (  663): btif_transfer_context event 1000, len 739
01-31 17:22:34.680 D/bt-btif (  663): btif task fetched event a001
01-31 17:22:34.680 D/bt-btif (  663): btif_context_switched
01-31 17:22:34.680 D/BtGatt.btif(  663): btgattc_handle_event: Event 1000
01-31 17:22:34.680 I/bt-btif (  663): BTA got event 0x1f16
01-31 17:22:34.680 D/bt-btif (  663): bta_gattc_hdl_event: Event [BTA_GATTC_API_REG_EVT]
01-31 17:22:34.680 D/bt-btif (  663): bta_gattc_register state 2
01-31 17:22:34.680 I/bt-att  (  663): GATT_Register
01-31 17:22:34.680 D/bt-att  (  663): UUID=[0xa0985c8559b045a0b72badfd2466f15a]
01-31 17:22:34.680 I/bt-att  (  663): allocated gatt_if=6
01-31 17:22:34.680 D/bt-btif (  663): btif_transfer_context event 0, len 676
01-31 17:22:34.680 I/bt-btif (  663): BTA got event 0x1f15
01-31 17:22:34.680 D/bt-btif (  663): bta_gattc_hdl_event: Event [BTA_GATTC_INT_START_IF_EVT]
01-31 17:22:34.680 I/bt-att  (  663): GATT_StartIf gatt_if=6
01-31 17:22:34.680 D/bt-att  (  663): gatt_find_the_connected_bda start_idx=0
01-31 17:22:34.680 D/bt-att  (  663): gatt_find_the_connected_bda found=0 found_idx=18
01-31 17:22:34.680 D/bt-btif (  663): btif task fetched event a001
01-31 17:22:34.680 D/bt-btif (  663): btif_context_switched
01-31 17:22:34.680 D/BtGatt.btif(  663): btif_gattc_upstreams_evt: Event 0
01-31 17:22:34.680 I/bt-btif (  663): HAL bt_gatt_callbacks->client->register_client_cb
01-31 17:22:34.680 D/BtGatt.GattService(  663): onClientRegistered() - UUID=a0985c85-59b0-45a0-b72b-adfd2466f15a, clientIf=6
01-31 17:22:34.680 D/BluetoothAdapter(  663): onClientRegistered() - status=0 clientIf=6
01-31 17:22:34.680 D/BtGatt.GattService(  663): startScan() - queue=0
01-31 17:22:34.680 D/BtGatt.GattService(  663): startScan() - adding client=6
01-31 17:22:34.680 D/BtGatt.btif(  663): btif_gattc_scan
01-31 17:22:34.680 D/bt-btif (  663): btif_transfer_context event 1002, len 739
01-31 17:22:34.680 D/bt-btif (  663): btif task fetched event a001
01-31 17:22:34.680 D/bt-btif (  663): btif_context_switched
01-31 17:22:34.680 D/BtGatt.btif(  663): btgattc_handle_event: Event 1002
01-31 17:22:34.680 I/bt-btif (  663): BTA_DmBleObserve:start = 1 
01-31 17:22:34.680 I/bt-btif (  663): BTA got event 0x120
01-31 17:22:34.680 I/bt-btif (  663): bta_dm_sm_execute event:0x20
01-31 17:22:34.680 I/bt-btm  (  663): BTM_BleObserve 
01-31 17:22:34.680 E/GKI_LINUX(  663): ##### ERROR : acquire_wake_lock: got lock success ret=2#####
01-31 17:22:34.680 D/bt_upio (  663): BT_WAKE is asserted already
01-31 17:22:34.680 E/bt_upio (  663): upio_set : open(/proc/bluetooth/sleep/btwrite) for write failed: No such file or directory (2)
01-31 17:22:34.680 V/BleRemoteControllerService(  663): scanLeDevice spend:6
01-31 17:22:34.680 D/bt_upio (  663): BT_WAKE is asserted already
01-31 17:22:34.680 E/bt_upio (  663): upio_set : open(/proc/bluetooth/sleep/btwrite) for write failed: No such file or directory (2)
01-31 17:22:34.690 D/bt-btif (  663): HC lib lpm deassertion return 0
01-31 17:22:34.690 D/bt-btif (  663): HC lib lpm deassertion return 0
01-31 17:22:34.780 E/GKI_LINUX(  663): ##### ERROR : release_wake_lock: release lock success ret=2#####
01-31 17:22:35.220 I/wpa_supplicant(  771): P2P-DEVICE-FOUND 42:b0:fa:63:ca:b0 p2p_dev_addr=42:b0:fa:63:ca:b0 pri_dev_type=10-0050F204-5 name='Sink_cab0' config_methods=0x188 dev_capab=0x25 group_capab=0x0 wfd_dev_info=0x00000600101c440032
01-31 17:22:35.220 D/WifiMonitor(  547): Event [P2P-DEVICE-FOUND 42:b0:fa:63:ca:b0 p2p_dev_addr=42:b0:fa:63:ca:b0 pri_dev_type=10-0050F204-5 name='Sink_cab0' config_methods=0x188 dev_capab=0x25 group_capab=0x0 wfd_dev_info=0x00000600101c440032]
01-31 17:22:35.220 I/wpa_supplicant(  771): P2P-DEVICE-FOUND 42:b0:fa:63:ca:b0 p2p_dev_addr=42:b0:fa:63:ca:b0 pri_dev_type=10-0050F204-5 name='Sink_cab0' config_methods=0x188 dev_capab=0x25 group_capab=0x0 wfd_dev_info=0x00000600101c440032
01-31 17:22:35.220 D/WifiMonitor(  547): Event [P2P-DEVICE-FOUND 42:b0:fa:63:ca:b0 p2p_dev_addr=42:b0:fa:63:ca:b0 pri_dev_type=10-0050F204-5 name='Sink_cab0' config_methods=0x188 dev_capab=0x25 group_capab=0x0 wfd_dev_info=0x00000600101c440032]
01-31 17:22:35.230 D/dalvikvm(  808): GC_CONCURRENT freed 363K, 16% free 3338K/3944K, paused 4ms+7ms, total 65ms
01-31 17:22:35.240 D/WfdManager( 3167): handleEvent: action = android.net.wifi.p2p.PEERS_CHANGED
01-31 17:22:35.250 D/WfdManager( 3167): handleEvent: action = android.net.wifi.p2p.PEERS_CHANGED
01-31 17:22:35.260 I/hdmiswitch(  373):  recv n=257
01-31 17:22:35.260 I/hdmiswitch(  373):  recv n=238
01-31 17:22:35.270 I/WfdManager( 3167): wifiP2p device list count = 1
01-31 17:22:35.270 D/WfdManager( 3167): dev name=Sink_cab0, status=3
01-31 17:22:35.270 I/hdmiswitch(  373):  recv n=238
01-31 17:22:35.270 I/WfdManager( 3167): wifiP2p device list count = 1
01-31 17:22:35.270 D/WfdManager( 3167): dev name=Sink_cab0, status=3
01-31 17:22:35.380 I/wpa_supplicant(  771): P2P-FIND-STOPPED 
01-31 17:22:35.380 D/WifiMonitor(  547): Event [P2P-FIND-STOPPED ]
01-31 17:22:35.380 I/wpa_supplicant(  771): rfkill: Cannot open RFKILL control device
01-31 17:22:35.450 D/WifiMonitor(  547): Event [IFNAME=p2p-wlan0-5 CTRL-EVENT-STATE-CHANGE id=-1 state=2 BSSID=00:00:00:00:00:00 SSID=]
01-31 17:22:35.540 D/WifiMonitor(  547): Event [IFNAME=p2p-wlan0-5 CTRL-EVENT-STATE-CHANGE id=-1 state=0 BSSID=00:00:00:00:00:00 SSID=]
01-31 17:22:35.540 D/WifiMonitor(  547): Event [IFNAME=p2p-wlan0-5 CTRL-EVENT-STATE-CHANGE id=-1 state=3 BSSID=00:00:00:00:00:00 SSID=]
01-31 17:22:35.550 E/wpa_supplicant(  771): Using interface p2p-wlan0-5 with hwaddr 06:e6:76:cf:6e:32 and ssid "DIRECT-EK-Sink_ee32"
01-31 17:22:35.640 I/wpa_supplicant(  771): p2p-wlan0-5: CTRL-EVENT-CONNECTED - Connection to 06:e6:76:cf:6e:32 completed (auth) [id=0 id_str=]
01-31 17:22:35.640 D/WifiMonitor(  547): Event [IFNAME=p2p-wlan0-5 CTRL-EVENT-CONNECTED - Connection to 06:e6:76:cf:6e:32 completed (auth) [id=0 id_str=]]
01-31 17:22:35.640 E/WifiMonitor(  547): received CONNECTED handleNetworkStateChange 
01-31 17:22:35.640 D/wifi_gbk2utf(  547): constructEventSsid, SSID = DIRECT-EK-Sink_ee32
01-31 17:22:35.650 D/WifiMonitor(  547): Event [IFNAME=p2p-wlan0-5 CTRL-EVENT-STATE-CHANGE id=0 state=9 BSSID=06:e6:76:cf:6e:32 SSID=DIRECT-EK-Sink_ee32]
01-31 17:22:35.650 I/wpa_supplicant(  771): P2P-GROUP-STARTED p2p-wlan0-5 GO ssid="DIRECT-EK-Sink_ee32" freq=5180 passphrase="qYiGL58S" go_dev_addr=06:e6:76:cf:ee:32 [PERSISTENT]
01-31 17:22:35.650 D/WifiMonitor(  547): Event [P2P-GROUP-STARTED p2p-wlan0-5 GO ssid="DIRECT-EK-Sink_ee32" freq=5180 passphrase="qYiGL58S" go_dev_addr=06:e6:76:cf:ee:32 [PERSISTENT]]
01-31 17:22:35.650 I/wpa_supplicant(  771): p2p-dev-wlan0: Control interface command 'LIST_NETWORKS'
01-31 17:22:35.650 D/WifiMonitor(  547): Event [IFNAME=p2p-dev-wlan0 Control interface command 'LIST_NETWORKS']
01-31 17:22:35.650 W/WifiMonitor(  547): couldn't identify event type - Control interface command 'LIST_NETWORKS'
01-31 17:22:35.650 I/wpa_supplicant(  771): p2p-wlan0-5: Control interface command 'SET p2p_group_idle 10'
01-31 17:22:35.650 D/WifiMonitor(  547): Event [IFNAME=p2p-wlan0-5 Control interface command 'SET p2p_group_idle 10']
01-31 17:22:35.660 W/WifiMonitor(  547): couldn't identify event type - Control interface command 'SET p2p_group_idle 10'
01-31 17:22:35.660 D/CommandListener(  167): Setting iface cfg
01-31 17:22:35.670 D/CommandListener(  167): Trying to bring up p2p-wlan0-5
01-31 17:22:35.670 D/TetherController(  167): Starting tethering services
01-31 17:22:35.680 D/TetherController(  167): Tethering services running
01-31 17:22:35.680 D/WifiP2pService(  547): Started Dhcp server on p2p-wlan0-5
01-31 17:22:35.690 D/bt_upio (  663): btwake deassertion
01-31 17:22:35.690 I/dnsmasq ( 3631): started, version 2.51 cachesize 150
01-31 17:22:35.690 I/dnsmasq ( 3631): compile time options: no-IPv6 GNU-getopt no-DBus no-I18N DHCP no-scripts no-TFTP
01-31 17:22:35.690 W/dnsmasq ( 3631): warning: no upstream servers configured
01-31 17:22:35.690 I/dnsmasq ( 3631): DHCP, IP range 192.168.49.2 -- 192.168.49.254, lease time 1h
01-31 17:22:35.690 I/dnsmasq ( 3631): read /etc/hosts - 1 addresses
01-31 17:22:35.690 D/WifiDisplayController(  547): WFD : File changed : path=dnsmasq.txt event=2
01-31 17:22:35.700 D/WfdManager( 3167): handleEvent: action = android.net.wifi.p2p.THIS_DEVICE_CHANGED
01-31 17:22:35.700 I/WfdManager( 3167): this dev name = Sink_ee32dev state0
01-31 17:22:35.700 D/WfdActivity( 3167): onDeviceNameChanged Sink_ee32
01-31 17:22:35.850 I/wpa_supplicant(  771): p2p-wlan0-5: AP-STA-CONNECTED 42:b0:fa:63:4a:b0 p2p_dev_addr=42:b0:fa:63:ca:b0
01-31 17:22:35.850 D/WifiMonitor(  547): Event [IFNAME=p2p-wlan0-5 AP-STA-CONNECTED 42:b0:fa:63:4a:b0 p2p_dev_addr=42:b0:fa:63:ca:b0]
01-31 17:22:35.850 I/wpa_supplicant(  771): AP-STA-CONNECTED 42:b0:fa:63:4a:b0 p2p_dev_addr=42:b0:fa:63:ca:b0
01-31 17:22:35.850 I/wpa_supplicant(  771): p2p-wlan0-5: Control interface command 'SET p2p_group_idle 0'
01-31 17:22:35.850 D/WifiMonitor(  547): Event [IFNAME=p2p-wlan0-5 Control interface command 'SET p2p_group_idle 0']
01-31 17:22:35.850 W/WifiMonitor(  547): couldn't identify event type - Control interface command 'SET p2p_group_idle 0'
01-31 17:22:35.860 I/wpa_supplicant(  771): wlan0: Control interface command 'SCAN_INTERVAL 60'
01-31 17:22:35.860 D/WifiMonitor(  547): Event [IFNAME=wlan0 Control interface command 'SCAN_INTERVAL 60']
01-31 17:22:35.860 W/WifiMonitor(  547): couldn't identify event type - Control interface command 'SCAN_INTERVAL 60'
01-31 17:22:35.860 D/WifiDisplayController(  547): WFD : I am GO
01-31 17:22:35.870 D/WfdManager( 3167): handleEvent: action = android.net.wifi.p2p.PEERS_CHANGED
01-31 17:22:35.870 D/WfdManager( 3167): handleEvent: action = android.net.wifi.p2p.CONNECTION_STATE_CHANGE
01-31 17:22:35.870 D/WfdManager( 3167): WIFI P2P Connected
01-31 17:22:35.880 I/WfdManager( 3167): wifiP2p device list count = 1
01-31 17:22:35.880 D/WfdManager( 3167): dev name=Sink_cab0, status=0
01-31 17:22:35.880 D/WfdActivity( 3167): onWfdClientConnected Sink_cab0
01-31 17:22:35.880 I/WfdApplication( 3167): logEvent (1403, 0, 0)
01-31 17:22:36.200 I/dnsmasq ( 3631): DHCPDISCOVER(p2p-wlan0-5) 42:b0:fa:63:4a:b0 
01-31 17:22:36.200 I/dnsmasq ( 3631): DHCPOFFER(p2p-wlan0-5) 192.168.49.56 42:b0:fa:63:4a:b0 
01-31 17:22:36.210 I/dnsmasq ( 3631): DHCPREQUEST(p2p-wlan0-5) 192.168.49.56 42:b0:fa:63:4a:b0 
01-31 17:22:36.210 I/dnsmasq ( 3631): DHCPACK(p2p-wlan0-5) 192.168.49.56 42:b0:fa:63:4a:b0 android-1466a4983a9f4d41
01-31 17:22:36.210 I/dnsmasq ( 3631): EXTRA : mac=42:b0:fa:63:4a:b0, ip=192.168.49.56
01-31 17:22:36.210 D/WifiDisplayController(  547): WFD : File changed : path=dnsmasq.txt event=2
01-31 17:22:36.210 D/WifiDisplayController(  547): Sending DNSMASQ_IP_ADDR_ACTION broadcast : mac=xx.xx.xx.xx.xx.xx ip=192.168.49.56 port=7236
01-31 17:22:36.210 D/WifiDisplayController(  547): Received DNSMASQ_IP_ADDR_ACTION : mac=xx.xx.xx.xx.xx.xx ip=192.168.49.56 port=7236
01-31 17:22:36.220 D/WfdManager( 3167): handleEvent: action = android.net.dnsmasq.IP_ADDR
01-31 17:22:36.220 D/WfdManager( 3167): android.net.dnsmasq.IP_ADDR: ip:192.168.49.56 port=7236
01-31 17:22:36.220 I/WfdManager( 3167): ip  port = 192.168.49.56:7236
01-31 17:22:36.850 I/mediaexplorerdaemon.net.XQDetectorService( 2657): mXQdetector run!! count: 2
01-31 17:22:36.850 I/mediaexplorerdaemon.net.XQDetectorService( 2657): getXQIp
01-31 17:22:36.850 I/mediaexplorerdaemon.net.XQDetectorService( 2657): getGatewayAddress
01-31 17:22:36.850 I/mediaexplorerdaemon.net.XQDetectorService( 2657): There is no activeConnectivity
01-31 17:22:36.850 I/mediaexplorerdaemon.net.XQDetectorService( 2657): getStringFromUrl: http://192.168.31.1:8300/change_info
01-31 17:22:36.850 W/System.err( 2657): java.net.ConnectException: failed to connect to /192.168.31.1 (port 8300) after 10000ms: connect failed: ENETUNREACH (Network is unreachable)
01-31 17:22:36.850 W/System.err( 2657): 	at libcore.io.IoBridge.connect(IoBridge.java:114)
01-31 17:22:36.850 W/System.err( 2657): 	at java.net.PlainSocketImpl.connect(PlainSocketImpl.java:192)
01-31 17:22:36.850 W/System.err( 2657): 	at java.net.PlainSocketImpl.connect(PlainSocketImpl.java:459)
01-31 17:22:36.850 W/System.err( 2657): 	at java.net.Socket.connect(Socket.java:843)
01-31 17:22:36.860 W/System.err( 2657): 	at com.android.okhttp.internal.Platform.connectSocket(Platform.java:131)
01-31 17:22:36.860 W/System.err( 2657): 	at com.android.okhttp.Connection.connect(Connection.java:101)
01-31 17:22:36.860 W/System.err( 2657): 	at com.android.okhttp.internal.http.HttpEngine.connect(HttpEngine.java:294)
01-31 17:22:36.860 W/System.err( 2657): 	at com.android.okhttp.internal.http.HttpEngine.sendSocketRequest(HttpEngine.java:255)
01-31 17:22:36.860 W/System.err( 2657): 	at com.android.okhttp.internal.http.HttpEngine.sendRequest(HttpEngine.java:206)
01-31 17:22:36.860 W/System.err( 2657): 	at com.android.okhttp.internal.http.HttpURLConnectionImpl.execute(HttpURLConnectionImpl.java:345)
01-31 17:22:36.860 W/System.err( 2657): 	at com.android.okhttp.internal.http.HttpURLConnectionImpl.getResponse(HttpURLConnectionImpl.java:296)
01-31 17:22:36.860 W/System.err( 2657): 	at com.android.okhttp.internal.http.HttpURLConnectionImpl.getInputStream(HttpURLConnectionImpl.java:179)
01-31 17:22:36.860 W/System.err( 2657): 	at com.xiaomi.mitv.media.XQDetectorService.getStringFromUrl(XQDetectorService.java:257)
01-31 17:22:36.860 W/System.err( 2657): 	at com.xiaomi.mitv.media.XQDetectorService$1.run(XQDetectorService.java:54)
01-31 17:22:36.860 W/System.err( 2657): 	at android.os.Handler.handleCallback(Handler.java:733)
01-31 17:22:36.860 W/System.err( 2657): 	at android.os.Handler.dispatchMessage(Handler.java:95)
01-31 17:22:36.860 W/System.err( 2657): 	at android.os.Looper.loop(Looper.java:136)
01-31 17:22:36.860 W/System.err( 2657): 	at android.os.HandlerThread.run(HandlerThread.java:61)
01-31 17:22:36.860 W/System.err( 2657): Caused by: libcore.io.ErrnoException: connect failed: ENETUNREACH (Network is unreachable)
01-31 17:22:36.860 W/System.err( 2657): 	at libcore.io.Posix.connect(Native Method)
01-31 17:22:36.860 W/System.err( 2657): 	at libcore.io.BlockGuardOs.connect(BlockGuardOs.java:85)
01-31 17:22:36.860 W/System.err( 2657): 	at libcore.io.IoBridge.connectErrno(IoBridge.java:144)
01-31 17:22:36.860 W/System.err( 2657): 	at libcore.io.IoBridge.connect(IoBridge.java:112)
01-31 17:22:36.860 W/System.err( 2657): 	... 17 more
01-31 17:22:36.860 I/mediaexplorerdaemon.net.XQDetectorService( 2657): get jsonString: null
01-31 17:22:36.860 I/mediaexplorerdaemon.net.XQDetectorService( 2657): jsonString is null
01-31 17:22:36.860 I/mediaexplorerdaemon.net.XQDetectorService( 2657): waitTime: 15000
01-31 17:22:36.890 D/dalvikvm( 2657): GC_CONCURRENT freed 322K, 24% free 3302K/4332K, paused 4ms+3ms, total 39ms
01-31 17:22:37.230 D/WfdActivity( 3167): onWfdStatusChanged connected = true
01-31 17:22:37.230 D/WfdActivity( 3167): onWfdStatusChanged mIsAutoExit is false
01-31 17:22:37.230 I/WfdActivity( 3167): onLaunchMiracastPlayer wfd://192.168.49.56:7236
01-31 17:22:37.240 I/ActivityManager(  547): START u0 {cmp=com.xiaomi.mitv.wfd/.WfdPlayerActivity (has extras)} from pid 3167
01-31 17:22:37.240 I/ActivityManager(  547): start package name is com.xiaomi.mitv.wfd, class name is com.xiaomi.mitv.wfd.WfdPlayerActivity, error code is 0
01-31 17:22:37.250 I/WfdActivity( 3167): onPause mWaitForResult = true
01-31 17:22:37.250 D/DisplayMetrics(  547): densityDpi 320
01-31 17:22:37.370 D/WfdPlayerActivity( 3167): surfaceCreated
01-31 17:22:37.370 D/WfdPlayerActivity( 3167): play>>
01-31 17:22:37.370 I/MediaPlayer( 3167): MediaPlayer enter
01-31 17:22:37.370 D/WfdPlayerActivity( 3167): setDataSource wfd://192.168.49.56:7236
01-31 17:22:37.370 I/MediaPlayer( 3167): setDisplay enter
01-31 17:22:37.370 I/MediaPlayer( 3167): setDataSource(String path) enter wfd://192.168.49.56:7236
01-31 17:22:37.380 V/MediaPlayerService(  172): Client(6) constructor
01-31 17:22:37.380 V/MediaPlayerService(  172): Create new client(6) from pid 3167, uid 1000, 
01-31 17:22:37.380 V/MediaPlayerService(  172): player type = 111
01-31 17:22:37.380 V/MediaPlayerService(  172): createPlayer:968 
01-31 17:22:37.380 V/MediaPlayerService(  172): Create AmSuperPlayer
01-31 17:22:37.380 V/AmSuperPlayer(  172): AmSuperPlayer init now
01-31 17:22:37.380 V/AudioSink(  172): AudioOutput(62)
01-31 17:22:37.380 V/MediaPlayerService(  172):  setDataSource
01-31 17:22:37.380 V/MediaPlayerService(  172): [6] setVideoSurfaceTexture(0xb80067d0)
01-31 17:22:37.380 E/MediaPlayerService(  172): [6] setVideoSurfaceTexture(0xb80067d0), binder(0xb800d6e0)
01-31 17:22:37.380 V/MediaPlayerService(  172): [6] setAudioStreamType(3)
01-31 17:22:37.380 V/MediaPlayerService(  172): [6] prepareAsync
01-31 17:22:37.380 V/AmSuperPlayer(  172): createPlayer
01-31 17:22:37.380 V/AmSuperPlayer(  172): Create Amlogic Player
01-31 17:22:37.380 I/AmlogicPlayer(  172): media.amplayer.stopbuftime is not set used def=0.000000
01-31 17:22:37.380 I/AmlogicPlayer(  172): media.amplayer.streamtimeadd is not set used def=0.000000
01-31 17:22:37.380 I/AmlogicPlayer(  172): media.amplayer.droptinyseek.ms is not set used def=-1.000000
01-31 17:22:37.380 I/AmlogicPlayer(  172): media.amplayer.delaybuffering.s is not set used def=0.000000
01-31 17:22:37.380 I/AmlogicPlayer(  172): found 0 not exit player threads,try exit it now
01-31 17:22:37.380 I/AmlogicPlayer(  172): media.amplayer.useandroidhttp is not setting,use default false
01-31 17:22:37.380 I/AmlogicPlayer(  172): media.amplayer.widevineenable is disabled
01-31 17:22:37.380 I/AmlogicPlayer(  172): media.amplayer.dsource4local is enabled
01-31 17:22:37.380 E/wfd_client(  172): wfd_client create
01-31 17:22:37.380 E/wfd_client(  172): wfd_client : start
01-31 17:22:37.380 W/ALooperRoster(  172): ALooper::handler_id ALooperRoster::registerHandler 19
01-31 17:22:37.380 E/wfd_client(  172): start sink
