--------- beginning of /dev/log/main
02-02 09:42:43.380 W/System.err( 3841): xmjcifs.smb.SmbAuthException: Logon failure: unknown user name or bad password.
02-02 09:42:43.390 W/System.err( 3841): 	at xmjcifs.smb.SmbTransport.checkStatus(SmbTransport.java:563)
02-02 09:42:43.390 W/System.err( 3841): 	at xmjcifs.smb.SmbTransport.send(SmbTransport.java:680)
02-02 09:42:43.390 W/System.err( 3841): 	at xmjcifs.smb.SmbSession.sessionSetup(SmbSession.java:391)
02-02 09:42:43.390 W/System.err( 3841): 	at xmjcifs.smb.SmbSession.send(SmbSession.java:219)
02-02 09:42:43.390 W/System.err( 3841): 	at xmjcifs.smb.SmbTree.treeConnect(SmbTree.java:177)
02-02 09:42:43.390 W/System.err( 3841): 	at xmjcifs.smb.SmbFile.doConnect(SmbFile.java:925)
02-02 09:42:43.390 W/System.err( 3841): 	at xmjcifs.smb.SmbFile.doShareEnum(SmbFile.java:1809)
02-02 09:42:43.390 W/System.err( 3841): 	at xmjcifs.smb.SmbFile.doEnum(SmbFile.java:1757)
02-02 09:42:43.390 W/System.err( 3841): 	at xmjcifs.smb.SmbFile.list(SmbFile.java:1715)
02-02 09:42:43.400 W/System.err( 3841): 	at xmjcifs.smb.SmbFile.list(SmbFile.java:1625)
02-02 09:42:43.400 W/System.err( 3841): 	at com.duokan.cloudalbum.DKSmbManager.searchSmbList(DKSmbManager.java:241)
02-02 09:42:43.400 W/System.err( 3841): 	at com.duokan.cloudalbum.DKSmbManager.searchSmb(DKSmbManager.java:300)
02-02 09:42:43.400 W/System.err( 3841): 	at com.duokan.cloudalbum.DKSmbManager.onSearched(DKSmbManager.java:567)
02-02 09:42:43.400 W/System.err( 3841): 	at com.duokan.cloudalbum.SmbSearch.listServer(SmbSearch.java:109)
02-02 09:42:43.400 W/System.err( 3841): 	at com.duokan.cloudalbum.SmbSearch.listDomain(SmbSearch.java:91)
02-02 09:42:43.400 W/System.err( 3841): 	at com.duokan.cloudalbum.SmbSearch.start(SmbSearch.java:69)
02-02 09:42:43.400 W/System.err( 3841): 	at com.duokan.cloudalbum.SmbSearch.startSearch(SmbSearch.java:39)
02-02 09:42:43.400 W/System.err( 3841): 	at com.duokan.cloudalbum.DKSmbManager.SearchLAN(DKSmbManager.java:471)
02-02 09:42:43.400 W/System.err( 3841): 	at com.duokan.cloudalbum.DKSmbManager.SearchAll(DKSmbManager.java:525)
02-02 09:42:43.400 W/System.err( 3841): 	at com.duokan.cloudalbum.DKSmbManager$SearchThread.run(DKSmbManager.java:539)
02-02 09:42:45.180 D/MiracastPlayerP2P(31393): Discovering peers at 09:42:45
02-02 09:42:45.200 I/wpa_supplicant(  771): p2p-dev-wlan0: Control interface command 'P2P_FIND 120'
02-02 09:42:45.210 D/WifiMonitor(  547): Event [IFNAME=p2p-dev-wlan0 Control interface command 'P2P_FIND 120']
02-02 09:42:45.210 W/WifiMonitor(  547): couldn't identify event type - Control interface command 'P2P_FIND 120'
02-02 09:42:45.240 D/MiracastPlayerP2P(31393): Discover peers successfully
02-02 09:42:45.690 D/StatusBar.NetworkController(  635): onReceive WIFI state change.
02-02 09:42:45.690 D/MiTVNetworkController(  939): action onReceive is : android.net.wifi.RSSI_CHANGED, mitv.network.ethernet.action.ETHERNET_STATE_CHANGED
02-02 09:42:45.690 D/MiTVNetworkController(  939): updateWifiIcons mWifiConnected:true, mWifiLevel:3 mEthernetConnected false
02-02 09:42:45.690 D/NetworkStateManager(  939): changeNetworkState, type:2, flag:0, level:3, lable:vodafoneE509
02-02 09:42:45.690 D/NetworkStateView(  939): changeNetworkState type:2, flag:0, level:3, label:vodafoneE509, last_lable:null
02-02 09:42:48.120 D/BluetoothAdapter(  663): stopLeScan()
02-02 09:42:48.130 D/BtGatt.GattService(  663): stopScan() - queue=1
02-02 09:42:48.130 D/BtGatt.GattService(  663): stopScan() - queue empty; stopping scan
02-02 09:42:48.130 D/BtGatt.btif(  663): btif_gattc_scan
02-02 09:42:48.130 D/bt-btif (  663): btif_transfer_context event 1003, len 739
02-02 09:42:48.130 D/bt-btif (  663): btif task fetched event a001
02-02 09:42:48.130 D/bt-btif (  663): btif_context_switched
02-02 09:42:48.130 D/BtGatt.btif(  663): btgattc_handle_event: Event 1003
02-02 09:42:48.130 I/bt-btif (  663): BTA_DmBleObserve:start = 0 
02-02 09:42:48.130 I/bt-btif (  663): BTA got event 0x120
02-02 09:42:48.130 I/bt-btif (  663): bta_dm_sm_execute event:0x20
02-02 09:42:48.130 I/bt-btm  (  663): BTM_BleObserve 
02-02 09:42:48.130 I/bt-btm  (  663): btm_ble_stop_scan 
02-02 09:42:48.130 E/GKI_LINUX(  663): ##### ERROR : acquire_wake_lock: got lock success ret=2#####
02-02 09:42:48.130 D/bt-btm  (  663): BTM Inq Compl Callback: status 0x00, num results 1
02-02 09:42:48.130 I/bt-btm  (  663): btm_update_scanner_filter_policy
02-02 09:42:48.130 D/bt-btm  (  663): btm_acl_update_busy_level
02-02 09:42:48.130 D/bt-btm  (  663): BTM_BLI_INQ_DONE_EVT
02-02 09:42:48.130 D/BtGatt.GattService(  663): unregisterClient() - clientIf=6
02-02 09:42:48.130 D/BtGatt.btif(  663): btif_gattc_unregister_app
02-02 09:42:48.130 D/bt-btif (  663): btif_transfer_context event 1001, len 739
02-02 09:42:48.130 D/bt-btif (  663): btif task fetched event a001
02-02 09:42:48.130 E/bt_upio (  663): upio_set : open(/proc/bluetooth/sleep/btwrite) for write failed: No such file or directory (2)
02-02 09:42:48.130 D/bt-btif (  663): btif_context_switched
02-02 09:42:48.130 D/BtGatt.btif(  663): btgattc_handle_event: Event 1001
02-02 09:42:48.130 I/bt-btif (  663): BTA got event 0x1f17
02-02 09:42:48.130 D/bt-btif (  663): bta_gattc_hdl_event: Event [BTA_GATTC_API_DEREG_EVT]
02-02 09:42:48.130 I/bt-att  (  663): GATT_Deregister gatt_if=6
02-02 09:42:48.130 I/bt-att  (  663): GATT_Listen gatt_if=6
02-02 09:42:48.130 I/bt-btm  (  663): BTM_BleUpdateAdvFilterPolicy
02-02 09:42:48.130 I/bt-btm  (  663): BTM_ReadConnectability
02-02 09:42:48.130 I/bt-btm  (  663): BTM_SetConnectability
02-02 09:42:48.130 I/bt-btm  (  663): btm_ble_set_connectability mode=0x0 combined_mode=0x1
02-02 09:42:48.130 I/bt-btm  (  663): always disable adv in non-discoverable non-connectable mode with no scan rsp
02-02 09:42:48.130 I/bt-btm  (  663): BTM_SetConnectability: mode 1 [NonConn-0, Conn-1], window 0x0012, interval 0x0800
02-02 09:42:48.130 D/bt-btif (  663): btif_transfer_context event 1, len 676
02-02 09:42:48.130 D/bt-btif (  663): btif task fetched event a001
02-02 09:42:48.130 D/bt-btif (  663): btif_context_switched
02-02 09:42:48.130 D/BtGatt.btif(  663): btif_gattc_upstreams_evt: Event 1
02-02 09:42:48.130 D/bt_upio (  663): BT_WAKE is asserted already
02-02 09:42:48.130 E/bt_upio (  663): upio_set : open(/proc/bluetooth/sleep/btwrite) for write failed: No such file or directory (2)
02-02 09:42:48.130 D/bt_upio (  663): BT_WAKE is asserted already
02-02 09:42:48.140 E/bt_upio (  663): upio_set : open(/proc/bluetooth/sleep/btwrite) for write failed: No such file or directory (2)
02-02 09:42:48.140 D/bt-btif (  663): HC lib lpm deassertion return 0
02-02 09:42:48.140 D/bt-btif (  663): HC lib lpm deassertion return 0
02-02 09:42:48.230 I/wpa_supplicant(  771): P2P-DEVICE-FOUND 42:b0:fa:63:ca:b0 p2p_dev_addr=42:b0:fa:63:ca:b0 pri_dev_type=10-0050F204-5 name='Sink_cab0' config_methods=0x188 dev_capab=0x25 group_capab=0x0 wfd_dev_info=0x00000600101c440032
02-02 09:42:48.230 E/GKI_LINUX(  663): ##### ERROR : release_wake_lock: release lock success ret=2#####
02-02 09:42:48.230 D/WifiMonitor(  547): Event [P2P-DEVICE-FOUND 42:b0:fa:63:ca:b0 p2p_dev_addr=42:b0:fa:63:ca:b0 pri_dev_type=10-0050F204-5 name='Sink_cab0' config_methods=0x188 dev_capab=0x25 group_capab=0x0 wfd_dev_info=0x00000600101c440032]
02-02 09:42:48.240 D/MiracastPlayerP2P(31393): Receive a P2P action android.net.wifi.p2p.PEERS_CHANGED
02-02 09:42:48.240 D/MiracastPlayerP2P(31393): Received WIFI_P2P_PEERS_CHANGED_ACTION.
02-02 09:42:48.240 D/MiracastPlayerP2P(31393): Request peers now
02-02 09:42:48.250 D/MiracastPlayerP2P(31393): Peers are available
02-02 09:42:48.250 D/MiracastPlayerP2P(31393): Device: Sink_cab0
02-02 09:42:48.250 D/MiracastPlayerP2P(31393):  deviceAddress: 42:b0:fa:63:ca:b0
02-02 09:42:48.250 D/MiracastPlayerP2P(31393):  primary type: 10-0050F204-5
02-02 09:42:48.250 D/MiracastPlayerP2P(31393):  secondary type: null
02-02 09:42:48.250 D/MiracastPlayerP2P(31393):  wps: 392
02-02 09:42:48.250 D/MiracastPlayerP2P(31393):  grpcapab: 0
02-02 09:42:48.250 D/MiracastPlayerP2P(31393):  devcapab: 37
02-02 09:42:48.250 D/MiracastPlayerP2P(31393):  status: 3
02-02 09:42:48.250 D/MiracastPlayerP2P(31393):  wfdInfo: WFD enabled: trueWFD DeviceInfo: 16
02-02 09:42:48.250 D/MiracastPlayerP2P(31393):  WFD CtrlPort: 7236
02-02 09:42:48.250 D/MiracastPlayerP2P(31393):  WFD MaxThroughput: 50
02-02 09:42:48.250 D/MiracastPlayerP2P(31393): Detect a nearby miracast device
02-02 09:42:48.260 D/MiracastPlayerP2P(31393): Find WFD CtrlPort: 7236
02-02 09:42:48.260 D/MiracastPlayerP2P(31393): Connect status: Available
02-02 09:42:48.630 V/BleRemoteControllerService(  663): requestScan,RC size:0,hasInit:true,isBinded:false,mIsPair:false,Connecting:false
02-02 09:42:48.630 D/BluetoothAdapterService(1101120176)(  663): getState(): mAdapterProperties: com.android.bluetooth.btservice.AdapterProperties@41a1d570
02-02 09:42:48.630 D/BluetoothAdapterService(1101120176)(  663): Get Bonded Devices being called
02-02 09:42:48.630 D/BluetoothAdapterProperties(  663): getBondedDevices: length=1
02-02 09:42:48.640 D/BluetoothAdapterService(1101120176)(  663): getState(): mAdapterProperties: com.android.bluetooth.btservice.AdapterProperties@41a1d570
02-02 09:42:48.650 E/BleRemoteControllerService(  663): compare name failed!
02-02 09:42:48.650 D/BluetoothAdapterService(1101120176)(  663): getState(): mAdapterProperties: com.android.bluetooth.btservice.AdapterProperties@41a1d570
02-02 09:42:48.650 D/BluetoothAdapterService(1101120176)(  663): Get Bonded Devices being called
02-02 09:42:48.660 D/BluetoothAdapterProperties(  663): getBondedDevices: length=1
02-02 09:42:48.660 D/BluetoothAdapterService(1101120176)(  663): getState(): mAdapterProperties: com.android.bluetooth.btservice.AdapterProperties@41a1d570
02-02 09:42:48.670 E/BleRemoteControllerService(  663): compare name failed!
02-02 09:42:48.680 D/BluetoothAdapterService(1101120176)(  663): getState(): mAdapterProperties: com.android.bluetooth.btservice.AdapterProperties@41a1d570
02-02 09:42:48.680 D/BluetoothAdapter(  663): startLeScan(): null
02-02 09:42:48.680 D/BtGatt.GattService(  663): registerClient() - UUID=c1151c6f-a7b6-4823-a205-8199c6bcea1f
02-02 09:42:48.680 D/BtGatt.btif(  663): btif_gattc_register_app
02-02 09:42:48.680 D/bt-btif (  663): btif_transfer_context event 1000, len 739
02-02 09:42:48.680 D/bt-btif (  663): btif task fetched event a001
02-02 09:42:48.680 D/bt-btif (  663): btif_context_switched
02-02 09:42:48.680 D/BtGatt.btif(  663): btgattc_handle_event: Event 1000
02-02 09:42:48.680 I/bt-btif (  663): BTA got event 0x1f16
02-02 09:42:48.680 D/bt-btif (  663): bta_gattc_hdl_event: Event [BTA_GATTC_API_REG_EVT]
02-02 09:42:48.680 D/bt-btif (  663): bta_gattc_register state 2
02-02 09:42:48.680 I/bt-att  (  663): GATT_Register
02-02 09:42:48.680 D/bt-att  (  663): UUID=[0xc1151c6fa7b64823a2058199c6bcea1f]
02-02 09:42:48.680 I/bt-att  (  663): allocated gatt_if=6
02-02 09:42:48.680 D/bt-btif (  663): btif_transfer_context event 0, len 676
02-02 09:42:48.680 I/bt-btif (  663): BTA got event 0x1f15
02-02 09:42:48.680 D/bt-btif (  663): bta_gattc_hdl_event: Event [BTA_GATTC_INT_START_IF_EVT]
02-02 09:42:48.680 D/bt-btif (  663): GATT_StartIf gatt_if=6
02-02 09:42:48.680 I/bt-att  (  663): GATT_StartIf gatt_if=6
02-02 09:42:48.680 D/bt-btif (  663): gatt_find_the_connect
02-02 09:42:48.680 D/bt-att  (  663): gatt_find_the_connected_bda start_idx=0
02-02 09:42:48.680 D/BtGatt.btif(  663): btif_gattc_upstreams_evt: Event 0
02-02 09:42:48.680 D/bt-att  (  663): gatt_find_the_connected_bda found=0 found_idx=18
02-02 09:42:48.680 I/bt-btif (  663): HAL bt_gatt_callbacks->client->register_client_cb
02-02 09:42:48.680 D/BtGatt.GattService(  663): onClientRegistered() - UUID=c1151c6f-a7b6-4823-a205-8199c6bcea1f, clientIf=6
02-02 09:42:48.680 D/BluetoothAdapter(  663): onClientRegistered() - status=0 clientIf=6
02-02 09:42:48.690 D/BtGatt.GattService(  663): startScan() - queue=0
02-02 09:42:48.690 D/BtGatt.GattService(  663): startScan() - adding client=6
02-02 09:42:48.690 D/BtGatt.btif(  663): btif_gattc_scan
02-02 09:42:48.690 D/bt-btif (  663): btif_transfer_context event 1002, len 739
02-02 09:42:48.690 D/bt-btif (  663): btif task fetched event a001
02-02 09:42:48.690 D/bt-btif (  663): btif_context_switched
02-02 09:42:48.690 D/BtGatt.btif(  663): btgattc_handle_event: Event 1002
02-02 09:42:48.690 I/bt-btif (  663): BTA_DmBleObserve:start = 1 
02-02 09:42:48.690 V/BleRemoteControllerService(  663): scanLeDevice spend:14
02-02 09:42:48.690 I/bt-btif (  663): BTA got event 0x120
02-02 09:42:48.690 I/bt-btif (  663): bta_dm_sm_execute event:0x20
02-02 09:42:48.690 I/bt-btm  (  663): BTM_BleObserve 
02-02 09:42:48.690 E/GKI_LINUX(  663): ##### ERROR : acquire_wake_lock: got lock success ret=2#####
02-02 09:42:48.690 D/bt_upio (  663): BT_WAKE is asserted already
02-02 09:42:48.690 E/bt_upio (  663): upio_set : open(/proc/bluetooth/sleep/btwrite) for write failed: No such file or directory (2)
02-02 09:42:48.700 D/bt_upio (  663): BT_WAKE is asserted already
02-02 09:42:48.700 E/bt_upio (  663): upio_set : open(/proc/bluetooth/sleep/btwrite) for write failed: No such file or directory (2)
02-02 09:42:48.700 D/bt-btif (  663): HC lib lpm deassertion return 0
02-02 09:42:48.700 D/bt-btif (  663): HC lib lpm deassertion return 0
02-02 09:42:48.790 E/GKI_LINUX(  663): ##### ERROR : release_wake_lock: release lock success ret=2#####
02-02 09:42:49.120 D/HttpLoader(  939): resUrl http://42.62.94.110/tvservice/getweatherforecast2?days=1&weatherver=2&locale=null&deviceid=0a09735235581c2044f48af3e379c41d&apiver=1.8&ver=4.4.2&codever=3&ptf=1000&ts=1454377359&nonce=203&opaque=eaa20218699a71d9cb3902ea3a873c3f5aa5e7c2
02-02 09:42:49.700 D/bt_upio (  663): btwake deassertion
02-02 09:42:49.720 D/WeatherReportUpdater(  939): err occur 13
02-02 09:42:49.720 D/WeatherReportUpdater(  939): Weather dataLoad failed retry
02-02 09:42:50.610 D/WifiMonitor(  547): Event [IFNAME=p2p-dev-wlan0 CTRL-EVENT-BSS-REMOVED 41 34:cd:be:1f:e5:10]
02-02 09:42:50.830 D/WifiMonitor(  547): Event [IFNAME=p2p-dev-wlan0 CTRL-EVENT-BSS-ADDED 42 34:cd:be:1f:e5:10]
02-02 09:42:51.820 D/dalvikvm(  841): GC_CONCURRENT freed 385K, 18% free 3528K/4268K, paused 13ms+17ms, total 165ms
02-02 09:42:54.780 D/StatusBar.NetworkController(  635): onReceive WIFI state change.
02-02 09:42:54.780 D/MiTVNetworkController(  939): action onReceive is : android.net.wifi.RSSI_CHANGED, mitv.network.ethernet.action.ETHERNET_STATE_CHANGED
02-02 09:42:54.780 D/MiTVNetworkController(  939): updateWifiIcons mWifiConnected:true, mWifiLevel:4 mEthernetConnected false
02-02 09:42:54.780 D/NetworkStateManager(  939): changeNetworkState, type:2, flag:0, level:4, lable:vodafoneE509
02-02 09:42:54.780 D/NetworkStateView(  939): changeNetworkState type:2, flag:0, level:4, label:vodafoneE509, last_lable:null
02-02 09:42:58.690 D/BluetoothAdapter(  663): stopLeScan()
02-02 09:42:58.690 D/BtGatt.GattService(  663): stopScan() - queue=1
02-02 09:42:58.690 D/BtGatt.GattService(  663): stopScan() - queue empty; stopping scan
02-02 09:42:58.690 D/BtGatt.btif(  663): btif_gattc_scan
02-02 09:42:58.690 D/bt-btif (  663): btif_transfer_context event 1003, len 739
02-02 09:42:58.690 D/bt-btif (  663): btif task fetched event a001
02-02 09:42:58.690 D/bt-btif (  663): btif_context_switched
02-02 09:42:58.690 D/BtGatt.btif(  663): btgattc_handle_event: Event 1003
02-02 09:42:58.690 I/bt-btif (  663): BTA_DmBleObserve:start = 0 
02-02 09:42:58.690 I/bt-btif (  663): BTA got event 0x120
02-02 09:42:58.690 I/bt-btif (  663): bta_dm_sm_execute event:0x20
02-02 09:42:58.690 I/bt-btm  (  663): BTM_BleObserve 
02-02 09:42:58.690 I/bt-btm  (  663): btm_ble_stop_scan 
02-02 09:42:58.690 E/GKI_LINUX(  663): ##### ERROR : acquire_wake_lock: got lock success ret=2#####
02-02 09:42:58.690 D/bt-btm  (  663): BTM Inq Compl Callback: status 0x00, num results 1
02-02 09:42:58.690 D/BtGatt.GattService(  663): unregisterClient() - clientIf=6
02-02 09:42:58.690 I/bt-btm  (  663): btm_update_scanner_filter_policy
02-02 09:42:58.690 D/bt-btm  (  663): btm_acl_update_busy_level
02-02 09:42:58.690 D/bt-btm  (  663): BTM_BLI_INQ_DONE_EVT
02-02 09:42:58.690 D/BtGatt.btif(  663): btif_gattc_unregister_app
02-02 09:42:58.690 D/bt-btif (  663): btif_transfer_context event 1001, len 739
02-02 09:42:58.690 D/bt-btif (  663): btif task fetched event a001
02-02 09:42:58.690 D/bt-btif (  663): btif_context_switched
02-02 09:42:58.690 D/BtGatt.btif(  663): btgattc_handle_event: Event 1001
02-02 09:42:58.690 E/bt_upio (  663): upio_set : open(/proc/bluetooth/sleep/btwrite) for write failed: No such file or directory (2)
02-02 09:42:58.690 I/bt-btif (  663): BTA got event 0x1f17
02-02 09:42:58.690 D/bt-btif (  663): bta_gattc_hdl_event: Event [BTA_GATTC_API_DEREG_EVT]
02-02 09:42:58.690 I/bt-att  (  663): GATT_Deregister gatt_if=6
02-02 09:42:58.690 I/bt-att  (  663): GATT_Listen gatt_if=6
02-02 09:42:58.690 I/bt-btm  (  663): BTM_BleUpdateAdvFilterPolicy
02-02 09:42:58.690 I/bt-btm  (  663): BTM_ReadConnectability
02-02 09:42:58.690 I/bt-btm  (  663): BTM_SetConnectability
02-02 09:42:58.690 I/bt-btm  (  663): btm_ble_set_connectability mode=0x0 combined_mode=0x1
02-02 09:42:58.690 I/bt-btm  (  663): always disable adv in non-discoverable non-connectable mode with no scan rsp
02-02 09:42:58.690 I/bt-btm  (  663): BTM_SetConnectability: mode 1 [NonConn-0, Conn-1], window 0x0012, interval 0x0800
02-02 09:42:58.690 D/bt-btif (  663): btif_transfer_context event 1, len 676
02-02 09:42:58.690 D/bt-btif (  663): btif task fetched event a001
02-02 09:42:58.690 D/bt-btif (  663): btif_context_switched
02-02 09:42:58.690 D/BtGatt.btif(  663): btif_gattc_upstreams_evt: Event 1
02-02 09:42:58.700 D/bt_upio (  663): BT_WAKE is asserted already
02-02 09:42:58.700 E/bt_upio (  663): upio_set : open(/proc/bluetooth/sleep/btwrite) for write failed: No such file or directory (2)
02-02 09:42:58.700 D/bt_upio (  663): BT_WAKE is asserted already
02-02 09:42:58.700 E/bt_upio (  663): upio_set : open(/proc/bluetooth/sleep/btwrite) for write failed: No such file or directory (2)
02-02 09:42:58.700 D/bt-btif (  663): HC lib lpm deassertion return 0
02-02 09:42:58.700 D/bt-btif (  663): HC lib lpm deassertion return 0
02-02 09:42:58.790 E/GKI_LINUX(  663): ##### ERROR : release_wake_lock: release lock success ret=2#####
02-02 09:42:59.190 V/BleRemoteControllerService(  663): requestScan,RC size:0,hasInit:true,isBinded:false,mIsPair:false,Connecting:false
02-02 09:42:59.190 D/BluetoothAdapterService(1101120176)(  663): getState(): mAdapterProperties: com.android.bluetooth.btservice.AdapterProperties@41a1d570
02-02 09:42:59.200 D/BluetoothAdapterService(1101120176)(  663): Get Bonded Devices being called
02-02 09:42:59.200 D/BluetoothAdapterProperties(  663): getBondedDevices: length=1
02-02 09:42:59.200 D/BluetoothAdapterService(1101120176)(  663): getState(): mAdapterProperties: com.android.bluetooth.btservice.AdapterProperties@41a1d570
02-02 09:42:59.220 E/BleRemoteControllerService(  663): compare name failed!
02-02 09:42:59.220 D/BluetoothAdapterService(1101120176)(  663): getState(): mAdapterProperties: com.android.bluetooth.btservice.AdapterProperties@41a1d570
02-02 09:42:59.220 D/BluetoothAdapterService(1101120176)(  663): Get Bonded Devices being called
02-02 09:42:59.220 D/BluetoothAdapterProperties(  663): getBondedDevices: length=1
02-02 09:42:59.220 D/BluetoothAdapterService(1101120176)(  663): getState(): mAdapterProperties: com.android.bluetooth.btservice.AdapterProperties@41a1d570
02-02 09:42:59.240 E/BleRemoteControllerService(  663): compare name failed!
02-02 09:42:59.240 D/BluetoothAdapterService(1101120176)(  663): getState(): mAdapterProperties: com.android.bluetooth.btservice.AdapterProperties@41a1d570
02-02 09:42:59.240 D/BluetoothAdapter(  663): startLeScan(): null
02-02 09:42:59.240 D/BtGatt.GattService(  663): registerClient() - UUID=8e19ba68-89e3-4c42-850e-77a856793186
02-02 09:42:59.240 D/BtGatt.btif(  663): btif_gattc_register_app
02-02 09:42:59.240 D/bt-btif (  663): btif_transfer_context event 1000, len 739
02-02 09:42:59.240 D/bt-btif (  663): btif task fetched event a001
02-02 09:42:59.240 D/bt-btif (  663): btif_context_switched
02-02 09:42:59.240 D/BtGatt.btif(  663): btgattc_handle_event: Event 1000
02-02 09:42:59.240 I/bt-btif (  663): BTA got event 0x1f16
02-02 09:42:59.240 D/bt-btif (  663): bta_gattc_hdl_event: Event [BTA_GATTC_API_REG_EVT]
02-02 09:42:59.240 D/bt-btif (  663): bta_gattc_register state 2
02-02 09:42:59.240 I/bt-att  (  663): GATT_Register
02-02 09:42:59.240 D/bt-att  (  663): UUID=[0x8e19ba6889e34c42850e77a856793186]
02-02 09:42:59.240 I/bt-att  (  663): allocated gatt_if=6
02-02 09:42:59.240 D/bt-btif (  663): btif_transfer_context event 0, len 676
02-02 09:42:59.240 I/bt-btif (  663): BTA got event 0x1f15
02-02 09:42:59.240 D/bt-btif (  663): bta_gattc_hdl_event: Event [BTA_GATTC_INT_START_IF_EVT]
02-02 09:42:59.240 I/bt-att  (  663): GATT_StartIf gatt_if=6
02-02 09:42:59.240 D/bt-att  (  663): gatt_find_the_connected_bda start_idx=0
02-02 09:42:59.250 D/bt-att  (  663): gatt_find_the_connected_bda found=0 found_idx=18
02-02 09:42:59.250 D/bt-btif (  663): btif task fetched event a001
02-02 09:42:59.250 D/bt-btif (  663): btif_context_switched
02-02 09:42:59.250 D/BtGatt.btif(  663): btif_gattc_upstreams_evt: Event 0
02-02 09:42:59.250 I/bt-btif (  663): HAL bt_gatt_callbacks->client->register_client_cb
02-02 09:42:59.250 D/BtGatt.GattService(  663): onClientRegistered() - UUID=8e19ba68-89e3-4c42-850e-77a856793186, clientIf=6
02-02 09:42:59.250 D/BluetoothAdapter(  663): onClientRegistered() - status=0 clientIf=6
02-02 09:42:59.250 D/BtGatt.GattService(  663): startScan() - queue=0
02-02 09:42:59.250 D/BtGatt.GattService(  663): startScan() - adding client=6
02-02 09:42:59.250 D/BtGatt.btif(  663): btif_gattc_scan
02-02 09:42:59.250 D/bt-btif (  663): btif_transfer_context event 1002, len 739
02-02 09:42:59.250 D/bt-btif (  663): btif task fetched event a001
02-02 09:42:59.250 D/bt-btif (  663): btif_context_switched
02-02 09:42:59.250 D/BtGatt.btif(  663): btgattc_handle_event: Event 1002
02-02 09:42:59.250 I/bt-btif (  663): BTA_DmBleObserve:start = 1 
02-02 09:42:59.250 V/BleRemoteControllerService(  663): scanLeDevice spend:13
02-02 09:42:59.250 I/bt-btif (  663): BTA got event 0x120
02-02 09:42:59.250 I/bt-btif (  663): bta_dm_sm_execute event:0x20
02-02 09:42:59.250 I/bt-btm  (  663): BTM_BleObserve 
02-02 09:42:59.250 E/GKI_LINUX(  663): ##### ERROR : acquire_wake_lock: got lock success ret=2#####
02-02 09:42:59.250 D/bt_upio (  663): BT_WAKE is asserted already
02-02 09:42:59.250 E/bt_upio (  663): upio_set : open(/proc/bluetooth/sleep/btwrite) for write failed: No such file or directory (2)
02-02 09:42:59.260 D/bt_upio (  663): BT_WAKE is asserted already
02-02 09:42:59.260 E/bt_upio (  663): upio_set : open(/proc/bluetooth/sleep/btwrite) for write failed: No such file or directory (2)
02-02 09:42:59.260 D/bt-btif (  663): HC lib lpm deassertion return 0
02-02 09:42:59.260 D/bt-btif (  663): HC lib lpm deassertion return 0
02-02 09:42:59.350 E/GKI_LINUX(  663): ##### ERROR : release_wake_lock: release lock success ret=2#####
02-02 09:43:00.260 D/bt_upio (  663): btwake deassertion
02-02 09:43:00.610 D/WifiMonitor(  547): Event [IFNAME=p2p-dev-wlan0 CTRL-EVENT-BSS-REMOVED 42 34:cd:be:1f:e5:10]
02-02 09:43:01.030 D/TVMQTTPushManager( 1366): Monitor Timer, onReceive: isManagerStarted: true ,isRegistering: false ,isRegistered true ,isRetrivingSSEC: false
02-02 09:43:01.140 D/WifiMonitor(  547): Event [IFNAME=p2p-dev-wlan0 CTRL-EVENT-BSS-ADDED 43 34:cd:be:1f:e5:10]
02-02 09:43:02.720 D/dalvikvm(  841): GC_CONCURRENT freed 402K, 18% free 3514K/4268K, paused 14ms+14ms, total 145ms
02-02 09:43:04.960 D/UDTJmDNSThread(  841): Wifi is active connectivity
02-02 09:43:04.970 D/UDTJmDNSThread(  841): get wifi IP: /192.168.1.7
02-02 09:43:04.970 D/UDTJmDNSThread(  841): JmDNS address:/192.168.1.7
02-02 09:43:04.970 I/UDTDiscoverManager(  841): UDTJmDNSThread now available, no operation
02-02 09:43:07.930 I/wpa_supplicant(  771): P2P-DEVICE-FOUND 42:b0:fa:63:ca:b0 p2p_dev_addr=42:b0:fa:63:ca:b0 pri_dev_type=10-0050F204-5 name='Sink_cab0' config_methods=0x188 dev_capab=0x25 group_capab=0x0 wfd_dev_info=0x00000600101c440032
02-02 09:43:07.940 D/WifiMonitor(  547): Event [P2P-DEVICE-FOUND 42:b0:fa:63:ca:b0 p2p_dev_addr=42:b0:fa:63:ca:b0 pri_dev_type=10-0050F204-5 name='Sink_cab0' config_methods=0x188 dev_capab=0x25 group_capab=0x0 wfd_dev_info=0x00000600101c440032]
02-02 09:43:07.950 D/MiracastPlayerP2P(31393): Receive a P2P action android.net.wifi.p2p.PEERS_CHANGED
02-02 09:43:07.950 D/MiracastPlayerP2P(31393): Received WIFI_P2P_PEERS_CHANGED_ACTION.
02-02 09:43:07.950 D/MiracastPlayerP2P(31393): Request peers now
02-02 09:43:07.960 D/MiracastPlayerP2P(31393): Peers are available
02-02 09:43:07.960 D/MiracastPlayerP2P(31393): Device: Sink_cab0
02-02 09:43:07.960 D/MiracastPlayerP2P(31393):  deviceAddress: 42:b0:fa:63:ca:b0
02-02 09:43:07.960 D/MiracastPlayerP2P(31393):  primary type: 10-0050F204-5
02-02 09:43:07.960 D/MiracastPlayerP2P(31393):  secondary type: null
02-02 09:43:07.960 D/MiracastPlayerP2P(31393):  wps: 392
02-02 09:43:07.960 D/MiracastPlayerP2P(31393):  grpcapab: 0
02-02 09:43:07.960 D/MiracastPlayerP2P(31393):  devcapab: 37
02-02 09:43:07.960 D/MiracastPlayerP2P(31393):  status: 3
02-02 09:43:07.960 D/MiracastPlayerP2P(31393):  wfdInfo: WFD enabled: trueWFD DeviceInfo: 16
02-02 09:43:07.960 D/MiracastPlayerP2P(31393):  WFD CtrlPort: 7236
02-02 09:43:07.960 D/MiracastPlayerP2P(31393):  WFD MaxThroughput: 50
02-02 09:43:07.960 D/MiracastPlayerP2P(31393): Detect a nearby miracast device
02-02 09:43:07.960 D/MiracastPlayerP2P(31393): Find WFD CtrlPort: 7236
02-02 09:43:07.960 D/MiracastPlayerP2P(31393): Connect status: Available
02-02 09:43:07.990 I/hdmiswitch(  373):  recv n=260
02-02 09:43:08.000 I/hdmiswitch(  373):  recv n=240
02-02 09:43:08.010 I/hdmiswitch(  373):  recv n=240
02-02 09:43:08.200 I/wpa_supplicant(  771): P2P-FIND-STOPPED 
02-02 09:43:08.200 D/WifiMonitor(  547): Event [P2P-FIND-STOPPED ]
02-02 09:43:08.210 I/wpa_supplicant(  771): rfkill: Cannot open RFKILL control device
02-02 09:43:08.290 D/WifiMonitor(  547): Event [IFNAME=p2p-wlan0-11 CTRL-EVENT-STATE-CHANGE id=-1 state=2 BSSID=00:00:00:00:00:00 SSID=]
02-02 09:43:08.370 D/WifiMonitor(  547): Event [IFNAME=p2p-wlan0-11 CTRL-EVENT-STATE-CHANGE id=-1 state=0 BSSID=00:00:00:00:00:00 SSID=]
02-02 09:43:08.370 D/WifiMonitor(  547): Event [IFNAME=p2p-wlan0-11 CTRL-EVENT-STATE-CHANGE id=-1 state=3 BSSID=00:00:00:00:00:00 SSID=]
02-02 09:43:08.400 E/wpa_supplicant(  771): Using interface p2p-wlan0-11 with hwaddr 06:e6:76:cf:6e:32 and ssid "DIRECT-EK-Sink_ee32"
02-02 09:43:08.490 I/wpa_supplicant(  771): p2p-wlan0-11: CTRL-EVENT-CONNECTED - Connection to 06:e6:76:cf:6e:32 completed (auth) [id=0 id_str=]
02-02 09:43:08.490 D/WifiMonitor(  547): Event [IFNAME=p2p-wlan0-11 CTRL-EVENT-CONNECTED - Connection to 06:e6:76:cf:6e:32 completed (auth) [id=0 id_str=]]
02-02 09:43:08.490 E/WifiMonitor(  547): received CONNECTED handleNetworkStateChange 
02-02 09:43:08.490 D/wifi_gbk2utf(  547): constructEventSsid, SSID = DIRECT-EK-Sink_ee32
02-02 09:43:08.490 D/WifiMonitor(  547): Event [IFNAME=p2p-wlan0-11 CTRL-EVENT-STATE-CHANGE id=0 state=9 BSSID=06:e6:76:cf:6e:32 SSID=DIRECT-EK-Sink_ee32]
02-02 09:43:08.490 I/wpa_supplicant(  771): P2P-GROUP-STARTED p2p-wlan0-11 GO ssid="DIRECT-EK-Sink_ee32" freq=2427 passphrase="qYiGL58S" go_dev_addr=06:e6:76:cf:ee:32 [PERSISTENT]
02-02 09:43:08.490 D/WifiMonitor(  547): Event [P2P-GROUP-STARTED p2p-wlan0-11 GO ssid="DIRECT-EK-Sink_ee32" freq=2427 passphrase="qYiGL58S" go_dev_addr=06:e6:76:cf:ee:32 [PERSISTENT]]
02-02 09:43:08.500 I/wpa_supplicant(  771): p2p-dev-wlan0: Control interface command 'LIST_NETWORKS'
02-02 09:43:08.500 D/WifiMonitor(  547): Event [IFNAME=p2p-dev-wlan0 Control interface command 'LIST_NETWORKS']
02-02 09:43:08.500 W/WifiMonitor(  547): couldn't identify event type - Control interface command 'LIST_NETWORKS'
02-02 09:43:08.510 I/wpa_supplicant(  771): p2p-wlan0-11: Control interface command 'SET p2p_group_idle 10'
02-02 09:43:08.510 D/WifiMonitor(  547): Event [IFNAME=p2p-wlan0-11 Control interface command 'SET p2p_group_idle 10']
02-02 09:43:08.510 W/WifiMonitor(  547): couldn't identify event type - Control interface command 'SET p2p_group_idle 10'
02-02 09:43:08.530 D/CommandListener(  167): Setting iface cfg
02-02 09:43:08.530 D/CommandListener(  167): Trying to bring up p2p-wlan0-11
02-02 09:43:08.540 D/TetherController(  167): Starting tethering services
02-02 09:43:08.550 D/TetherController(  167): Tethering services running
--------- beginning of /dev/log/system
02-02 09:43:08.550 D/WifiP2pService(  547): Started Dhcp server on p2p-wlan0-11
02-02 09:43:08.560 D/MiracastPlayerP2P(31393): Receive a P2P action android.net.wifi.p2p.THIS_DEVICE_CHANGED
02-02 09:43:08.580 D/WifiDisplayController(  547): WFD : File changed : path=dnsmasq.txt event=2
02-02 09:43:08.590 I/dnsmasq ( 3937): started, version 2.51 cachesize 150
02-02 09:43:08.590 I/dnsmasq ( 3937): compile time options: no-IPv6 GNU-getopt no-DBus no-I18N DHCP no-scripts no-TFTP
02-02 09:43:08.590 W/dnsmasq ( 3937): warning: no upstream servers configured
02-02 09:43:08.590 I/dnsmasq ( 3937): DHCP, IP range 192.168.49.2 -- 192.168.49.254, lease time 1h
02-02 09:43:08.590 I/dnsmasq ( 3937): read /etc/hosts - 1 addresses
02-02 09:43:08.750 I/wpa_supplicant(  771): p2p-wlan0-11: AP-STA-CONNECTED 42:b0:fa:63:4a:b0 p2p_dev_addr=42:b0:fa:63:ca:b0
02-02 09:43:08.750 D/WifiMonitor(  547): Event [IFNAME=p2p-wlan0-11 AP-STA-CONNECTED 42:b0:fa:63:4a:b0 p2p_dev_addr=42:b0:fa:63:ca:b0]
02-02 09:43:08.760 I/wpa_supplicant(  771): AP-STA-CONNECTED 42:b0:fa:63:4a:b0 p2p_dev_addr=42:b0:fa:63:ca:b0
02-02 09:43:08.760 I/wpa_supplicant(  771): p2p-wlan0-11: Control interface command 'SET p2p_group_idle 0'
02-02 09:43:08.760 D/WifiMonitor(  547): Event [IFNAME=p2p-wlan0-11 Control interface command 'SET p2p_group_idle 0']
02-02 09:43:08.760 W/WifiMonitor(  547): couldn't identify event type - Control interface command 'SET p2p_group_idle 0'
02-02 09:43:08.760 D/MiracastPlayerP2P(31393): Receive a P2P action android.net.wifi.p2p.PEERS_CHANGED
02-02 09:43:08.760 D/MiracastPlayerP2P(31393): Received WIFI_P2P_PEERS_CHANGED_ACTION.
02-02 09:43:08.760 D/MiracastPlayerP2P(31393): Request peers now
02-02 09:43:08.770 D/MiracastPlayerP2P(31393): Receive a P2P action android.net.wifi.p2p.CONNECTION_STATE_CHANGE
02-02 09:43:08.770 D/MiracastPlayerP2P(31393): Received WIFI_P2P_CONNECTION_CHANGED_ACTION: networkInfo=NetworkInfo: type: WIFI_P2P[], state: CONNECTED/CONNECTED, reason: (unspecified), extra: (none), roaming: false, failover: false, isAvailable: true, isConnectedToProvisioningNetwork: false
02-02 09:43:08.770 D/MiracastPlayerP2P(31393): A peer connection is changed
02-02 09:43:08.770 D/MiracastPlayerP2P(31393): Peers are available
02-02 09:43:08.770 D/MiracastPlayerP2P(31393): Device: Sink_cab0
02-02 09:43:08.770 D/MiracastPlayerP2P(31393):  deviceAddress: 42:b0:fa:63:ca:b0
02-02 09:43:08.770 D/MiracastPlayerP2P(31393):  primary type: 10-0050F204-5
02-02 09:43:08.770 D/MiracastPlayerP2P(31393):  secondary type: null
02-02 09:43:08.770 D/MiracastPlayerP2P(31393):  wps: 392
02-02 09:43:08.770 D/MiracastPlayerP2P(31393):  grpcapab: 0
02-02 09:43:08.770 D/MiracastPlayerP2P(31393):  devcapab: 37
02-02 09:43:08.770 D/MiracastPlayerP2P(31393):  status: 0
02-02 09:43:08.770 D/MiracastPlayerP2P(31393):  wfdInfo: WFD enabled: trueWFD DeviceInfo: 16
02-02 09:43:08.770 D/MiracastPlayerP2P(31393):  WFD CtrlPort: 7236
02-02 09:43:08.770 D/MiracastPlayerP2P(31393):  WFD MaxThroughput: 50
02-02 09:43:08.770 D/MiracastPlayerP2P(31393): Detect a nearby miracast device
02-02 09:43:08.770 D/MiracastPlayerP2P(31393): Find WFD CtrlPort: 7236
02-02 09:43:08.770 D/MiracastPlayerP2P(31393): Connect status: Connected
02-02 09:43:08.770 D/WifiDisplayController(  547): WFD : I am GO
02-02 09:43:09.250 D/BluetoothAdapter(  663): stopLeScan()
02-02 09:43:09.250 D/BtGatt.GattService(  663): stopScan() - queue=1
02-02 09:43:09.250 D/BtGatt.GattService(  663): stopScan() - queue empty; stopping scan
02-02 09:43:09.250 D/BtGatt.btif(  663): btif_gattc_scan
02-02 09:43:09.250 D/bt-btif (  663): btif_transfer_context event 1003, len 739
02-02 09:43:09.250 D/bt-btif (  663): btif task fetched event a001
02-02 09:43:09.250 D/bt-btif (  663): btif_context_switched
02-02 09:43:09.250 D/BtGatt.btif(  663): btgattc_handle_event: Event 1003
02-02 09:43:09.250 I/bt-btif (  663): BTA_DmBleObserve:start = 0 
02-02 09:43:09.250 I/bt-btif (  663): BTA got event 0x120
02-02 09:43:09.250 I/bt-btif (  663): bta_dm_sm_execute event:0x20
02-02 09:43:09.250 I/bt-btm  (  663): BTM_BleObserve 
02-02 09:43:09.250 I/bt-btm  (  663): btm_ble_stop_scan 
02-02 09:43:09.250 E/GKI_LINUX(  663): ##### ERROR : acquire_wake_lock: got lock success ret=2#####
02-02 09:43:09.250 D/bt-btm  (  663): BTM Inq Compl Callback: status 0x00, num results 1
02-02 09:43:09.250 I/bt-btm  (  663): btm_update_scanner_filter_policy
02-02 09:43:09.250 D/bt-btm  (  663): btm_acl_update_busy_level
02-02 09:43:09.250 D/bt-btm  (  663): BTM_BLI_INQ_DONE_EVT
02-02 09:43:09.250 E/bt_upio (  663): upio_set : open(/proc/bluetooth/sleep/btwrite) for write failed: No such file or directory (2)
02-02 09:43:09.250 D/BtGatt.GattService(  663): unregisterClient() - clientIf=6
02-02 09:43:09.250 D/BtGatt.btif(  663): btif_gattc_unregister_app
02-02 09:43:09.250 D/bt-btif (  663): btif_transfer_context event 1001, len 739
02-02 09:43:09.260 D/bt-btif (  663): btif task fetched event a001
02-02 09:43:09.260 D/bt-btif (  663): btif_context_switched
02-02 09:43:09.260 D/BtGatt.btif(  663): btgattc_handle_event: Event 1001
02-02 09:43:09.260 I/bt-btif (  663): BTA got event 0x1f17
02-02 09:43:09.260 D/bt-btif (  663): bta_gattc_hdl_event: Event [BTA_GATTC_API_DEREG_EVT]
02-02 09:43:09.260 I/bt-att  (  663): GATT_Deregister gatt_if=6
02-02 09:43:09.260 I/bt-att  (  663): GATT_Listen gatt_if=6
02-02 09:43:09.260 I/bt-btm  (  663): BTM_BleUpdateAdvFilterPolicy
02-02 09:43:09.260 I/bt-btm  (  663): BTM_ReadConnectability
02-02 09:43:09.260 I/bt-btm  (  663): BTM_SetConnectability
02-02 09:43:09.260 I/bt-btm  (  663): btm_ble_set_connectability mode=0x0 combined_mode=0x1
02-02 09:43:09.260 I/bt-btm  (  663): always disable adv in non-discoverable non-connectable mode with no scan rsp
02-02 09:43:09.260 I/bt-btm  (  663): BTM_SetConnectability: mode 1 [NonConn-0, Conn-1], window 0x0012, interval 0x0800
02-02 09:43:09.260 D/bt-btif (  663): btif_transfer_context event 1, len 676
02-02 09:43:09.260 D/bt-btif (  663): btif task fetched event a001
02-02 09:43:09.260 D/bt-btif (  663): btif_context_switched
02-02 09:43:09.260 D/BtGatt.btif(  663): btif_gattc_upstreams_evt: Event 1
02-02 09:43:09.260 D/bt_upio (  663): BT_WAKE is asserted already
02-02 09:43:09.260 E/bt_upio (  663): upio_set : open(/proc/bluetooth/sleep/btwrite) for write failed: No such file or directory (2)
02-02 09:43:09.260 D/bt_upio (  663): BT_WAKE is asserted already
02-02 09:43:09.260 E/bt_upio (  663): upio_set : open(/proc/bluetooth/sleep/btwrite) for write failed: No such file or directory (2)
02-02 09:43:09.260 D/bt-btif (  663): HC lib lpm deassertion return 0
02-02 09:43:09.260 D/bt-btif (  663): HC lib lpm deassertion return 0
02-02 09:43:09.350 E/GKI_LINUX(  663): ##### ERROR : release_wake_lock: release lock success ret=2#####
02-02 09:43:09.410 D/dalvikvm(31393): GC_CONCURRENT freed 379K, 16% free 3453K/4096K, paused 12ms+11ms, total 168ms
02-02 09:43:09.560 D/NameService(  889): mValidator run
02-02 09:43:09.560 D/NameService(  889): have 0 name need to refresh
02-02 09:43:09.570 D/NameService(  889): check after 240000
02-02 09:43:09.750 V/BleRemoteControllerService(  663): requestScan,RC size:0,hasInit:true,isBinded:false,mIsPair:false,Connecting:false
02-02 09:43:09.750 D/BluetoothAdapterService(1101120176)(  663): getState(): mAdapterProperties: com.android.bluetooth.btservice.AdapterProperties@41a1d570
02-02 09:43:09.760 D/BluetoothAdapterService(1101120176)(  663): Get Bonded Devices being called
02-02 09:43:09.760 D/BluetoothAdapterProperties(  663): getBondedDevices: length=1
02-02 09:43:09.760 D/BluetoothAdapterService(1101120176)(  663): getState(): mAdapterProperties: com.android.bluetooth.btservice.AdapterProperties@41a1d570
02-02 09:43:09.770 E/BleRemoteControllerService(  663): compare name failed!
02-02 09:43:09.770 D/BluetoothAdapterService(1101120176)(  663): getState(): mAdapterProperties: com.android.bluetooth.btservice.AdapterProperties@41a1d570
02-02 09:43:09.770 D/BluetoothAdapterService(1101120176)(  663): Get Bonded Devices being called
02-02 09:43:09.770 D/BluetoothAdapterProperties(  663): getBondedDevices: length=1
02-02 09:43:09.770 D/BluetoothAdapterService(1101120176)(  663): getState(): mAdapterProperties: com.android.bluetooth.btservice.AdapterProperties@41a1d570
02-02 09:43:09.780 E/BleRemoteControllerService(  663): compare name failed!
02-02 09:43:09.780 D/BluetoothAdapterService(1101120176)(  663): getState(): mAdapterProperties: com.android.bluetooth.btservice.AdapterProperties@41a1d570
02-02 09:43:09.780 D/BluetoothAdapter(  663): startLeScan(): null
02-02 09:43:09.780 D/BtGatt.GattService(  663): registerClient() - UUID=eae6abba-fb8a-4be2-811d-357f3710d018
02-02 09:43:09.780 D/BtGatt.btif(  663): btif_gattc_register_app
02-02 09:43:09.780 D/bt-btif (  663): btif_transfer_context event 1000, len 739
02-02 09:43:09.780 D/bt-btif (  663): btif task fetched event a001
02-02 09:43:09.780 D/bt-btif (  663): btif_context_switched
02-02 09:43:09.780 D/BtGatt.btif(  663): btgattc_handle_event: Event 1000
02-02 09:43:09.780 I/bt-btif (  663): BTA got event 0x1f16
02-02 09:43:09.780 D/bt-btif (  663): bta_gattc_hdl_event: Event [BTA_GATTC_API_REG_EVT]
02-02 09:43:09.780 D/bt-btif (  663): bta_gattc_register state 2
02-02 09:43:09.780 I/bt-att  (  663): GATT_Register
02-02 09:43:09.780 D/bt-att  (  663): UUID=[0xeae6abbafb8a4be2811d357f3710d018]
02-02 09:43:09.780 I/bt-att  (  663): allocated gatt_if=6
02-02 09:43:09.780 D/bt-btif (  663): btif_transfer_context event 0, len 676
02-02 09:43:09.780 I/bt-btif (  663): BTA got event 0x1f15
02-02 09:43:09.780 D/bt-btif (  663): bta_gattc_hdl_event: Event [BTA_GATTC_INT_START_IF_EVT]
02-02 09:43:09.780 D/bt-btif (  663): GATT_StartIf gatt_if=6
02-02 09:43:09.780 I/bt-att  (  663): GATT_StartIf gatt_if=6
02-02 09:43:09.780 D/bt-btif (  663): gatt_find_the_connect
02-02 09:43:09.780 D/bt-att  (  663): gatt_find_the_connected_bda start_idx=0
02-02 09:43:09.780 D/BtGatt.btif(  663): btif_gattc_upstreams_evt: Event 0
02-02 09:43:09.780 D/bt-att  (  663): HAL bt_gatt_callbacksed_bda found=0 found_idx=18
02-02 09:43:09.780 I/bt-btif (  663): HAL bt_gatt_callbacks->client->register_client_cb
02-02 09:43:09.780 D/BtGatt.GattService(  663): onClientRegistered() - UUID=eae6abba-fb8a-4be2-811d-357f3710d018, clientIf=6
02-02 09:43:09.780 D/BluetoothAdapter(  663): onClientRegistered() - status=0 clientIf=6
02-02 09:43:09.790 D/BtGatt.GattService(  663): startScan() - queue=0
02-02 09:43:09.790 D/BtGatt.GattService(  663): startScan() - adding client=6
02-02 09:43:09.790 D/BtGatt.btif(  663): btif_gattc_scan
02-02 09:43:09.790 D/bt-btif (  663): btif_transfer_context event 1002, len 739
02-02 09:43:09.790 D/bt-btif (  663): btif task fetched event a001
02-02 09:43:09.790 D/bt-btif (  663): btif_context_switched
02-02 09:43:09.790 D/BtGatt.btif(  663): btgattc_handle_event: Event 1002
02-02 09:43:09.790 I/bt-btif (  663): BTA_DmBleObserve:start = 1 
02-02 09:43:09.790 V/BleRemoteControllerService(  663): scanLeDevice spend:7
02-02 09:43:09.790 I/bt-btif (  663): BTA got event 0x120
02-02 09:43:09.790 I/bt-btif (  663): bta_dm_sm_execute event:0x20
02-02 09:43:09.790 I/bt-btm  (  663): BTM_BleObserve 
02-02 09:43:09.790 E/GKI_LINUX(  663): ##### ERROR : acquire_wake_lock: got lock success ret=2#####
02-02 09:43:09.790 D/bt_upio (  663): BT_WAKE is asserted already
02-02 09:43:09.790 E/bt_upio (  663): upio_set : open(/proc/bluetooth/sleep/btwrite) for write failed: No such file or directory (2)
02-02 09:43:09.790 D/bt_upio (  663): BT_WAKE is asserted already
02-02 09:43:09.790 E/bt_upio (  663): upio_set : open(/proc/bluetooth/sleep/btwrite) for write failed: No such file or directory (2)
02-02 09:43:09.790 D/bt-btif (  663): HC lib lpm deassertion return 0
02-02 09:43:09.790 D/bt-btif (  663): HC lib lpm deassertion return 0
02-02 09:43:09.890 E/GKI_LINUX(  663): ##### ERROR : release_wake_lock: release lock success ret=2#####
02-02 09:43:09.900 D/StatusBar.NetworkController(  635): onReceive WIFI state change.
02-02 09:43:09.900 D/MiTVNetworkController(  939): action onReceive is : android.net.wifi.RSSI_CHANGED, mitv.network.ethernet.action.ETHERNET_STATE_CHANGED
02-02 09:43:09.900 D/MiTVNetworkController(  939): updateWifiIcons mWifiConnected:true, mWifiLevel:3 mEthernetConnected false
02-02 09:43:09.900 D/NetworkStateManager(  939): changeNetworkState, type:2, flag:0, level:3, lable:vodafoneE509
02-02 09:43:09.900 D/NetworkStateView(  939): changeNetworkState type:2, flag:0, level:3, label:vodafoneE509, last_lable:null
02-02 09:43:10.610 D/WifiMonitor(  547): Event [IFNAME=p2p-dev-wlan0 CTRL-EVENT-BSS-REMOVED 43 34:cd:be:1f:e5:10]
02-02 09:43:10.790 D/bt_upio (  663): btwake deassertion
02-02 09:43:10.980 D/dalvikvm(31393): GC_CONCURRENT freed 415K, 19% free 3430K/4200K, paused 10ms+20ms, total 129ms
02-02 09:43:10.980 D/dalvikvm(31393): WAIT_FOR_CONCURRENT_GC blocked 122ms
02-02 09:43:12.200 I/dnsmasq ( 3937): DHCPDISCOVER(p2p-wlan0-11) 42:b0:fa:63:4a:b0 
02-02 09:43:12.200 I/dnsmasq ( 3937): DHCPOFFER(p2p-wlan0-11) 192.168.49.56 42:b0:fa:63:4a:b0 
02-02 09:43:12.210 I/dnsmasq ( 3937): DHCPREQUEST(p2p-wlan0-11) 192.168.49.56 42:b0:fa:63:4a:b0 
02-02 09:43:12.210 I/dnsmasq ( 3937): DHCPACK(p2p-wlan0-11) 192.168.49.56 42:b0:fa:63:4a:b0 android-1466a4983a9f4d41
02-02 09:43:12.210 I/dnsmasq ( 3937): EXTRA : mac=42:b0:fa:63:4a:b0, ip=192.168.49.56
02-02 09:43:12.210 D/WifiDisplayController(  547): WFD : File changed : path=dnsmasq.txt event=2
02-02 09:43:12.210 D/WifiDisplayController(  547): Sending DNSMASQ_IP_ADDR_ACTION broadcast : mac=xx.xx.xx.xx.xx.xx ip=192.168.49.56 port=7236
02-02 09:43:12.220 D/WifiDisplayController(  547): Received DNSMASQ_IP_ADDR_ACTION : mac=xx.xx.xx.xx.xx.xx ip=192.168.49.56 port=7236
02-02 09:43:12.320 D/MiracastPlayerP2P(31393): Get a nearest IP from /proc/net/arp for 42:b0:fa:63:ca:b0
02-02 09:43:12.320 D/MiracastPlayerP2P(31393): 192.168.49.56    0x1         0x2         42:b0:fa:63:4a:b0     *        p2p-wlan0-11
02-02 09:43:12.330 D/MiracastPlayerP2P(31393): It looks a WFD source is connected
02-02 09:43:12.340 D/MiracastPlayerP2P(31393): groupFormed: true isGroupOwner: true groupOwnerAddress: /192.168.49.1
02-02 09:43:12.340 D/MiracastPlayerP2P(31393): Sink is the P2P GO with IP 192.168.49.1
02-02 09:43:12.340 E/MiracastPlayerP2P(31393): Found  WFD source
02-02 09:43:12.350 D/MiracastPlayerP2P(31393): Connected from 192.168.49.56:7236
02-02 09:43:12.350 D/MiracastPlayerP2P(31393): Playing video...
02-02 09:43:12.360 I/ActivityManager(  547): START u0 {cmp=com.playwfd.miracastplayer/.WfdPlayerActivity (has extras)} from pid 31393
02-02 09:43:12.360 I/ActivityManager(  547): start package name is com.playwfd.miracastplayer, class name is com.playwfd.miracastplayer.WfdPlayerActivity, error code is 0
02-02 09:43:12.390 D/MiracastPlayerP2P(31393): P2PActivity onPause
02-02 09:43:12.400 D/DisplayMetrics(  547): densityDpi 320
02-02 09:43:12.420 I/UsageStats(  547): Deleting usage file : usage-20151205
02-02 09:43:12.520 I/MiracastPlayer(31393): PlayerActivity onCreate
02-02 09:43:12.540 D/MiracastPlayer(31393): Source IP is 192.168.49.56:7236
02-02 09:43:12.540 D/MiracastPlayer(31393): Use built-in wfd protocol to play
02-02 09:43:12.540 I/MiracastPlayer(31393): PlayerActivity onResume
02-02 09:43:12.570 D/MiracastPlayer(31393): Received WIFI_P2P_CONNECTION_CHANGED
02-02 09:43:12.570 D/MiracastPlayer(31393): Received WIFI_P2P_CONNECTION_CHANGED_ACTION: networkInfo=NetworkInfo: type: WIFI_P2P[], state: CONNECTED/CONNECTED, reason: (unspecified), extra: (none), roaming: false, failover: false, isAvailable: true, isConnectedToProvisioningNetwork: false
02-02 09:43:12.620 D/dalvikvm(31393): GC_CONCURRENT freed 395K, 18% free 3448K/4200K, paused 11ms+14ms, total 101ms
02-02 09:43:12.630 D/MiracastPlayerUIBC(31393): onLayout: changed:true left:0 top:0 right:1920 bottom:1080
02-02 09:43:12.630 I/VideoView(31393): Layout changed,left=0 top=0 right=1920 bottom=1080
02-02 09:43:12.630 I/VideoView(31393): Layout changed,oldLeft=0 oldTop=0 oldRight=0 oldBottom=0
02-02 09:43:12.670 I/MediaPlayer(31393): MediaPlayer enter
02-02 09:43:12.670 D/AirtuneService(  841): Receive Broadcast action=com.android.music.musicservicecommand
02-02 09:43:12.670 D/AirtuneService(  841): process com.android.music.musicservicecommand in thread 1
02-02 09:43:12.670 D/AirtuneService(  841): process com.android.music.musicservicecommandcomplete in thread 1
02-02 09:43:12.680 I/MediaPlayer(31393): setDataSource(Context context, Uri uri, Map<String, String> headers) enter wfd://192.168.49.56:7236
02-02 09:43:12.680 D/MediaPlayer(31393): Couldn't open file on client side, trying server side
02-02 09:43:12.680 I/MediaPlayer(31393): setDataSource(String path, Map<String, String> headers) enter wfd://192.168.49.56:7236
02-02 09:43:12.680 V/MediaPlayerService(  172): Client(4702) constructor
02-02 09:43:12.680 V/MediaPlayerService(  172): Create new client(4702) from pid 31393, uid 10044, 
02-02 09:43:12.680 V/MediaPlayerService(  172): player type = 111
02-02 09:43:12.680 V/MediaPlayerService(  172): createPlayer:968 
02-02 09:43:12.680 V/MediaPlayerService(  172): Create AmSuperPlayer
02-02 09:43:12.680 V/AmSuperPlayer(  172): AmSuperPlayer init now
02-02 09:43:12.680 V/AudioSink(  172): AudioOutput(207)
02-02 09:43:12.680 V/MediaPlayerService(  172):  setDataSource
02-02 09:43:12.680 I/MediaPlayer(31393): setDisplay enter
02-02 09:43:12.680 V/MediaPlayerService(  172): [4702] setVideoSurfaceTexture(0xb8008948)
02-02 09:43:12.680 E/MediaPlayerService(  172): [4702] setVideoSurfaceTexture(0xb8008948), binder(0xb8010f28)
02-02 09:43:12.680 I/MediaPlayer(31393): setScreenOnWhilePlaying(boolean screenOn) enter
02-02 09:43:12.690 V/MediaPlayerService(  172): [4702] setVideoSurfaceTexture(0xb8019320)
02-02 09:43:12.690 E/MediaPlayerService(  172): [4702] setVideoSurfaceTexture(0xb8019320), binder(0xb8010f28)
02-02 09:43:12.690 V/MediaPlayerService(  172): [4702] setAudioStreamType(3)
02-02 09:43:12.690 V/MediaPlayerService(  172): [4702] prepareAsync
02-02 09:43:12.690 V/AmSuperPlayer(  172): createPlayer
02-02 09:43:12.690 V/AmSuperPlayer(  172): Create Amlogic Player
02-02 09:43:12.690 I/AmlogicPlayer(  172): media.amplayer.stopbuftime is not set used def=0.000000
02-02 09:43:12.690 I/AmlogicPlayer(  172): media.amplayer.streamtimeadd is not set used def=0.000000
02-02 09:43:12.690 I/AmlogicPlayer(  172): media.amplayer.droptinyseek.ms is not set used def=-1.000000
02-02 09:43:12.690 I/AmlogicPlayer(  172): media.amplayer.delaybuffering.s is not set used def=0.000000
02-02 09:43:12.690 I/AmlogicPlayer(  172): found 0 not exit player threads,try exit it now
02-02 09:43:12.690 I/AmlogicPlayer(  172): media.amplayer.useandroidhttp is not setting,use default false
02-02 09:43:12.690 I/AmlogicPlayer(  172): media.amplayer.widevineenable is disabled
02-02 09:43:12.690 I/AmlogicPlayer(  172): media.amplayer.dsource4local is enabled
02-02 09:43:12.690 E/wfd_client(  172): wfd_client create
02-02 09:43:12.690 E/wfd_client(  172): wfd_client : start
02-02 09:43:12.690 W/ALooperRoster(  172): ALooper::handler_id ALooperRoster::registerHandler 25
02-02 09:43:12.690 E/wfd_client(  172): start sink
02-02 09:43:12.720 I/HDCPModuleAmlogic(  172): HDCP2LIB build time: Aug 25 2015 11:57:15
02-02 09:43:12.720 I/HDCPModuleAmlogic(  172): HDCPModule loaded (1454377392)
02-02 09:43:12.720 I/HDCPLIB (  172): Using software AES
02-02 09:43:12.750 E/HDCPLIB_RX(  172): rx_load_keys, err: -27
02-02 09:43:12.750 E/HDCPLIB_RX(  172): rx_setup_private_data, err: -27
02-02 09:43:12.750 E/HDCPLIB (  172): hdcp_init, err: -27
02-02 09:43:12.750 E/HDCPModuleAmlogic(  172): module init failed (1454377392)
02-02 09:43:12.750 I/HDCPModuleAmlogic(  172): HDCP2LIB unloaded (1454377392)
02-02 09:43:12.750 E/HDCP    (  172): createHDCPModule failed.
02-02 09:43:12.760 E/WifiDisplaySink(  172): Failed to set HDCP observer.
02-02 09:43:12.760 E/WifiDisplaySink(  172): Unable to instantiate HDCP component. Not using HDCP after all.
02-02 09:43:12.760 I/WifiDisplaySink(  172): post msg kWhatStart.
02-02 09:43:12.760 E/wfd_client(  172): start looper
02-02 09:43:12.760 E/wfd_client(  172): start looper finish
02-02 09:43:12.760 E/wfd_client(  172): wfd_client : getStreamSource
02-02 09:43:12.760 I/WifiDisplaySink(  172): Received msg kWhatStart.
02-02 09:43:12.760 I/WifiDisplaySink(  172): Create RTSPClient.
02-02 09:43:12.760 I/NetworkSession(  172): connecting to 192.168.49.56:7236
02-02 09:43:12.780 D/PinyinIME(  784): onFinishInput.
