01-06 00:50:17.909 W/ActivityManager(  418): getTasks: caller 10080 does not hold REAL_GET_TASKS; limiting output
01-06 00:50:17.918 W/ActivityManager(  418): getRunningAppProcesses: caller 10080 does not hold REAL_GET_TASKS; limiting output
01-06 00:50:19.468 W/ActivityManager(  418): getTasks: caller 10080 does not hold REAL_GET_TASKS; limiting output
01-06 00:50:19.488 W/ActivityManager(  418): getRunningAppProcesses: caller 10080 does not hold REAL_GET_TASKS; limiting output
01-06 00:50:19.998 W/ActivityManager(  418): getRunningAppProcesses: caller 10093 does not hold REAL_GET_TASKS; limiting output
01-06 00:50:21.056 W/ActivityManager(  418): getTasks: caller 10080 does not hold REAL_GET_TASKS; limiting output
01-06 00:50:21.076 W/ActivityManager(  418): getRunningAppProcesses: caller 10080 does not hold REAL_GET_TASKS; limiting output
01-06 00:50:22.621 W/ActivityManager(  418): getTasks: caller 10080 does not hold REAL_GET_TASKS; limiting output
01-06 00:50:22.640 W/ActivityManager(  418): getRunningAppProcesses: caller 10080 does not hold REAL_GET_TASKS; limiting output
01-06 00:50:22.856 E/WifiStateMachine(  418): WifiStateMachine CMD_START_SCAN source -2 txSuccessRate=1.98 rxSuccessRate=1.46 targetRoamBSSID=d4:ee:07:22:5d:e2 RSSI=-58
01-06 00:50:22.857 E/WifiStateMachine(  418): WifiStateMachine starting scan for "Office"WPA_PSK with 2427
01-06 00:50:23.042 W/ActivityManager(  418): getRunningAppProcesses: caller 10093 does not hold REAL_GET_TASKS; limiting output
01-06 00:50:24.169 W/ActivityManager(  418): getTasks: caller 10080 does not hold REAL_GET_TASKS; limiting output
01-06 00:50:24.190 W/ActivityManager(  418): getRunningAppProcesses: caller 10080 does not hold REAL_GET_TASKS; limiting output
01-06 00:50:25.715 W/ActivityManager(  418): getTasks: caller 10080 does not hold REAL_GET_TASKS; limiting output
01-06 00:50:25.734 W/ActivityManager(  418): getRunningAppProcesses: caller 10080 does not hold REAL_GET_TASKS; limiting output
01-06 00:50:26.100 W/ActivityManager(  418): getRunningAppProcesses: caller 10093 does not hold REAL_GET_TASKS; limiting output
01-06 00:50:27.301 W/ActivityManager(  418): getTasks: caller 10080 does not hold REAL_GET_TASKS; limiting output
01-06 00:50:27.318 W/ActivityManager(  418): getRunningAppProcesses: caller 10080 does not hold REAL_GET_TASKS; limiting output
01-06 00:50:28.867 W/ActivityManager(  418): getTasks: caller 10080 does not hold REAL_GET_TASKS; limiting output
01-06 00:50:28.884 W/ActivityManager(  418): getRunningAppProcesses: caller 10080 does not hold REAL_GET_TASKS; limiting output
01-06 00:50:29.185 W/ActivityManager(  418): getRunningAppProcesses: caller 10093 does not hold REAL_GET_TASKS; limiting output
01-06 00:50:30.449 W/ActivityManager(  418): getTasks: caller 10080 does not hold REAL_GET_TASKS; limiting output
01-06 00:50:30.468 W/ActivityManager(  418): getRunningAppProcesses: caller 10080 does not hold REAL_GET_TASKS; limiting output
01-06 00:50:32.040 W/ActivityManager(  418): getTasks: caller 10080 does not hold REAL_GET_TASKS; limiting output
01-06 00:50:32.058 W/ActivityManager(  418): getRunningAppProcesses: caller 10080 does not hold REAL_GET_TASKS; limiting output
01-06 00:50:32.268 W/ActivityManager(  418): getRunningAppProcesses: caller 10093 does not hold REAL_GET_TASKS; limiting output
01-06 00:50:33.622 W/ActivityManager(  418): getTasks: caller 10080 does not hold REAL_GET_TASKS; limiting output
01-06 00:50:33.642 W/ActivityManager(  418): getRunningAppProcesses: caller 10080 does not hold REAL_GET_TASKS; limiting output
01-06 00:50:35.187 W/ActivityManager(  418): getTasks: caller 10080 does not hold REAL_GET_TASKS; limiting output
01-06 00:50:35.193 W/ActivityManager(  418): getRunningAppProcesses: caller 10080 does not hold REAL_GET_TASKS; limiting output
01-06 00:50:35.346 W/ActivityManager(  418): getRunningAppProcesses: caller 10093 does not hold REAL_GET_TASKS; limiting output
01-06 00:50:36.743 W/ActivityManager(  418): getTasks: caller 10080 does not hold REAL_GET_TASKS; limiting output
01-06 00:50:36.762 W/ActivityManager(  418): getRunningAppProcesses: caller 10080 does not hold REAL_GET_TASKS; limiting output
01-06 00:50:38.332 W/ActivityManager(  418): getTasks: caller 10080 does not hold REAL_GET_TASKS; limiting output
01-06 00:50:38.338 W/ActivityManager(  418): getRunningAppProcesses: caller 10080 does not hold REAL_GET_TASKS; limiting output
01-06 00:50:38.430 W/ActivityManager(  418): getRunningAppProcesses: caller 10093 does not hold REAL_GET_TASKS; limiting output
01-06 00:50:39.892 W/ActivityManager(  418): getTasks: caller 10080 does not hold REAL_GET_TASKS; limiting output
01-06 00:50:39.908 W/ActivityManager(  418): getRunningAppProcesses: caller 10080 does not hold REAL_GET_TASKS; limiting output
01-06 00:50:41.458 W/ActivityManager(  418): getTasks: caller 10080 does not hold REAL_GET_TASKS; limiting output
01-06 00:50:41.478 W/ActivityManager(  418): getRunningAppProcesses: caller 10080 does not hold REAL_GET_TASKS; limiting output
01-06 00:50:41.509 W/ActivityManager(  418): getRunningAppProcesses: caller 10093 does not hold REAL_GET_TASKS; limiting output
01-06 00:50:42.860 E/WifiStateMachine(  418): WifiStateMachine CMD_START_SCAN source -2 txSuccessRate=1.96 rxSuccessRate=0.98 targetRoamBSSID=d4:ee:07:22:5d:e2 RSSI=-54
01-06 00:50:43.021 W/ActivityManager(  418): getTasks: caller 10080 does not hold REAL_GET_TASKS; limiting output
01-06 00:50:43.041 W/ActivityManager(  418): getRunningAppProcesses: caller 10080 does not hold REAL_GET_TASKS; limiting output
01-06 00:50:44.542 W/ActivityManager(  418): getRunningAppProcesses: caller 10093 does not hold REAL_GET_TASKS; limiting output
01-06 00:50:44.606 W/ActivityManager(  418): getTasks: caller 10080 does not hold REAL_GET_TASKS; limiting output
01-06 00:50:44.613 W/ActivityManager(  418): getRunningAppProcesses: caller 10080 does not hold REAL_GET_TASKS; limiting output
01-06 00:50:44.681 W/ActivityManager(  418): getTasks: caller 10080 does not hold REAL_GET_TASKS; limiting output
01-06 00:50:45.392 W/ActivityManager(  418): getRunningAppProcesses: caller 10082 does not hold REAL_GET_TASKS; limiting output
01-06 00:50:45.608 W/ActivityManager(  418): getRunningAppProcesses: caller 10082 does not hold REAL_GET_TASKS; limiting output
01-06 00:50:46.151 W/ActivityManager(  418): getTasks: caller 10080 does not hold REAL_GET_TASKS; limiting output
01-06 00:50:46.172 W/ActivityManager(  418): getRunningAppProcesses: caller 10080 does not hold REAL_GET_TASKS; limiting output
01-06 00:50:47.609 W/ActivityManager(  418): getRunningAppProcesses: caller 10093 does not hold REAL_GET_TASKS; limiting output
01-06 00:50:47.726 W/ActivityManager(  418): getTasks: caller 10080 does not hold REAL_GET_TASKS; limiting output
01-06 00:50:47.732 W/ActivityManager(  418): getRunningAppProcesses: caller 10080 does not hold REAL_GET_TASKS; limiting output
01-06 00:50:49.272 W/ActivityManager(  418): getTasks: caller 10080 does not hold REAL_GET_TASKS; limiting output
01-06 00:50:49.291 W/ActivityManager(  418): getRunningAppProcesses: caller 10080 does not hold REAL_GET_TASKS; limiting output
01-06 00:50:50.693 W/ActivityManager(  418): getRunningAppProcesses: caller 10093 does not hold REAL_GET_TASKS; limiting output
01-06 00:50:50.857 W/ActivityManager(  418): getTasks: caller 10080 does not hold REAL_GET_TASKS; limiting output
01-06 00:50:50.875 W/ActivityManager(  418): getRunningAppProcesses: caller 10080 does not hold REAL_GET_TASKS; limiting output
01-06 00:50:52.449 W/ActivityManager(  418): getTasks: caller 10080 does not hold REAL_GET_TASKS; limiting output
01-06 00:50:52.467 W/ActivityManager(  418): getRunningAppProcesses: caller 10080 does not hold REAL_GET_TASKS; limiting output
01-06 00:50:53.747 W/ActivityManager(  418): getRunningAppProcesses: caller 10093 does not hold REAL_GET_TASKS; limiting output
01-06 00:50:54.031 W/ActivityManager(  418): getTasks: caller 10080 does not hold REAL_GET_TASKS; limiting output
01-06 00:50:54.038 W/ActivityManager(  418): getRunningAppProcesses: caller 10080 does not hold REAL_GET_TASKS; limiting output
01-06 00:50:55.598 W/ActivityManager(  418): getTasks: caller 10080 does not hold REAL_GET_TASKS; limiting output
01-06 00:50:55.613 W/ActivityManager(  418): getRunningAppProcesses: caller 10080 does not hold REAL_GET_TASKS; limiting output
01-06 00:50:56.842 W/ActivityManager(  418): getRunningAppProcesses: caller 10093 does not hold REAL_GET_TASKS; limiting output
01-06 00:50:57.138 W/ActivityManager(  418): getTasks: caller 10080 does not hold REAL_GET_TASKS; limiting output
01-06 00:50:57.155 W/ActivityManager(  418): getRunningAppProcesses: caller 10080 does not hold REAL_GET_TASKS; limiting output
01-06 00:50:57.558 I/ActivityManager(  418): START u0 {act=android.intent.action.MAIN cat=[android.intent.category.HOME] flg=0x10200000 cmp=com.android.launcher/com.android.launcher2.Launcher} from uid 1000 on display 0
01-06 00:50:57.650 I/OpenGLRenderer( 1244): Initialized EGL, version 1.4
01-06 00:50:57.654 D/mali_winsys( 1244): new_window_surface returns 0x3000
01-06 00:50:58.207 W/OpenGLRenderer( 1244): Incorrectly called buildLayer on View: ShortcutAndWidgetContainer, destroying layer...
01-06 00:50:58.590 W/ResourceType(  945): No package identifier when getting value for resource number 0x00000000
01-06 00:50:58.590 W/PackageManager(  945): Failure retrieving resources for com.example.android.wifidisplay: Resource ID #0x0
01-06 00:50:58.723 W/ActivityManager(  418): getTasks: caller 10080 does not hold REAL_GET_TASKS; limiting output
01-06 00:50:58.739 W/ActivityManager(  418): getRunningAppProcesses: caller 10080 does not hold REAL_GET_TASKS; limiting output
01-06 00:50:59.897 W/ActivityManager(  418): getRunningAppProcesses: caller 10093 does not hold REAL_GET_TASKS; limiting output
01-06 00:51:00.058 W/ResourcesManager( 1244): Asset path '/system/framework/com.google.android.media.effects.jar' does not exist or contains no resources.
01-06 00:51:00.160 W/ResourcesManager( 1244): Asset path '/system/framework/com.google.android.maps.jar' does not exist or contains no resources.
01-06 00:51:00.287 W/ActivityManager(  418): getTasks: caller 10080 does not hold REAL_GET_TASKS; limiting output
01-06 00:51:00.290 W/ActivityManager(  418): getRunningAppProcesses: caller 10080 does not hold REAL_GET_TASKS; limiting output
01-06 00:51:01.840 W/ActivityManager(  418): getTasks: caller 10080 does not hold REAL_GET_TASKS; limiting output
01-06 00:51:01.859 W/ActivityManager(  418): getRunningAppProcesses: caller 10080 does not hold REAL_GET_TASKS; limiting output
01-06 00:51:02.865 E/WifiStateMachine(  418): WifiStateMachine CMD_START_SCAN source -2 txSuccessRate=1.96 rxSuccessRate=0.98 targetRoamBSSID=d4:ee:07:22:5d:e2 RSSI=-58
01-06 00:51:02.866 E/WifiStateMachine(  418): WifiStateMachine starting scan for "Office"WPA_PSK with 2427
01-06 00:51:02.968 W/ActivityManager(  418): getRunningAppProcesses: caller 10093 does not hold REAL_GET_TASKS; limiting output
01-06 00:51:03.395 W/ActivityManager(  418): getTasks: caller 10080 does not hold REAL_GET_TASKS; limiting output
01-06 00:51:03.416 W/ActivityManager(  418): getRunningAppProcesses: caller 10080 does not hold REAL_GET_TASKS; limiting output
01-06 00:51:03.707 I/ActivityManager(  418): START u0 {act=android.intent.action.MAIN cat=[android.intent.category.LAUNCHER] flg=0x10200000 cmp=com.example.android.wifidisplay/.WiFiDisplayActivity (has extras)} from uid 10014 on display 0
01-06 00:51:03.758 D/mali_winsys(26583): new_window_surface returns 0x3000
01-06 00:51:03.761 D/P2pBroadcastReceiver(26583): P2P state changed: 2
01-06 00:51:03.761 D/P2pBroadcastReceiver(26583): P2p connection changed: 
01-06 00:51:03.761 D/P2pBroadcastReceiver(26583): ExtraInfo:null
01-06 00:51:03.761 D/P2pBroadcastReceiver(26583): Reason:null
01-06 00:51:03.761 D/P2pBroadcastReceiver(26583): Subtype:0
01-06 00:51:03.761 D/P2pBroadcastReceiver(26583): SubtypeName:
01-06 00:51:03.761 D/P2pBroadcastReceiver(26583): Type:13
01-06 00:51:03.761 D/P2pBroadcastReceiver(26583): TypeName:WIFI_P2P
01-06 00:51:03.761 D/P2pBroadcastReceiver(26583): isAvaliable:true
01-06 00:51:03.761 D/P2pBroadcastReceiver(26583): isConnected:false
01-06 00:51:03.761 D/P2pBroadcastReceiver(26583): P2p group information: 
01-06 00:51:03.761 D/P2pBroadcastReceiver(26583): GroupOwner:false
01-06 00:51:03.761 D/P2pBroadcastReceiver(26583): NetworkName:null
01-06 00:51:03.762 D/P2pBroadcastReceiver(26583): P2p this device changed
01-06 00:51:03.762 D/DeviceListFragment(26583): Peer status :3
01-06 00:51:03.762 D/WifiDisplayActivity(26583): Callback form ActionListener success
01-06 00:51:03.762 D/P2pBroadcastReceiver(26583): P2p this device changed
01-06 00:51:03.763 D/DeviceListFragment(26583): Peer status :3
01-06 00:51:03.763 D/WifiDisplayActivity(26583): Callback form ActionListener success
01-06 00:51:03.763 D/P2pBroadcastReceiver(26583): P2p this device changed
01-06 00:51:03.763 D/DeviceListFragment(26583): Peer status :3
01-06 00:51:04.980 W/ActivityManager(  418): getTasks: caller 10080 does not hold REAL_GET_TASKS; limiting output
01-06 00:51:05.000 W/ActivityManager(  418): getRunningAppProcesses: caller 10080 does not hold REAL_GET_TASKS; limiting output
01-06 00:51:06.044 W/ActivityManager(  418): getRunningAppProcesses: caller 10093 does not hold REAL_GET_TASKS; limiting output
01-06 00:51:06.571 W/ActivityManager(  418): getTasks: caller 10080 does not hold REAL_GET_TASKS; limiting output
01-06 00:51:06.577 W/ActivityManager(  418): getRunningAppProcesses: caller 10080 does not hold REAL_GET_TASKS; limiting output
01-06 00:51:08.125 W/ActivityManager(  418): getTasks: caller 10080 does not hold REAL_GET_TASKS; limiting output
01-06 00:51:08.147 W/ActivityManager(  418): getRunningAppProcesses: caller 10080 does not hold REAL_GET_TASKS; limiting output
01-06 00:51:09.134 W/ActivityManager(  418): getRunningAppProcesses: caller 10093 does not hold REAL_GET_TASKS; limiting output
01-06 00:51:09.686 W/ActivityManager(  418): getTasks: caller 10080 does not hold REAL_GET_TASKS; limiting output
01-06 00:51:09.705 W/ActivityManager(  418): getRunningAppProcesses: caller 10080 does not hold REAL_GET_TASKS; limiting output
01-06 00:51:11.254 W/ActivityManager(  418): getTasks: caller 10080 does not hold REAL_GET_TASKS; limiting output
01-06 00:51:11.274 W/ActivityManager(  418): getRunningAppProcesses: caller 10080 does not hold REAL_GET_TASKS; limiting output
01-06 00:51:12.153 W/ActivityManager(  418): getRunningAppProcesses: caller 10093 does not hold REAL_GET_TASKS; limiting output
01-06 00:51:12.837 W/ActivityManager(  418): getTasks: caller 10080 does not hold REAL_GET_TASKS; limiting output
01-06 00:51:12.844 W/ActivityManager(  418): getRunningAppProcesses: caller 10080 does not hold REAL_GET_TASKS; limiting output
01-06 00:51:14.391 W/ActivityManager(  418): getTasks: caller 10080 does not hold REAL_GET_TASKS; limiting output
01-06 00:51:14.395 W/ActivityManager(  418): getRunningAppProcesses: caller 10080 does not hold REAL_GET_TASKS; limiting output
01-06 00:51:15.236 W/ActivityManager(  418): getRunningAppProcesses: caller 10093 does not hold REAL_GET_TASKS; limiting output
01-06 00:51:15.588 W/ActivityManager(  418): getRunningAppProcesses: caller 10082 does not hold REAL_GET_TASKS; limiting output
01-06 00:51:15.940 W/ActivityManager(  418): getTasks: caller 10080 does not hold REAL_GET_TASKS; limiting output
01-06 00:51:15.959 W/ActivityManager(  418): getRunningAppProcesses: caller 10080 does not hold REAL_GET_TASKS; limiting output
01-06 00:51:17.527 W/ActivityManager(  418): getTasks: caller 10080 does not hold REAL_GET_TASKS; limiting output
01-06 00:51:17.534 W/ActivityManager(  418): getRunningAppProcesses: caller 10080 does not hold REAL_GET_TASKS; limiting output
01-06 00:51:18.311 W/ActivityManager(  418): getRunningAppProcesses: caller 10093 does not hold REAL_GET_TASKS; limiting output
01-06 00:51:19.081 W/ActivityManager(  418): getTasks: caller 10080 does not hold REAL_GET_TASKS; limiting output
01-06 00:51:19.098 W/ActivityManager(  418): getRunningAppProcesses: caller 10080 does not hold REAL_GET_TASKS; limiting output
01-06 00:51:20.653 W/ActivityManager(  418): getTasks: caller 10080 does not hold REAL_GET_TASKS; limiting output
01-06 00:51:20.663 W/ActivityManager(  418): getRunningAppProcesses: caller 10080 does not hold REAL_GET_TASKS; limiting output
01-06 00:51:21.376 W/ActivityManager(  418): getRunningAppProcesses: caller 10093 does not hold REAL_GET_TASKS; limiting output
01-06 00:51:21.696 V/WindowManager(  418): not Base app: Adding window Window{35d55d7e u0 Press back to cancel} at 4 of 9
01-06 00:51:21.724 D/mali_winsys(26583): new_window_surface returns 0x3000
01-06 00:51:22.211 W/ActivityManager(  418): getTasks: caller 10080 does not hold REAL_GET_TASKS; limiting output
01-06 00:51:22.215 W/ActivityManager(  418): getRunningAppProcesses: caller 10080 does not hold REAL_GET_TASKS; limiting output
01-06 00:51:22.868 E/WifiStateMachine(  418): WifiStateMachine CMD_START_SCAN source -2 txSuccessRate=1.98 rxSuccessRate=1.19 targetRoamBSSID=d4:ee:07:22:5d:e2 RSSI=-57
01-06 00:51:22.868 E/WifiStateMachine(  418): WifiStateMachine starting scan for "Office"WPA_PSK with 2427
01-06 00:51:23.771 W/ActivityManager(  418): getTasks: caller 10080 does not hold REAL_GET_TASKS; limiting output
01-06 00:51:23.783 W/ActivityManager(  418): getRunningAppProcesses: caller 10080 does not hold REAL_GET_TASKS; limiting output
01-06 00:51:24.457 W/ActivityManager(  418): getRunningAppProcesses: caller 10093 does not hold REAL_GET_TASKS; limiting output
01-06 00:51:25.332 W/ActivityManager(  418): getTasks: caller 10080 does not hold REAL_GET_TASKS; limiting output
01-06 00:51:25.349 W/ActivityManager(  418): getRunningAppProcesses: caller 10080 does not hold REAL_GET_TASKS; limiting output
01-06 00:51:26.914 W/ActivityManager(  418): getTasks: caller 10080 does not hold REAL_GET_TASKS; limiting output
01-06 00:51:26.919 W/ActivityManager(  418): getRunningAppProcesses: caller 10080 does not hold REAL_GET_TASKS; limiting output
01-06 00:51:27.511 W/ActivityManager(  418): getRunningAppProcesses: caller 10093 does not hold REAL_GET_TASKS; limiting output
01-06 00:51:28.471 W/ActivityManager(  418): getTasks: caller 10080 does not hold REAL_GET_TASKS; limiting output
01-06 00:51:28.484 W/ActivityManager(  418): getRunningAppProcesses: caller 10080 does not hold REAL_GET_TASKS; limiting output
01-06 00:51:29.572 I/wpa_supplicant(  905): P2P-DEVICE-FOUND 12:68:3f:70:d2:71 p2p_dev_addr=12:68:3f:70:d2:71 pri_dev_type=10-0050F204-5 name='Sink_d271' config_methods=0x188 dev_capab=0x25 group_capab=0x0 wfd_dev_info=0x00101c440032
01-06 00:51:29.575 D/P2pBroadcastReceiver(26583): P2P peers changed
01-06 00:51:29.609 D/DeviceListFragment(26583): Peer status :3
01-06 00:51:29.615 W/InputMethodManagerService(  418): Window already focused, ignoring focus gain of: com.android.internal.view.IInputMethodClient$Stub$Proxy@82f8173 attribute=android.view.inputmethod.EditorInfo@79d5830, token = android.os.BinderProxy@1c522a29
01-06 00:51:29.730 I/wpa_supplicant(  905): P2P-FIND-STOPPED 
01-06 00:51:29.735 I/wpa_supplicant(  905): rfkill: Cannot open RFKILL control device
01-06 00:51:29.804 E/wpa_supplicant(  905): Using interface p2p-p2p0-5 with hwaddr be:20:a4:7a:b4:0c and ssid "DIRECT-GL-Sink9681"
01-06 00:51:29.863 I/wpa_supplicant(  905): p2p-p2p0-5: interface state UNINITIALIZED->ENABLED
01-06 00:51:29.864 I/wpa_supplicant(  905): p2p-p2p0-5: AP-ENABLED 
01-06 00:51:29.864 I/wpa_supplicant(  905): p2p-p2p0-5: CTRL-EVENT-CONNECTED - Connection to be:20:a4:7a:b4:0c completed [id=0 id_str=]
01-06 00:51:29.864 I/wpa_supplicant(  905): P2P-GROUP-STARTED p2p-p2p0-5 GO ssid="DIRECT-GL-Sink9681" freq=2427 go_dev_addr=be:20:a4:7a:34:0c [PERSISTENT]
01-06 00:51:29.872 D/CommandListener(  127): Setting iface cfg
01-06 00:51:29.876 D/CommandListener(  127): Trying to bring up p2p-p2p0-5
01-06 00:51:29.879 D/TetherController(  127): tetherInterface(p2p-p2p0-5)
01-06 00:51:29.903 D/TetherController(  127): Starting tethering services
01-06 00:51:29.903 D/TetherController(  127): Sending update msg to dnsmasq [update_ifaces:p2p-p2p0-5]
01-06 00:51:29.903 D/TetherController(  127): Tethering services running
01-06 00:51:29.904 D/WifiP2pService(  418): Started Dhcp server on p2p-p2p0-5
01-06 00:51:29.905 D/P2pBroadcastReceiver(26583): P2p this device changed
01-06 00:51:29.905 D/DeviceListFragment(26583): Peer status :0
01-06 00:51:29.910 I/dnsmasq (  639): started, version 2.51 cachesize 150
01-06 00:51:29.911 I/dnsmasq (  639): compile time options: no-IPv6 GNU-getopt no-DBus no-I18N DHCP no-scripts no-TFTP
01-06 00:51:29.911 W/dnsmasq (  639): warning: no upstream servers configured
01-06 00:51:29.911 I/dnsmasq (  639): DHCP, IP range 192.168.49.2 -- 192.168.49.254, lease time 1h
01-06 00:51:29.911 I/dnsmasq (  639): DHCP, IP range 192.168.48.2 -- 192.168.48.254, lease time 1h
01-06 00:51:29.911 I/dnsmasq (  639): DHCP, IP range 192.168.47.2 -- 192.168.47.254, lease time 1h
01-06 00:51:29.911 I/dnsmasq (  639): DHCP, IP range 192.168.46.2 -- 192.168.46.254, lease time 1h
01-06 00:51:29.911 I/dnsmasq (  639): DHCP, IP range 192.168.45.2 -- 192.168.45.254, lease time 1h
01-06 00:51:29.911 I/dnsmasq (  639): DHCP, IP range 192.168.44.2 -- 192.168.44.254, lease time 1h
01-06 00:51:29.911 I/dnsmasq (  639): DHCP, IP range 192.168.43.2 -- 192.168.43.254, lease time 1h
01-06 00:51:29.911 I/dnsmasq (  639): DHCP, IP range 192.168.42.2 -- 192.168.42.254, lease time 1h
01-06 00:51:29.911 I/dnsmasq (  639): read /etc/hosts - 1 addresses
01-06 00:51:30.032 W/ActivityManager(  418): getTasks: caller 10080 does not hold REAL_GET_TASKS; limiting output
01-06 00:51:30.042 W/ActivityManager(  418): getRunningAppProcesses: caller 10080 does not hold REAL_GET_TASKS; limiting output
01-06 00:51:30.423 I/wpa_supplicant(  905): p2p-p2p0-5: AP-STA-CONNECTED 12:68:3f:70:52:71 p2p_dev_addr=12:68:3f:70:d2:71
01-06 00:51:30.425 I/wpa_supplicant(  905): AP-STA-CONNECTED 12:68:3f:70:52:71 p2p_dev_addr=12:68:3f:70:d2:71
01-06 00:51:30.430 D/P2pBroadcastReceiver(26583): P2P peers changed
01-06 00:51:30.431 D/P2pBroadcastReceiver(26583): P2p connection changed: 
01-06 00:51:30.431 D/P2pBroadcastReceiver(26583): ExtraInfo:null
01-06 00:51:30.431 D/P2pBroadcastReceiver(26583): Reason:null
01-06 00:51:30.431 D/P2pBroadcastReceiver(26583): Subtype:0
01-06 00:51:30.431 D/P2pBroadcastReceiver(26583): SubtypeName:
01-06 00:51:30.431 D/P2pBroadcastReceiver(26583): Type:13
01-06 00:51:30.431 D/P2pBroadcastReceiver(26583): TypeName:WIFI_P2P
01-06 00:51:30.431 D/P2pBroadcastReceiver(26583): isAvaliable:true
01-06 00:51:30.431 D/P2pBroadcastReceiver(26583): isConnected:true
01-06 00:51:30.431 D/P2pBroadcastReceiver(26583): P2p group information: 
01-06 00:51:30.431 D/P2pBroadcastReceiver(26583): GroupOwner:true
01-06 00:51:30.431 D/P2pBroadcastReceiver(26583): NetworkName:DIRECT-GL-Sink9681
01-06 00:51:30.431 D/P2pBroadcastReceiver(26583): WifiP2pDevice information
01-06 00:51:30.431 D/P2pBroadcastReceiver(26583): deviceAddress:12:68:3f:70:d2:71
01-06 00:51:30.431 D/P2pBroadcastReceiver(26583): GroupOwner:false
01-06 00:51:30.431 D/P2pBroadcastReceiver(26583): devicename:Sink_d271
01-06 00:51:30.431 D/P2pBroadcastReceiver(26583): primaryDeviceType:10-0050F204-5
01-06 00:51:30.431 D/P2pBroadcastReceiver(26583): secondaryDeviceType:null
01-06 00:51:30.431 D/P2pBroadcastReceiver(26583): wpsDisplaySupported:true
01-06 00:51:30.590 W/ActivityManager(  418): getRunningAppProcesses: caller 10093 does not hold REAL_GET_TASKS; limiting output
01-06 00:51:30.778 I/dnsmasq (  639): DHCPDISCOVER(p2p-p2p0-5) 12:68:3f:70:52:71 
01-06 00:51:30.778 I/dnsmasq (  639): DHCPOFFER(p2p-p2p0-5) 192.168.49.73 12:68:3f:70:52:71 
01-06 00:51:30.784 I/dnsmasq (  639): DHCPREQUEST(p2p-p2p0-5) 192.168.49.73 12:68:3f:70:52:71 
01-06 00:51:30.784 I/dnsmasq (  639): DHCPACK(p2p-p2p0-5) 192.168.49.73 12:68:3f:70:52:71 android-116e786c10c4d60c
01-06 00:51:31.440 I/WifiDisplayActivity(26583): VALID   192.168.49.73:7236
01-06 00:51:31.443 I/ActivityManager(  418): START u0 {cmp=com.example.android.wifidisplay/.SinkPlayerActivity (has extras)} from uid 10094 on display 0
01-06 00:51:31.452 V/WindowManager(  418): addAppToken: AppWindowToken{2576c1cf token=Token{8d2222e ActivityRecord{13fd5ca9 u0 com.example.android.wifidisplay/.SinkPlayerActivity t205}}} to stack=1 task=205 at 1
01-06 00:51:31.473 D/DeviceListFragment(26583): Peer status :0
01-06 00:51:31.487 D/SinkPlayerActivity(26583): Source connection information: 
01-06 00:51:31.487 D/SinkPlayerActivity(26583): control port: 7236
01-06 00:51:31.493 V/WindowManager(  418): Adding window Window{25261a65 u0 com.example.android.wifidisplay/com.example.android.wifidisplay.SinkPlayerActivity} at 4 of 9 (after Window{1c8aa1ae u0 com.example.android.wifidisplay/com.example.android.wifidisplay.WiFiDisplayActivity})
01-06 00:51:31.512 D/mali_winsys(26583): new_window_surface returns 0x3000
01-06 00:51:31.517 V/WindowManager(  418): Adding window Window{3a47abeb u0 SurfaceView} at 4 of 10 (before Window{25261a65 u0 com.example.android.wifidisplay/com.example.android.wifidisplay.SinkPlayerActivity})
01-06 00:51:31.524 D/SinkPlayerActivity(26583): Surface changed: 
01-06 00:51:31.524 D/SinkPlayerActivity(26583): width  2304
01-06 00:51:31.524 D/SinkPlayerActivity(26583): height 1440
01-06 00:51:31.524 D/SinkPlayerActivity(26583): format 2
01-06 00:51:31.546 I/ActivityManager(  418): Displayed com.example.android.wifidisplay/.SinkPlayerActivity: +84ms
01-06 00:51:31.601 W/ActivityManager(  418): getTasks: caller 10080 does not hold REAL_GET_TASKS; limiting output
01-06 00:51:31.620 W/ActivityManager(  418): getRunningAppProcesses: caller 10080 does not hold REAL_GET_TASKS; limiting output
01-06 00:51:32.488 I/SinkPlayerActivity(26583): Starting Sink Player with 192.168.49.73:7236
01-06 00:51:32.499 I/NetworkSession(26583): connecting socket 41 to 192.168.49.73:7236
01-06 00:51:32.511 I/WifiDisplaySink(26583): ==============kWhatConnected===============
01-06 00:51:32.511 I/WifiDisplaySink(26583): We're now connected.
01-06 00:51:32.517 D/NetworkSession(26583): 000   receive 142 142:
01-06 00:51:32.517 D/NetworkSession(26583): OPTIONS * RTSP/1.0
01-06 00:51:32.517 D/NetworkSession(26583): Date: Wed, 06 Jan 2016 23:51:21 +0000
01-06 00:51:32.517 D/NetworkSession(26583): Server: stagefright/1.2 (Linux;Android 5.1.1)
01-06 00:51:32.517 D/NetworkSession(26583): CSeq: 1
01-06 00:51:32.517 D/NetworkSession(26583): Require: org.wfa.wfd1.0
01-06 00:51:32.517 D/NetworkSession(26583): 
01-06 00:51:32.517 D/NetworkSession(26583): 
01-06 00:51:32.518 I/WifiDisplaySink(26583): ==============kWhatData===============
01-06 00:51:32.518 W/WifiDisplaySink(26583): session 1 received 'OPTIONS * RTSP/1.0
01-06 00:51:32.518 W/WifiDisplaySink(26583): cseq: 1
01-06 00:51:32.518 W/WifiDisplaySink(26583): date: Wed, 06 Jan 2016 23:51:21 +0000
01-06 00:51:32.518 W/WifiDisplaySink(26583): require: org.wfa.wfd1.0
01-06 00:51:32.518 W/WifiDisplaySink(26583): server: stagefright/1.2 (Linux;Android 5.1.1)
01-06 00:51:32.518 W/WifiDisplaySink(26583): 
01-06 00:51:32.518 W/WifiDisplaySink(26583): '
01-06 00:51:32.518 D/WifiDisplaySink(26583): call sendM2
01-06 00:51:32.519 D/NetworkSession(26583): 111  send 314 314:
01-06 00:51:32.519 D/NetworkSession(26583): RTSP/1.0 200 OK
01-06 00:51:32.519 D/NetworkSession(26583): Date: Wed, 06 Jan 2016 08:51:32 +0000
01-06 00:51:32.519 D/NetworkSession(26583): User-Agent: stagefright/1.1 (Linux;Android 4.1)
01-06 00:51:32.519 D/NetworkSession(26583): CSeq: 1
01-06 00:51:32.519 D/NetworkSession(26583): Public: org.wfa.wfd1.0, GET_PARAMETER, SET_PARAMETER
01-06 00:51:32.519 D/NetworkSession(26583): 
01-06 00:51:32.519 D/NetworkSession(26583): OPTIONS * RTSP/1.0
01-06 00:51:32.519 D/NetworkSession(26583): Date: Wed, 06 Jan 2016 08:51:32 +0000
01-06 00:51:32.519 D/NetworkSession(26583): User-Agent: stagefright/1.1 (Linux;Android 4.1)
01-06 00:51:32.519 D/NetworkSession(26583): CSeq: 1
01-06 00:51:32.519 D/NetworkSession(26583): Require: org.wfa.wfd1.0
01-06 00:51:32.519 D/NetworkSession(26583): 
01-06 00:51:32.519 D/NetworkSession(26583): 
01-06 00:51:32.525 D/NetworkSession(26583): 000   receive 198 198:
01-06 00:51:32.525 D/NetworkSession(26583): RTSP/1.0 200 OK
01-06 00:51:32.525 D/NetworkSession(26583): Date: Wed, 06 Jan 2016 23:51:21 +0000
01-06 00:51:32.525 D/NetworkSession(26583): Server: stagefright/1.2 (Linux;Android 5.1.1)
01-06 00:51:32.525 D/NetworkSession(26583): CSeq: 1
01-06 00:51:32.525 D/NetworkSession(26583): Public: org.wfa.wfd1.0, SETUP, TEARDOWN, PLAY, PAUSE, GET_PARAMETER, SET_PARAMETER
01-06 00:51:32.525 D/NetworkSession(26583): 
01-06 00:51:32.525 D/NetworkSession(26583): 
01-06 00:51:32.525 I/WifiDisplaySink(26583): ==============kWhatData===============
01-06 00:51:32.525 W/WifiDisplaySink(26583): session 1 received 'RTSP/1.0 200 OK
01-06 00:51:32.525 W/WifiDisplaySink(26583): cseq: 1
01-06 00:51:32.525 W/WifiDisplaySink(26583): date: Wed, 06 Jan 2016 23:51:21 +0000
01-06 00:51:32.525 W/WifiDisplaySink(26583): public: org.wfa.wfd1.0, SETUP, TEARDOWN, PLAY, PAUSE, GET_PARAMETER, SET_PARAMETER
01-06 00:51:32.525 W/WifiDisplaySink(26583): server: stagefright/1.2 (Linux;Android 5.1.1)
01-06 00:51:32.525 W/WifiDisplaySink(26583): 
01-06 00:51:32.525 W/WifiDisplaySink(26583): '
01-06 00:51:32.525 D/WifiDisplaySink(26583): onReceiveM2Response
01-06 00:51:32.526 W/WifiDisplaySink(26583): the session id is 1, resule: 0
01-06 00:51:32.670 D/NetworkSession(26583): 000   receive 279 279:
01-06 00:51:32.670 D/NetworkSession(26583): GET_PARAMETER rtsp://localhost/wfd1.0 RTSP/1.0
01-06 00:51:32.670 D/NetworkSession(26583): Date: Wed, 06 Jan 2016 23:51:21 +0000
01-06 00:51:32.670 D/NetworkSession(26583): Server: stagefright/1.2 (Linux;Android 5.1.1)
01-06 00:51:32.670 D/NetworkSession(26583): CSeq: 2
01-06 00:51:32.670 D/NetworkSession(26583): Content-Type: text/parameters
01-06 00:51:32.670 D/NetworkSession(26583): Content-Length: 83
01-06 00:51:32.670 D/NetworkSession(26583): 
01-06 00:51:32.670 D/NetworkSession(26583): wfd_content_protection
01-06 00:51:32.670 D/NetworkSession(26583): wfd_video_formats
01-06 00:51:32.670 D/NetworkSession(26583): wfd_audio_codecs
01-06 00:51:32.670 D/NetworkSession(26583): wfd_client_rtp_ports
01-06 00:51:32.670 D/NetworkSession(26583): 
01-06 00:51:32.671 I/WifiDisplaySink(26583): ==============kWhatData===============
01-06 00:51:32.671 W/WifiDisplaySink(26583): session 1 received 'GET_PARAMETER rtsp://localhost/wfd1.0 RTSP/1.0
01-06 00:51:32.671 W/WifiDisplaySink(26583): content-length: 83
01-06 00:51:32.671 W/WifiDisplaySink(26583): content-type: text/parameters
01-06 00:51:32.671 W/WifiDisplaySink(26583): cseq: 2
01-06 00:51:32.671 W/WifiDisplaySink(26583): date: Wed, 06 Jan 2016 23:51:21 +0000
01-06 00:51:32.671 W/WifiDisplaySink(26583): server: stagefright/1.2 (Linux;Android 5.1.1)
01-06 00:51:32.671 W/WifiDisplaySink(26583): 
01-06 00:51:32.671 W/WifiDisplaySink(26583): wfd_content_protection
01-06 00:51:32.671 W/WifiDisplaySink(26583): wfd_video_formats
01-06 00:51:32.671 W/WifiDisplaySink(26583): wfd_audio_codecs
01-06 00:51:32.671 W/WifiDisplaySink(26583): wfd_client_rtp_ports
01-06 00:51:32.671 W/WifiDisplaySink(26583): '
01-06 00:51:32.673 D/NetworkSession(26583): 111  send 495 495:
01-06 00:51:32.673 D/NetworkSession(26583): RTSP/1.0 200 OK
01-06 00:51:32.673 D/NetworkSession(26583): Date: Wed, 06 Jan 2016 08:51:32 +0000
01-06 00:51:32.673 D/NetworkSession(26583): User-Agent: stagefright/1.1 (Linux;Android 4.1)
01-06 00:51:32.673 D/NetworkSession(26583): CSeq: 2
01-06 00:51:32.673 D/NetworkSession(26583): Content-Type: text/parameters
01-06 00:51:32.673 D/NetworkSession(26583): Content-Length: 327
01-06 00:51:32.673 D/NetworkSession(26583): 
01-06 00:51:32.673 D/NetworkSession(26583): wfd_video_formats: 78 00 02 02 000194ab 00000000 00000000 00 0000 0000 00 none none
01-06 00:51:32.673 D/NetworkSession(26583): wfd_audio_codecs: LPCM 00000003 00
01-06 00:51:32.673 D/NetworkSession(26583): wfd_content_protection: none
01-06 00:51:32.673 D/NetworkSession(26583): wfd_coupled_sink: 00 none
01-06 00:51:32.673 D/NetworkSession(26583): wfd_uibc_capability: none
01-06 00:51:32.673 D/NetworkSession(26583): wfd_standby_resume_capability: none
01-06 00:51:32.673 D/NetworkSession(26583): wfd_lg_dlna_uuid: none
01-06 00:51:32.673 D/NetworkSession(26583): wfd_client_rtp_ports: RTP/AVP/UDP;unicast 15550 0 mode=play
01-06 00:51:32.673 D/NetworkSession(26583): 
01-06 00:51:32.685 D/NetworkSession(26583): 000   receive 446 446:
01-06 00:51:32.685 D/NetworkSession(26583): SET_PARAMETER rtsp://localhost/wfd1.0 RTSP/1.0
01-06 00:51:32.685 D/NetworkSession(26583): Date: Wed, 06 Jan 2016 23:51:21 +0000
01-06 00:51:32.685 D/NetworkSession(26583): Server: stagefright/1.2 (Linux;Android 5.1.1)
01-06 00:51:32.685 D/NetworkSession(26583): CSeq: 3
01-06 00:51:32.685 D/NetworkSession(26583): Content-Type: text/parameters
01-06 00:51:32.685 D/NetworkSession(26583): Content-Length: 249
01-06 00:51:32.685 D/NetworkSession(26583): 
01-06 00:51:32.685 D/NetworkSession(26583): wfd_video_formats: 00 00 02 02 00000020 00000000 00000000 00 0000 0000 00 none none
01-06 00:51:32.685 D/NetworkSession(26583): wfd_audio_codecs: LPCM 00000002 00
01-06 00:51:32.685 D/NetworkSession(26583): wfd_presentation_URL: rtsp://192.168.49.73/wfd1.0/streamid=0 none
01-06 00:51:32.685 D/NetworkSession(26583): wfd_client_rtp_ports: RTP/AVP/UDP;unicast 15550 0 mode=play
01-06 00:51:32.685 D/NetworkSession(26583): 
01-06 00:51:32.687 I/WifiDisplaySink(26583): ==============kWhatData===============
01-06 00:51:32.687 W/WifiDisplaySink(26583): session 1 received 'SET_PARAMETER rtsp://localhost/wfd1.0 RTSP/1.0
01-06 00:51:32.687 W/WifiDisplaySink(26583): content-length: 249
01-06 00:51:32.687 W/WifiDisplaySink(26583): content-type: text/parameters
01-06 00:51:32.687 W/WifiDisplaySink(26583): cseq: 3
01-06 00:51:32.687 W/WifiDisplaySink(26583): date: Wed, 06 Jan 2016 23:51:21 +0000
01-06 00:51:32.687 W/WifiDisplaySink(26583): server: stagefright/1.2 (Linux;Android 5.1.1)
01-06 00:51:32.687 W/WifiDisplaySink(26583): 
01-06 00:51:32.687 W/WifiDisplaySink(26583): wfd_video_formats: 00 00 02 02 00000020 00000000 00000000 00 0000 0000 00 none none
01-06 00:51:32.687 W/WifiDisplaySink(26583): wfd_audio_codecs: LPCM 00000002 00
01-06 00:51:32.687 W/WifiDisplaySink(26583): wfd_presentation_URL: rtsp://192.168.49.73/wfd1.0/streamid=0 none
01-06 00:51:32.687 W/WifiDisplaySink(26583): wfd_client_rtp_ports: RTP/AVP/UDP;unicast 15550 0 mode=play
01-06 00:51:32.687 W/WifiDisplaySink(26583): '
01-06 00:51:32.687 D/WifiDisplaySink(26583): onSetParameterRequest
01-06 00:51:32.689 D/NetworkSession(26583): 111  send 116 116:
01-06 00:51:32.689 D/NetworkSession(26583): RTSP/1.0 200 OK
01-06 00:51:32.689 D/NetworkSession(26583): Date: Wed, 06 Jan 2016 08:51:32 +0000
01-06 00:51:32.689 D/NetworkSession(26583): User-Agent: stagefright/1.1 (Linux;Android 4.1)
01-06 00:51:32.689 D/NetworkSession(26583): CSeq: 3
01-06 00:51:32.689 D/NetworkSession(26583): 
01-06 00:51:32.689 D/NetworkSession(26583): 
01-06 00:51:32.697 D/NetworkSession(26583): 000   receive 223 223:
01-06 00:51:32.697 D/NetworkSession(26583): SET_PARAMETER rtsp://localhost/wfd1.0 RTSP/1.0
01-06 00:51:32.697 D/NetworkSession(26583): Date: Wed, 06 Jan 2016 23:51:21 +0000
01-06 00:51:32.697 D/NetworkSession(26583): Server: stagefright/1.2 (Linux;Android 5.1.1)
01-06 00:51:32.697 D/NetworkSession(26583): CSeq: 4
01-06 00:51:32.697 D/NetworkSession(26583): Content-Type: text/parameters
01-06 00:51:32.697 D/NetworkSession(26583): Content-Length: 27
01-06 00:51:32.697 D/NetworkSession(26583): 
01-06 00:51:32.697 D/NetworkSession(26583): wfd_trigger_method: SETUP
01-06 00:51:32.697 D/NetworkSession(26583): 
01-06 00:51:32.698 I/WifiDisplaySink(26583): ==============kWhatData===============
01-06 00:51:32.698 W/WifiDisplaySink(26583): session 1 received 'SET_PARAMETER rtsp://localhost/wfd1.0 RTSP/1.0
01-06 00:51:32.698 W/WifiDisplaySink(26583): content-length: 27
01-06 00:51:32.698 W/WifiDisplaySink(26583): content-type: text/parameters
01-06 00:51:32.698 W/WifiDisplaySink(26583): cseq: 4
01-06 00:51:32.698 W/WifiDisplaySink(26583): date: Wed, 06 Jan 2016 23:51:21 +0000
01-06 00:51:32.698 W/WifiDisplaySink(26583): server: stagefright/1.2 (Linux;Android 5.1.1)
01-06 00:51:32.698 W/WifiDisplaySink(26583): 
01-06 00:51:32.698 W/WifiDisplaySink(26583): wfd_trigger_method: SETUP
01-06 00:51:32.698 W/WifiDisplaySink(26583): '
01-06 00:51:32.698 D/WifiDisplaySink(26583): onSetParameterRequest
01-06 00:51:32.699 D/WifiDisplaySink(26583): sendSetup
01-06 00:51:32.699 I/NetworkSession(26583): ================kModeCreateUDPSession=====bind local port=========
01-06 00:51:32.699 I/NetworkSession(26583): ================kModeCreateUDPSession================
01-06 00:51:32.700 I/NetworkSession(26583): ================kModeCreateUDPSession=====bind local port=========
01-06 00:51:32.700 I/NetworkSession(26583): ================kModeCreateUDPSession================
01-06 00:51:32.701 D/NetworkSession(26583): 111  send 191 191:
01-06 00:51:32.701 D/NetworkSession(26583): SETUP rtsp:///wfd1.0/streamid=0 RTSP/1.0
01-06 00:51:32.701 D/NetworkSession(26583): Date: Wed, 06 Jan 2016 08:51:32 +0000
01-06 00:51:32.701 D/NetworkSession(26583): User-Agent: stagefright/1.1 (Linux;Android 4.1)
01-06 00:51:32.701 D/NetworkSession(26583): CSeq: 2
01-06 00:51:32.701 D/NetworkSession(26583): Transport: RTP/AVP/UDP;unicast;client_port=15550
01-06 00:51:32.701 D/NetworkSession(26583): 
01-06 00:51:32.701 D/NetworkSession(26583): 
01-06 00:51:32.701 D/NetworkSession(26583): 111  send 116 116:
01-06 00:51:32.701 D/NetworkSession(26583): RTSP/1.0 200 OK
01-06 00:51:32.701 D/NetworkSession(26583): Date: Wed, 06 Jan 2016 08:51:32 +0000
01-06 00:51:32.701 D/NetworkSession(26583): User-Agent: stagefright/1.1 (Linux;Android 4.1)
01-06 00:51:32.701 D/NetworkSession(26583): CSeq: 4
01-06 00:51:32.701 D/NetworkSession(26583): 
01-06 00:51:32.701 D/NetworkSession(26583): 
01-06 00:51:32.817 D/NetworkSession(26583): 000   receive 214 214:
01-06 00:51:32.817 D/NetworkSession(26583): RTSP/1.0 200 OK
01-06 00:51:32.817 D/NetworkSession(26583): Date: Wed, 06 Jan 2016 23:51:22 +0000
01-06 00:51:32.817 D/NetworkSession(26583): Server: stagefright/1.2 (Linux;Android 5.1.1)
01-06 00:51:32.817 D/NetworkSession(26583): CSeq: 2
01-06 00:51:32.817 D/NetworkSession(26583): Session: 2073908260;timeout=30
01-06 00:51:32.817 D/NetworkSession(26583): Transport: RTP/AVP/UDP;unicast;client_port=15550;server_port=23296
01-06 00:51:32.817 D/NetworkSession(26583): 
01-06 00:51:32.817 D/NetworkSession(26583): 
01-06 00:51:32.818 I/WifiDisplaySink(26583): ==============kWhatData===============
01-06 00:51:32.820 W/WifiDisplaySink(26583): session 1 received 'RTSP/1.0 200 OK
01-06 00:51:32.820 W/WifiDisplaySink(26583): cseq: 2
01-06 00:51:32.820 W/WifiDisplaySink(26583): date: Wed, 06 Jan 2016 23:51:22 +0000
01-06 00:51:32.820 W/WifiDisplaySink(26583): server: stagefright/1.2 (Linux;Android 5.1.1)
01-06 00:51:32.820 W/WifiDisplaySink(26583): session: 2073908260;timeout=30
01-06 00:51:32.820 W/WifiDisplaySink(26583): transport: RTP/AVP/UDP;unicast;client_port=15550;server_port=23296
01-06 00:51:32.820 W/WifiDisplaySink(26583): 
01-06 00:51:32.820 W/WifiDisplaySink(26583): '
01-06 00:51:32.820 D/WifiDisplaySink(26583): onReceiveSetupResponse
01-06 00:51:32.820 E/WifiDisplaySink(26583): ===========onReceiveSetupResponse============
01-06 00:51:32.820 D/WifiDisplaySink(26583): configureTransport
01-06 00:51:32.820 D/WifiDisplaySink(26583): sendPlay
01-06 00:51:32.821 D/NetworkSession(26583): 111  send 161 161:
01-06 00:51:32.821 D/NetworkSession(26583): PLAY rtsp:///wfd1.0/streamid=0 RTSP/1.0
01-06 00:51:32.821 D/NetworkSession(26583): Date: Wed, 06 Jan 2016 08:51:32 +0000
01-06 00:51:32.821 D/NetworkSession(26583): User-Agent: stagefright/1.1 (Linux;Android 4.1)
01-06 00:51:32.821 D/NetworkSession(26583): CSeq: 3
01-06 00:51:32.821 D/NetworkSession(26583): Session: 2073908260
01-06 00:51:32.821 D/NetworkSession(26583): 
01-06 00:51:32.821 D/NetworkSession(26583): 
01-06 00:51:32.822 W/WifiDisplaySink(26583): the session id is 1, resule: 0
01-06 00:51:32.827 D/NetworkSession(26583): 000   receive 163 163:
01-06 00:51:32.827 D/NetworkSession(26583): RTSP/1.0 200 OK
01-06 00:51:32.827 D/NetworkSession(26583): Date: Wed, 06 Jan 2016 23:51:22 +0000
01-06 00:51:32.827 D/NetworkSession(26583): Server: stagefright/1.2 (Linux;Android 5.1.1)
01-06 00:51:32.827 D/NetworkSession(26583): CSeq: 3
01-06 00:51:32.827 D/NetworkSession(26583): Session: 2073908260;timeout=30
01-06 00:51:32.827 D/NetworkSession(26583): Range: npt=now-
01-06 00:51:32.827 D/NetworkSession(26583): 
01-06 00:51:32.827 D/NetworkSession(26583): 
01-06 00:51:32.828 I/WifiDisplaySink(26583): ==============kWhatData===============
01-06 00:51:32.828 W/WifiDisplaySink(26583): session 1 received 'RTSP/1.0 200 OK
01-06 00:51:32.828 W/WifiDisplaySink(26583): cseq: 3
01-06 00:51:32.828 W/WifiDisplaySink(26583): date: Wed, 06 Jan 2016 23:51:22 +0000
01-06 00:51:32.828 W/WifiDisplaySink(26583): range: npt=now-
01-06 00:51:32.828 W/WifiDisplaySink(26583): server: stagefright/1.2 (Linux;Android 5.1.1)
01-06 00:51:32.828 W/WifiDisplaySink(26583): session: 2073908260;timeout=30
01-06 00:51:32.828 W/WifiDisplaySink(26583): 
01-06 00:51:32.828 W/WifiDisplaySink(26583): '
01-06 00:51:32.829 W/WifiDisplaySink(26583): the session id is 1, resule: 0
01-06 00:51:32.916 I/RTPSink (26583): connecting RTP/RTCP sockets to 192.168.49.73:{23296,23297}
01-06 00:51:32.918 I/RTPSink (26583): =====OK=====connecting RTP sockets to 192.168.49.73:23296
01-06 00:51:32.919 I/RTPSink (26583): =====OK=====connecting RTCP sockets to 192.168.49.73:23297
01-06 00:51:32.921 D/NuPlayerDriver(  130): start(0xb8437450)
01-06 00:51:32.922 W/NuPlayer(  130): Unknown video size, reporting 0x0!
01-06 00:51:32.922 I/TunnelRenderer(26583): Notify 5, 0, 0
01-06 00:51:32.922 I/TunnelRenderer(26583): Notify 200, 801, 0
01-06 00:51:32.923 I/TunnelRenderer(26583): Fixing real-time now.
01-06 00:51:32.928 I/RTPSink (26583): packet was nan ms late
01-06 00:51:32.940 I/RTPSink (26583): packet was 23.76 ms late
01-06 00:51:32.948 I/RTPSink (26583): packet was 50.68 ms late
01-06 00:51:33.040 I/RTPSink (26583): packet was 294.54 ms late
01-06 00:51:33.040 I/RTPSink (26583): packet was 1109.50 ms late
01-06 00:51:33.128 I/avc_utils(  130): found AVC codec config (1280 x 720, Baseline-profile level 3.1)
01-06 00:51:33.178 W/ActivityManager(  418): getTasks: caller 10080 does not hold REAL_GET_TASKS; limiting output
01-06 00:51:33.193 W/ActivityManager(  418): getRunningAppProcesses: caller 10080 does not hold REAL_GET_TASKS; limiting output
01-06 00:51:33.237 E/OMXNodeInstance(  130): getConfig(34:Exynos.AVC.Decoder, ConfigCommonOutputCrop(0x700000f)) ERROR: NotReady(0x80001010)
01-06 00:51:33.249 D/libexynosv4l2(  130): try node: /dev/video6, minor: 6
01-06 00:51:33.250 I/libexynosv4l2(  130): node found for device s5p-mfc-dec: /dev/video6
01-06 00:51:33.255 I/libexynosv4l2(  130): open video device /dev/video6
01-06 00:51:33.302 I/TunnelRenderer(26583): Notify 5, 1280, 720
01-06 00:51:33.307 I/TunnelRenderer(26583): Notify 200, 3, 0
01-06 00:51:33.307 I/TunnelRenderer(26583): Notify 6, 0, 0
01-06 00:51:33.658 W/ActivityManager(  418): getRunningAppProcesses: caller 10093 does not hold REAL_GET_TASKS; limiting output
01-06 00:51:34.742 W/ActivityManager(  418): getTasks: caller 10080 does not hold REAL_GET_TASKS; limiting output
01-06 00:51:34.755 W/ActivityManager(  418): getRunningAppProcesses: caller 10080 does not hold REAL_GET_TASKS; limiting output
01-06 00:51:34.969 E/NetworkSession(26583): readMore on socket 44 failed w/ error -111 (Connection refused)
01-06 00:51:34.976 E/RTPSink (26583): An error occurred in session 3 (-111, 'Recvfrom failed./Connection refused').
01-06 00:51:36.323 W/ActivityManager(  418): getTasks: caller 10080 does not hold REAL_GET_TASKS; limiting output
01-06 00:51:36.334 W/ActivityManager(  418): getRunningAppProcesses: caller 10080 does not hold REAL_GET_TASKS; limiting output
01-06 00:51:36.727 W/ActivityManager(  418): getRunningAppProcesses: caller 10093 does not hold REAL_GET_TASKS; limiting output
01-06 00:51:37.889 W/ActivityManager(  418): getTasks: caller 10080 does not hold REAL_GET_TASKS; limiting output
01-06 00:51:37.895 W/ActivityManager(  418): getRunningAppProcesses: caller 10080 does not hold REAL_GET_TASKS; limiting output
01-06 00:51:39.447 W/ActivityManager(  418): getTasks: caller 10080 does not hold REAL_GET_TASKS; limiting output
01-06 00:51:39.455 W/ActivityManager(  418): getRunningAppProcesses: caller 10080 does not hold REAL_GET_TASKS; limiting output
01-06 00:51:39.804 W/ActivityManager(  418): getRunningAppProcesses: caller 10093 does not hold REAL_GET_TASKS; limiting output
01-06 00:51:41.016 W/ActivityManager(  418): getTasks: caller 10080 does not hold REAL_GET_TASKS; limiting output
01-06 00:51:41.033 W/ActivityManager(  418): getRunningAppProcesses: caller 10080 does not hold REAL_GET_TASKS; limiting output
01-06 00:51:42.585 W/ActivityManager(  418): getTasks: caller 10080 does not hold REAL_GET_TASKS; limiting output
01-06 00:51:42.592 W/ActivityManager(  418): getRunningAppProcesses: caller 10080 does not hold REAL_GET_TASKS; limiting output
01-06 00:51:42.861 W/ActivityManager(  418): getRunningAppProcesses: caller 10093 does not hold REAL_GET_TASKS; limiting output
01-06 00:51:42.872 E/WifiStateMachine(  418): WifiStateMachine CMD_START_SCAN source -2 txSuccessRate=1.87 rxSuccessRate=5.68 targetRoamBSSID=d4:ee:07:22:5d:e2 RSSI=-63
01-06 00:51:42.872 E/WifiStateMachine(  418): WifiStateMachine L2Connected CMD_START_SCAN source -2 545, 546 ignore because P2P is connected
01-06 00:51:44.156 W/ActivityManager(  418): getTasks: caller 10080 does not hold REAL_GET_TASKS; limiting output
01-06 00:51:44.163 W/ActivityManager(  418): getRunningAppProcesses: caller 10080 does not hold REAL_GET_TASKS; limiting output
01-06 00:51:45.431 W/ActivityManager(  418): getRunningAppProcesses: caller 10082 does not hold REAL_GET_TASKS; limiting output
01-06 00:51:45.606 W/ActivityManager(  418): getRunningAppProcesses: caller 10082 does not hold REAL_GET_TASKS; limiting output
01-06 00:51:45.729 W/ActivityManager(  418): getTasks: caller 10080 does not hold REAL_GET_TASKS; limiting output
01-06 00:51:45.749 W/ActivityManager(  418): getRunningAppProcesses: caller 10080 does not hold REAL_GET_TASKS; limiting output
01-06 00:51:45.936 W/ActivityManager(  418): getRunningAppProcesses: caller 10093 does not hold REAL_GET_TASKS; limiting output
01-06 00:51:47.306 W/ActivityManager(  418): getTasks: caller 10080 does not hold REAL_GET_TASKS; limiting output
01-06 00:51:47.313 W/ActivityManager(  418): getRunningAppProcesses: caller 10080 does not hold REAL_GET_TASKS; limiting output
01-06 00:51:48.863 W/ActivityManager(  418): getTasks: caller 10080 does not hold REAL_GET_TASKS; limiting output
01-06 00:51:48.874 W/ActivityManager(  418): getRunningAppProcesses: caller 10080 does not hold REAL_GET_TASKS; limiting output
01-06 00:51:49.011 W/ActivityManager(  418): getRunningAppProcesses: caller 10093 does not hold REAL_GET_TASKS; limiting output
01-06 00:51:50.422 W/ActivityManager(  418): getTasks: caller 10080 does not hold REAL_GET_TASKS; limiting output
01-06 00:51:50.450 W/ActivityManager(  418): getRunningAppProcesses: caller 10080 does not hold REAL_GET_TASKS; limiting output
01-06 00:51:51.990 W/ActivityManager(  418): getTasks: caller 10080 does not hold REAL_GET_TASKS; limiting output
01-06 00:51:52.009 W/ActivityManager(  418): getRunningAppProcesses: caller 10080 does not hold REAL_GET_TASKS; limiting output
01-06 00:51:52.085 W/ActivityManager(  418): getRunningAppProcesses: caller 10093 does not hold REAL_GET_TASKS; limiting output
01-06 00:51:53.571 W/ActivityManager(  418): getTasks: caller 10080 does not hold REAL_GET_TASKS; limiting output
01-06 00:51:53.575 W/ActivityManager(  418): getRunningAppProcesses: caller 10080 does not hold REAL_GET_TASKS; limiting output
01-06 00:51:53.579 I/TunnelRenderer(26583): Failed to get the correct packet the first time.
01-06 00:51:53.580 I/TunnelRenderer(26583): Requesting retransmission of seqNo 8528
01-06 00:51:53.582 I/TunnelRenderer(26583): Still waiting for the correct packet to arrive.
01-06 00:51:53.583 I/TunnelRenderer(26583): Still waiting for the correct packet to arrive.
01-06 00:51:53.587 I/TunnelRenderer(26583): Still waiting for the correct packet to arrive.
01-06 00:51:53.588 I/TunnelRenderer(26583): Still waiting for the correct packet to arrive.
01-06 00:51:53.588 I/TunnelRenderer(26583): Still waiting for the correct packet to arrive.
01-06 00:51:53.589 I/TunnelRenderer(26583): Still waiting for the correct packet to arrive.
01-06 00:51:53.612 I/TunnelRenderer(26583): Still waiting for the correct packet to arrive.
01-06 00:51:53.612 I/TunnelRenderer(26583): Still waiting for the correct packet to arrive.
