01-06 00:52:20.659 I/TunnelRenderer(26583): Still waiting for the correct packet to arrive.
01-06 00:52:20.659 I/TunnelRenderer(26583): Still waiting for the correct packet to arrive.
01-06 00:52:20.659 I/TunnelRenderer(26583): Still waiting for the correct packet to arrive.
01-06 00:52:20.659 I/TunnelRenderer(26583): Still waiting for the correct packet to arrive.
01-06 00:52:20.659 I/TunnelRenderer(26583): Still waiting for the correct packet to arrive.
01-06 00:52:20.659 I/TunnelRenderer(26583): Still waiting for the correct packet to arrive.
01-06 00:52:20.659 I/TunnelRenderer(26583): Still waiting for the correct packet to arrive.
01-06 00:52:20.659 I/TunnelRenderer(26583): Still waiting for the correct packet to arrive.
01-06 00:52:20.659 I/TunnelRenderer(26583): Still waiting for the correct packet to arrive.
01-06 00:52:20.659 I/TunnelRenderer(26583): Still waiting for the correct packet to arrive.
01-06 00:52:20.659 I/TunnelRenderer(26583): Still waiting for the correct packet to arrive.
01-06 00:52:20.659 I/TunnelRenderer(26583): Still waiting for the correct packet to arrive.
01-06 00:52:20.659 I/TunnelRenderer(26583): Still waiting for the correct packet to arrive.
01-06 00:52:20.659 I/TunnelRenderer(26583): Still waiting for the correct packet to arrive.
01-06 00:52:20.659 I/TunnelRenderer(26583): Still waiting for the correct packet to arrive.
01-06 00:52:20.659 I/TunnelRenderer(26583): Still waiting for the correct packet to arrive.
01-06 00:52:20.659 I/TunnelRenderer(26583): Still waiting for the correct packet to arrive.
01-06 00:52:20.659 I/TunnelRenderer(26583): Still waiting for the correct packet to arrive.
01-06 00:52:20.660 I/TunnelRenderer(26583): Still waiting for the correct packet to arrive.
01-06 00:52:20.660 I/TunnelRenderer(26583): Still waiting for the correct packet to arrive.
01-06 00:52:20.660 I/TunnelRenderer(26583): Still waiting for the correct packet to arrive.
01-06 00:52:20.660 I/TunnelRenderer(26583): Still waiting for the correct packet to arrive.
01-06 00:52:20.660 I/TunnelRenderer(26583): Still waiting for the correct packet to arrive.
01-06 00:52:20.660 I/TunnelRenderer(26583): Still waiting for the correct packet to arrive.
01-06 00:52:20.660 I/TunnelRenderer(26583): Still waiting for the correct packet to arrive.
01-06 00:52:20.660 I/TunnelRenderer(26583): Still waiting for the correct packet to arrive.
01-06 00:52:20.660 I/TunnelRenderer(26583): Still waiting for the correct packet to arrive.
01-06 00:52:20.660 I/TunnelRenderer(26583): Still waiting for the correct packet to arrive.
01-06 00:52:20.660 I/TunnelRenderer(26583): Still waiting for the correct packet to arrive.
01-06 00:52:20.660 I/TunnelRenderer(26583): Still waiting for the correct packet to arrive.
01-06 00:52:20.661 I/TunnelRenderer(26583): Still waiting for the correct packet to arrive.
01-06 00:52:20.661 I/TunnelRenderer(26583): Still waiting for the correct packet to arrive.
01-06 00:52:20.661 I/TunnelRenderer(26583): Still waiting for the correct packet to arrive.
01-06 00:52:20.661 I/TunnelRenderer(26583): Still waiting for the correct packet to arrive.
01-06 00:52:20.661 I/TunnelRenderer(26583): Still waiting for the correct packet to arrive.
01-06 00:52:20.661 I/TunnelRenderer(26583): Still waiting for the correct packet to arrive.
01-06 00:52:20.661 I/TunnelRenderer(26583): Still waiting for the correct packet to arrive.
01-06 00:52:20.661 I/TunnelRenderer(26583): Still waiting for the correct packet to arrive.
01-06 00:52:20.661 I/TunnelRenderer(26583): Still waiting for the correct packet to arrive.
01-06 00:52:20.661 I/TunnelRenderer(26583): Still waiting for the correct packet to arrive.
01-06 00:52:20.667 I/TunnelRenderer(26583): Still waiting for the correct packet to arrive.
01-06 00:52:20.669 I/TunnelRenderer(26583): Still waiting for the correct packet to arrive.
01-06 00:52:20.669 I/TunnelRenderer(26583): Still waiting for the correct packet to arrive.
01-06 00:52:20.669 I/TunnelRenderer(26583): Still waiting for the correct packet to arrive.
01-06 00:52:20.669 I/TunnelRenderer(26583): Still waiting for the correct packet to arrive.
01-06 00:52:20.670 I/TunnelRenderer(26583): Still waiting for the correct packet to arrive.
01-06 00:52:20.670 I/TunnelRenderer(26583): Still waiting for the correct packet to arrive.
01-06 00:52:20.767 I/TunnelRenderer(26583): Dropping packet. extSeqNo 22516 didn't arrive in time
01-06 00:52:20.770 I/ATSParser(  130): discontinuity on stream pid 0x1011
01-06 00:52:20.794 I/TunnelRenderer(26583): Failed to get the correct packet the first time.
01-06 00:52:20.795 I/TunnelRenderer(26583): Requesting retransmission of seqNo 22553
01-06 00:52:20.796 I/TunnelRenderer(26583): Still waiting for the correct packet to arrive.
01-06 00:52:20.796 I/TunnelRenderer(26583): Still waiting for the correct packet to arrive.
01-06 00:52:20.801 I/TunnelRenderer(26583): Still waiting for the correct packet to arrive.
01-06 00:52:20.802 I/TunnelRenderer(26583): Still waiting for the correct packet to arrive.
01-06 00:52:20.802 I/TunnelRenderer(26583): Still waiting for the correct packet to arrive.
01-06 00:52:20.803 I/TunnelRenderer(26583): Still waiting for the correct packet to arrive.
01-06 00:52:20.881 I/TunnelRenderer(26583): Dropping packet. extSeqNo 22553 didn't arrive in time
01-06 00:52:20.885 I/ATSParser(  130): discontinuity on stream pid 0x1100
01-06 00:52:20.895 I/ATSParser(  130): discontinuity on stream pid 0x1011
01-06 00:52:21.731 W/ActivityManager(  418): getTasks: caller 10080 does not hold REAL_GET_TASKS; limiting output
01-06 00:52:21.739 W/ActivityManager(  418): getRunningAppProcesses: caller 10080 does not hold REAL_GET_TASKS; limiting output
01-06 00:52:22.778 W/ActivityManager(  418): getRunningAppProcesses: caller 10093 does not hold REAL_GET_TASKS; limiting output
01-06 00:52:22.874 E/WifiStateMachine(  418): WifiStateMachine CMD_START_SCAN source -2 txSuccessRate=1.75 rxSuccessRate=0.88 targetRoamBSSID=d4:ee:07:22:5d:e2 RSSI=-55
01-06 00:52:22.874 E/WifiStateMachine(  418): WifiStateMachine L2Connected CMD_START_SCAN source -2 547, 548 ignore because P2P is connected
01-06 00:52:23.215 I/TunnelRenderer(26583): Failed to get the correct packet the first time.
01-06 00:52:23.218 I/TunnelRenderer(26583): Requesting retransmission of seqNo 23497
01-06 00:52:23.220 I/TunnelRenderer(26583): Still waiting for the correct packet to arrive.
01-06 00:52:23.221 I/TunnelRenderer(26583): Still waiting for the correct packet to arrive.
01-06 00:52:23.221 I/TunnelRenderer(26583): Still waiting for the correct packet to arrive.
01-06 00:52:23.221 I/TunnelRenderer(26583): Still waiting for the correct packet to arrive.
01-06 00:52:23.221 I/TunnelRenderer(26583): Still waiting for the correct packet to arrive.
01-06 00:52:23.222 I/TunnelRenderer(26583): Still waiting for the correct packet to arrive.
01-06 00:52:23.222 I/TunnelRenderer(26583): Still waiting for the correct packet to arrive.
01-06 00:52:23.224 I/TunnelRenderer(26583): Still waiting for the correct packet to arrive.
01-06 00:52:23.224 I/TunnelRenderer(26583): Still waiting for the correct packet to arrive.
01-06 00:52:23.225 I/TunnelRenderer(26583): Still waiting for the correct packet to arrive.
01-06 00:52:23.225 I/TunnelRenderer(26583): Still waiting for the correct packet to arrive.
01-06 00:52:23.229 I/TunnelRenderer(26583): Still waiting for the correct packet to arrive.
01-06 00:52:23.229 I/TunnelRenderer(26583): Still waiting for the correct packet to arrive.
01-06 00:52:23.229 I/TunnelRenderer(26583): Still waiting for the correct packet to arrive.
01-06 00:52:23.229 I/TunnelRenderer(26583): Still waiting for the correct packet to arrive.
01-06 00:52:23.229 I/TunnelRenderer(26583): Still waiting for the correct packet to arrive.
01-06 00:52:23.229 I/TunnelRenderer(26583): Still waiting for the correct packet to arrive.
01-06 00:52:23.229 I/TunnelRenderer(26583): Still waiting for the correct packet to arrive.
01-06 00:52:23.229 I/TunnelRenderer(26583): Still waiting for the correct packet to arrive.
01-06 00:52:23.229 I/TunnelRenderer(26583): Still waiting for the correct packet to arrive.
01-06 00:52:23.229 I/TunnelRenderer(26583): Still waiting for the correct packet to arrive.
01-06 00:52:23.229 I/TunnelRenderer(26583): Still waiting for the correct packet to arrive.
01-06 00:52:23.229 I/TunnelRenderer(26583): Still waiting for the correct packet to arrive.
01-06 00:52:23.230 I/TunnelRenderer(26583): Still waiting for the correct packet to arrive.
01-06 00:52:23.230 I/TunnelRenderer(26583): Still waiting for the correct packet to arrive.
01-06 00:52:23.230 I/TunnelRenderer(26583): Still waiting for the correct packet to arrive.
01-06 00:52:23.232 I/TunnelRenderer(26583): Still waiting for the correct packet to arrive.
01-06 00:52:23.232 I/TunnelRenderer(26583): Still waiting for the correct packet to arrive.
01-06 00:52:23.232 I/TunnelRenderer(26583): Still waiting for the correct packet to arrive.
01-06 00:52:23.232 I/TunnelRenderer(26583): Still waiting for the correct packet to arrive.
01-06 00:52:23.232 I/TunnelRenderer(26583): Still waiting for the correct packet to arrive.
01-06 00:52:23.232 I/TunnelRenderer(26583): Still waiting for the correct packet to arrive.
01-06 00:52:23.232 I/TunnelRenderer(26583): Still waiting for the correct packet to arrive.
01-06 00:52:23.233 I/TunnelRenderer(26583): Still waiting for the correct packet to arrive.
01-06 00:52:23.233 I/TunnelRenderer(26583): Still waiting for the correct packet to arrive.
01-06 00:52:23.233 I/TunnelRenderer(26583): Still waiting for the correct packet to arrive.
01-06 00:52:23.233 I/TunnelRenderer(26583): Still waiting for the correct packet to arrive.
01-06 00:52:23.233 I/TunnelRenderer(26583): Still waiting for the correct packet to arrive.
01-06 00:52:23.233 I/TunnelRenderer(26583): Still waiting for the correct packet to arrive.
01-06 00:52:23.233 I/TunnelRenderer(26583): Still waiting for the correct packet to arrive.
01-06 00:52:23.233 I/TunnelRenderer(26583): Still waiting for the correct packet to arrive.
01-06 00:52:23.233 I/TunnelRenderer(26583): Still waiting for the correct packet to arrive.
01-06 00:52:23.233 I/TunnelRenderer(26583): Still waiting for the correct packet to arrive.
01-06 00:52:23.233 I/TunnelRenderer(26583): Still waiting for the correct packet to arrive.
01-06 00:52:23.233 I/TunnelRenderer(26583): Still waiting for the correct packet to arrive.
01-06 00:52:23.233 I/TunnelRenderer(26583): Still waiting for the correct packet to arrive.
01-06 00:52:23.233 I/TunnelRenderer(26583): Still waiting for the correct packet to arrive.
01-06 00:52:23.233 I/TunnelRenderer(26583): Still waiting for the correct packet to arrive.
01-06 00:52:23.233 I/TunnelRenderer(26583): Still waiting for the correct packet to arrive.
01-06 00:52:23.233 I/TunnelRenderer(26583): Still waiting for the correct packet to arrive.
01-06 00:52:23.233 I/TunnelRenderer(26583): Still waiting for the correct packet to arrive.
01-06 00:52:23.233 I/TunnelRenderer(26583): Still waiting for the correct packet to arrive.
01-06 00:52:23.233 I/TunnelRenderer(26583): Still waiting for the correct packet to arrive.
01-06 00:52:23.233 I/TunnelRenderer(26583): Still waiting for the correct packet to arrive.
01-06 00:52:23.233 I/TunnelRenderer(26583): Still waiting for the correct packet to arrive.
01-06 00:52:23.233 I/TunnelRenderer(26583): Still waiting for the correct packet to arrive.
01-06 00:52:23.233 I/TunnelRenderer(26583): Still waiting for the correct packet to arrive.
01-06 00:52:23.233 I/TunnelRenderer(26583): Still waiting for the correct packet to arrive.
01-06 00:52:23.233 I/TunnelRenderer(26583): Still waiting for the correct packet to arrive.
01-06 00:52:23.295 W/ActivityManager(  418): getTasks: caller 10080 does not hold REAL_GET_TASKS; limiting output
01-06 00:52:23.308 I/TunnelRenderer(26583): Dropping packet. extSeqNo 23497 didn't arrive in time
01-06 00:52:23.312 I/ATSParser(  130): discontinuity on stream pid 0x1100
01-06 00:52:23.317 I/ATSParser(  130): discontinuity on stream pid 0x1011
01-06 00:52:23.337 I/TunnelRenderer(26583): Failed to get the correct packet the first time.
01-06 00:52:23.337 I/TunnelRenderer(26583): Requesting retransmission of seqNo 23650
01-06 00:52:23.338 I/TunnelRenderer(26583): Still waiting for the correct packet to arrive.
01-06 00:52:23.340 W/ActivityManager(  418): getRunningAppProcesses: caller 10080 does not hold REAL_GET_TASKS; limiting output
01-06 00:52:23.346 I/TunnelRenderer(26583): Still waiting for the correct packet to arrive.
01-06 00:52:23.347 I/TunnelRenderer(26583): Still waiting for the correct packet to arrive.
01-06 00:52:23.347 I/TunnelRenderer(26583): Still waiting for the correct packet to arrive.
01-06 00:52:23.347 I/TunnelRenderer(26583): Still waiting for the correct packet to arrive.
01-06 00:52:23.347 I/TunnelRenderer(26583): Still waiting for the correct packet to arrive.
01-06 00:52:23.415 I/TunnelRenderer(26583): Dropping packet. extSeqNo 23650 didn't arrive in time
01-06 00:52:23.418 I/ATSParser(  130): discontinuity on stream pid 0x1100
01-06 00:52:23.436 D/NetworkSession(26583): 000   receive 166 166:
01-06 00:52:23.436 D/NetworkSession(26583): GET_PARAMETER rtsp://localhost/wfd1.0 RTSP/1.0
01-06 00:52:23.436 D/NetworkSession(26583): Date: Wed, 06 Jan 2016 23:52:12 +0000
01-06 00:52:23.436 D/NetworkSession(26583): Server: stagefright/1.2 (Linux;Android 5.1.1)
01-06 00:52:23.436 D/NetworkSession(26583): CSeq: 6
01-06 00:52:23.436 D/NetworkSession(26583): Session: 2073908260
01-06 00:52:23.436 D/NetworkSession(26583): 
01-06 00:52:23.436 D/NetworkSession(26583): 
01-06 00:52:23.439 I/ATSParser(  130): discontinuity on stream pid 0x1011
01-06 00:52:23.443 I/WifiDisplaySink(26583): ==============kWhatData===============
01-06 00:52:23.443 W/WifiDisplaySink(26583): session 1 received 'GET_PARAMETER rtsp://localhost/wfd1.0 RTSP/1.0
01-06 00:52:23.443 W/WifiDisplaySink(26583): cseq: 6
01-06 00:52:23.443 W/WifiDisplaySink(26583): date: Wed, 06 Jan 2016 23:52:12 +0000
01-06 00:52:23.443 W/WifiDisplaySink(26583): server: stagefright/1.2 (Linux;Android 5.1.1)
01-06 00:52:23.443 W/WifiDisplaySink(26583): session: 2073908260
01-06 00:52:23.443 W/WifiDisplaySink(26583): 
01-06 00:52:23.443 W/WifiDisplaySink(26583): '
01-06 00:52:23.443 D/NetworkSession(26583): 111  send 495 495:
01-06 00:52:23.443 D/NetworkSession(26583): RTSP/1.0 200 OK
01-06 00:52:23.443 D/NetworkSession(26583): Date: Wed, 06 Jan 2016 08:52:23 +0000
01-06 00:52:23.443 D/NetworkSession(26583): User-Agent: stagefright/1.1 (Linux;Android 4.1)
01-06 00:52:23.443 D/NetworkSession(26583): CSeq: 6
01-06 00:52:23.443 D/NetworkSession(26583): Content-Type: text/parameters
01-06 00:52:23.443 D/NetworkSession(26583): Content-Length: 327
01-06 00:52:23.443 D/NetworkSession(26583): 
01-06 00:52:23.443 D/NetworkSession(26583): wfd_video_formats: 78 00 02 02 000194ab 00000000 00000000 00 0000 0000 00 none none
01-06 00:52:23.443 D/NetworkSession(26583): wfd_audio_codecs: LPCM 00000003 00
01-06 00:52:23.443 D/NetworkSession(26583): wfd_content_protection: none
01-06 00:52:23.443 D/NetworkSession(26583): wfd_coupled_sink: 00 none
01-06 00:52:23.443 D/NetworkSession(26583): wfd_uibc_capability: none
01-06 00:52:23.443 D/NetworkSession(26583): wfd_standby_resume_capability: none
01-06 00:52:23.443 D/NetworkSession(26583): wfd_lg_dlna_uuid: none
01-06 00:52:23.443 D/NetworkSession(26583): wfd_client_rtp_ports: RTP/AVP/UDP;unicast 15550 0 mode=play
01-06 00:52:23.443 D/NetworkSession(26583): 
01-06 00:52:23.470 I/TunnelRenderer(26583): Failed to get the correct packet the first time.
01-06 00:52:23.479 I/TunnelRenderer(26583): Requesting retransmission of seqNo 23737
01-06 00:52:23.480 I/TunnelRenderer(26583): Still waiting for the correct packet to arrive.
01-06 00:52:23.480 I/TunnelRenderer(26583): Still waiting for the correct packet to arrive.
01-06 00:52:23.481 I/TunnelRenderer(26583): Still waiting for the correct packet to arrive.
01-06 00:52:23.481 I/TunnelRenderer(26583): Still waiting for the correct packet to arrive.
01-06 00:52:23.481 I/TunnelRenderer(26583): Still waiting for the correct packet to arrive.
01-06 00:52:23.481 I/TunnelRenderer(26583): Still waiting for the correct packet to arrive.
01-06 00:52:23.502 I/TunnelRenderer(26583): Still waiting for the correct packet to arrive.
01-06 00:52:23.502 I/TunnelRenderer(26583): Still waiting for the correct packet to arrive.
01-06 00:52:23.502 I/TunnelRenderer(26583): Still waiting for the correct packet to arrive.
01-06 00:52:23.502 I/TunnelRenderer(26583): Still waiting for the correct packet to arrive.
01-06 00:52:23.502 I/TunnelRenderer(26583): Still waiting for the correct packet to arrive.
01-06 00:52:23.503 I/TunnelRenderer(26583): Still waiting for the correct packet to arrive.
01-06 00:52:23.513 I/TunnelRenderer(26583): Still waiting for the correct packet to arrive.
01-06 00:52:23.513 I/TunnelRenderer(26583): Still waiting for the correct packet to arrive.
01-06 00:52:23.513 I/TunnelRenderer(26583): Still waiting for the correct packet to arrive.
01-06 00:52:23.513 I/TunnelRenderer(26583): Still waiting for the correct packet to arrive.
01-06 00:52:23.514 I/TunnelRenderer(26583): Still waiting for the correct packet to arrive.
01-06 00:52:23.515 I/TunnelRenderer(26583): Still waiting for the correct packet to arrive.
01-06 00:52:23.515 I/TunnelRenderer(26583): Still waiting for the correct packet to arrive.
01-06 00:52:23.515 I/TunnelRenderer(26583): Still waiting for the correct packet to arrive.
01-06 00:52:23.515 I/TunnelRenderer(26583): Still waiting for the correct packet to arrive.
01-06 00:52:23.515 I/TunnelRenderer(26583): Still waiting for the correct packet to arrive.
01-06 00:52:23.515 I/TunnelRenderer(26583): Still waiting for the correct packet to arrive.
01-06 00:52:23.515 I/TunnelRenderer(26583): Still waiting for the correct packet to arrive.
01-06 00:52:23.515 I/TunnelRenderer(26583): Still waiting for the correct packet to arrive.
01-06 00:52:23.515 I/TunnelRenderer(26583): Still waiting for the correct packet to arrive.
01-06 00:52:23.515 I/TunnelRenderer(26583): Still waiting for the correct packet to arrive.
01-06 00:52:23.515 I/TunnelRenderer(26583): Still waiting for the correct packet to arrive.
01-06 00:52:23.533 I/TunnelRenderer(26583): Dropping packet. extSeqNo 23737 didn't arrive in time
01-06 00:52:23.540 I/ATSParser(  130): discontinuity on stream pid 0x1100
01-06 00:52:23.543 I/ATSParser(  130): discontinuity on stream pid 0x1011
01-06 00:52:23.618 I/TunnelRenderer(26583): Failed to get the correct packet the first time.
01-06 00:52:23.619 I/TunnelRenderer(26583): Requesting retransmission of seqNo 23848
01-06 00:52:23.619 I/TunnelRenderer(26583): Still waiting for the correct packet to arrive.
01-06 00:52:23.620 I/TunnelRenderer(26583): Still waiting for the correct packet to arrive.
01-06 00:52:23.620 I/TunnelRenderer(26583): Still waiting for the correct packet to arrive.
01-06 00:52:23.620 I/TunnelRenderer(26583): Still waiting for the correct packet to arrive.
01-06 00:52:23.620 I/TunnelRenderer(26583): Still waiting for the correct packet to arrive.
01-06 00:52:23.620 I/TunnelRenderer(26583): Still waiting for the correct packet to arrive.
01-06 00:52:23.620 I/TunnelRenderer(26583): Still waiting for the correct packet to arrive.
01-06 00:52:23.620 I/TunnelRenderer(26583): Still waiting for the correct packet to arrive.
01-06 00:52:23.620 I/TunnelRenderer(26583): Still waiting for the correct packet to arrive.
01-06 00:52:23.620 I/TunnelRenderer(26583): Still waiting for the correct packet to arrive.
01-06 00:52:23.620 I/TunnelRenderer(26583): Still waiting for the correct packet to arrive.
01-06 00:52:23.620 I/TunnelRenderer(26583): Still waiting for the correct packet to arrive.
01-06 00:52:23.620 I/TunnelRenderer(26583): Still waiting for the correct packet to arrive.
01-06 00:52:23.620 I/TunnelRenderer(26583): Still waiting for the correct packet to arrive.
01-06 00:52:23.623 I/TunnelRenderer(26583): Still waiting for the correct packet to arrive.
01-06 00:52:23.624 I/TunnelRenderer(26583): Still waiting for the correct packet to arrive.
01-06 00:52:23.624 I/TunnelRenderer(26583): Still waiting for the correct packet to arrive.
01-06 00:52:23.625 I/TunnelRenderer(26583): Still waiting for the correct packet to arrive.
01-06 00:52:23.625 I/TunnelRenderer(26583): Still waiting for the correct packet to arrive.
01-06 00:52:23.625 I/TunnelRenderer(26583): Still waiting for the correct packet to arrive.
01-06 00:52:23.625 I/TunnelRenderer(26583): Still waiting for the correct packet to arrive.
01-06 00:52:23.625 I/TunnelRenderer(26583): Still waiting for the correct packet to arrive.
01-06 00:52:23.626 I/TunnelRenderer(26583): Still waiting for the correct packet to arrive.
01-06 00:52:23.628 I/TunnelRenderer(26583): Still waiting for the correct packet to arrive.
01-06 00:52:23.628 I/TunnelRenderer(26583): Still waiting for the correct packet to arrive.
01-06 00:52:23.628 I/TunnelRenderer(26583): Still waiting for the correct packet to arrive.
01-06 00:52:23.628 I/TunnelRenderer(26583): Still waiting for the correct packet to arrive.
01-06 00:52:23.628 I/TunnelRenderer(26583): Still waiting for the correct packet to arrive.
01-06 00:52:23.628 I/TunnelRenderer(26583): Still waiting for the correct packet to arrive.
01-06 00:52:23.628 I/TunnelRenderer(26583): Still waiting for the correct packet to arrive.
01-06 00:52:23.628 I/TunnelRenderer(26583): Still waiting for the correct packet to arrive.
01-06 00:52:23.629 I/TunnelRenderer(26583): Still waiting for the correct packet to arrive.
01-06 00:52:23.629 I/TunnelRenderer(26583): Still waiting for the correct packet to arrive.
01-06 00:52:23.629 I/TunnelRenderer(26583): Still waiting for the correct packet to arrive.
01-06 00:52:23.629 I/TunnelRenderer(26583): Still waiting for the correct packet to arrive.
01-06 00:52:23.631 I/TunnelRenderer(26583): Still waiting for the correct packet to arrive.
01-06 00:52:23.631 I/TunnelRenderer(26583): Still waiting for the correct packet to arrive.
01-06 00:52:23.631 I/TunnelRenderer(26583): Still waiting for the correct packet to arrive.
01-06 00:52:23.631 I/TunnelRenderer(26583): Still waiting for the correct packet to arrive.
01-06 00:52:23.631 I/TunnelRenderer(26583): Still waiting for the correct packet to arrive.
01-06 00:52:23.631 I/TunnelRenderer(26583): Still waiting for the correct packet to arrive.
01-06 00:52:23.631 I/TunnelRenderer(26583): Still waiting for the correct packet to arrive.
01-06 00:52:23.631 I/TunnelRenderer(26583): Still waiting for the correct packet to arrive.
01-06 00:52:23.631 I/TunnelRenderer(26583): Still waiting for the correct packet to arrive.
01-06 00:52:23.631 I/TunnelRenderer(26583): Still waiting for the correct packet to arrive.
01-06 00:52:23.631 I/TunnelRenderer(26583): Still waiting for the correct packet to arrive.
01-06 00:52:23.632 I/TunnelRenderer(26583): Still waiting for the correct packet to arrive.
01-06 00:52:23.632 I/TunnelRenderer(26583): Still waiting for the correct packet to arrive.
01-06 00:52:23.632 I/TunnelRenderer(26583): Still waiting for the correct packet to arrive.
01-06 00:52:23.632 I/TunnelRenderer(26583): Still waiting for the correct packet to arrive.
01-06 00:52:23.632 I/TunnelRenderer(26583): Still waiting for the correct packet to arrive.
01-06 00:52:23.632 I/TunnelRenderer(26583): Still waiting for the correct packet to arrive.
01-06 00:52:23.632 I/TunnelRenderer(26583): Still waiting for the correct packet to arrive.
01-06 00:52:23.632 I/TunnelRenderer(26583): Still waiting for the correct packet to arrive.
01-06 00:52:23.634 I/TunnelRenderer(26583): Still waiting for the correct packet to arrive.
01-06 00:52:23.634 I/TunnelRenderer(26583): Still waiting for the correct packet to arrive.
01-06 00:52:23.634 I/TunnelRenderer(26583): Still waiting for the correct packet to arrive.
01-06 00:52:23.634 I/TunnelRenderer(26583): Still waiting for the correct packet to arrive.
01-06 00:52:23.634 I/TunnelRenderer(26583): Still waiting for the correct packet to arrive.
01-06 00:52:23.634 I/TunnelRenderer(26583): Still waiting for the correct packet to arrive.
01-06 00:52:23.634 I/TunnelRenderer(26583): Still waiting for the correct packet to arrive.
01-06 00:52:23.636 I/TunnelRenderer(26583): Still waiting for the correct packet to arrive.
01-06 00:52:23.636 I/TunnelRenderer(26583): Still waiting for the correct packet to arrive.
01-06 00:52:23.636 I/TunnelRenderer(26583): Still waiting for the correct packet to arrive.
01-06 00:52:23.636 I/TunnelRenderer(26583): Still waiting for the correct packet to arrive.
01-06 00:52:23.637 I/TunnelRenderer(26583): Still waiting for the correct packet to arrive.
01-06 00:52:23.637 I/TunnelRenderer(26583): Still waiting for the correct packet to arrive.
01-06 00:52:23.637 I/TunnelRenderer(26583): Still waiting for the correct packet to arrive.
01-06 00:52:23.637 I/TunnelRenderer(26583): Still waiting for the correct packet to arrive.
01-06 00:52:23.637 I/TunnelRenderer(26583): Still waiting for the correct packet to arrive.
01-06 00:52:23.637 I/TunnelRenderer(26583): Still waiting for the correct packet to arrive.
01-06 00:52:23.637 I/TunnelRenderer(26583): Still waiting for the correct packet to arrive.
01-06 00:52:23.637 I/TunnelRenderer(26583): Still waiting for the correct packet to arrive.
01-06 00:52:23.637 I/TunnelRenderer(26583): Still waiting for the correct packet to arrive.
01-06 00:52:23.637 I/TunnelRenderer(26583): Still waiting for the correct packet to arrive.
01-06 00:52:23.638 I/TunnelRenderer(26583): Still waiting for the correct packet to arrive.
01-06 00:52:23.638 I/TunnelRenderer(26583): Still waiting for the correct packet to arrive.
01-06 00:52:23.638 I/TunnelRenderer(26583): Still waiting for the correct packet to arrive.
01-06 00:52:23.638 I/TunnelRenderer(26583): Still waiting for the correct packet to arrive.
01-06 00:52:23.638 I/TunnelRenderer(26583): Still waiting for the correct packet to arrive.
01-06 00:52:23.638 I/TunnelRenderer(26583): Still waiting for the correct packet to arrive.
01-06 00:52:23.638 I/TunnelRenderer(26583): Still waiting for the correct packet to arrive.
01-06 00:52:23.638 I/TunnelRenderer(26583): Still waiting for the correct packet to arrive.
01-06 00:52:23.638 I/TunnelRenderer(26583): Still waiting for the correct packet to arrive.
01-06 00:52:23.638 I/TunnelRenderer(26583): Still waiting for the correct packet to arrive.
01-06 00:52:23.638 I/TunnelRenderer(26583): Still waiting for the correct packet to arrive.
01-06 00:52:23.638 I/TunnelRenderer(26583): Still waiting for the correct packet to arrive.
01-06 00:52:23.638 I/TunnelRenderer(26583): Still waiting for the correct packet to arrive.
01-06 00:52:23.638 I/TunnelRenderer(26583): Still waiting for the correct packet to arrive.
01-06 00:52:23.638 I/TunnelRenderer(26583): Still waiting for the correct packet to arrive.
01-06 00:52:23.736 I/TunnelRenderer(26583): Dropping packet. extSeqNo 23848 didn't arrive in time
01-06 00:52:23.756 I/ATSParser(  130): discontinuity on stream pid 0x1011
01-06 00:52:23.777 I/TunnelRenderer(26583): Failed to get the correct packet the first time.
01-06 00:52:23.779 I/TunnelRenderer(26583): Requesting retransmission of seqNo 23882
01-06 00:52:23.779 I/TunnelRenderer(26583): Still waiting for the correct packet to arrive.
01-06 00:52:23.779 I/TunnelRenderer(26583): Still waiting for the correct packet to arrive.
01-06 00:52:23.779 I/TunnelRenderer(26583): Still waiting for the correct packet to arrive.
01-06 00:52:23.788 I/TunnelRenderer(26583): Still waiting for the correct packet to arrive.
01-06 00:52:23.788 I/TunnelRenderer(26583): Still waiting for the correct packet to arrive.
01-06 00:52:23.788 I/TunnelRenderer(26583): Still waiting for the correct packet to arrive.
01-06 00:52:23.822 I/TunnelRenderer(26583): Still waiting for the correct packet to arrive.
01-06 00:52:23.824 I/TunnelRenderer(26583): Still waiting for the correct packet to arrive.
01-06 00:52:23.824 I/TunnelRenderer(26583): Still waiting for the correct packet to arrive.
01-06 00:52:23.824 I/TunnelRenderer(26583): Still waiting for the correct packet to arrive.
01-06 00:52:23.824 I/TunnelRenderer(26583): Still waiting for the correct packet to arrive.
01-06 00:52:23.826 I/TunnelRenderer(26583): Still waiting for the correct packet to arrive.
01-06 00:52:23.826 I/TunnelRenderer(26583): Still waiting for the correct packet to arrive.
01-06 00:52:23.826 I/TunnelRenderer(26583): Still waiting for the correct packet to arrive.
01-06 00:52:23.826 I/TunnelRenderer(26583): Still waiting for the correct packet to arrive.
01-06 00:52:23.826 I/TunnelRenderer(26583): Still waiting for the correct packet to arrive.
01-06 00:52:23.826 I/TunnelRenderer(26583): Still waiting for the correct packet to arrive.
01-06 00:52:23.827 I/TunnelRenderer(26583): Still waiting for the correct packet to arrive.
01-06 00:52:23.827 I/TunnelRenderer(26583): Still waiting for the correct packet to arrive.
01-06 00:52:23.827 I/TunnelRenderer(26583): Still waiting for the correct packet to arrive.
01-06 00:52:23.827 I/TunnelRenderer(26583): Still waiting for the correct packet to arrive.
01-06 00:52:23.827 I/TunnelRenderer(26583): Still waiting for the correct packet to arrive.
01-06 00:52:23.827 I/TunnelRenderer(26583): Still waiting for the correct packet to arrive.
01-06 00:52:23.827 I/TunnelRenderer(26583): Still waiting for the correct packet to arrive.
01-06 00:52:23.827 I/TunnelRenderer(26583): Still waiting for the correct packet to arrive.
01-06 00:52:23.827 I/TunnelRenderer(26583): Still waiting for the correct packet to arrive.
01-06 00:52:23.827 I/TunnelRenderer(26583): Still waiting for the correct packet to arrive.
01-06 00:52:23.827 I/TunnelRenderer(26583): Still waiting for the correct packet to arrive.
01-06 00:52:23.827 I/TunnelRenderer(26583): Dropping packet. extSeqNo 23882 didn't arrive in time
01-06 00:52:23.827 I/ATSParser(  130): discontinuity on stream pid 0x1100
01-06 00:52:23.838 I/ATSParser(  130): discontinuity on stream pid 0x1011
01-06 00:52:23.870 I/TunnelRenderer(26583): Failed to get the correct packet the first time.
01-06 00:52:23.870 I/TunnelRenderer(26583): Requesting retransmission of seqNo 23997
01-06 00:52:23.870 I/TunnelRenderer(26583): Still waiting for the correct packet to arrive.
01-06 00:52:23.870 I/TunnelRenderer(26583): Still waiting for the correct packet to arrive.
01-06 00:52:23.870 I/TunnelRenderer(26583): Still waiting for the correct packet to arrive.
01-06 00:52:23.871 I/TunnelRenderer(26583): Still waiting for the correct packet to arrive.
01-06 00:52:23.871 I/TunnelRenderer(26583): Still waiting for the correct packet to arrive.
01-06 00:52:23.878 I/TunnelRenderer(26583): Still waiting for the correct packet to arrive.
01-06 00:52:23.931 I/TunnelRenderer(26583): Dropping packet. extSeqNo 23997 didn't arrive in time
01-06 00:52:23.940 I/ATSParser(  130): discontinuity on stream pid 0x1100
01-06 00:52:23.950 I/ATSParser(  130): discontinuity on stream pid 0x1011
01-06 00:52:24.887 W/ActivityManager(  418): getTasks: caller 10080 does not hold REAL_GET_TASKS; limiting output
01-06 00:52:24.894 W/ActivityManager(  418): getRunningAppProcesses: caller 10080 does not hold REAL_GET_TASKS; limiting output
01-06 00:52:25.850 W/ActivityManager(  418): getRunningAppProcesses: caller 10093 does not hold REAL_GET_TASKS; limiting output
01-06 00:52:26.446 W/ActivityManager(  418): getTasks: caller 10080 does not hold REAL_GET_TASKS; limiting output
01-06 00:52:26.450 W/ActivityManager(  418): getRunningAppProcesses: caller 10080 does not hold REAL_GET_TASKS; limiting output
01-06 00:52:28.002 W/ActivityManager(  418): getTasks: caller 10080 does not hold REAL_GET_TASKS; limiting output
01-06 00:52:28.008 W/ActivityManager(  418): getRunningAppProcesses: caller 10080 does not hold REAL_GET_TASKS; limiting output
01-06 00:52:28.912 W/ActivityManager(  418): getRunningAppProcesses: caller 10093 does not hold REAL_GET_TASKS; limiting output
01-06 00:52:29.566 W/ActivityManager(  418): getTasks: caller 10080 does not hold REAL_GET_TASKS; limiting output
01-06 00:52:29.578 W/ActivityManager(  418): getRunningAppProcesses: caller 10080 does not hold REAL_GET_TASKS; limiting output
01-06 00:52:31.131 W/ActivityManager(  418): getTasks: caller 10080 does not hold REAL_GET_TASKS; limiting output
01-06 00:52:31.138 W/ActivityManager(  418): getRunningAppProcesses: caller 10080 does not hold REAL_GET_TASKS; limiting output
01-06 00:52:31.987 W/ActivityManager(  418): getRunningAppProcesses: caller 10093 does not hold REAL_GET_TASKS; limiting output
01-06 00:52:32.692 W/ActivityManager(  418): getTasks: caller 10080 does not hold REAL_GET_TASKS; limiting output
01-06 00:52:32.705 W/ActivityManager(  418): getRunningAppProcesses: caller 10080 does not hold REAL_GET_TASKS; limiting output
