01-06 00:51:53.612 I/TunnelRenderer(26583): Still waiting for the correct packet to arrive.
01-06 00:51:53.614 I/TunnelRenderer(26583): Still waiting for the correct packet to arrive.
01-06 00:51:53.615 I/TunnelRenderer(26583): Still waiting for the correct packet to arrive.
01-06 00:51:53.615 I/TunnelRenderer(26583): Still waiting for the correct packet to arrive.
01-06 00:51:53.616 I/TunnelRenderer(26583): Still waiting for the correct packet to arrive.
01-06 00:51:53.616 I/TunnelRenderer(26583): Still waiting for the correct packet to arrive.
01-06 00:51:53.618 I/TunnelRenderer(26583): Still waiting for the correct packet to arrive.
01-06 00:51:53.619 I/TunnelRenderer(26583): Still waiting for the correct packet to arrive.
01-06 00:51:53.620 I/TunnelRenderer(26583): Still waiting for the correct packet to arrive.
01-06 00:51:53.621 I/TunnelRenderer(26583): Still waiting for the correct packet to arrive.
01-06 00:51:53.622 I/TunnelRenderer(26583): Still waiting for the correct packet to arrive.
01-06 00:51:53.622 I/TunnelRenderer(26583): Still waiting for the correct packet to arrive.
01-06 00:51:53.623 I/TunnelRenderer(26583): Still waiting for the correct packet to arrive.
01-06 00:51:53.623 I/TunnelRenderer(26583): Still waiting for the correct packet to arrive.
01-06 00:51:53.623 I/TunnelRenderer(26583): Still waiting for the correct packet to arrive.
01-06 00:51:53.623 I/TunnelRenderer(26583): Still waiting for the correct packet to arrive.
01-06 00:51:53.623 I/TunnelRenderer(26583): Still waiting for the correct packet to arrive.
01-06 00:51:53.623 I/TunnelRenderer(26583): Still waiting for the correct packet to arrive.
01-06 00:51:53.625 I/TunnelRenderer(26583): Still waiting for the correct packet to arrive.
01-06 00:51:53.626 I/TunnelRenderer(26583): Still waiting for the correct packet to arrive.
01-06 00:51:53.626 I/TunnelRenderer(26583): Still waiting for the correct packet to arrive.
01-06 00:51:53.629 I/TunnelRenderer(26583): Still waiting for the correct packet to arrive.
01-06 00:51:53.629 I/TunnelRenderer(26583): Dropping packet. extSeqNo 8528 didn't arrive in time
01-06 00:51:53.638 I/ATSParser(  130): discontinuity on stream pid 0x1100
01-06 00:51:53.641 I/ATSParser(  130): discontinuity on stream pid 0x1011
01-06 00:51:53.701 I/TunnelRenderer(26583): Failed to get the correct packet the first time.
01-06 00:51:53.701 I/TunnelRenderer(26583): Requesting retransmission of seqNo 8774
01-06 00:51:53.711 I/TunnelRenderer(26583): Still waiting for the correct packet to arrive.
01-06 00:51:53.711 I/TunnelRenderer(26583): Still waiting for the correct packet to arrive.
01-06 00:51:53.711 I/TunnelRenderer(26583): Still waiting for the correct packet to arrive.
01-06 00:51:53.711 I/TunnelRenderer(26583): Still waiting for the correct packet to arrive.
01-06 00:51:53.711 I/TunnelRenderer(26583): Still waiting for the correct packet to arrive.
01-06 00:51:53.711 I/TunnelRenderer(26583): Still waiting for the correct packet to arrive.
01-06 00:51:53.711 I/TunnelRenderer(26583): Still waiting for the correct packet to arrive.
01-06 00:51:53.711 I/TunnelRenderer(26583): Still waiting for the correct packet to arrive.
01-06 00:51:53.711 I/TunnelRenderer(26583): Still waiting for the correct packet to arrive.
01-06 00:51:53.711 I/TunnelRenderer(26583): Still waiting for the correct packet to arrive.
01-06 00:51:53.711 I/TunnelRenderer(26583): Still waiting for the correct packet to arrive.
01-06 00:51:53.711 I/TunnelRenderer(26583): Still waiting for the correct packet to arrive.
01-06 00:51:53.716 I/TunnelRenderer(26583): Still waiting for the correct packet to arrive.
01-06 00:51:53.716 I/TunnelRenderer(26583): Still waiting for the correct packet to arrive.
01-06 00:51:53.720 I/TunnelRenderer(26583): Still waiting for the correct packet to arrive.
01-06 00:51:53.720 I/TunnelRenderer(26583): Still waiting for the correct packet to arrive.
01-06 00:51:53.720 I/TunnelRenderer(26583): Still waiting for the correct packet to arrive.
01-06 00:51:53.724 I/TunnelRenderer(26583): Still waiting for the correct packet to arrive.
01-06 00:51:53.724 I/TunnelRenderer(26583): Still waiting for the correct packet to arrive.
01-06 00:51:53.725 I/TunnelRenderer(26583): Still waiting for the correct packet to arrive.
01-06 00:51:53.726 I/TunnelRenderer(26583): Still waiting for the correct packet to arrive.
01-06 00:51:53.726 I/TunnelRenderer(26583): Still waiting for the correct packet to arrive.
01-06 00:51:53.726 I/TunnelRenderer(26583): Still waiting for the correct packet to arrive.
01-06 00:51:53.726 I/TunnelRenderer(26583): Still waiting for the correct packet to arrive.
01-06 00:51:53.726 I/TunnelRenderer(26583): Still waiting for the correct packet to arrive.
01-06 00:51:53.727 I/TunnelRenderer(26583): Still waiting for the correct packet to arrive.
01-06 00:51:53.729 I/TunnelRenderer(26583): Still waiting for the correct packet to arrive.
01-06 00:51:53.731 I/TunnelRenderer(26583): Still waiting for the correct packet to arrive.
01-06 00:51:53.733 I/TunnelRenderer(26583): Still waiting for the correct packet to arrive.
01-06 00:51:53.733 I/TunnelRenderer(26583): Still waiting for the correct packet to arrive.
01-06 00:51:53.733 I/TunnelRenderer(26583): Still waiting for the correct packet to arrive.
01-06 00:51:53.733 I/TunnelRenderer(26583): Still waiting for the correct packet to arrive.
01-06 00:51:53.734 I/TunnelRenderer(26583): Still waiting for the correct packet to arrive.
01-06 00:51:53.734 I/TunnelRenderer(26583): Still waiting for the correct packet to arrive.
01-06 00:51:53.734 I/TunnelRenderer(26583): Still waiting for the correct packet to arrive.
01-06 00:51:53.734 I/TunnelRenderer(26583): Still waiting for the correct packet to arrive.
01-06 00:51:53.734 I/TunnelRenderer(26583): Still waiting for the correct packet to arrive.
01-06 00:51:53.734 I/TunnelRenderer(26583): Still waiting for the correct packet to arrive.
01-06 00:51:53.734 I/TunnelRenderer(26583): Still waiting for the correct packet to arrive.
01-06 00:51:53.734 I/TunnelRenderer(26583): Still waiting for the correct packet to arrive.
01-06 00:51:53.734 I/TunnelRenderer(26583): Still waiting for the correct packet to arrive.
01-06 00:51:53.734 I/TunnelRenderer(26583): Still waiting for the correct packet to arrive.
01-06 00:51:53.734 I/TunnelRenderer(26583): Still waiting for the correct packet to arrive.
01-06 00:51:53.734 I/TunnelRenderer(26583): Still waiting for the correct packet to arrive.
01-06 00:51:53.734 I/TunnelRenderer(26583): Still waiting for the correct packet to arrive.
01-06 00:51:53.734 I/TunnelRenderer(26583): Still waiting for the correct packet to arrive.
01-06 00:51:53.734 I/TunnelRenderer(26583): Still waiting for the correct packet to arrive.
01-06 00:51:53.734 I/TunnelRenderer(26583): Still waiting for the correct packet to arrive.
01-06 00:51:53.734 I/TunnelRenderer(26583): Still waiting for the correct packet to arrive.
01-06 00:51:53.734 I/TunnelRenderer(26583): Still waiting for the correct packet to arrive.
01-06 00:51:53.737 I/TunnelRenderer(26583): Still waiting for the correct packet to arrive.
01-06 00:51:53.737 I/TunnelRenderer(26583): Still waiting for the correct packet to arrive.
01-06 00:51:53.737 I/TunnelRenderer(26583): Still waiting for the correct packet to arrive.
01-06 00:51:53.738 I/TunnelRenderer(26583): Still waiting for the correct packet to arrive.
01-06 00:51:53.738 I/TunnelRenderer(26583): Still waiting for the correct packet to arrive.
01-06 00:51:53.738 I/TunnelRenderer(26583): Still waiting for the correct packet to arrive.
01-06 00:51:53.738 I/TunnelRenderer(26583): Still waiting for the correct packet to arrive.
01-06 00:51:53.739 I/TunnelRenderer(26583): Still waiting for the correct packet to arrive.
01-06 00:51:53.739 I/TunnelRenderer(26583): Still waiting for the correct packet to arrive.
01-06 00:51:53.739 I/TunnelRenderer(26583): Still waiting for the correct packet to arrive.
01-06 00:51:53.739 I/TunnelRenderer(26583): Still waiting for the correct packet to arrive.
01-06 00:51:53.739 I/TunnelRenderer(26583): Still waiting for the correct packet to arrive.
01-06 00:51:53.739 I/TunnelRenderer(26583): Still waiting for the correct packet to arrive.
01-06 00:51:53.739 I/TunnelRenderer(26583): Still waiting for the correct packet to arrive.
01-06 00:51:53.739 I/TunnelRenderer(26583): Still waiting for the correct packet to arrive.
01-06 00:51:53.739 I/TunnelRenderer(26583): Still waiting for the correct packet to arrive.
01-06 00:51:53.739 I/TunnelRenderer(26583): Still waiting for the correct packet to arrive.
01-06 00:51:53.739 I/TunnelRenderer(26583): Still waiting for the correct packet to arrive.
01-06 00:51:53.740 I/TunnelRenderer(26583): Still waiting for the correct packet to arrive.
01-06 00:51:53.740 I/TunnelRenderer(26583): Still waiting for the correct packet to arrive.
01-06 00:51:53.740 I/TunnelRenderer(26583): Still waiting for the correct packet to arrive.
01-06 00:51:53.740 I/TunnelRenderer(26583): Still waiting for the correct packet to arrive.
01-06 00:51:53.740 I/TunnelRenderer(26583): Still waiting for the correct packet to arrive.
01-06 00:51:53.740 I/TunnelRenderer(26583): Still waiting for the correct packet to arrive.
01-06 00:51:53.740 I/TunnelRenderer(26583): Still waiting for the correct packet to arrive.
01-06 00:51:53.740 I/TunnelRenderer(26583): Still waiting for the correct packet to arrive.
01-06 00:51:53.740 I/TunnelRenderer(26583): Still waiting for the correct packet to arrive.
01-06 00:51:53.741 I/TunnelRenderer(26583): Still waiting for the correct packet to arrive.
01-06 00:51:53.741 I/TunnelRenderer(26583): Still waiting for the correct packet to arrive.
01-06 00:51:53.741 I/TunnelRenderer(26583): Still waiting for the correct packet to arrive.
01-06 00:51:53.741 I/TunnelRenderer(26583): Still waiting for the correct packet to arrive.
01-06 00:51:53.741 I/TunnelRenderer(26583): Still waiting for the correct packet to arrive.
01-06 00:51:53.741 I/TunnelRenderer(26583): Still waiting for the correct packet to arrive.
01-06 00:51:53.741 I/TunnelRenderer(26583): Still waiting for the correct packet to arrive.
01-06 00:51:53.741 I/TunnelRenderer(26583): Still waiting for the correct packet to arrive.
01-06 00:51:53.741 I/TunnelRenderer(26583): Still waiting for the correct packet to arrive.
01-06 00:51:53.741 I/TunnelRenderer(26583): Still waiting for the correct packet to arrive.
01-06 00:51:53.741 I/TunnelRenderer(26583): Still waiting for the correct packet to arrive.
01-06 00:51:53.741 I/TunnelRenderer(26583): Still waiting for the correct packet to arrive.
01-06 00:51:53.741 I/TunnelRenderer(26583): Still waiting for the correct packet to arrive.
01-06 00:51:53.741 I/TunnelRenderer(26583): Still waiting for the correct packet to arrive.
01-06 00:51:53.741 I/TunnelRenderer(26583): Still waiting for the correct packet to arrive.
01-06 00:51:53.741 I/TunnelRenderer(26583): Still waiting for the correct packet to arrive.
01-06 00:51:53.741 I/TunnelRenderer(26583): Still waiting for the correct packet to arrive.
01-06 00:51:53.741 I/TunnelRenderer(26583): Still waiting for the correct packet to arrive.
01-06 00:51:53.741 I/TunnelRenderer(26583): Still waiting for the correct packet to arrive.
01-06 00:51:53.741 I/TunnelRenderer(26583): Still waiting for the correct packet to arrive.
01-06 00:51:53.741 I/TunnelRenderer(26583): Still waiting for the correct packet to arrive.
01-06 00:51:53.741 I/TunnelRenderer(26583): Still waiting for the correct packet to arrive.
01-06 00:51:53.741 I/TunnelRenderer(26583): Still waiting for the correct packet to arrive.
01-06 00:51:53.741 I/TunnelRenderer(26583): Still waiting for the correct packet to arrive.
01-06 00:51:53.741 I/TunnelRenderer(26583): Still waiting for the correct packet to arrive.
01-06 00:51:53.741 I/TunnelRenderer(26583): Still waiting for the correct packet to arrive.
01-06 00:51:53.743 I/TunnelRenderer(26583): Still waiting for the correct packet to arrive.
01-06 00:51:53.743 I/TunnelRenderer(26583): Still waiting for the correct packet to arrive.
01-06 00:51:53.743 I/TunnelRenderer(26583): Still waiting for the correct packet to arrive.
01-06 00:51:53.744 I/TunnelRenderer(26583): Still waiting for the correct packet to arrive.
01-06 00:51:53.744 I/TunnelRenderer(26583): Still waiting for the correct packet to arrive.
01-06 00:51:53.744 I/TunnelRenderer(26583): Still waiting for the correct packet to arrive.
01-06 00:51:53.744 I/TunnelRenderer(26583): Still waiting for the correct packet to arrive.
01-06 00:51:53.744 I/TunnelRenderer(26583): Still waiting for the correct packet to arrive.
01-06 00:51:53.744 I/TunnelRenderer(26583): Still waiting for the correct packet to arrive.
01-06 00:51:53.744 I/TunnelRenderer(26583): Still waiting for the correct packet to arrive.
01-06 00:51:53.744 I/TunnelRenderer(26583): Still waiting for the correct packet to arrive.
01-06 00:51:53.745 I/TunnelRenderer(26583): Still waiting for the correct packet to arrive.
01-06 00:51:53.745 I/TunnelRenderer(26583): Still waiting for the correct packet to arrive.
01-06 00:51:53.745 I/TunnelRenderer(26583): Still waiting for the correct packet to arrive.
01-06 00:51:53.745 I/TunnelRenderer(26583): Still waiting for the correct packet to arrive.
01-06 00:51:53.745 I/TunnelRenderer(26583): Still waiting for the correct packet to arrive.
01-06 00:51:53.745 I/TunnelRenderer(26583): Still waiting for the correct packet to arrive.
01-06 00:51:53.745 I/TunnelRenderer(26583): Still waiting for the correct packet to arrive.
01-06 00:51:53.745 I/TunnelRenderer(26583): Still waiting for the correct packet to arrive.
01-06 00:51:53.745 I/TunnelRenderer(26583): Still waiting for the correct packet to arrive.
01-06 00:51:53.745 I/TunnelRenderer(26583): Still waiting for the correct packet to arrive.
01-06 00:51:53.745 I/TunnelRenderer(26583): Still waiting for the correct packet to arrive.
01-06 00:51:53.745 I/TunnelRenderer(26583): Still waiting for the correct packet to arrive.
01-06 00:51:53.745 I/TunnelRenderer(26583): Still waiting for the correct packet to arrive.
01-06 00:51:53.745 I/TunnelRenderer(26583): Still waiting for the correct packet to arrive.
01-06 00:51:53.745 I/TunnelRenderer(26583): Still waiting for the correct packet to arrive.
01-06 00:51:53.745 I/TunnelRenderer(26583): Still waiting for the correct packet to arrive.
01-06 00:51:53.745 I/TunnelRenderer(26583): Still waiting for the correct packet to arrive.
01-06 00:51:53.745 I/TunnelRenderer(26583): Still waiting for the correct packet to arrive.
01-06 00:51:53.746 I/TunnelRenderer(26583): Still waiting for the correct packet to arrive.
01-06 00:51:53.746 I/TunnelRenderer(26583): Still waiting for the correct packet to arrive.
01-06 00:51:53.746 I/TunnelRenderer(26583): Still waiting for the correct packet to arrive.
01-06 00:51:53.746 I/TunnelRenderer(26583): Still waiting for the correct packet to arrive.
01-06 00:51:53.746 I/TunnelRenderer(26583): Still waiting for the correct packet to arrive.
01-06 00:51:53.746 I/TunnelRenderer(26583): Still waiting for the correct packet to arrive.
01-06 00:51:53.746 I/TunnelRenderer(26583): Still waiting for the correct packet to arrive.
01-06 00:51:53.746 I/TunnelRenderer(26583): Still waiting for the correct packet to arrive.
01-06 00:51:53.746 I/TunnelRenderer(26583): Still waiting for the correct packet to arrive.
01-06 00:51:53.746 I/TunnelRenderer(26583): Still waiting for the correct packet to arrive.
01-06 00:51:53.746 I/TunnelRenderer(26583): Still waiting for the correct packet to arrive.
01-06 00:51:53.746 I/TunnelRenderer(26583): Still waiting for the correct packet to arrive.
01-06 00:51:53.746 I/TunnelRenderer(26583): Still waiting for the correct packet to arrive.
01-06 00:51:53.746 I/TunnelRenderer(26583): Still waiting for the correct packet to arrive.
01-06 00:51:53.746 I/TunnelRenderer(26583): Still waiting for the correct packet to arrive.
01-06 00:51:53.746 I/TunnelRenderer(26583): Still waiting for the correct packet to arrive.
01-06 00:51:53.746 I/TunnelRenderer(26583): Still waiting for the correct packet to arrive.
01-06 00:51:53.746 I/TunnelRenderer(26583): Still waiting for the correct packet to arrive.
01-06 00:51:53.746 I/TunnelRenderer(26583): Still waiting for the correct packet to arrive.
01-06 00:51:53.746 I/TunnelRenderer(26583): Still waiting for the correct packet to arrive.
01-06 00:51:53.746 I/TunnelRenderer(26583): Still waiting for the correct packet to arrive.
01-06 00:51:53.746 I/TunnelRenderer(26583): Still waiting for the correct packet to arrive.
01-06 00:51:53.746 I/TunnelRenderer(26583): Still waiting for the correct packet to arrive.
01-06 00:51:53.746 I/TunnelRenderer(26583): Still waiting for the correct packet to arrive.
01-06 00:51:53.746 I/TunnelRenderer(26583): Still waiting for the correct packet to arrive.
01-06 00:51:53.746 I/TunnelRenderer(26583): Still waiting for the correct packet to arrive.
01-06 00:51:53.746 I/TunnelRenderer(26583): Still waiting for the correct packet to arrive.
01-06 00:51:53.746 I/TunnelRenderer(26583): Still waiting for the correct packet to arrive.
01-06 00:51:53.746 I/TunnelRenderer(26583): Still waiting for the correct packet to arrive.
01-06 00:51:53.746 I/TunnelRenderer(26583): Still waiting for the correct packet to arrive.
01-06 00:51:53.746 I/TunnelRenderer(26583): Still waiting for the correct packet to arrive.
01-06 00:51:53.747 I/TunnelRenderer(26583): Still waiting for the correct packet to arrive.
01-06 00:51:53.747 I/TunnelRenderer(26583): Still waiting for the correct packet to arrive.
01-06 00:51:53.747 I/TunnelRenderer(26583): Still waiting for the correct packet to arrive.
01-06 00:51:53.747 I/TunnelRenderer(26583): Still waiting for the correct packet to arrive.
01-06 00:51:53.747 I/TunnelRenderer(26583): Still waiting for the correct packet to arrive.
01-06 00:51:53.747 I/TunnelRenderer(26583): Still waiting for the correct packet to arrive.
01-06 00:51:53.747 I/TunnelRenderer(26583): Still waiting for the correct packet to arrive.
01-06 00:51:53.747 I/TunnelRenderer(26583): Still waiting for the correct packet to arrive.
01-06 00:51:53.747 I/TunnelRenderer(26583): Still waiting for the correct packet to arrive.
01-06 00:51:53.747 I/TunnelRenderer(26583): Still waiting for the correct packet to arrive.
01-06 00:51:53.747 I/TunnelRenderer(26583): Still waiting for the correct packet to arrive.
01-06 00:51:53.747 I/TunnelRenderer(26583): Still waiting for the correct packet to arrive.
01-06 00:51:53.747 I/TunnelRenderer(26583): Still waiting for the correct packet to arrive.
01-06 00:51:53.747 I/TunnelRenderer(26583): Still waiting for the correct packet to arrive.
01-06 00:51:53.747 I/TunnelRenderer(26583): Still waiting for the correct packet to arrive.
01-06 00:51:53.747 I/TunnelRenderer(26583): Still waiting for the correct packet to arrive.
01-06 00:51:53.747 I/TunnelRenderer(26583): Still waiting for the correct packet to arrive.
01-06 00:51:53.747 I/TunnelRenderer(26583): Still waiting for the correct packet to arrive.
01-06 00:51:53.747 I/TunnelRenderer(26583): Still waiting for the correct packet to arrive.
01-06 00:51:53.747 I/TunnelRenderer(26583): Still waiting for the correct packet to arrive.
01-06 00:51:53.747 I/TunnelRenderer(26583): Still waiting for the correct packet to arrive.
01-06 00:51:53.747 I/TunnelRenderer(26583): Still waiting for the correct packet to arrive.
01-06 00:51:53.747 I/TunnelRenderer(26583): Still waiting for the correct packet to arrive.
01-06 00:51:53.747 I/TunnelRenderer(26583): Still waiting for the correct packet to arrive.
01-06 00:51:53.747 I/TunnelRenderer(26583): Still waiting for the correct packet to arrive.
01-06 00:51:53.747 I/TunnelRenderer(26583): Still waiting for the correct packet to arrive.
01-06 00:51:53.828 I/TunnelRenderer(26583): Dropping packet. extSeqNo 8774 didn't arrive in time
01-06 00:51:53.850 I/ATSParser(  130): discontinuity on stream pid 0x1011
01-06 00:51:53.880 I/TunnelRenderer(26583): Failed to get the correct packet the first time.
01-06 00:51:53.882 I/TunnelRenderer(26583): Requesting retransmission of seqNo 8818
01-06 00:51:53.884 I/TunnelRenderer(26583): Still waiting for the correct packet to arrive.
01-06 00:51:53.885 I/TunnelRenderer(26583): Still waiting for the correct packet to arrive.
01-06 00:51:53.885 I/TunnelRenderer(26583): Still waiting for the correct packet to arrive.
01-06 00:51:53.890 I/TunnelRenderer(26583): Still waiting for the correct packet to arrive.
01-06 00:51:53.891 I/TunnelRenderer(26583): Still waiting for the correct packet to arrive.
01-06 00:51:53.891 I/TunnelRenderer(26583): Still waiting for the correct packet to arrive.
01-06 00:51:53.909 I/TunnelRenderer(26583): Still waiting for the correct packet to arrive.
01-06 00:51:53.909 I/TunnelRenderer(26583): Still waiting for the correct packet to arrive.
01-06 00:51:53.909 I/TunnelRenderer(26583): Still waiting for the correct packet to arrive.
01-06 00:51:53.910 I/TunnelRenderer(26583): Still waiting for the correct packet to arrive.
01-06 00:51:53.910 I/TunnelRenderer(26583): Still waiting for the correct packet to arrive.
01-06 00:51:53.910 I/TunnelRenderer(26583): Still waiting for the correct packet to arrive.
01-06 00:51:53.914 I/TunnelRenderer(26583): Still waiting for the correct packet to arrive.
01-06 00:51:53.915 I/TunnelRenderer(26583): Still waiting for the correct packet to arrive.
01-06 00:51:53.915 I/TunnelRenderer(26583): Still waiting for the correct packet to arrive.
01-06 00:51:53.918 I/TunnelRenderer(26583): Still waiting for the correct packet to arrive.
01-06 00:51:53.918 I/TunnelRenderer(26583): Still waiting for the correct packet to arrive.
01-06 00:51:53.919 I/TunnelRenderer(26583): Still waiting for the correct packet to arrive.
01-06 00:51:53.920 I/TunnelRenderer(26583): Still waiting for the correct packet to arrive.
01-06 00:51:53.921 I/TunnelRenderer(26583): Still waiting for the correct packet to arrive.
01-06 00:51:53.921 I/TunnelRenderer(26583): Still waiting for the correct packet to arrive.
01-06 00:51:53.921 I/TunnelRenderer(26583): Still waiting for the correct packet to arrive.
01-06 00:51:53.922 I/TunnelRenderer(26583): Still waiting for the correct packet to arrive.
01-06 00:51:53.922 I/TunnelRenderer(26583): Still waiting for the correct packet to arrive.
01-06 00:51:53.922 I/TunnelRenderer(26583): Still waiting for the correct packet to arrive.
01-06 00:51:53.923 I/TunnelRenderer(26583): Still waiting for the correct packet to arrive.
01-06 00:51:53.923 I/TunnelRenderer(26583): Still waiting for the correct packet to arrive.
01-06 00:51:53.923 I/TunnelRenderer(26583): Still waiting for the correct packet to arrive.
01-06 00:51:53.923 I/TunnelRenderer(26583): Still waiting for the correct packet to arrive.
01-06 00:51:53.923 I/TunnelRenderer(26583): Still waiting for the correct packet to arrive.
01-06 00:51:53.923 I/TunnelRenderer(26583): Still waiting for the correct packet to arrive.
01-06 00:51:53.923 I/TunnelRenderer(26583): Still waiting for the correct packet to arrive.
01-06 00:51:53.923 I/TunnelRenderer(26583): Still waiting for the correct packet to arrive.
01-06 00:51:53.923 I/TunnelRenderer(26583): Still waiting for the correct packet to arrive.
01-06 00:51:53.923 I/TunnelRenderer(26583): Still waiting for the correct packet to arrive.
01-06 00:51:53.923 I/TunnelRenderer(26583): Still waiting for the correct packet to arrive.
01-06 00:51:53.923 I/TunnelRenderer(26583): Still waiting for the correct packet to arrive.
01-06 00:51:53.923 I/TunnelRenderer(26583): Still waiting for the correct packet to arrive.
01-06 00:51:53.924 I/TunnelRenderer(26583): Still waiting for the correct packet to arrive.
01-06 00:51:53.924 I/TunnelRenderer(26583): Still waiting for the correct packet to arrive.
01-06 00:51:53.924 I/TunnelRenderer(26583): Still waiting for the correct packet to arrive.
01-06 00:51:53.924 I/TunnelRenderer(26583): Still waiting for the correct packet to arrive.
01-06 00:51:54.031 I/TunnelRenderer(26583): Dropping packet. extSeqNo 8818 didn't arrive in time
01-06 00:51:54.036 I/ATSParser(  130): discontinuity on stream pid 0x1100
01-06 00:51:54.300 I/TunnelRenderer(26583): Failed to get the correct packet the first time.
01-06 00:51:54.303 I/TunnelRenderer(26583): Requesting retransmission of seqNo 9049
01-06 00:51:54.306 I/TunnelRenderer(26583): Still waiting for the correct packet to arrive.
01-06 00:51:54.309 I/TunnelRenderer(26583): Still waiting for the correct packet to arrive.
01-06 00:51:54.312 I/TunnelRenderer(26583): Still waiting for the correct packet to arrive.
01-06 00:51:54.316 I/TunnelRenderer(26583): Still waiting for the correct packet to arrive.
01-06 00:51:54.317 I/TunnelRenderer(26583): Still waiting for the correct packet to arrive.
01-06 00:51:54.317 I/TunnelRenderer(26583): Still waiting for the correct packet to arrive.
01-06 00:51:54.424 I/TunnelRenderer(26583): Dropping packet. extSeqNo 9049 didn't arrive in time
01-06 00:51:54.437 I/ATSParser(  130): discontinuity on stream pid 0x1011
01-06 00:51:55.127 W/ActivityManager(  418): getTasks: caller 10080 does not hold REAL_GET_TASKS; limiting output
01-06 00:51:55.150 W/ActivityManager(  418): getRunningAppProcesses: caller 10080 does not hold REAL_GET_TASKS; limiting output
01-06 00:51:55.173 W/ActivityManager(  418): getRunningAppProcesses: caller 10093 does not hold REAL_GET_TASKS; limiting output
01-06 00:51:55.327 V/xiaomi  ( 1743): Service called on timer
01-06 00:51:56.738 W/ActivityManager(  418): getTasks: caller 10080 does not hold REAL_GET_TASKS; limiting output
01-06 00:51:56.744 W/ActivityManager(  418): getRunningAppProcesses: caller 10080 does not hold REAL_GET_TASKS; limiting output
01-06 00:51:57.817 D/NetworkSession(26583): 000   receive 166 166:
01-06 00:51:57.817 D/NetworkSession(26583): GET_PARAMETER rtsp://localhost/wfd1.0 RTSP/1.0
01-06 00:51:57.817 D/NetworkSession(26583): Date: Wed, 06 Jan 2016 23:51:47 +0000
01-06 00:51:57.817 D/NetworkSession(26583): Server: stagefright/1.2 (Linux;Android 5.1.1)
01-06 00:51:57.817 D/NetworkSession(26583): CSeq: 5
01-06 00:51:57.817 D/NetworkSession(26583): Session: 2073908260
01-06 00:51:57.817 D/NetworkSession(26583): 
01-06 00:51:57.817 D/NetworkSession(26583): 
01-06 00:51:57.819 I/WifiDisplaySink(26583): ==============kWhatData===============
01-06 00:51:57.819 W/WifiDisplaySink(26583): session 1 received 'GET_PARAMETER rtsp://localhost/wfd1.0 RTSP/1.0
01-06 00:51:57.819 W/WifiDisplaySink(26583): cseq: 5
01-06 00:51:57.819 W/WifiDisplaySink(26583): date: Wed, 06 Jan 2016 23:51:47 +0000
01-06 00:51:57.819 W/WifiDisplaySink(26583): server: stagefright/1.2 (Linux;Android 5.1.1)
01-06 00:51:57.819 W/WifiDisplaySink(26583): session: 2073908260
01-06 00:51:57.819 W/WifiDisplaySink(26583): 
01-06 00:51:57.819 W/WifiDisplaySink(26583): '
01-06 00:51:57.821 D/NetworkSession(26583): 111  send 495 495:
01-06 00:51:57.821 D/NetworkSession(26583): RTSP/1.0 200 OK
01-06 00:51:57.821 D/NetworkSession(26583): Date: Wed, 06 Jan 2016 08:51:57 +0000
01-06 00:51:57.821 D/NetworkSession(26583): User-Agent: stagefright/1.1 (Linux;Android 4.1)
01-06 00:51:57.821 D/NetworkSession(26583): CSeq: 5
01-06 00:51:57.821 D/NetworkSession(26583): Content-Type: text/parameters
01-06 00:51:57.821 D/NetworkSession(26583): Content-Length: 327
01-06 00:51:57.821 D/NetworkSession(26583): 
01-06 00:51:57.821 D/NetworkSession(26583): wfd_video_formats: 78 00 02 02 000194ab 00000000 00000000 00 0000 0000 00 none none
01-06 00:51:57.821 D/NetworkSession(26583): wfd_audio_codecs: LPCM 00000003 00
01-06 00:51:57.821 D/NetworkSession(26583): wfd_content_protection: none
01-06 00:51:57.821 D/NetworkSession(26583): wfd_coupled_sink: 00 none
01-06 00:51:57.821 D/NetworkSession(26583): wfd_uibc_capability: none
01-06 00:51:57.821 D/NetworkSession(26583): wfd_standby_resume_capability: none
01-06 00:51:57.821 D/NetworkSession(26583): wfd_lg_dlna_uuid: none
01-06 00:51:57.821 D/NetworkSession(26583): wfd_client_rtp_ports: RTP/AVP/UDP;unicast 15550 0 mode=play
01-06 00:51:57.821 D/NetworkSession(26583): 
01-06 00:51:58.240 W/ActivityManager(  418): getRunningAppProcesses: caller 10093 does not hold REAL_GET_TASKS; limiting output
01-06 00:51:58.294 W/ActivityManager(  418): getTasks: caller 10080 does not hold REAL_GET_TASKS; limiting output
01-06 00:51:58.314 W/ActivityManager(  418): getRunningAppProcesses: caller 10080 does not hold REAL_GET_TASKS; limiting output
01-06 00:51:59.871 W/ActivityManager(  418): getTasks: caller 10080 does not hold REAL_GET_TASKS; limiting output
01-06 00:51:59.880 W/ActivityManager(  418): getRunningAppProcesses: caller 10080 does not hold REAL_GET_TASKS; limiting output
01-06 00:52:01.294 W/ActivityManager(  418): getRunningAppProcesses: caller 10093 does not hold REAL_GET_TASKS; limiting output
01-06 00:52:01.426 W/ActivityManager(  418): getTasks: caller 10080 does not hold REAL_GET_TASKS; limiting output
01-06 00:52:01.433 W/ActivityManager(  418): getRunningAppProcesses: caller 10080 does not hold REAL_GET_TASKS; limiting output
01-06 00:52:02.874 E/WifiStateMachine(  418): WifiStateMachine CMD_START_SCAN source -2 txSuccessRate=2.25 rxSuccessRate=1.29 targetRoamBSSID=d4:ee:07:22:5d:e2 RSSI=-57
01-06 00:52:02.874 E/WifiStateMachine(  418): WifiStateMachine L2Connected CMD_START_SCAN source -2 546, 547 ignore because P2P is connected
01-06 00:52:02.981 W/ActivityManager(  418): getTasks: caller 10080 does not hold REAL_GET_TASKS; limiting output
01-06 00:52:02.987 W/ActivityManager(  418): getRunningAppProcesses: caller 10080 does not hold REAL_GET_TASKS; limiting output
01-06 00:52:04.383 W/ActivityManager(  418): getRunningAppProcesses: caller 10093 does not hold REAL_GET_TASKS; limiting output
01-06 00:52:04.542 W/ActivityManager(  418): getTasks: caller 10080 does not hold REAL_GET_TASKS; limiting output
01-06 00:52:04.553 W/ActivityManager(  418): getRunningAppProcesses: caller 10080 does not hold REAL_GET_TASKS; limiting output
01-06 00:52:06.102 W/ActivityManager(  418): getTasks: caller 10080 does not hold REAL_GET_TASKS; limiting output
01-06 00:52:06.120 W/ActivityManager(  418): getRunningAppProcesses: caller 10080 does not hold REAL_GET_TASKS; limiting output
01-06 00:52:07.441 W/ActivityManager(  418): getRunningAppProcesses: caller 10093 does not hold REAL_GET_TASKS; limiting output
01-06 00:52:07.671 W/ActivityManager(  418): getTasks: caller 10080 does not hold REAL_GET_TASKS; limiting output
01-06 00:52:07.676 W/ActivityManager(  418): getRunningAppProcesses: caller 10080 does not hold REAL_GET_TASKS; limiting output
01-06 00:52:09.225 W/ActivityManager(  418): getTasks: caller 10080 does not hold REAL_GET_TASKS; limiting output
01-06 00:52:09.241 W/ActivityManager(  418): getRunningAppProcesses: caller 10080 does not hold REAL_GET_TASKS; limiting output
01-06 00:52:10.519 W/ActivityManager(  418): getRunningAppProcesses: caller 10093 does not hold REAL_GET_TASKS; limiting output
01-06 00:52:10.802 W/ActivityManager(  418): getTasks: caller 10080 does not hold REAL_GET_TASKS; limiting output
01-06 00:52:10.832 W/ActivityManager(  418): getRunningAppProcesses: caller 10080 does not hold REAL_GET_TASKS; limiting output
01-06 00:52:12.386 W/ActivityManager(  418): getTasks: caller 10080 does not hold REAL_GET_TASKS; limiting output
01-06 00:52:12.390 W/ActivityManager(  418): getRunningAppProcesses: caller 10080 does not hold REAL_GET_TASKS; limiting output
01-06 00:52:13.581 W/ActivityManager(  418): getRunningAppProcesses: caller 10093 does not hold REAL_GET_TASKS; limiting output
01-06 00:52:13.936 W/ActivityManager(  418): getTasks: caller 10080 does not hold REAL_GET_TASKS; limiting output
01-06 00:52:13.941 W/ActivityManager(  418): getRunningAppProcesses: caller 10080 does not hold REAL_GET_TASKS; limiting output
01-06 00:52:15.496 W/ActivityManager(  418): getTasks: caller 10080 does not hold REAL_GET_TASKS; limiting output
01-06 00:52:15.501 W/ActivityManager(  418): getRunningAppProcesses: caller 10080 does not hold REAL_GET_TASKS; limiting output
01-06 00:52:15.609 W/ActivityManager(  418): getRunningAppProcesses: caller 10082 does not hold REAL_GET_TASKS; limiting output
01-06 00:52:16.646 W/ActivityManager(  418): getRunningAppProcesses: caller 10093 does not hold REAL_GET_TASKS; limiting output
01-06 00:52:17.051 W/ActivityManager(  418): getTasks: caller 10080 does not hold REAL_GET_TASKS; limiting output
01-06 00:52:17.057 W/ActivityManager(  418): getRunningAppProcesses: caller 10080 does not hold REAL_GET_TASKS; limiting output
01-06 00:52:18.614 W/ActivityManager(  418): getTasks: caller 10080 does not hold REAL_GET_TASKS; limiting output
01-06 00:52:18.626 W/ActivityManager(  418): getRunningAppProcesses: caller 10080 does not hold REAL_GET_TASKS; limiting output
01-06 00:52:19.715 W/ActivityManager(  418): getRunningAppProcesses: caller 10093 does not hold REAL_GET_TASKS; limiting output
01-06 00:52:19.846 I/TunnelRenderer(26583): Failed to get the correct packet the first time.
01-06 00:52:19.848 I/TunnelRenderer(26583): Requesting retransmission of seqNo 21927
01-06 00:52:19.851 I/TunnelRenderer(26583): Still waiting for the correct packet to arrive.
01-06 00:52:19.851 I/TunnelRenderer(26583): Still waiting for the correct packet to arrive.
01-06 00:52:19.852 I/TunnelRenderer(26583): Still waiting for the correct packet to arrive.
01-06 00:52:19.852 I/TunnelRenderer(26583): Still waiting for the correct packet to arrive.
01-06 00:52:19.852 I/TunnelRenderer(26583): Still waiting for the correct packet to arrive.
01-06 00:52:19.852 I/TunnelRenderer(26583): Still waiting for the correct packet to arrive.
01-06 00:52:19.852 I/TunnelRenderer(26583): Still waiting for the correct packet to arrive.
01-06 00:52:19.852 I/TunnelRenderer(26583): Still waiting for the correct packet to arrive.
01-06 00:52:19.852 I/TunnelRenderer(26583): Still waiting for the correct packet to arrive.
01-06 00:52:19.852 I/TunnelRenderer(26583): Still waiting for the correct packet to arrive.
01-06 00:52:19.852 I/TunnelRenderer(26583): Still waiting for the correct packet to arrive.
01-06 00:52:19.852 I/TunnelRenderer(26583): Still waiting for the correct packet to arrive.
01-06 00:52:19.853 I/TunnelRenderer(26583): Still waiting for the correct packet to arrive.
01-06 00:52:19.853 I/TunnelRenderer(26583): Still waiting for the correct packet to arrive.
01-06 00:52:19.853 I/TunnelRenderer(26583): Still waiting for the correct packet to arrive.
01-06 00:52:19.853 I/TunnelRenderer(26583): Still waiting for the correct packet to arrive.
01-06 00:52:19.853 I/TunnelRenderer(26583): Still waiting for the correct packet to arrive.
01-06 00:52:19.853 I/TunnelRenderer(26583): Still waiting for the correct packet to arrive.
01-06 00:52:19.853 I/TunnelRenderer(26583): Still waiting for the correct packet to arrive.
01-06 00:52:19.853 I/TunnelRenderer(26583): Still waiting for the correct packet to arrive.
01-06 00:52:19.853 I/TunnelRenderer(26583): Still waiting for the correct packet to arrive.
01-06 00:52:19.853 I/TunnelRenderer(26583): Still waiting for the correct packet to arrive.
01-06 00:52:19.853 I/TunnelRenderer(26583): Still waiting for the correct packet to arrive.
01-06 00:52:19.853 I/TunnelRenderer(26583): Still waiting for the correct packet to arrive.
01-06 00:52:19.853 I/TunnelRenderer(26583): Still waiting for the correct packet to arrive.
01-06 00:52:19.853 I/TunnelRenderer(26583): Still waiting for the correct packet to arrive.
01-06 00:52:19.853 I/TunnelRenderer(26583): Still waiting for the correct packet to arrive.
01-06 00:52:19.853 I/TunnelRenderer(26583): Still waiting for the correct packet to arrive.
01-06 00:52:19.853 I/TunnelRenderer(26583): Still waiting for the correct packet to arrive.
01-06 00:52:19.854 I/TunnelRenderer(26583): Still waiting for the correct packet to arrive.
01-06 00:52:19.854 I/TunnelRenderer(26583): Still waiting for the correct packet to arrive.
01-06 00:52:19.854 I/TunnelRenderer(26583): Still waiting for the correct packet to arrive.
01-06 00:52:19.854 I/TunnelRenderer(26583): Still waiting for the correct packet to arrive.
01-06 00:52:19.857 I/TunnelRenderer(26583): Still waiting for the correct packet to arrive.
01-06 00:52:19.857 I/TunnelRenderer(26583): Still waiting for the correct packet to arrive.
01-06 00:52:19.913 I/TunnelRenderer(26583): Dropping packet. extSeqNo 21927 didn't arrive in time
01-06 00:52:19.918 I/ATSParser(  130): discontinuity on stream pid 0x1100
01-06 00:52:19.927 I/ATSParser(  130): discontinuity on stream pid 0x1011
01-06 00:52:19.951 I/TunnelRenderer(26583): Failed to get the correct packet the first time.
01-06 00:52:19.952 I/TunnelRenderer(26583): Requesting retransmission of seqNo 22066
01-06 00:52:19.953 I/TunnelRenderer(26583): Still waiting for the correct packet to arrive.
01-06 00:52:19.953 I/TunnelRenderer(26583): Still waiting for the correct packet to arrive.
01-06 00:52:19.955 I/TunnelRenderer(26583): Still waiting for the correct packet to arrive.
01-06 00:52:19.959 I/TunnelRenderer(26583): Still waiting for the correct packet to arrive.
01-06 00:52:19.960 I/TunnelRenderer(26583): Still waiting for the correct packet to arrive.
01-06 00:52:19.961 I/TunnelRenderer(26583): Still waiting for the correct packet to arrive.
01-06 00:52:20.038 I/TunnelRenderer(26583): Dropping packet. extSeqNo 22066 didn't arrive in time
01-06 00:52:20.045 I/ATSParser(  130): discontinuity on stream pid 0x1100
01-06 00:52:20.058 I/ATSParser(  130): discontinuity on stream pid 0x1011
01-06 00:52:20.088 I/TunnelRenderer(26583): Failed to get the correct packet the first time.
01-06 00:52:20.089 I/TunnelRenderer(26583): Requesting retransmission of seqNo 22173
01-06 00:52:20.089 I/TunnelRenderer(26583): Still waiting for the correct packet to arrive.
01-06 00:52:20.092 I/TunnelRenderer(26583): Still waiting for the correct packet to arrive.
01-06 00:52:20.092 I/TunnelRenderer(26583): Still waiting for the correct packet to arrive.
01-06 00:52:20.093 I/TunnelRenderer(26583): Still waiting for the correct packet to arrive.
01-06 00:52:20.094 I/TunnelRenderer(26583): Still waiting for the correct packet to arrive.
01-06 00:52:20.094 I/TunnelRenderer(26583): Still waiting for the correct packet to arrive.
01-06 00:52:20.136 I/TunnelRenderer(26583): Still waiting for the correct packet to arrive.
01-06 00:52:20.138 I/TunnelRenderer(26583): Still waiting for the correct packet to arrive.
01-06 00:52:20.138 I/TunnelRenderer(26583): Still waiting for the correct packet to arrive.
01-06 00:52:20.138 I/TunnelRenderer(26583): Still waiting for the correct packet to arrive.
01-06 00:52:20.138 I/TunnelRenderer(26583): Still waiting for the correct packet to arrive.
01-06 00:52:20.138 I/TunnelRenderer(26583): Still waiting for the correct packet to arrive.
01-06 00:52:20.143 I/TunnelRenderer(26583): Dropping packet. extSeqNo 22173 didn't arrive in time
01-06 00:52:20.160 I/ATSParser(  130): discontinuity on stream pid 0x1011
01-06 00:52:20.176 W/ActivityManager(  418): getTasks: caller 10080 does not hold REAL_GET_TASKS; limiting output
01-06 00:52:20.180 W/ActivityManager(  418): getRunningAppProcesses: caller 10080 does not hold REAL_GET_TASKS; limiting output
01-06 00:52:20.363 I/TunnelRenderer(26583): Failed to get the correct packet the first time.
01-06 00:52:20.363 I/TunnelRenderer(26583): Requesting retransmission of seqNo 22361
01-06 00:52:20.363 I/TunnelRenderer(26583): Still waiting for the correct packet to arrive.
01-06 00:52:20.363 I/TunnelRenderer(26583): Still waiting for the correct packet to arrive.
01-06 00:52:20.363 I/TunnelRenderer(26583): Still waiting for the correct packet to arrive.
01-06 00:52:20.364 I/TunnelRenderer(26583): Still waiting for the correct packet to arrive.
01-06 00:52:20.364 I/TunnelRenderer(26583): Still waiting for the correct packet to arrive.
01-06 00:52:20.364 I/TunnelRenderer(26583): Still waiting for the correct packet to arrive.
01-06 00:52:20.364 I/TunnelRenderer(26583): Still waiting for the correct packet to arrive.
01-06 00:52:20.364 I/TunnelRenderer(26583): Still waiting for the correct packet to arrive.
01-06 00:52:20.365 I/TunnelRenderer(26583): Still waiting for the correct packet to arrive.
01-06 00:52:20.365 I/TunnelRenderer(26583): Still waiting for the correct packet to arrive.
01-06 00:52:20.365 I/TunnelRenderer(26583): Still waiting for the correct packet to arrive.
01-06 00:52:20.365 I/TunnelRenderer(26583): Still waiting for the correct packet to arrive.
01-06 00:52:20.365 I/TunnelRenderer(26583): Still waiting for the correct packet to arrive.
01-06 00:52:20.366 I/TunnelRenderer(26583): Still waiting for the correct packet to arrive.
01-06 00:52:20.366 I/TunnelRenderer(26583): Still waiting for the correct packet to arrive.
01-06 00:52:20.366 I/TunnelRenderer(26583): Still waiting for the correct packet to arrive.
01-06 00:52:20.366 I/TunnelRenderer(26583): Still waiting for the correct packet to arrive.
01-06 00:52:20.366 I/TunnelRenderer(26583): Still waiting for the correct packet to arrive.
01-06 00:52:20.366 I/TunnelRenderer(26583): Still waiting for the correct packet to arrive.
01-06 00:52:20.366 I/TunnelRenderer(26583): Still waiting for the correct packet to arrive.
01-06 00:52:20.366 I/TunnelRenderer(26583): Still waiting for the correct packet to arrive.
01-06 00:52:20.366 I/TunnelRenderer(26583): Still waiting for the correct packet to arrive.
01-06 00:52:20.366 I/TunnelRenderer(26583): Still waiting for the correct packet to arrive.
01-06 00:52:20.369 I/TunnelRenderer(26583): Still waiting for the correct packet to arrive.
01-06 00:52:20.370 I/TunnelRenderer(26583): Still waiting for the correct packet to arrive.
01-06 00:52:20.370 I/TunnelRenderer(26583): Still waiting for the correct packet to arrive.
01-06 00:52:20.431 I/TunnelRenderer(26583): Dropping packet. extSeqNo 22361 didn't arrive in time
01-06 00:52:20.447 I/ATSParser(  130): discontinuity on stream pid 0x1011
01-06 00:52:20.512 I/TunnelRenderer(26583): Failed to get the correct packet the first time.
01-06 00:52:20.514 I/TunnelRenderer(26583): Requesting retransmission of seqNo 22439
01-06 00:52:20.514 I/TunnelRenderer(26583): Still waiting for the correct packet to arrive.
01-06 00:52:20.514 I/TunnelRenderer(26583): Still waiting for the correct packet to arrive.
01-06 00:52:20.514 I/TunnelRenderer(26583): Still waiting for the correct packet to arrive.
01-06 00:52:20.516 I/TunnelRenderer(26583): Still waiting for the correct packet to arrive.
01-06 00:52:20.516 I/TunnelRenderer(26583): Still waiting for the correct packet to arrive.
01-06 00:52:20.523 I/TunnelRenderer(26583): Still waiting for the correct packet to arrive.
01-06 00:52:20.540 I/TunnelRenderer(26583): Still waiting for the correct packet to arrive.
01-06 00:52:20.541 I/TunnelRenderer(26583): Still waiting for the correct packet to arrive.
01-06 00:52:20.541 I/TunnelRenderer(26583): Still waiting for the correct packet to arrive.
01-06 00:52:20.543 I/TunnelRenderer(26583): Still waiting for the correct packet to arrive.
01-06 00:52:20.543 I/TunnelRenderer(26583): Still waiting for the correct packet to arrive.
01-06 00:52:20.543 I/TunnelRenderer(26583): Still waiting for the correct packet to arrive.
01-06 00:52:20.543 I/TunnelRenderer(26583): Still waiting for the correct packet to arrive.
01-06 00:52:20.546 I/TunnelRenderer(26583): Still waiting for the correct packet to arrive.
01-06 00:52:20.546 I/TunnelRenderer(26583): Still waiting for the correct packet to arrive.
01-06 00:52:20.546 I/TunnelRenderer(26583): Still waiting for the correct packet to arrive.
01-06 00:52:20.546 I/TunnelRenderer(26583): Still waiting for the correct packet to arrive.
01-06 00:52:20.546 I/TunnelRenderer(26583): Still waiting for the correct packet to arrive.
01-06 00:52:20.546 I/TunnelRenderer(26583): Still waiting for the correct packet to arrive.
01-06 00:52:20.546 I/TunnelRenderer(26583): Still waiting for the correct packet to arrive.
01-06 00:52:20.546 I/TunnelRenderer(26583): Still waiting for the correct packet to arrive.
01-06 00:52:20.546 I/TunnelRenderer(26583): Still waiting for the correct packet to arrive.
01-06 00:52:20.546 I/TunnelRenderer(26583): Still waiting for the correct packet to arrive.
01-06 00:52:20.546 I/TunnelRenderer(26583): Still waiting for the correct packet to arrive.
01-06 00:52:20.546 I/TunnelRenderer(26583): Still waiting for the correct packet to arrive.
01-06 00:52:20.546 I/TunnelRenderer(26583): Still waiting for the correct packet to arrive.
01-06 00:52:20.546 I/TunnelRenderer(26583): Still waiting for the correct packet to arrive.
01-06 00:52:20.547 I/TunnelRenderer(26583): Still waiting for the correct packet to arrive.
01-06 00:52:20.547 I/TunnelRenderer(26583): Still waiting for the correct packet to arrive.
01-06 00:52:20.547 I/TunnelRenderer(26583): Still waiting for the correct packet to arrive.
01-06 00:52:20.547 I/TunnelRenderer(26583): Still waiting for the correct packet to arrive.
01-06 00:52:20.547 I/TunnelRenderer(26583): Still waiting for the correct packet to arrive.
01-06 00:52:20.547 I/TunnelRenderer(26583): Still waiting for the correct packet to arrive.
01-06 00:52:20.547 I/TunnelRenderer(26583): Still waiting for the correct packet to arrive.
01-06 00:52:20.547 I/TunnelRenderer(26583): Still waiting for the correct packet to arrive.
01-06 00:52:20.547 I/TunnelRenderer(26583): Still waiting for the correct packet to arrive.
01-06 00:52:20.547 I/TunnelRenderer(26583): Still waiting for the correct packet to arrive.
01-06 00:52:20.547 I/TunnelRenderer(26583): Still waiting for the correct packet to arrive.
01-06 00:52:20.552 I/TunnelRenderer(26583): Still waiting for the correct packet to arrive.
01-06 00:52:20.557 I/TunnelRenderer(26583): Still waiting for the correct packet to arrive.
01-06 00:52:20.557 I/TunnelRenderer(26583): Still waiting for the correct packet to arrive.
01-06 00:52:20.557 I/TunnelRenderer(26583): Still waiting for the correct packet to arrive.
01-06 00:52:20.557 I/TunnelRenderer(26583): Still waiting for the correct packet to arrive.
01-06 00:52:20.557 I/TunnelRenderer(26583): Still waiting for the correct packet to arrive.
01-06 00:52:20.557 I/TunnelRenderer(26583): Still waiting for the correct packet to arrive.
01-06 00:52:20.557 I/TunnelRenderer(26583): Still waiting for the correct packet to arrive.
01-06 00:52:20.557 I/TunnelRenderer(26583): Still waiting for the correct packet to arrive.
01-06 00:52:20.557 I/TunnelRenderer(26583): Still waiting for the correct packet to arrive.
01-06 00:52:20.557 I/TunnelRenderer(26583): Still waiting for the correct packet to arrive.
01-06 00:52:20.557 I/TunnelRenderer(26583): Still waiting for the correct packet to arrive.
01-06 00:52:20.558 I/TunnelRenderer(26583): Still waiting for the correct packet to arrive.
01-06 00:52:20.558 I/TunnelRenderer(26583): Still waiting for the correct packet to arrive.
01-06 00:52:20.558 I/TunnelRenderer(26583): Still waiting for the correct packet to arrive.
01-06 00:52:20.558 I/TunnelRenderer(26583): Still waiting for the correct packet to arrive.
01-06 00:52:20.558 I/TunnelRenderer(26583): Still waiting for the correct packet to arrive.
01-06 00:52:20.558 I/TunnelRenderer(26583): Still waiting for the correct packet to arrive.
01-06 00:52:20.561 I/TunnelRenderer(26583): Still waiting for the correct packet to arrive.
01-06 00:52:20.561 I/TunnelRenderer(26583): Still waiting for the correct packet to arrive.
01-06 00:52:20.562 I/TunnelRenderer(26583): Dropping packet. extSeqNo 22439 didn't arrive in time
01-06 00:52:20.565 I/ATSParser(  130): discontinuity on stream pid 0x1011
01-06 00:52:20.652 I/TunnelRenderer(26583): Failed to get the correct packet the first time.
01-06 00:52:20.657 I/TunnelRenderer(26583): Requesting retransmission of seqNo 22516
01-06 00:52:20.657 I/TunnelRenderer(26583): Still waiting for the correct packet to arrive.
01-06 00:52:20.657 I/TunnelRenderer(26583): Still waiting for the correct packet to arrive.
01-06 00:52:20.658 I/TunnelRenderer(26583): Still waiting for the correct packet to arrive.
01-06 00:52:20.658 I/TunnelRenderer(26583): Still waiting for the correct packet to arrive.
01-06 00:52:20.658 I/TunnelRenderer(26583): Still waiting for the correct packet to arrive.
01-06 00:52:20.658 I/TunnelRenderer(26583): Still waiting for the correct packet to arrive.
01-06 00:52:20.658 I/TunnelRenderer(26583): Still waiting for the correct packet to arrive.
01-06 00:52:20.658 I/TunnelRenderer(26583): Still waiting for the correct packet to arrive.
01-06 00:52:20.658 I/TunnelRenderer(26583): Still waiting for the correct packet to arrive.
01-06 00:52:20.658 I/TunnelRenderer(26583): Still waiting for the correct packet to arrive.
01-06 00:52:20.658 I/TunnelRenderer(26583): Still waiting for the correct packet to arrive.
01-06 00:52:20.658 I/TunnelRenderer(26583): Still waiting for the correct packet to arrive.
01-06 00:52:20.658 I/TunnelRenderer(26583): Still waiting for the correct packet to arrive.
01-06 00:52:20.659 I/TunnelRenderer(26583): Still waiting for the correct packet to arrive.
01-06 00:52:20.659 I/TunnelRenderer(26583): Still waiting for the correct packet to arrive.
01-06 00:52:20.659 I/TunnelRenderer(26583): Still waiting for the correct packet to arrive.
